
==========================================================================
finish report_tns
--------------------------------------------------------------------------
tns max -752.82

==========================================================================
finish report_wns
--------------------------------------------------------------------------
wns max -1.60

==========================================================================
finish report_worst_slack
--------------------------------------------------------------------------
worst slack max -1.60

==========================================================================
finish report_clock_min_period
--------------------------------------------------------------------------
clk period_min = 6.52 fmax = 153.37
vclk_clk period_min = 0.00 fmax = inf

==========================================================================
finish report_clock_skew
--------------------------------------------------------------------------
Clock clk
   0.70 source latency dp.pcreg.q[18]$_DFF_PP0_/CLK ^
  -0.76 target latency dp.rf.rf[24][25]$_DFFE_PP_/CLK ^
   0.00 CRPR
--------------
  -0.06 setup skew

Clock vclk_clk
No launch/capture paths found.


==========================================================================
finish report_checks -path_delay min
--------------------------------------------------------------------------
Startpoint: dp.pcreg.q[2]$_DFF_PP0_
            (rising edge-triggered flip-flop clocked by clk)
Endpoint: dp.pcreg.q[2]$_DFF_PP0_
          (rising edge-triggered flip-flop clocked by clk)
Path Group: clk
Path Type: min

Fanout     Cap    Slew   Delay    Time   Description
-----------------------------------------------------------------------------
                          0.00    0.00   clock clk (rise edge)
                          0.00    0.00   clock source latency
     1    0.06    0.00    0.00    0.00 ^ clk (in)
                                         clk (net)
                  0.00    0.00    0.00 ^ clkbuf_0_clk/A (sky130_fd_sc_hd__clkbuf_16)
     8    0.18    0.19    0.22    0.23 ^ clkbuf_0_clk/X (sky130_fd_sc_hd__clkbuf_16)
                                         clknet_0_clk (net)
                  0.19    0.00    0.23 ^ clkbuf_3_2__f_clk/A (sky130_fd_sc_hd__clkbuf_16)
    15    0.22    0.23    0.31    0.54 ^ clkbuf_3_2__f_clk/X (sky130_fd_sc_hd__clkbuf_16)
                                         clknet_3_2__leaf_clk (net)
                  0.23    0.01    0.55 ^ clkbuf_leaf_67_clk/A (sky130_fd_sc_hd__clkbuf_16)
     8    0.04    0.06    0.20    0.75 ^ clkbuf_leaf_67_clk/X (sky130_fd_sc_hd__clkbuf_16)
                                         clknet_leaf_67_clk (net)
                  0.06    0.00    0.75 ^ dp.pcreg.q[2]$_DFF_PP0_/CLK (sky130_fd_sc_hd__dfrtp_1)
     2    0.01    0.08    0.35    1.10 ^ dp.pcreg.q[2]$_DFF_PP0_/Q (sky130_fd_sc_hd__dfrtp_1)
                                         net153 (net)
                  0.08    0.00    1.10 ^ place2057/A (sky130_fd_sc_hd__buf_4)
     6    0.03    0.08    0.15    1.25 ^ place2057/X (sky130_fd_sc_hd__buf_4)
                                         net2056 (net)
                  0.08    0.00    1.26 ^ _7108_/A0 (sky130_fd_sc_hd__mux2i_1)
     1    0.00    0.04    0.07    1.32 v _7108_/Y (sky130_fd_sc_hd__mux2i_1)
                                         dp.ISRmux.d0[2] (net)
                  0.04    0.00    1.32 v dp.pcreg.q[2]$_DFF_PP0_/D (sky130_fd_sc_hd__dfrtp_1)
                                  1.32   data arrival time

                          0.00    0.00   clock clk (rise edge)
                          0.00    0.00   clock source latency
     1    0.06    0.00    0.00    0.00 ^ clk (in)
                                         clk (net)
                  0.00    0.00    0.00 ^ clkbuf_0_clk/A (sky130_fd_sc_hd__clkbuf_16)
     8    0.18    0.19    0.22    0.23 ^ clkbuf_0_clk/X (sky130_fd_sc_hd__clkbuf_16)
                                         clknet_0_clk (net)
                  0.19    0.00    0.23 ^ clkbuf_3_2__f_clk/A (sky130_fd_sc_hd__clkbuf_16)
    15    0.22    0.23    0.31    0.54 ^ clkbuf_3_2__f_clk/X (sky130_fd_sc_hd__clkbuf_16)
                                         clknet_3_2__leaf_clk (net)
                  0.23    0.01    0.55 ^ clkbuf_leaf_67_clk/A (sky130_fd_sc_hd__clkbuf_16)
     8    0.04    0.06    0.20    0.75 ^ clkbuf_leaf_67_clk/X (sky130_fd_sc_hd__clkbuf_16)
                                         clknet_leaf_67_clk (net)
                  0.06    0.00    0.75 ^ dp.pcreg.q[2]$_DFF_PP0_/CLK (sky130_fd_sc_hd__dfrtp_1)
                          0.00    0.75   clock reconvergence pessimism
                         -0.04    0.71   library hold time
                                  0.71   data required time
-----------------------------------------------------------------------------
                                  0.71   data required time
                                 -1.32   data arrival time
-----------------------------------------------------------------------------
                                  0.61   slack (MET)


Startpoint: dp.pcreg.q[20]$_DFF_PP0_
            (rising edge-triggered flip-flop clocked by clk)
Endpoint: pc[20] (output port clocked by vclk_clk)
Path Group: vclk_clk
Path Type: min

Fanout     Cap    Slew   Delay    Time   Description
-----------------------------------------------------------------------------
                          0.00    0.00   clock clk (rise edge)
                          0.00    0.00   clock source latency
     1    0.06    0.00    0.00    0.00 ^ clk (in)
                                         clk (net)
                  0.00    0.00    0.00 ^ clkbuf_0_clk/A (sky130_fd_sc_hd__clkbuf_16)
     8    0.18    0.19    0.22    0.23 ^ clkbuf_0_clk/X (sky130_fd_sc_hd__clkbuf_16)
                                         clknet_0_clk (net)
                  0.19    0.01    0.23 ^ clkbuf_3_7__f_clk/A (sky130_fd_sc_hd__clkbuf_16)
    10    0.18    0.19    0.29    0.52 ^ clkbuf_3_7__f_clk/X (sky130_fd_sc_hd__clkbuf_16)
                                         clknet_3_7__leaf_clk (net)
                  0.19    0.00    0.52 ^ clkbuf_leaf_63_clk/A (sky130_fd_sc_hd__clkbuf_16)
     4    0.03    0.05    0.18    0.70 ^ clkbuf_leaf_63_clk/X (sky130_fd_sc_hd__clkbuf_16)
                                         clknet_leaf_63_clk (net)
                  0.05    0.00    0.70 ^ dp.pcreg.q[20]$_DFF_PP0_/CLK (sky130_fd_sc_hd__dfrtp_1)
     4    0.03    0.14    0.46    1.16 v dp.pcreg.q[20]$_DFF_PP0_/Q (sky130_fd_sc_hd__dfrtp_1)
                                         net143 (net)
                  0.14    0.00    1.16 v output144/A (sky130_fd_sc_hd__clkdlybuf4s50_1)
     1    0.00    0.04    0.45    1.61 v output144/X (sky130_fd_sc_hd__clkdlybuf4s50_1)
                                         pc[20] (net)
                  0.04    0.00    1.61 v pc[20] (out)
                                  1.61   data arrival time

                  0.00    0.00    0.00   clock vclk_clk (rise edge)
                          0.77    0.77   clock network delay (ideal)
                          0.00    0.77   clock reconvergence pessimism
                         -1.00   -0.23   output external delay
                                 -0.23   data required time
-----------------------------------------------------------------------------
                                 -0.23   data required time
                                 -1.61   data arrival time
-----------------------------------------------------------------------------
                                  1.84   slack (MET)



==========================================================================
finish report_checks -path_delay max
--------------------------------------------------------------------------
Startpoint: dp.rf.rf[11][2]$_DFFE_PP_
            (rising edge-triggered flip-flop clocked by clk)
Endpoint: dp.rf.rf[29][20]$_DFFE_PP_
          (rising edge-triggered flip-flop clocked by clk)
Path Group: clk
Path Type: max

Fanout     Cap    Slew   Delay    Time   Description
-----------------------------------------------------------------------------
                          0.00    0.00   clock clk (rise edge)
                          0.00    0.00   clock source latency
     1    0.06    0.00    0.00    0.00 ^ clk (in)
                                         clk (net)
                  0.00    0.00    0.00 ^ clkbuf_0_clk/A (sky130_fd_sc_hd__clkbuf_16)
     8    0.18    0.19    0.22    0.23 ^ clkbuf_0_clk/X (sky130_fd_sc_hd__clkbuf_16)
                                         clknet_0_clk (net)
                  0.19    0.00    0.23 ^ clkbuf_3_2__f_clk/A (sky130_fd_sc_hd__clkbuf_16)
    15    0.22    0.23    0.31    0.54 ^ clkbuf_3_2__f_clk/X (sky130_fd_sc_hd__clkbuf_16)
                                         clknet_3_2__leaf_clk (net)
                  0.23    0.01    0.55 ^ clkbuf_leaf_70_clk/A (sky130_fd_sc_hd__clkbuf_16)
    13    0.04    0.07    0.20    0.76 ^ clkbuf_leaf_70_clk/X (sky130_fd_sc_hd__clkbuf_16)
                                         clknet_leaf_70_clk (net)
                  0.07    0.00    0.76 ^ dp.rf.rf[11][2]$_DFFE_PP_/CLK (sky130_fd_sc_hd__edfxtp_1)
     2    0.01    0.09    0.40    1.15 v dp.rf.rf[11][2]$_DFFE_PP_/Q (sky130_fd_sc_hd__edfxtp_1)
                                         dp.rf.rf[11][2] (net)
                  0.09    0.00    1.15 v _4270_/A3 (sky130_fd_sc_hd__mux4_2)
     1    0.01    0.09    0.50    1.65 v _4270_/X (sky130_fd_sc_hd__mux4_2)
                                         _0724_ (net)
                  0.09    0.00    1.65 v _4274_/A0 (sky130_fd_sc_hd__mux4_2)
     1    0.00    0.09    0.47    2.13 v _4274_/X (sky130_fd_sc_hd__mux4_2)
                                         _0728_ (net)
                  0.09    0.00    2.13 v _4281_/A2 (sky130_fd_sc_hd__a22oi_2)
     2    0.01    0.27    0.28    2.40 ^ _4281_/Y (sky130_fd_sc_hd__a22oi_2)
                                         _0735_ (net)
                  0.27    0.00    2.40 ^ _6016_/A (sky130_fd_sc_hd__nand2_1)
     2    0.01    0.19    0.11    2.52 v _6016_/Y (sky130_fd_sc_hd__nand2_1)
                                         _2428_ (net)
                  0.19    0.00    2.52 v _6084_/B1 (sky130_fd_sc_hd__o21a_1)
     2    0.01    0.08    0.20    2.71 v _6084_/X (sky130_fd_sc_hd__o21a_1)
                                         _2490_ (net)
                  0.08    0.00    2.71 v _7511_/B (sky130_fd_sc_hd__xnor2_2)
     2    0.01    0.09    0.15    2.86 v _7511_/Y (sky130_fd_sc_hd__xnor2_2)
                                         _0146_ (net)
                  0.09    0.00    2.86 v _7714_/B (sky130_fd_sc_hd__ha_1)
     2    0.01    0.10    0.33    3.19 ^ _7714_/SUM (sky130_fd_sc_hd__ha_1)
                                         dp.alu.exor[2] (net)
                  0.10    0.00    3.19 ^ _5928_/A2 (sky130_fd_sc_hd__a21o_1)
     1    0.01    0.09    0.16    3.35 ^ _5928_/X (sky130_fd_sc_hd__a21o_1)
                                         _2341_ (net)
                  0.09    0.00    3.35 ^ _5929_/A2 (sky130_fd_sc_hd__a21oi_2)
     2    0.01    0.05    0.08    3.43 v _5929_/Y (sky130_fd_sc_hd__a21oi_2)
                                         _2342_ (net)
                  0.05    0.00    3.43 v _5931_/A2 (sky130_fd_sc_hd__o21ai_2)
     2    0.01    0.15    0.15    3.58 ^ _5931_/Y (sky130_fd_sc_hd__o21ai_2)
                                         _2344_ (net)
                  0.15    0.00    3.58 ^ _5935_/A2 (sky130_fd_sc_hd__a311oi_2)
     1    0.01    0.09    0.12    3.70 v _5935_/Y (sky130_fd_sc_hd__a311oi_2)
                                         _2348_ (net)
                  0.09    0.00    3.70 v place1329/A (sky130_fd_sc_hd__buf_6)
     2    0.06    0.07    0.17    3.87 v place1329/X (sky130_fd_sc_hd__buf_6)
                                         net1328 (net)
                  0.07    0.01    3.88 v _5954_/A1 (sky130_fd_sc_hd__o2111ai_4)
     2    0.01    0.19    0.22    4.10 ^ _5954_/Y (sky130_fd_sc_hd__o2111ai_4)
                                         _2367_ (net)
                  0.19    0.00    4.10 ^ _5958_/A (sky130_fd_sc_hd__nand2_2)
     2    0.01    0.09    0.09    4.19 v _5958_/Y (sky130_fd_sc_hd__nand2_2)
                                         _2371_ (net)
                  0.09    0.00    4.19 v rebuffer2849/A (sky130_fd_sc_hd__buf_4)
     1    0.01    0.03    0.15    4.34 v rebuffer2849/X (sky130_fd_sc_hd__buf_4)
                                         net2848 (net)
                  0.03    0.00    4.34 v rebuffer2126/A (sky130_fd_sc_hd__buf_6)
     1    0.01    0.02    0.10    4.44 v rebuffer2126/X (sky130_fd_sc_hd__buf_6)
                                         net2125 (net)
                  0.02    0.00    4.44 v rebuffer2125/A (sky130_fd_sc_hd__buf_4)
     1    0.01    0.03    0.12    4.56 v rebuffer2125/X (sky130_fd_sc_hd__buf_4)
                                         net2124 (net)
                  0.03    0.00    4.56 v rebuffer2124/A (sky130_fd_sc_hd__buf_4)
     1    0.00    0.03    0.12    4.69 v rebuffer2124/X (sky130_fd_sc_hd__buf_4)
                                         net2123 (net)
                  0.03    0.00    4.69 v rebuffer2123/A (sky130_fd_sc_hd__buf_4)
     1    0.00    0.03    0.12    4.81 v rebuffer2123/X (sky130_fd_sc_hd__buf_4)
                                         net2122 (net)
                  0.03    0.00    4.81 v rebuffer2122/A (sky130_fd_sc_hd__buf_4)
     1    0.00    0.02    0.12    4.92 v rebuffer2122/X (sky130_fd_sc_hd__buf_4)
                                         net2121 (net)
                  0.02    0.00    4.92 v rebuffer2121/A (sky130_fd_sc_hd__buf_4)
     1    0.00    0.03    0.12    5.04 v rebuffer2121/X (sky130_fd_sc_hd__buf_4)
                                         net2120 (net)
                  0.03    0.00    5.04 v rebuffer2120/A (sky130_fd_sc_hd__buf_4)
     1    0.00    0.02    0.12    5.16 v rebuffer2120/X (sky130_fd_sc_hd__buf_4)
                                         net2119 (net)
                  0.02    0.00    5.16 v rebuffer2119/A (sky130_fd_sc_hd__buf_4)
     1    0.00    0.03    0.12    5.28 v rebuffer2119/X (sky130_fd_sc_hd__buf_4)
                                         net2118 (net)
                  0.03    0.00    5.28 v rebuffer2118/A (sky130_fd_sc_hd__buf_4)
     1    0.01    0.03    0.12    5.40 v rebuffer2118/X (sky130_fd_sc_hd__buf_4)
                                         net2117 (net)
                  0.03    0.00    5.40 v rebuffer2117/A (sky130_fd_sc_hd__buf_4)
     1    0.00    0.02    0.12    5.52 v rebuffer2117/X (sky130_fd_sc_hd__buf_4)
                                         net2116 (net)
                  0.02    0.00    5.52 v rebuffer2116/A (sky130_fd_sc_hd__buf_4)
     1    0.01    0.03    0.13    5.64 v rebuffer2116/X (sky130_fd_sc_hd__buf_4)
                                         net2115 (net)
                  0.03    0.00    5.64 v _6490_/A (sky130_fd_sc_hd__xnor2_2)
     1    0.01    0.05    0.13    5.77 v _6490_/Y (sky130_fd_sc_hd__xnor2_2)
                                         _2880_ (net)
                  0.05    0.00    5.77 v _6493_/A2 (sky130_fd_sc_hd__a21oi_2)
     1    0.01    0.15    0.17    5.94 ^ _6493_/Y (sky130_fd_sc_hd__a21oi_2)
                                         _2883_ (net)
                  0.15    0.00    5.94 ^ _6494_/B1 (sky130_fd_sc_hd__o22ai_2)
     2    0.01    0.10    0.11    6.06 v _6494_/Y (sky130_fd_sc_hd__o22ai_2)
                                         net109 (net)
                  0.10    0.00    6.06 v rebuffer2128/A (sky130_fd_sc_hd__buf_6)
     1    0.02    0.03    0.15    6.21 v rebuffer2128/X (sky130_fd_sc_hd__buf_6)
                                         net2127 (net)
                  0.03    0.00    6.21 v _7189_/A1 (sky130_fd_sc_hd__o221ai_4)
     1    0.01    0.21    0.20    6.41 ^ _7189_/Y (sky130_fd_sc_hd__o221ai_4)
                                         _3512_ (net)
                  0.21    0.00    6.41 ^ _7190_/C1 (sky130_fd_sc_hd__o221ai_4)
     4    0.06    0.34    0.27    6.68 v _7190_/Y (sky130_fd_sc_hd__o221ai_4)
                                         dp.result2[20] (net)
                  0.34    0.01    6.69 v clone2842/A (sky130_fd_sc_hd__clkbuf_16)
     8    0.04    0.05    0.29    6.98 v clone2842/X (sky130_fd_sc_hd__clkbuf_16)
                                         net2841 (net)
                  0.05    0.00    6.98 v dp.rf.rf[29][20]$_DFFE_PP_/D (sky130_fd_sc_hd__edfxtp_1)
                                  6.98   data arrival time

                          5.00    5.00   clock clk (rise edge)
                          0.00    5.00   clock source latency
     1    0.06    0.00    0.00    5.00 ^ clk (in)
                                         clk (net)
                  0.00    0.00    5.00 ^ clkbuf_0_clk/A (sky130_fd_sc_hd__clkbuf_16)
     8    0.18    0.19    0.22    5.23 ^ clkbuf_0_clk/X (sky130_fd_sc_hd__clkbuf_16)
                                         clknet_0_clk (net)
                  0.19    0.01    5.23 ^ clkbuf_3_6__f_clk/A (sky130_fd_sc_hd__clkbuf_16)
    10    0.17    0.18    0.28    5.51 ^ clkbuf_3_6__f_clk/X (sky130_fd_sc_hd__clkbuf_16)
                                         clknet_3_6__leaf_clk (net)
                  0.18    0.00    5.52 ^ clkbuf_leaf_57_clk/A (sky130_fd_sc_hd__clkbuf_16)
    12    0.04    0.06    0.19    5.70 ^ clkbuf_leaf_57_clk/X (sky130_fd_sc_hd__clkbuf_16)
                                         clknet_leaf_57_clk (net)
                  0.06    0.00    5.71 ^ dp.rf.rf[29][20]$_DFFE_PP_/CLK (sky130_fd_sc_hd__edfxtp_1)
                          0.00    5.71   clock reconvergence pessimism
                         -0.25    5.46   library setup time
                                  5.46   data required time
-----------------------------------------------------------------------------
                                  5.46   data required time
                                 -6.98   data arrival time
-----------------------------------------------------------------------------
                                 -1.52   slack (VIOLATED)


Startpoint: dp.rf.rf[19][0]$_DFFE_PP_
            (rising edge-triggered flip-flop clocked by clk)
Endpoint: aluout[0] (output port clocked by vclk_clk)
Path Group: vclk_clk
Path Type: max

Fanout     Cap    Slew   Delay    Time   Description
-----------------------------------------------------------------------------
                          0.00    0.00   clock clk (rise edge)
                          0.00    0.00   clock source latency
     1    0.06    0.00    0.00    0.00 ^ clk (in)
                                         clk (net)
                  0.00    0.00    0.00 ^ clkbuf_0_clk/A (sky130_fd_sc_hd__clkbuf_16)
     8    0.18    0.19    0.22    0.23 ^ clkbuf_0_clk/X (sky130_fd_sc_hd__clkbuf_16)
                                         clknet_0_clk (net)
                  0.19    0.00    0.23 ^ clkbuf_3_3__f_clk/A (sky130_fd_sc_hd__clkbuf_16)
    10    0.18    0.19    0.29    0.52 ^ clkbuf_3_3__f_clk/X (sky130_fd_sc_hd__clkbuf_16)
                                         clknet_3_3__leaf_clk (net)
                  0.19    0.01    0.52 ^ clkbuf_leaf_77_clk/A (sky130_fd_sc_hd__clkbuf_16)
     8    0.04    0.06    0.19    0.71 ^ clkbuf_leaf_77_clk/X (sky130_fd_sc_hd__clkbuf_16)
                                         clknet_leaf_77_clk (net)
                  0.06    0.00    0.71 ^ dp.rf.rf[19][0]$_DFFE_PP_/CLK (sky130_fd_sc_hd__edfxtp_1)
     2    0.01    0.10    0.40    1.11 v dp.rf.rf[19][0]$_DFFE_PP_/Q (sky130_fd_sc_hd__edfxtp_1)
                                         dp.rf.rf[19][0] (net)
                  0.10    0.00    1.11 v _4367_/A3 (sky130_fd_sc_hd__mux4_2)
     1    0.00    0.09    0.49    1.60 v _4367_/X (sky130_fd_sc_hd__mux4_2)
                                         _0818_ (net)
                  0.09    0.00    1.60 v _4368_/A1 (sky130_fd_sc_hd__mux2i_1)
     1    0.01    0.20    0.19    1.79 ^ _4368_/Y (sky130_fd_sc_hd__mux2i_1)
                                         _0819_ (net)
                  0.20    0.00    1.79 ^ _4372_/A2 (sky130_fd_sc_hd__o221ai_1)
     2    0.01    0.32    0.21    2.00 v _4372_/Y (sky130_fd_sc_hd__o221ai_1)
                                         _0823_ (net)
                  0.32    0.00    2.00 v _6038_/B (sky130_fd_sc_hd__nand3_4)
     2    0.01    0.14    0.20    2.20 ^ _6038_/Y (sky130_fd_sc_hd__nand3_4)
                                         _2448_ (net)
                  0.14    0.00    2.20 ^ _6039_/B1 (sky130_fd_sc_hd__o31ai_4)
     2    0.01    0.18    0.10    2.30 v _6039_/Y (sky130_fd_sc_hd__o31ai_4)
                                         _2449_ (net)
                  0.18    0.00    2.30 v _7513_/A (sky130_fd_sc_hd__xnor2_2)
     2    0.01    0.16    0.24    2.54 ^ _7513_/Y (sky130_fd_sc_hd__xnor2_2)
                                         _0154_ (net)
                  0.16    0.00    2.54 ^ _7514_/A (sky130_fd_sc_hd__inv_2)
     2    0.01    0.05    0.06    2.60 v _7514_/Y (sky130_fd_sc_hd__inv_2)
                                         dp.alu.b2[0] (net)
                  0.05    0.00    2.60 v _7641_/CIN (sky130_fd_sc_hd__fa_2)
     2    0.01    0.09    0.37    2.97 v _7641_/COUT (sky130_fd_sc_hd__fa_2)
                                         _0000_ (net)
                  0.09    0.00    2.97 v _7640_/B (sky130_fd_sc_hd__fa_2)
     2    0.01    0.08    0.40    3.37 v _7640_/COUT (sky130_fd_sc_hd__fa_2)
                                         _0001_ (net)
                  0.08    0.00    3.37 v _5928_/A1 (sky130_fd_sc_hd__a21o_1)
     1    0.01    0.06    0.20    3.56 v _5928_/X (sky130_fd_sc_hd__a21o_1)
                                         _2341_ (net)
                  0.06    0.00    3.56 v _5929_/A2 (sky130_fd_sc_hd__a21oi_2)
     2    0.01    0.16    0.19    3.75 ^ _5929_/Y (sky130_fd_sc_hd__a21oi_2)
                                         _2342_ (net)
                  0.16    0.00    3.75 ^ _5931_/A2 (sky130_fd_sc_hd__o21ai_2)
     2    0.01    0.07    0.09    3.84 v _5931_/Y (sky130_fd_sc_hd__o21ai_2)
                                         _2344_ (net)
                  0.07    0.00    3.84 v _5935_/A2 (sky130_fd_sc_hd__a311oi_2)
     1    0.01    0.22    0.27    4.10 ^ _5935_/Y (sky130_fd_sc_hd__a311oi_2)
                                         _2348_ (net)
                  0.22    0.00    4.11 ^ place1329/A (sky130_fd_sc_hd__buf_6)
     2    0.06    0.12    0.20    4.30 ^ place1329/X (sky130_fd_sc_hd__buf_6)
                                         net1328 (net)
                  0.13    0.02    4.32 ^ _5954_/A1 (sky130_fd_sc_hd__o2111ai_4)
     2    0.01    0.15    0.15    4.46 v _5954_/Y (sky130_fd_sc_hd__o2111ai_4)
                                         _2367_ (net)
                  0.15    0.00    4.46 v _5958_/A (sky130_fd_sc_hd__nand2_2)
     2    0.01    0.09    0.11    4.58 ^ _5958_/Y (sky130_fd_sc_hd__nand2_2)
                                         _2371_ (net)
                  0.09    0.00    4.58 ^ rebuffer2845/A (sky130_fd_sc_hd__buf_6)
     1    0.01    0.03    0.10    4.68 ^ rebuffer2845/X (sky130_fd_sc_hd__buf_6)
                                         net2844 (net)
                  0.03    0.00    4.68 ^ _5963_/A2 (sky130_fd_sc_hd__o21ai_2)
     2    0.01    0.08    0.06    4.74 v _5963_/Y (sky130_fd_sc_hd__o21ai_2)
                                         _2376_ (net)
                  0.08    0.00    4.74 v _5967_/A4 (sky130_fd_sc_hd__o41ai_2)
     1    0.00    0.25    0.22    4.96 ^ _5967_/Y (sky130_fd_sc_hd__o41ai_2)
                                         _2380_ (net)
                  0.25    0.00    4.96 ^ place1256/A (sky130_fd_sc_hd__buf_4)
     2    0.01    0.06    0.18    5.14 ^ place1256/X (sky130_fd_sc_hd__buf_4)
                                         net1255 (net)
                  0.06    0.00    5.14 ^ _5973_/A3 (sky130_fd_sc_hd__o311ai_4)
     2    0.01    0.13    0.09    5.23 v _5973_/Y (sky130_fd_sc_hd__o311ai_4)
                                         _2386_ (net)
                  0.13    0.00    5.23 v _6841_/A2 (sky130_fd_sc_hd__a21o_1)
     1    0.01    0.07    0.24    5.47 v _6841_/X (sky130_fd_sc_hd__a21o_1)
                                         _3204_ (net)
                  0.07    0.00    5.47 v _6842_/A1 (sky130_fd_sc_hd__a21oi_2)
     1    0.01    0.11    0.14    5.60 ^ _6842_/Y (sky130_fd_sc_hd__a21oi_2)
                                         _3205_ (net)
                  0.11    0.00    5.61 ^ place1217/A (sky130_fd_sc_hd__buf_6)
     1    0.03    0.07    0.14    5.75 ^ place1217/X (sky130_fd_sc_hd__buf_6)
                                         net1216 (net)
                  0.07    0.00    5.75 ^ _6852_/B (sky130_fd_sc_hd__xnor2_4)
     1    0.02    0.11    0.08    5.83 v _6852_/Y (sky130_fd_sc_hd__xnor2_4)
                                         _3215_ (net)
                  0.11    0.00    5.83 v _6857_/A3 (sky130_fd_sc_hd__a31oi_4)
     1    0.02    0.22    0.27    6.10 ^ _6857_/Y (sky130_fd_sc_hd__a31oi_4)
                                         _3220_ (net)
                  0.22    0.00    6.10 ^ _6858_/B1 (sky130_fd_sc_hd__o22ai_2)
     2    0.01    0.15    0.12    6.22 v _6858_/Y (sky130_fd_sc_hd__o22ai_2)
                                         net97 (net)
                  0.15    0.00    6.22 v output98/A (sky130_fd_sc_hd__buf_2)
     1    0.00    0.02    0.16    6.38 v output98/X (sky130_fd_sc_hd__buf_2)
                                         aluout[0] (net)
                  0.02    0.00    6.38 v aluout[0] (out)
                                  6.38   data arrival time

                  0.00    5.00    5.00   clock vclk_clk (rise edge)
                          0.77    5.78   clock network delay (ideal)
                          0.00    5.78   clock reconvergence pessimism
                         -1.00    4.78   output external delay
                                  4.78   data required time
-----------------------------------------------------------------------------
                                  4.78   data required time
                                 -6.38   data arrival time
-----------------------------------------------------------------------------
                                 -1.60   slack (VIOLATED)



==========================================================================
finish report_checks -unconstrained
--------------------------------------------------------------------------
Startpoint: dp.rf.rf[11][2]$_DFFE_PP_
            (rising edge-triggered flip-flop clocked by clk)
Endpoint: dp.rf.rf[29][20]$_DFFE_PP_
          (rising edge-triggered flip-flop clocked by clk)
Path Group: clk
Path Type: max

Fanout     Cap    Slew   Delay    Time   Description
-----------------------------------------------------------------------------
                          0.00    0.00   clock clk (rise edge)
                          0.00    0.00   clock source latency
     1    0.06    0.00    0.00    0.00 ^ clk (in)
                                         clk (net)
                  0.00    0.00    0.00 ^ clkbuf_0_clk/A (sky130_fd_sc_hd__clkbuf_16)
     8    0.18    0.19    0.22    0.23 ^ clkbuf_0_clk/X (sky130_fd_sc_hd__clkbuf_16)
                                         clknet_0_clk (net)
                  0.19    0.00    0.23 ^ clkbuf_3_2__f_clk/A (sky130_fd_sc_hd__clkbuf_16)
    15    0.22    0.23    0.31    0.54 ^ clkbuf_3_2__f_clk/X (sky130_fd_sc_hd__clkbuf_16)
                                         clknet_3_2__leaf_clk (net)
                  0.23    0.01    0.55 ^ clkbuf_leaf_70_clk/A (sky130_fd_sc_hd__clkbuf_16)
    13    0.04    0.07    0.20    0.76 ^ clkbuf_leaf_70_clk/X (sky130_fd_sc_hd__clkbuf_16)
                                         clknet_leaf_70_clk (net)
                  0.07    0.00    0.76 ^ dp.rf.rf[11][2]$_DFFE_PP_/CLK (sky130_fd_sc_hd__edfxtp_1)
     2    0.01    0.09    0.40    1.15 v dp.rf.rf[11][2]$_DFFE_PP_/Q (sky130_fd_sc_hd__edfxtp_1)
                                         dp.rf.rf[11][2] (net)
                  0.09    0.00    1.15 v _4270_/A3 (sky130_fd_sc_hd__mux4_2)
     1    0.01    0.09    0.50    1.65 v _4270_/X (sky130_fd_sc_hd__mux4_2)
                                         _0724_ (net)
                  0.09    0.00    1.65 v _4274_/A0 (sky130_fd_sc_hd__mux4_2)
     1    0.00    0.09    0.47    2.13 v _4274_/X (sky130_fd_sc_hd__mux4_2)
                                         _0728_ (net)
                  0.09    0.00    2.13 v _4281_/A2 (sky130_fd_sc_hd__a22oi_2)
     2    0.01    0.27    0.28    2.40 ^ _4281_/Y (sky130_fd_sc_hd__a22oi_2)
                                         _0735_ (net)
                  0.27    0.00    2.40 ^ _6016_/A (sky130_fd_sc_hd__nand2_1)
     2    0.01    0.19    0.11    2.52 v _6016_/Y (sky130_fd_sc_hd__nand2_1)
                                         _2428_ (net)
                  0.19    0.00    2.52 v _6084_/B1 (sky130_fd_sc_hd__o21a_1)
     2    0.01    0.08    0.20    2.71 v _6084_/X (sky130_fd_sc_hd__o21a_1)
                                         _2490_ (net)
                  0.08    0.00    2.71 v _7511_/B (sky130_fd_sc_hd__xnor2_2)
     2    0.01    0.09    0.15    2.86 v _7511_/Y (sky130_fd_sc_hd__xnor2_2)
                                         _0146_ (net)
                  0.09    0.00    2.86 v _7714_/B (sky130_fd_sc_hd__ha_1)
     2    0.01    0.10    0.33    3.19 ^ _7714_/SUM (sky130_fd_sc_hd__ha_1)
                                         dp.alu.exor[2] (net)
                  0.10    0.00    3.19 ^ _5928_/A2 (sky130_fd_sc_hd__a21o_1)
     1    0.01    0.09    0.16    3.35 ^ _5928_/X (sky130_fd_sc_hd__a21o_1)
                                         _2341_ (net)
                  0.09    0.00    3.35 ^ _5929_/A2 (sky130_fd_sc_hd__a21oi_2)
     2    0.01    0.05    0.08    3.43 v _5929_/Y (sky130_fd_sc_hd__a21oi_2)
                                         _2342_ (net)
                  0.05    0.00    3.43 v _5931_/A2 (sky130_fd_sc_hd__o21ai_2)
     2    0.01    0.15    0.15    3.58 ^ _5931_/Y (sky130_fd_sc_hd__o21ai_2)
                                         _2344_ (net)
                  0.15    0.00    3.58 ^ _5935_/A2 (sky130_fd_sc_hd__a311oi_2)
     1    0.01    0.09    0.12    3.70 v _5935_/Y (sky130_fd_sc_hd__a311oi_2)
                                         _2348_ (net)
                  0.09    0.00    3.70 v place1329/A (sky130_fd_sc_hd__buf_6)
     2    0.06    0.07    0.17    3.87 v place1329/X (sky130_fd_sc_hd__buf_6)
                                         net1328 (net)
                  0.07    0.01    3.88 v _5954_/A1 (sky130_fd_sc_hd__o2111ai_4)
     2    0.01    0.19    0.22    4.10 ^ _5954_/Y (sky130_fd_sc_hd__o2111ai_4)
                                         _2367_ (net)
                  0.19    0.00    4.10 ^ _5958_/A (sky130_fd_sc_hd__nand2_2)
     2    0.01    0.09    0.09    4.19 v _5958_/Y (sky130_fd_sc_hd__nand2_2)
                                         _2371_ (net)
                  0.09    0.00    4.19 v rebuffer2849/A (sky130_fd_sc_hd__buf_4)
     1    0.01    0.03    0.15    4.34 v rebuffer2849/X (sky130_fd_sc_hd__buf_4)
                                         net2848 (net)
                  0.03    0.00    4.34 v rebuffer2126/A (sky130_fd_sc_hd__buf_6)
     1    0.01    0.02    0.10    4.44 v rebuffer2126/X (sky130_fd_sc_hd__buf_6)
                                         net2125 (net)
                  0.02    0.00    4.44 v rebuffer2125/A (sky130_fd_sc_hd__buf_4)
     1    0.01    0.03    0.12    4.56 v rebuffer2125/X (sky130_fd_sc_hd__buf_4)
                                         net2124 (net)
                  0.03    0.00    4.56 v rebuffer2124/A (sky130_fd_sc_hd__buf_4)
     1    0.00    0.03    0.12    4.69 v rebuffer2124/X (sky130_fd_sc_hd__buf_4)
                                         net2123 (net)
                  0.03    0.00    4.69 v rebuffer2123/A (sky130_fd_sc_hd__buf_4)
     1    0.00    0.03    0.12    4.81 v rebuffer2123/X (sky130_fd_sc_hd__buf_4)
                                         net2122 (net)
                  0.03    0.00    4.81 v rebuffer2122/A (sky130_fd_sc_hd__buf_4)
     1    0.00    0.02    0.12    4.92 v rebuffer2122/X (sky130_fd_sc_hd__buf_4)
                                         net2121 (net)
                  0.02    0.00    4.92 v rebuffer2121/A (sky130_fd_sc_hd__buf_4)
     1    0.00    0.03    0.12    5.04 v rebuffer2121/X (sky130_fd_sc_hd__buf_4)
                                         net2120 (net)
                  0.03    0.00    5.04 v rebuffer2120/A (sky130_fd_sc_hd__buf_4)
     1    0.00    0.02    0.12    5.16 v rebuffer2120/X (sky130_fd_sc_hd__buf_4)
                                         net2119 (net)
                  0.02    0.00    5.16 v rebuffer2119/A (sky130_fd_sc_hd__buf_4)
     1    0.00    0.03    0.12    5.28 v rebuffer2119/X (sky130_fd_sc_hd__buf_4)
                                         net2118 (net)
                  0.03    0.00    5.28 v rebuffer2118/A (sky130_fd_sc_hd__buf_4)
     1    0.01    0.03    0.12    5.40 v rebuffer2118/X (sky130_fd_sc_hd__buf_4)
                                         net2117 (net)
                  0.03    0.00    5.40 v rebuffer2117/A (sky130_fd_sc_hd__buf_4)
     1    0.00    0.02    0.12    5.52 v rebuffer2117/X (sky130_fd_sc_hd__buf_4)
                                         net2116 (net)
                  0.02    0.00    5.52 v rebuffer2116/A (sky130_fd_sc_hd__buf_4)
     1    0.01    0.03    0.13    5.64 v rebuffer2116/X (sky130_fd_sc_hd__buf_4)
                                         net2115 (net)
                  0.03    0.00    5.64 v _6490_/A (sky130_fd_sc_hd__xnor2_2)
     1    0.01    0.05    0.13    5.77 v _6490_/Y (sky130_fd_sc_hd__xnor2_2)
                                         _2880_ (net)
                  0.05    0.00    5.77 v _6493_/A2 (sky130_fd_sc_hd__a21oi_2)
     1    0.01    0.15    0.17    5.94 ^ _6493_/Y (sky130_fd_sc_hd__a21oi_2)
                                         _2883_ (net)
                  0.15    0.00    5.94 ^ _6494_/B1 (sky130_fd_sc_hd__o22ai_2)
     2    0.01    0.10    0.11    6.06 v _6494_/Y (sky130_fd_sc_hd__o22ai_2)
                                         net109 (net)
                  0.10    0.00    6.06 v rebuffer2128/A (sky130_fd_sc_hd__buf_6)
     1    0.02    0.03    0.15    6.21 v rebuffer2128/X (sky130_fd_sc_hd__buf_6)
                                         net2127 (net)
                  0.03    0.00    6.21 v _7189_/A1 (sky130_fd_sc_hd__o221ai_4)
     1    0.01    0.21    0.20    6.41 ^ _7189_/Y (sky130_fd_sc_hd__o221ai_4)
                                         _3512_ (net)
                  0.21    0.00    6.41 ^ _7190_/C1 (sky130_fd_sc_hd__o221ai_4)
     4    0.06    0.34    0.27    6.68 v _7190_/Y (sky130_fd_sc_hd__o221ai_4)
                                         dp.result2[20] (net)
                  0.34    0.01    6.69 v clone2842/A (sky130_fd_sc_hd__clkbuf_16)
     8    0.04    0.05    0.29    6.98 v clone2842/X (sky130_fd_sc_hd__clkbuf_16)
                                         net2841 (net)
                  0.05    0.00    6.98 v dp.rf.rf[29][20]$_DFFE_PP_/D (sky130_fd_sc_hd__edfxtp_1)
                                  6.98   data arrival time

                          5.00    5.00   clock clk (rise edge)
                          0.00    5.00   clock source latency
     1    0.06    0.00    0.00    5.00 ^ clk (in)
                                         clk (net)
                  0.00    0.00    5.00 ^ clkbuf_0_clk/A (sky130_fd_sc_hd__clkbuf_16)
     8    0.18    0.19    0.22    5.23 ^ clkbuf_0_clk/X (sky130_fd_sc_hd__clkbuf_16)
                                         clknet_0_clk (net)
                  0.19    0.01    5.23 ^ clkbuf_3_6__f_clk/A (sky130_fd_sc_hd__clkbuf_16)
    10    0.17    0.18    0.28    5.51 ^ clkbuf_3_6__f_clk/X (sky130_fd_sc_hd__clkbuf_16)
                                         clknet_3_6__leaf_clk (net)
                  0.18    0.00    5.52 ^ clkbuf_leaf_57_clk/A (sky130_fd_sc_hd__clkbuf_16)
    12    0.04    0.06    0.19    5.70 ^ clkbuf_leaf_57_clk/X (sky130_fd_sc_hd__clkbuf_16)
                                         clknet_leaf_57_clk (net)
                  0.06    0.00    5.71 ^ dp.rf.rf[29][20]$_DFFE_PP_/CLK (sky130_fd_sc_hd__edfxtp_1)
                          0.00    5.71   clock reconvergence pessimism
                         -0.25    5.46   library setup time
                                  5.46   data required time
-----------------------------------------------------------------------------
                                  5.46   data required time
                                 -6.98   data arrival time
-----------------------------------------------------------------------------
                                 -1.52   slack (VIOLATED)


Startpoint: dp.rf.rf[19][0]$_DFFE_PP_
            (rising edge-triggered flip-flop clocked by clk)
Endpoint: aluout[0] (output port clocked by vclk_clk)
Path Group: vclk_clk
Path Type: max

Fanout     Cap    Slew   Delay    Time   Description
-----------------------------------------------------------------------------
                          0.00    0.00   clock clk (rise edge)
                          0.00    0.00   clock source latency
     1    0.06    0.00    0.00    0.00 ^ clk (in)
                                         clk (net)
                  0.00    0.00    0.00 ^ clkbuf_0_clk/A (sky130_fd_sc_hd__clkbuf_16)
     8    0.18    0.19    0.22    0.23 ^ clkbuf_0_clk/X (sky130_fd_sc_hd__clkbuf_16)
                                         clknet_0_clk (net)
                  0.19    0.00    0.23 ^ clkbuf_3_3__f_clk/A (sky130_fd_sc_hd__clkbuf_16)
    10    0.18    0.19    0.29    0.52 ^ clkbuf_3_3__f_clk/X (sky130_fd_sc_hd__clkbuf_16)
                                         clknet_3_3__leaf_clk (net)
                  0.19    0.01    0.52 ^ clkbuf_leaf_77_clk/A (sky130_fd_sc_hd__clkbuf_16)
     8    0.04    0.06    0.19    0.71 ^ clkbuf_leaf_77_clk/X (sky130_fd_sc_hd__clkbuf_16)
                                         clknet_leaf_77_clk (net)
                  0.06    0.00    0.71 ^ dp.rf.rf[19][0]$_DFFE_PP_/CLK (sky130_fd_sc_hd__edfxtp_1)
     2    0.01    0.10    0.40    1.11 v dp.rf.rf[19][0]$_DFFE_PP_/Q (sky130_fd_sc_hd__edfxtp_1)
                                         dp.rf.rf[19][0] (net)
                  0.10    0.00    1.11 v _4367_/A3 (sky130_fd_sc_hd__mux4_2)
     1    0.00    0.09    0.49    1.60 v _4367_/X (sky130_fd_sc_hd__mux4_2)
                                         _0818_ (net)
                  0.09    0.00    1.60 v _4368_/A1 (sky130_fd_sc_hd__mux2i_1)
     1    0.01    0.20    0.19    1.79 ^ _4368_/Y (sky130_fd_sc_hd__mux2i_1)
                                         _0819_ (net)
                  0.20    0.00    1.79 ^ _4372_/A2 (sky130_fd_sc_hd__o221ai_1)
     2    0.01    0.32    0.21    2.00 v _4372_/Y (sky130_fd_sc_hd__o221ai_1)
                                         _0823_ (net)
                  0.32    0.00    2.00 v _6038_/B (sky130_fd_sc_hd__nand3_4)
     2    0.01    0.14    0.20    2.20 ^ _6038_/Y (sky130_fd_sc_hd__nand3_4)
                                         _2448_ (net)
                  0.14    0.00    2.20 ^ _6039_/B1 (sky130_fd_sc_hd__o31ai_4)
     2    0.01    0.18    0.10    2.30 v _6039_/Y (sky130_fd_sc_hd__o31ai_4)
                                         _2449_ (net)
                  0.18    0.00    2.30 v _7513_/A (sky130_fd_sc_hd__xnor2_2)
     2    0.01    0.16    0.24    2.54 ^ _7513_/Y (sky130_fd_sc_hd__xnor2_2)
                                         _0154_ (net)
                  0.16    0.00    2.54 ^ _7514_/A (sky130_fd_sc_hd__inv_2)
     2    0.01    0.05    0.06    2.60 v _7514_/Y (sky130_fd_sc_hd__inv_2)
                                         dp.alu.b2[0] (net)
                  0.05    0.00    2.60 v _7641_/CIN (sky130_fd_sc_hd__fa_2)
     2    0.01    0.09    0.37    2.97 v _7641_/COUT (sky130_fd_sc_hd__fa_2)
                                         _0000_ (net)
                  0.09    0.00    2.97 v _7640_/B (sky130_fd_sc_hd__fa_2)
     2    0.01    0.08    0.40    3.37 v _7640_/COUT (sky130_fd_sc_hd__fa_2)
                                         _0001_ (net)
                  0.08    0.00    3.37 v _5928_/A1 (sky130_fd_sc_hd__a21o_1)
     1    0.01    0.06    0.20    3.56 v _5928_/X (sky130_fd_sc_hd__a21o_1)
                                         _2341_ (net)
                  0.06    0.00    3.56 v _5929_/A2 (sky130_fd_sc_hd__a21oi_2)
     2    0.01    0.16    0.19    3.75 ^ _5929_/Y (sky130_fd_sc_hd__a21oi_2)
                                         _2342_ (net)
                  0.16    0.00    3.75 ^ _5931_/A2 (sky130_fd_sc_hd__o21ai_2)
     2    0.01    0.07    0.09    3.84 v _5931_/Y (sky130_fd_sc_hd__o21ai_2)
                                         _2344_ (net)
                  0.07    0.00    3.84 v _5935_/A2 (sky130_fd_sc_hd__a311oi_2)
     1    0.01    0.22    0.27    4.10 ^ _5935_/Y (sky130_fd_sc_hd__a311oi_2)
                                         _2348_ (net)
                  0.22    0.00    4.11 ^ place1329/A (sky130_fd_sc_hd__buf_6)
     2    0.06    0.12    0.20    4.30 ^ place1329/X (sky130_fd_sc_hd__buf_6)
                                         net1328 (net)
                  0.13    0.02    4.32 ^ _5954_/A1 (sky130_fd_sc_hd__o2111ai_4)
     2    0.01    0.15    0.15    4.46 v _5954_/Y (sky130_fd_sc_hd__o2111ai_4)
                                         _2367_ (net)
                  0.15    0.00    4.46 v _5958_/A (sky130_fd_sc_hd__nand2_2)
     2    0.01    0.09    0.11    4.58 ^ _5958_/Y (sky130_fd_sc_hd__nand2_2)
                                         _2371_ (net)
                  0.09    0.00    4.58 ^ rebuffer2845/A (sky130_fd_sc_hd__buf_6)
     1    0.01    0.03    0.10    4.68 ^ rebuffer2845/X (sky130_fd_sc_hd__buf_6)
                                         net2844 (net)
                  0.03    0.00    4.68 ^ _5963_/A2 (sky130_fd_sc_hd__o21ai_2)
     2    0.01    0.08    0.06    4.74 v _5963_/Y (sky130_fd_sc_hd__o21ai_2)
                                         _2376_ (net)
                  0.08    0.00    4.74 v _5967_/A4 (sky130_fd_sc_hd__o41ai_2)
     1    0.00    0.25    0.22    4.96 ^ _5967_/Y (sky130_fd_sc_hd__o41ai_2)
                                         _2380_ (net)
                  0.25    0.00    4.96 ^ place1256/A (sky130_fd_sc_hd__buf_4)
     2    0.01    0.06    0.18    5.14 ^ place1256/X (sky130_fd_sc_hd__buf_4)
                                         net1255 (net)
                  0.06    0.00    5.14 ^ _5973_/A3 (sky130_fd_sc_hd__o311ai_4)
     2    0.01    0.13    0.09    5.23 v _5973_/Y (sky130_fd_sc_hd__o311ai_4)
                                         _2386_ (net)
                  0.13    0.00    5.23 v _6841_/A2 (sky130_fd_sc_hd__a21o_1)
     1    0.01    0.07    0.24    5.47 v _6841_/X (sky130_fd_sc_hd__a21o_1)
                                         _3204_ (net)
                  0.07    0.00    5.47 v _6842_/A1 (sky130_fd_sc_hd__a21oi_2)
     1    0.01    0.11    0.14    5.60 ^ _6842_/Y (sky130_fd_sc_hd__a21oi_2)
                                         _3205_ (net)
                  0.11    0.00    5.61 ^ place1217/A (sky130_fd_sc_hd__buf_6)
     1    0.03    0.07    0.14    5.75 ^ place1217/X (sky130_fd_sc_hd__buf_6)
                                         net1216 (net)
                  0.07    0.00    5.75 ^ _6852_/B (sky130_fd_sc_hd__xnor2_4)
     1    0.02    0.11    0.08    5.83 v _6852_/Y (sky130_fd_sc_hd__xnor2_4)
                                         _3215_ (net)
                  0.11    0.00    5.83 v _6857_/A3 (sky130_fd_sc_hd__a31oi_4)
     1    0.02    0.22    0.27    6.10 ^ _6857_/Y (sky130_fd_sc_hd__a31oi_4)
                                         _3220_ (net)
                  0.22    0.00    6.10 ^ _6858_/B1 (sky130_fd_sc_hd__o22ai_2)
     2    0.01    0.15    0.12    6.22 v _6858_/Y (sky130_fd_sc_hd__o22ai_2)
                                         net97 (net)
                  0.15    0.00    6.22 v output98/A (sky130_fd_sc_hd__buf_2)
     1    0.00    0.02    0.16    6.38 v output98/X (sky130_fd_sc_hd__buf_2)
                                         aluout[0] (net)
                  0.02    0.00    6.38 v aluout[0] (out)
                                  6.38   data arrival time

                  0.00    5.00    5.00   clock vclk_clk (rise edge)
                          0.77    5.78   clock network delay (ideal)
                          0.00    5.78   clock reconvergence pessimism
                         -1.00    4.78   output external delay
                                  4.78   data required time
-----------------------------------------------------------------------------
                                  4.78   data required time
                                 -6.38   data arrival time
-----------------------------------------------------------------------------
                                 -1.60   slack (VIOLATED)



==========================================================================
finish report_check_types -max_slew -max_cap -max_fanout -violators
--------------------------------------------------------------------------

==========================================================================
finish max_slew_check_slack
--------------------------------------------------------------------------
0.1908910870552063

==========================================================================
finish max_slew_check_limit
--------------------------------------------------------------------------
1.4943389892578125

==========================================================================
finish max_slew_check_slack_limit
--------------------------------------------------------------------------
0.1277

==========================================================================
finish max_fanout_check_slack
--------------------------------------------------------------------------
1.0000000150474662e+30

==========================================================================
finish max_fanout_check_limit
--------------------------------------------------------------------------
1.0000000150474662e+30

==========================================================================
finish max_capacitance_check_slack
--------------------------------------------------------------------------
0.008144577965140343

==========================================================================
finish max_capacitance_check_limit
--------------------------------------------------------------------------
0.021067000925540924

==========================================================================
finish max_capacitance_check_slack_limit
--------------------------------------------------------------------------
0.3866

==========================================================================
finish max_slew_violation_count
--------------------------------------------------------------------------
max slew violation count 0

==========================================================================
finish max_fanout_violation_count
--------------------------------------------------------------------------
max fanout violation count 0

==========================================================================
finish max_cap_violation_count
--------------------------------------------------------------------------
max cap violation count 0

==========================================================================
finish setup_violation_count
--------------------------------------------------------------------------
setup violation count 1004

==========================================================================
finish hold_violation_count
--------------------------------------------------------------------------
hold violation count 0

==========================================================================
finish report_checks -path_delay max reg to reg
--------------------------------------------------------------------------
Startpoint: dp.rf.rf[11][2]$_DFFE_PP_
            (rising edge-triggered flip-flop clocked by clk)
Endpoint: dp.rf.rf[29][20]$_DFFE_PP_
          (rising edge-triggered flip-flop clocked by clk)
Path Group: clk
Path Type: max

  Delay    Time   Description
---------------------------------------------------------
   0.00    0.00   clock clk (rise edge)
   0.00    0.00   clock source latency
   0.00    0.00 ^ clk (in)
   0.23    0.23 ^ clkbuf_0_clk/X (sky130_fd_sc_hd__clkbuf_16)
   0.32    0.54 ^ clkbuf_3_2__f_clk/X (sky130_fd_sc_hd__clkbuf_16)
   0.21    0.76 ^ clkbuf_leaf_70_clk/X (sky130_fd_sc_hd__clkbuf_16)
   0.00    0.76 ^ dp.rf.rf[11][2]$_DFFE_PP_/CLK (sky130_fd_sc_hd__edfxtp_1)
   0.40    1.15 v dp.rf.rf[11][2]$_DFFE_PP_/Q (sky130_fd_sc_hd__edfxtp_1)
   0.50    1.65 v _4270_/X (sky130_fd_sc_hd__mux4_2)
   0.47    2.13 v _4274_/X (sky130_fd_sc_hd__mux4_2)
   0.28    2.40 ^ _4281_/Y (sky130_fd_sc_hd__a22oi_2)
   0.11    2.52 v _6016_/Y (sky130_fd_sc_hd__nand2_1)
   0.20    2.71 v _6084_/X (sky130_fd_sc_hd__o21a_1)
   0.15    2.86 v _7511_/Y (sky130_fd_sc_hd__xnor2_2)
   0.33    3.19 ^ _7714_/SUM (sky130_fd_sc_hd__ha_1)
   0.16    3.35 ^ _5928_/X (sky130_fd_sc_hd__a21o_1)
   0.08    3.43 v _5929_/Y (sky130_fd_sc_hd__a21oi_2)
   0.15    3.58 ^ _5931_/Y (sky130_fd_sc_hd__o21ai_2)
   0.12    3.70 v _5935_/Y (sky130_fd_sc_hd__a311oi_2)
   0.17    3.87 v place1329/X (sky130_fd_sc_hd__buf_6)
   0.23    4.10 ^ _5954_/Y (sky130_fd_sc_hd__o2111ai_4)
   0.09    4.19 v _5958_/Y (sky130_fd_sc_hd__nand2_2)
   0.15    4.34 v rebuffer2849/X (sky130_fd_sc_hd__buf_4)
   0.10    4.44 v rebuffer2126/X (sky130_fd_sc_hd__buf_6)
   0.12    4.56 v rebuffer2125/X (sky130_fd_sc_hd__buf_4)
   0.12    4.69 v rebuffer2124/X (sky130_fd_sc_hd__buf_4)
   0.12    4.81 v rebuffer2123/X (sky130_fd_sc_hd__buf_4)
   0.12    4.92 v rebuffer2122/X (sky130_fd_sc_hd__buf_4)
   0.12    5.04 v rebuffer2121/X (sky130_fd_sc_hd__buf_4)
   0.12    5.16 v rebuffer2120/X (sky130_fd_sc_hd__buf_4)
   0.12    5.28 v rebuffer2119/X (sky130_fd_sc_hd__buf_4)
   0.12    5.40 v rebuffer2118/X (sky130_fd_sc_hd__buf_4)
   0.12    5.52 v rebuffer2117/X (sky130_fd_sc_hd__buf_4)
   0.13    5.64 v rebuffer2116/X (sky130_fd_sc_hd__buf_4)
   0.13    5.77 v _6490_/Y (sky130_fd_sc_hd__xnor2_2)
   0.17    5.94 ^ _6493_/Y (sky130_fd_sc_hd__a21oi_2)
   0.11    6.06 v _6494_/Y (sky130_fd_sc_hd__o22ai_2)
   0.15    6.21 v rebuffer2128/X (sky130_fd_sc_hd__buf_6)
   0.20    6.41 ^ _7189_/Y (sky130_fd_sc_hd__o221ai_4)
   0.27    6.68 v _7190_/Y (sky130_fd_sc_hd__o221ai_4)
   0.29    6.98 v clone2842/X (sky130_fd_sc_hd__clkbuf_16)
   0.00    6.98 v dp.rf.rf[29][20]$_DFFE_PP_/D (sky130_fd_sc_hd__edfxtp_1)
           6.98   data arrival time

   5.00    5.00   clock clk (rise edge)
   0.00    5.00   clock source latency
   0.00    5.00 ^ clk (in)
   0.23    5.23 ^ clkbuf_0_clk/X (sky130_fd_sc_hd__clkbuf_16)
   0.29    5.51 ^ clkbuf_3_6__f_clk/X (sky130_fd_sc_hd__clkbuf_16)
   0.19    5.70 ^ clkbuf_leaf_57_clk/X (sky130_fd_sc_hd__clkbuf_16)
   0.00    5.71 ^ dp.rf.rf[29][20]$_DFFE_PP_/CLK (sky130_fd_sc_hd__edfxtp_1)
   0.00    5.71   clock reconvergence pessimism
  -0.25    5.46   library setup time
           5.46   data required time
---------------------------------------------------------
           5.46   data required time
          -6.98   data arrival time
---------------------------------------------------------
          -1.52   slack (VIOLATED)



==========================================================================
finish report_checks -path_delay min reg to reg
--------------------------------------------------------------------------
Startpoint: dp.pcreg.q[2]$_DFF_PP0_
            (rising edge-triggered flip-flop clocked by clk)
Endpoint: dp.pcreg.q[2]$_DFF_PP0_
          (rising edge-triggered flip-flop clocked by clk)
Path Group: clk
Path Type: min

  Delay    Time   Description
---------------------------------------------------------
   0.00    0.00   clock clk (rise edge)
   0.00    0.00   clock source latency
   0.00    0.00 ^ clk (in)
   0.23    0.23 ^ clkbuf_0_clk/X (sky130_fd_sc_hd__clkbuf_16)
   0.32    0.54 ^ clkbuf_3_2__f_clk/X (sky130_fd_sc_hd__clkbuf_16)
   0.21    0.75 ^ clkbuf_leaf_67_clk/X (sky130_fd_sc_hd__clkbuf_16)
   0.00    0.75 ^ dp.pcreg.q[2]$_DFF_PP0_/CLK (sky130_fd_sc_hd__dfrtp_1)
   0.35    1.10 ^ dp.pcreg.q[2]$_DFF_PP0_/Q (sky130_fd_sc_hd__dfrtp_1)
   0.15    1.25 ^ place2057/X (sky130_fd_sc_hd__buf_4)
   0.07    1.32 v _7108_/Y (sky130_fd_sc_hd__mux2i_1)
   0.00    1.32 v dp.pcreg.q[2]$_DFF_PP0_/D (sky130_fd_sc_hd__dfrtp_1)
           1.32   data arrival time

   0.00    0.00   clock clk (rise edge)
   0.00    0.00   clock source latency
   0.00    0.00 ^ clk (in)
   0.23    0.23 ^ clkbuf_0_clk/X (sky130_fd_sc_hd__clkbuf_16)
   0.32    0.54 ^ clkbuf_3_2__f_clk/X (sky130_fd_sc_hd__clkbuf_16)
   0.21    0.75 ^ clkbuf_leaf_67_clk/X (sky130_fd_sc_hd__clkbuf_16)
   0.00    0.75 ^ dp.pcreg.q[2]$_DFF_PP0_/CLK (sky130_fd_sc_hd__dfrtp_1)
   0.00    0.75   clock reconvergence pessimism
  -0.04    0.71   library hold time
           0.71   data required time
---------------------------------------------------------
           0.71   data required time
          -1.32   data arrival time
---------------------------------------------------------
           0.61   slack (MET)



==========================================================================
finish critical path target clock latency max path
--------------------------------------------------------------------------
0

==========================================================================
finish critical path target clock latency min path
--------------------------------------------------------------------------
0

==========================================================================
finish critical path source clock latency min path
--------------------------------------------------------------------------
0

==========================================================================
finish critical path delay
--------------------------------------------------------------------------
6.3797

==========================================================================
finish critical path slack
--------------------------------------------------------------------------
-1.6047

==========================================================================
finish slack div critical path delay
--------------------------------------------------------------------------
-25.153220

==========================================================================
finish report_power
--------------------------------------------------------------------------
Group                  Internal  Switching    Leakage      Total
                          Power      Power      Power      Power (Watts)
----------------------------------------------------------------
Sequential             1.07e-02   2.94e-04   9.79e-09   1.10e-02  37.4%
Combinational          4.43e-03   5.76e-03   1.73e-08   1.02e-02  34.7%
Clock                  4.51e-03   3.65e-03   1.71e-09   8.16e-03  27.8%
Macro                  0.00e+00   0.00e+00   0.00e+00   0.00e+00   0.0%
Pad                    0.00e+00   0.00e+00   0.00e+00   0.00e+00   0.0%
----------------------------------------------------------------
Total                  1.96e-02   9.71e-03   2.88e-08   2.93e-02 100.0%
                          66.9%      33.1%       0.0%
