OpenROAD dc5eee77c45dba8e5ace2fc89c38c6d9a4ed6e0f 
Features included (+) or not (-): +GPU +GUI +Python
This program is licensed under the BSD-3 license. See the LICENSE file for details.
Components of this program may be licensed under more restrictive licenses which must be honored.
===== SETUP (max) =====
Startpoint: dp.rf.rf[5][1]$_DFFE_PP_
            (rising edge-triggered flip-flop clocked by clk)
Endpoint: dp.rf.rf[13][31]$_DFFE_PP_
          (rising edge-triggered flip-flop clocked by clk)
Path Group: clk
Path Type: max

    Delay      Time   Description
-------------------------------------------------------------
   0.0000    0.0000   clock clk (rise edge)
   0.0000    0.0000   clock source latency
   0.0000    0.0000 ^ clk (in)
   0.2302    0.2302 ^ clkbuf_0_clk/X (sky130_fd_sc_hd__clkbuf_16)
   0.3141    0.5443 ^ clkbuf_3_0__f_clk/X (sky130_fd_sc_hd__clkbuf_16)
   0.1984    0.7428 ^ clkbuf_leaf_89_clk/X (sky130_fd_sc_hd__clkbuf_16)
   0.0013    0.7441 ^ dp.rf.rf[5][1]$_DFFE_PP_/CLK (sky130_fd_sc_hd__edfxtp_1)
   0.3837    1.1278 v dp.rf.rf[5][1]$_DFFE_PP_/Q (sky130_fd_sc_hd__edfxtp_1)
   0.2834    1.4111 v _4342_/X (sky130_fd_sc_hd__mux2_2)
   0.2888    1.7000 v _4343_/X (sky130_fd_sc_hd__a221o_1)
   0.1399    1.8399 ^ _4344_/Y (sky130_fd_sc_hd__a22oi_1)
   0.0732    1.9131 v _4345_/Y (sky130_fd_sc_hd__a31oi_1)
   0.2247    2.1378 v _4346_/X (sky130_fd_sc_hd__a22o_1)
   0.2488    2.3865 ^ _4354_/Y (sky130_fd_sc_hd__a311oi_2)
   0.1770    2.5635 ^ place987/X (sky130_fd_sc_hd__buf_4)
   0.2361    2.7996 ^ place986/X (sky130_fd_sc_hd__buf_4)
   0.1946    2.9943 v _7418_/Y (sky130_fd_sc_hd__o21ai_0)
   0.3147    3.3089 v _7731_/SUM (sky130_fd_sc_hd__ha_1)
   0.1834    3.4923 v _6932_/X (sky130_fd_sc_hd__a21o_1)
   0.2408    3.7331 ^ _6933_/Y (sky130_fd_sc_hd__a21oi_1)
   0.1000    3.8331 v _6934_/Y (sky130_fd_sc_hd__o21bai_1)
   0.2009    4.0340 v _6935_/X (sky130_fd_sc_hd__a21o_1)
   0.3753    4.4094 ^ _6936_/Y (sky130_fd_sc_hd__a21oi_1)
   0.1959    4.6053 v _6943_/Y (sky130_fd_sc_hd__o21ai_0)
   0.1991    4.8044 v place817/X (sky130_fd_sc_hd__buf_4)
   0.2197    5.0241 ^ _6952_/Y (sky130_fd_sc_hd__o211ai_1)
   0.1832    5.2073 ^ place809/X (sky130_fd_sc_hd__buf_4)
   0.1553    5.3626 v _6957_/Y (sky130_fd_sc_hd__a31oi_1)
   0.3711    5.7337 ^ _6961_/Y (sky130_fd_sc_hd__a41oi_1)
   0.1968    5.9304 v _6965_/Y (sky130_fd_sc_hd__a211oi_1)
   0.3770    6.3075 v _7607_/X (sky130_fd_sc_hd__a221o_1)
   0.2148    6.5223 ^ _7608_/Y (sky130_fd_sc_hd__a21oi_1)
   0.1673    6.6896 ^ _7609_/Y (sky130_fd_sc_hd__xnor2_1)
   0.0946    6.7841 v _7637_/Y (sky130_fd_sc_hd__a22oi_1)
   0.1259    6.9101 ^ _7638_/Y (sky130_fd_sc_hd__nand2_1)
   0.3324    7.2425 ^ place752/X (sky130_fd_sc_hd__buf_4)
   0.0381    7.2805 ^ dp.rf.rf[13][31]$_DFFE_PP_/D (sky130_fd_sc_hd__edfxtp_1)
             7.2805   data arrival time

   7.0000    7.0000   clock clk (rise edge)
   0.0000    7.0000   clock source latency
   0.0000    7.0000 ^ clk (in)
   0.2302    7.2302 ^ clkbuf_0_clk/X (sky130_fd_sc_hd__clkbuf_16)
   0.3174    7.5477 ^ clkbuf_3_4__f_clk/X (sky130_fd_sc_hd__clkbuf_16)
   0.1992    7.7469 ^ clkbuf_leaf_24_clk/X (sky130_fd_sc_hd__clkbuf_16)
   0.0003    7.7472 ^ dp.rf.rf[13][31]$_DFFE_PP_/CLK (sky130_fd_sc_hd__edfxtp_1)
   0.0000    7.7472   clock reconvergence pessimism
  -0.2265    7.5207   library setup time
             7.5207   data required time
-------------------------------------------------------------
             7.5207   data required time
            -7.2805   data arrival time
-------------------------------------------------------------
             0.2402   slack (MET)


Startpoint: dp.rf.rf[5][1]$_DFFE_PP_
            (rising edge-triggered flip-flop clocked by clk)
Endpoint: dp.rf.rf[12][31]$_DFFE_PP_
          (rising edge-triggered flip-flop clocked by clk)
Path Group: clk
Path Type: max

    Delay      Time   Description
-------------------------------------------------------------
   0.0000    0.0000   clock clk (rise edge)
   0.0000    0.0000   clock source latency
   0.0000    0.0000 ^ clk (in)
   0.2302    0.2302 ^ clkbuf_0_clk/X (sky130_fd_sc_hd__clkbuf_16)
   0.3141    0.5443 ^ clkbuf_3_0__f_clk/X (sky130_fd_sc_hd__clkbuf_16)
   0.1984    0.7428 ^ clkbuf_leaf_89_clk/X (sky130_fd_sc_hd__clkbuf_16)
   0.0013    0.7441 ^ dp.rf.rf[5][1]$_DFFE_PP_/CLK (sky130_fd_sc_hd__edfxtp_1)
   0.3837    1.1278 v dp.rf.rf[5][1]$_DFFE_PP_/Q (sky130_fd_sc_hd__edfxtp_1)
   0.2834    1.4111 v _4342_/X (sky130_fd_sc_hd__mux2_2)
   0.2888    1.7000 v _4343_/X (sky130_fd_sc_hd__a221o_1)
   0.1399    1.8399 ^ _4344_/Y (sky130_fd_sc_hd__a22oi_1)
   0.0732    1.9131 v _4345_/Y (sky130_fd_sc_hd__a31oi_1)
   0.2247    2.1378 v _4346_/X (sky130_fd_sc_hd__a22o_1)
   0.2488    2.3865 ^ _4354_/Y (sky130_fd_sc_hd__a311oi_2)
   0.1770    2.5635 ^ place987/X (sky130_fd_sc_hd__buf_4)
   0.2361    2.7996 ^ place986/X (sky130_fd_sc_hd__buf_4)
   0.1946    2.9943 v _7418_/Y (sky130_fd_sc_hd__o21ai_0)
   0.3147    3.3089 v _7731_/SUM (sky130_fd_sc_hd__ha_1)
   0.1834    3.4923 v _6932_/X (sky130_fd_sc_hd__a21o_1)
   0.2408    3.7331 ^ _6933_/Y (sky130_fd_sc_hd__a21oi_1)
   0.1000    3.8331 v _6934_/Y (sky130_fd_sc_hd__o21bai_1)
   0.2009    4.0340 v _6935_/X (sky130_fd_sc_hd__a21o_1)
   0.3753    4.4094 ^ _6936_/Y (sky130_fd_sc_hd__a21oi_1)
   0.1959    4.6053 v _6943_/Y (sky130_fd_sc_hd__o21ai_0)
   0.1991    4.8044 v place817/X (sky130_fd_sc_hd__buf_4)
   0.2197    5.0241 ^ _6952_/Y (sky130_fd_sc_hd__o211ai_1)
   0.1832    5.2073 ^ place809/X (sky130_fd_sc_hd__buf_4)
   0.1553    5.3626 v _6957_/Y (sky130_fd_sc_hd__a31oi_1)
   0.3711    5.7337 ^ _6961_/Y (sky130_fd_sc_hd__a41oi_1)
   0.1968    5.9304 v _6965_/Y (sky130_fd_sc_hd__a211oi_1)
   0.3770    6.3075 v _7607_/X (sky130_fd_sc_hd__a221o_1)
   0.2148    6.5223 ^ _7608_/Y (sky130_fd_sc_hd__a21oi_1)
   0.1673    6.6896 ^ _7609_/Y (sky130_fd_sc_hd__xnor2_1)
   0.0946    6.7841 v _7637_/Y (sky130_fd_sc_hd__a22oi_1)
   0.1259    6.9101 ^ _7638_/Y (sky130_fd_sc_hd__nand2_1)
   0.3324    7.2425 ^ place752/X (sky130_fd_sc_hd__buf_4)
   0.0380    7.2805 ^ dp.rf.rf[12][31]$_DFFE_PP_/D (sky130_fd_sc_hd__edfxtp_1)
             7.2805   data arrival time

   7.0000    7.0000   clock clk (rise edge)
   0.0000    7.0000   clock source latency
   0.0000    7.0000 ^ clk (in)
   0.2302    7.2302 ^ clkbuf_0_clk/X (sky130_fd_sc_hd__clkbuf_16)
   0.3174    7.5477 ^ clkbuf_3_4__f_clk/X (sky130_fd_sc_hd__clkbuf_16)
   0.1992    7.7469 ^ clkbuf_leaf_24_clk/X (sky130_fd_sc_hd__clkbuf_16)
   0.0003    7.7472 ^ dp.rf.rf[12][31]$_DFFE_PP_/CLK (sky130_fd_sc_hd__edfxtp_1)
   0.0000    7.7472   clock reconvergence pessimism
  -0.2265    7.5207   library setup time
             7.5207   data required time
-------------------------------------------------------------
             7.5207   data required time
            -7.2805   data arrival time
-------------------------------------------------------------
             0.2402   slack (MET)


Startpoint: dp.rf.rf[5][1]$_DFFE_PP_
            (rising edge-triggered flip-flop clocked by clk)
Endpoint: dp.rf.rf[3][31]$_DFFE_PP_
          (rising edge-triggered flip-flop clocked by clk)
Path Group: clk
Path Type: max

    Delay      Time   Description
-------------------------------------------------------------
   0.0000    0.0000   clock clk (rise edge)
   0.0000    0.0000   clock source latency
   0.0000    0.0000 ^ clk (in)
   0.2302    0.2302 ^ clkbuf_0_clk/X (sky130_fd_sc_hd__clkbuf_16)
   0.3141    0.5443 ^ clkbuf_3_0__f_clk/X (sky130_fd_sc_hd__clkbuf_16)
   0.1984    0.7428 ^ clkbuf_leaf_89_clk/X (sky130_fd_sc_hd__clkbuf_16)
   0.0013    0.7441 ^ dp.rf.rf[5][1]$_DFFE_PP_/CLK (sky130_fd_sc_hd__edfxtp_1)
   0.3837    1.1278 v dp.rf.rf[5][1]$_DFFE_PP_/Q (sky130_fd_sc_hd__edfxtp_1)
   0.2834    1.4111 v _4342_/X (sky130_fd_sc_hd__mux2_2)
   0.2888    1.7000 v _4343_/X (sky130_fd_sc_hd__a221o_1)
   0.1399    1.8399 ^ _4344_/Y (sky130_fd_sc_hd__a22oi_1)
   0.0732    1.9131 v _4345_/Y (sky130_fd_sc_hd__a31oi_1)
   0.2247    2.1378 v _4346_/X (sky130_fd_sc_hd__a22o_1)
   0.2488    2.3865 ^ _4354_/Y (sky130_fd_sc_hd__a311oi_2)
   0.1770    2.5635 ^ place987/X (sky130_fd_sc_hd__buf_4)
   0.2361    2.7996 ^ place986/X (sky130_fd_sc_hd__buf_4)
   0.1946    2.9943 v _7418_/Y (sky130_fd_sc_hd__o21ai_0)
   0.3147    3.3089 v _7731_/SUM (sky130_fd_sc_hd__ha_1)
   0.1834    3.4923 v _6932_/X (sky130_fd_sc_hd__a21o_1)
   0.2408    3.7331 ^ _6933_/Y (sky130_fd_sc_hd__a21oi_1)
   0.1000    3.8331 v _6934_/Y (sky130_fd_sc_hd__o21bai_1)
   0.2009    4.0340 v _6935_/X (sky130_fd_sc_hd__a21o_1)
   0.3753    4.4094 ^ _6936_/Y (sky130_fd_sc_hd__a21oi_1)
   0.1959    4.6053 v _6943_/Y (sky130_fd_sc_hd__o21ai_0)
   0.1991    4.8044 v place817/X (sky130_fd_sc_hd__buf_4)
   0.2197    5.0241 ^ _6952_/Y (sky130_fd_sc_hd__o211ai_1)
   0.1832    5.2073 ^ place809/X (sky130_fd_sc_hd__buf_4)
   0.1553    5.3626 v _6957_/Y (sky130_fd_sc_hd__a31oi_1)
   0.3711    5.7337 ^ _6961_/Y (sky130_fd_sc_hd__a41oi_1)
   0.1968    5.9304 v _6965_/Y (sky130_fd_sc_hd__a211oi_1)
   0.3770    6.3075 v _7607_/X (sky130_fd_sc_hd__a221o_1)
   0.2148    6.5223 ^ _7608_/Y (sky130_fd_sc_hd__a21oi_1)
   0.1673    6.6896 ^ _7609_/Y (sky130_fd_sc_hd__xnor2_1)
   0.0946    6.7841 v _7637_/Y (sky130_fd_sc_hd__a22oi_1)
   0.1259    6.9101 ^ _7638_/Y (sky130_fd_sc_hd__nand2_1)
   0.3324    7.2425 ^ place752/X (sky130_fd_sc_hd__buf_4)
   0.0398    7.2822 ^ dp.rf.rf[3][31]$_DFFE_PP_/D (sky130_fd_sc_hd__edfxtp_1)
             7.2822   data arrival time

   7.0000    7.0000   clock clk (rise edge)
   0.0000    7.0000   clock source latency
   0.0000    7.0000 ^ clk (in)
   0.2302    7.2302 ^ clkbuf_0_clk/X (sky130_fd_sc_hd__clkbuf_16)
   0.3174    7.5477 ^ clkbuf_3_4__f_clk/X (sky130_fd_sc_hd__clkbuf_16)
   0.2026    7.7502 ^ clkbuf_leaf_25_clk/X (sky130_fd_sc_hd__clkbuf_16)
   0.0007    7.7509 ^ dp.rf.rf[3][31]$_DFFE_PP_/CLK (sky130_fd_sc_hd__edfxtp_1)
   0.0000    7.7509   clock reconvergence pessimism
  -0.2262    7.5248   library setup time
             7.5248   data required time
-------------------------------------------------------------
             7.5248   data required time
            -7.2822   data arrival time
-------------------------------------------------------------
             0.2425   slack (MET)


Startpoint: dp.rf.rf[5][1]$_DFFE_PP_
            (rising edge-triggered flip-flop clocked by clk)
Endpoint: dp.rf.rf[2][31]$_DFFE_PP_
          (rising edge-triggered flip-flop clocked by clk)
Path Group: clk
Path Type: max

    Delay      Time   Description
-------------------------------------------------------------
   0.0000    0.0000   clock clk (rise edge)
   0.0000    0.0000   clock source latency
   0.0000    0.0000 ^ clk (in)
   0.2302    0.2302 ^ clkbuf_0_clk/X (sky130_fd_sc_hd__clkbuf_16)
   0.3141    0.5443 ^ clkbuf_3_0__f_clk/X (sky130_fd_sc_hd__clkbuf_16)
   0.1984    0.7428 ^ clkbuf_leaf_89_clk/X (sky130_fd_sc_hd__clkbuf_16)
   0.0013    0.7441 ^ dp.rf.rf[5][1]$_DFFE_PP_/CLK (sky130_fd_sc_hd__edfxtp_1)
   0.3837    1.1278 v dp.rf.rf[5][1]$_DFFE_PP_/Q (sky130_fd_sc_hd__edfxtp_1)
   0.2834    1.4111 v _4342_/X (sky130_fd_sc_hd__mux2_2)
   0.2888    1.7000 v _4343_/X (sky130_fd_sc_hd__a221o_1)
   0.1399    1.8399 ^ _4344_/Y (sky130_fd_sc_hd__a22oi_1)
   0.0732    1.9131 v _4345_/Y (sky130_fd_sc_hd__a31oi_1)
   0.2247    2.1378 v _4346_/X (sky130_fd_sc_hd__a22o_1)
   0.2488    2.3865 ^ _4354_/Y (sky130_fd_sc_hd__a311oi_2)
   0.1770    2.5635 ^ place987/X (sky130_fd_sc_hd__buf_4)
   0.2361    2.7996 ^ place986/X (sky130_fd_sc_hd__buf_4)
   0.1946    2.9943 v _7418_/Y (sky130_fd_sc_hd__o21ai_0)
   0.3147    3.3089 v _7731_/SUM (sky130_fd_sc_hd__ha_1)
   0.1834    3.4923 v _6932_/X (sky130_fd_sc_hd__a21o_1)
   0.2408    3.7331 ^ _6933_/Y (sky130_fd_sc_hd__a21oi_1)
   0.1000    3.8331 v _6934_/Y (sky130_fd_sc_hd__o21bai_1)
   0.2009    4.0340 v _6935_/X (sky130_fd_sc_hd__a21o_1)
   0.3753    4.4094 ^ _6936_/Y (sky130_fd_sc_hd__a21oi_1)
   0.1959    4.6053 v _6943_/Y (sky130_fd_sc_hd__o21ai_0)
   0.1991    4.8044 v place817/X (sky130_fd_sc_hd__buf_4)
   0.2197    5.0241 ^ _6952_/Y (sky130_fd_sc_hd__o211ai_1)
   0.1832    5.2073 ^ place809/X (sky130_fd_sc_hd__buf_4)
   0.1553    5.3626 v _6957_/Y (sky130_fd_sc_hd__a31oi_1)
   0.3711    5.7337 ^ _6961_/Y (sky130_fd_sc_hd__a41oi_1)
   0.1968    5.9304 v _6965_/Y (sky130_fd_sc_hd__a211oi_1)
   0.3770    6.3075 v _7607_/X (sky130_fd_sc_hd__a221o_1)
   0.2148    6.5223 ^ _7608_/Y (sky130_fd_sc_hd__a21oi_1)
   0.1673    6.6896 ^ _7609_/Y (sky130_fd_sc_hd__xnor2_1)
   0.0946    6.7841 v _7637_/Y (sky130_fd_sc_hd__a22oi_1)
   0.1259    6.9101 ^ _7638_/Y (sky130_fd_sc_hd__nand2_1)
   0.3324    7.2425 ^ place752/X (sky130_fd_sc_hd__buf_4)
   0.0398    7.2822 ^ dp.rf.rf[2][31]$_DFFE_PP_/D (sky130_fd_sc_hd__edfxtp_1)
             7.2822   data arrival time

   7.0000    7.0000   clock clk (rise edge)
   0.0000    7.0000   clock source latency
   0.0000    7.0000 ^ clk (in)
   0.2302    7.2302 ^ clkbuf_0_clk/X (sky130_fd_sc_hd__clkbuf_16)
   0.3174    7.5477 ^ clkbuf_3_4__f_clk/X (sky130_fd_sc_hd__clkbuf_16)
   0.2026    7.7502 ^ clkbuf_leaf_25_clk/X (sky130_fd_sc_hd__clkbuf_16)
   0.0007    7.7509 ^ dp.rf.rf[2][31]$_DFFE_PP_/CLK (sky130_fd_sc_hd__edfxtp_1)
   0.0000    7.7509   clock reconvergence pessimism
  -0.2262    7.5248   library setup time
             7.5248   data required time
-------------------------------------------------------------
             7.5248   data required time
            -7.2822   data arrival time
-------------------------------------------------------------
             0.2425   slack (MET)


Startpoint: dp.rf.rf[5][1]$_DFFE_PP_
            (rising edge-triggered flip-flop clocked by clk)
Endpoint: dp.rf.rf[14][31]$_DFFE_PP_
          (rising edge-triggered flip-flop clocked by clk)
Path Group: clk
Path Type: max

    Delay      Time   Description
-------------------------------------------------------------
   0.0000    0.0000   clock clk (rise edge)
   0.0000    0.0000   clock source latency
   0.0000    0.0000 ^ clk (in)
   0.2302    0.2302 ^ clkbuf_0_clk/X (sky130_fd_sc_hd__clkbuf_16)
   0.3141    0.5443 ^ clkbuf_3_0__f_clk/X (sky130_fd_sc_hd__clkbuf_16)
   0.1984    0.7428 ^ clkbuf_leaf_89_clk/X (sky130_fd_sc_hd__clkbuf_16)
   0.0013    0.7441 ^ dp.rf.rf[5][1]$_DFFE_PP_/CLK (sky130_fd_sc_hd__edfxtp_1)
   0.3837    1.1278 v dp.rf.rf[5][1]$_DFFE_PP_/Q (sky130_fd_sc_hd__edfxtp_1)
   0.2834    1.4111 v _4342_/X (sky130_fd_sc_hd__mux2_2)
   0.2888    1.7000 v _4343_/X (sky130_fd_sc_hd__a221o_1)
   0.1399    1.8399 ^ _4344_/Y (sky130_fd_sc_hd__a22oi_1)
   0.0732    1.9131 v _4345_/Y (sky130_fd_sc_hd__a31oi_1)
   0.2247    2.1378 v _4346_/X (sky130_fd_sc_hd__a22o_1)
   0.2488    2.3865 ^ _4354_/Y (sky130_fd_sc_hd__a311oi_2)
   0.1770    2.5635 ^ place987/X (sky130_fd_sc_hd__buf_4)
   0.2361    2.7996 ^ place986/X (sky130_fd_sc_hd__buf_4)
   0.1946    2.9943 v _7418_/Y (sky130_fd_sc_hd__o21ai_0)
   0.3147    3.3089 v _7731_/SUM (sky130_fd_sc_hd__ha_1)
   0.1834    3.4923 v _6932_/X (sky130_fd_sc_hd__a21o_1)
   0.2408    3.7331 ^ _6933_/Y (sky130_fd_sc_hd__a21oi_1)
   0.1000    3.8331 v _6934_/Y (sky130_fd_sc_hd__o21bai_1)
   0.2009    4.0340 v _6935_/X (sky130_fd_sc_hd__a21o_1)
   0.3753    4.4094 ^ _6936_/Y (sky130_fd_sc_hd__a21oi_1)
   0.1959    4.6053 v _6943_/Y (sky130_fd_sc_hd__o21ai_0)
   0.1991    4.8044 v place817/X (sky130_fd_sc_hd__buf_4)
   0.2197    5.0241 ^ _6952_/Y (sky130_fd_sc_hd__o211ai_1)
   0.1832    5.2073 ^ place809/X (sky130_fd_sc_hd__buf_4)
   0.1553    5.3626 v _6957_/Y (sky130_fd_sc_hd__a31oi_1)
   0.3711    5.7337 ^ _6961_/Y (sky130_fd_sc_hd__a41oi_1)
   0.1968    5.9304 v _6965_/Y (sky130_fd_sc_hd__a211oi_1)
   0.3770    6.3075 v _7607_/X (sky130_fd_sc_hd__a221o_1)
   0.2148    6.5223 ^ _7608_/Y (sky130_fd_sc_hd__a21oi_1)
   0.1673    6.6896 ^ _7609_/Y (sky130_fd_sc_hd__xnor2_1)
   0.0946    6.7841 v _7637_/Y (sky130_fd_sc_hd__a22oi_1)
   0.1259    6.9101 ^ _7638_/Y (sky130_fd_sc_hd__nand2_1)
   0.3324    7.2425 ^ place752/X (sky130_fd_sc_hd__buf_4)
   0.0383    7.2807 ^ dp.rf.rf[14][31]$_DFFE_PP_/D (sky130_fd_sc_hd__edfxtp_1)
             7.2807   data arrival time

   7.0000    7.0000   clock clk (rise edge)
   0.0000    7.0000   clock source latency
   0.0000    7.0000 ^ clk (in)
   0.2302    7.2302 ^ clkbuf_0_clk/X (sky130_fd_sc_hd__clkbuf_16)
   0.3174    7.5477 ^ clkbuf_3_4__f_clk/X (sky130_fd_sc_hd__clkbuf_16)
   0.2026    7.7502 ^ clkbuf_leaf_25_clk/X (sky130_fd_sc_hd__clkbuf_16)
   0.0007    7.7510 ^ dp.rf.rf[14][31]$_DFFE_PP_/CLK (sky130_fd_sc_hd__edfxtp_1)
   0.0000    7.7510   clock reconvergence pessimism
  -0.2260    7.5250   library setup time
             7.5250   data required time
-------------------------------------------------------------
             7.5250   data required time
            -7.2807   data arrival time
-------------------------------------------------------------
             0.2442   slack (MET)


Startpoint: dp.rf.rf[11][2]$_DFFE_PP_
            (rising edge-triggered flip-flop clocked by clk)
Endpoint: aluout[20] (output port clocked by vclk_clk)
Path Group: vclk_clk
Path Type: max

    Delay      Time   Description
-------------------------------------------------------------
   0.0000    0.0000   clock clk (rise edge)
   0.0000    0.0000   clock source latency
   0.0000    0.0000 ^ clk (in)
   0.2302    0.2302 ^ clkbuf_0_clk/X (sky130_fd_sc_hd__clkbuf_16)
   0.3145    0.5448 ^ clkbuf_3_2__f_clk/X (sky130_fd_sc_hd__clkbuf_16)
   0.2084    0.7532 ^ clkbuf_leaf_65_clk/X (sky130_fd_sc_hd__clkbuf_16)
   0.0007    0.7539 ^ dp.rf.rf[11][2]$_DFFE_PP_/CLK (sky130_fd_sc_hd__edfxtp_1)
   0.3797    1.1336 v dp.rf.rf[11][2]$_DFFE_PP_/Q (sky130_fd_sc_hd__edfxtp_1)
   0.5122    1.6458 v _4270_/X (sky130_fd_sc_hd__mux4_2)
   0.4945    2.1403 v _4274_/X (sky130_fd_sc_hd__mux4_2)
   0.1660    2.3063 ^ _4281_/Y (sky130_fd_sc_hd__a22oi_2)
   0.1630    2.4692 ^ place1090/X (sky130_fd_sc_hd__buf_4)
   0.0647    2.5339 v _6016_/Y (sky130_fd_sc_hd__nand2_1)
   0.1976    2.7315 v _6084_/X (sky130_fd_sc_hd__o21a_1)
   0.1520    2.8836 v _7511_/Y (sky130_fd_sc_hd__xnor2_2)
   0.3203    3.2039 ^ _7714_/SUM (sky130_fd_sc_hd__ha_1)
   0.1547    3.3586 ^ _5928_/X (sky130_fd_sc_hd__a21o_1)
   0.0784    3.4369 v _5929_/Y (sky130_fd_sc_hd__a21oi_2)
   0.1468    3.5837 ^ _5931_/Y (sky130_fd_sc_hd__o21ai_2)
   0.1094    3.6931 v _5935_/Y (sky130_fd_sc_hd__a311oi_2)
   0.1870    3.8801 v place822/X (sky130_fd_sc_hd__buf_4)
   0.2612    4.1412 ^ _5954_/Y (sky130_fd_sc_hd__o2111ai_4)
   0.1038    4.2451 v _5958_/Y (sky130_fd_sc_hd__nand2_2)
   0.1299    4.3750 v rebuffer1237/X (sky130_fd_sc_hd__buf_6)
   0.1165    4.4915 v rebuffer1236/X (sky130_fd_sc_hd__buf_4)
   0.1156    4.6071 v rebuffer1235/X (sky130_fd_sc_hd__buf_4)
   0.1146    4.7217 v rebuffer1234/X (sky130_fd_sc_hd__buf_4)
   0.1141    4.8358 v rebuffer1233/X (sky130_fd_sc_hd__buf_4)
   0.1214    4.9571 v rebuffer1232/X (sky130_fd_sc_hd__buf_4)
   0.1170    5.0741 v rebuffer1231/X (sky130_fd_sc_hd__buf_4)
   0.1160    5.1901 v rebuffer1230/X (sky130_fd_sc_hd__buf_4)
   0.1181    5.3082 v rebuffer1229/X (sky130_fd_sc_hd__buf_4)
   0.1156    5.4238 v rebuffer1228/X (sky130_fd_sc_hd__buf_4)
   0.1188    5.5426 v rebuffer1227/X (sky130_fd_sc_hd__buf_4)
   0.1187    5.6613 v rebuffer1226/X (sky130_fd_sc_hd__buf_4)
   0.1304    5.7917 v place805/X (sky130_fd_sc_hd__buf_4)
   0.1214    5.9131 v _6490_/Y (sky130_fd_sc_hd__xnor2_2)
   0.1741    6.0872 ^ _6493_/Y (sky130_fd_sc_hd__a21oi_2)
   0.0992    6.1865 v _6494_/Y (sky130_fd_sc_hd__o22ai_2)
   0.1465    6.3330 v output110/X (sky130_fd_sc_hd__buf_6)
   0.0006    6.3335 v aluout[20] (out)
             6.3335   data arrival time

   7.0000    7.0000   clock vclk_clk (rise edge)
   0.7750    7.7750   clock network delay (ideal)
   0.0000    7.7750   clock reconvergence pessimism
  -1.4000    6.3750   output external delay
             6.3750   data required time
-------------------------------------------------------------
             6.3750   data required time
            -6.3335   data arrival time
-------------------------------------------------------------
             0.0415   slack (MET)


Startpoint: dp.rf.rf[11][0]$_DFFE_PP_
            (rising edge-triggered flip-flop clocked by clk)
Endpoint: aluout[0] (output port clocked by vclk_clk)
Path Group: vclk_clk
Path Type: max

    Delay      Time   Description
-------------------------------------------------------------
   0.0000    0.0000   clock clk (rise edge)
   0.0000    0.0000   clock source latency
   0.0000    0.0000 ^ clk (in)
   0.2302    0.2302 ^ clkbuf_0_clk/X (sky130_fd_sc_hd__clkbuf_16)
   0.3105    0.5407 ^ clkbuf_3_3__f_clk/X (sky130_fd_sc_hd__clkbuf_16)
   0.2014    0.7421 ^ clkbuf_leaf_78_clk/X (sky130_fd_sc_hd__clkbuf_16)
   0.0001    0.7422 ^ dp.rf.rf[11][0]$_DFFE_PP_/CLK (sky130_fd_sc_hd__edfxtp_1)
   0.3842    1.1263 v dp.rf.rf[11][0]$_DFFE_PP_/Q (sky130_fd_sc_hd__edfxtp_1)
   0.4862    1.6125 v _4369_/X (sky130_fd_sc_hd__mux4_2)
   0.1777    1.7902 ^ _4371_/Y (sky130_fd_sc_hd__mux2i_1)
   0.1761    1.9663 v _4372_/Y (sky130_fd_sc_hd__o221ai_1)
   0.2039    2.1702 ^ _6038_/Y (sky130_fd_sc_hd__nand3_2)
   0.1076    2.2779 v _6039_/Y (sky130_fd_sc_hd__o31ai_4)
   0.2264    2.5042 ^ _7513_/Y (sky130_fd_sc_hd__xnor2_2)
   0.0647    2.5689 v _7514_/Y (sky130_fd_sc_hd__inv_2)
   0.3658    2.9347 v _7641_/COUT (sky130_fd_sc_hd__fa_2)
   0.3754    3.3102 v _7640_/COUT (sky130_fd_sc_hd__fa_2)
   0.1893    3.4995 v _5928_/X (sky130_fd_sc_hd__a21o_1)
   0.1874    3.6868 ^ _5929_/Y (sky130_fd_sc_hd__a21oi_2)
   0.0837    3.7705 v _5931_/Y (sky130_fd_sc_hd__o21ai_2)
   0.2420    4.0125 ^ _5935_/Y (sky130_fd_sc_hd__a311oi_2)
   0.2153    4.2278 ^ place822/X (sky130_fd_sc_hd__buf_4)
   0.1774    4.4052 v _5954_/Y (sky130_fd_sc_hd__o2111ai_4)
   0.1451    4.5503 ^ _5958_/Y (sky130_fd_sc_hd__nand2_2)
   0.0723    4.6226 v _5963_/Y (sky130_fd_sc_hd__o21ai_2)
   0.2114    4.8339 ^ _5967_/Y (sky130_fd_sc_hd__o41ai_2)
   0.1774    5.0113 ^ place798/X (sky130_fd_sc_hd__buf_4)
   0.1067    5.1180 v _5973_/Y (sky130_fd_sc_hd__o311ai_4)
   0.2217    5.3397 v _6841_/X (sky130_fd_sc_hd__a21o_1)
   0.1208    5.4605 ^ _6842_/Y (sky130_fd_sc_hd__a21oi_2)
   0.1530    5.6135 ^ place776/X (sky130_fd_sc_hd__buf_4)
   0.1157    5.7292 ^ _6852_/Y (sky130_fd_sc_hd__xnor2_2)
   0.1134    5.8426 v _6857_/Y (sky130_fd_sc_hd__a31oi_1)
   0.3114    6.1541 ^ _6858_/Y (sky130_fd_sc_hd__o22ai_2)
   0.1607    6.3148 ^ output98/X (sky130_fd_sc_hd__buf_2)
   0.0000    6.3148 ^ aluout[0] (out)
             6.3148   data arrival time

   7.0000    7.0000   clock vclk_clk (rise edge)
   0.7750    7.7750   clock network delay (ideal)
   0.0000    7.7750   clock reconvergence pessimism
  -1.4000    6.3750   output external delay
             6.3750   data required time
-------------------------------------------------------------
             6.3750   data required time
            -6.3148   data arrival time
-------------------------------------------------------------
             0.0602   slack (MET)


Startpoint: dp.rf.rf[11][0]$_DFFE_PP_
            (rising edge-triggered flip-flop clocked by clk)
Endpoint: aluout[28] (output port clocked by vclk_clk)
Path Group: vclk_clk
Path Type: max

    Delay      Time   Description
-------------------------------------------------------------
   0.0000    0.0000   clock clk (rise edge)
   0.0000    0.0000   clock source latency
   0.0000    0.0000 ^ clk (in)
   0.2302    0.2302 ^ clkbuf_0_clk/X (sky130_fd_sc_hd__clkbuf_16)
   0.3105    0.5407 ^ clkbuf_3_3__f_clk/X (sky130_fd_sc_hd__clkbuf_16)
   0.2014    0.7421 ^ clkbuf_leaf_78_clk/X (sky130_fd_sc_hd__clkbuf_16)
   0.0001    0.7422 ^ dp.rf.rf[11][0]$_DFFE_PP_/CLK (sky130_fd_sc_hd__edfxtp_1)
   0.3842    1.1263 v dp.rf.rf[11][0]$_DFFE_PP_/Q (sky130_fd_sc_hd__edfxtp_1)
   0.4862    1.6125 v _4369_/X (sky130_fd_sc_hd__mux4_2)
   0.1777    1.7902 ^ _4371_/Y (sky130_fd_sc_hd__mux2i_1)
   0.1761    1.9663 v _4372_/Y (sky130_fd_sc_hd__o221ai_1)
   0.2039    2.1702 ^ _6038_/Y (sky130_fd_sc_hd__nand3_2)
   0.1076    2.2779 v _6039_/Y (sky130_fd_sc_hd__o31ai_4)
   0.2264    2.5042 ^ _7513_/Y (sky130_fd_sc_hd__xnor2_2)
   0.0647    2.5689 v _7514_/Y (sky130_fd_sc_hd__inv_2)
   0.3658    2.9347 v _7641_/COUT (sky130_fd_sc_hd__fa_2)
   0.3754    3.3102 v _7640_/COUT (sky130_fd_sc_hd__fa_2)
   0.1893    3.4995 v _5928_/X (sky130_fd_sc_hd__a21o_1)
   0.1874    3.6868 ^ _5929_/Y (sky130_fd_sc_hd__a21oi_2)
   0.0837    3.7705 v _5931_/Y (sky130_fd_sc_hd__o21ai_2)
   0.2420    4.0125 ^ _5935_/Y (sky130_fd_sc_hd__a311oi_2)
   0.2153    4.2278 ^ place822/X (sky130_fd_sc_hd__buf_4)
   0.1774    4.4052 v _5954_/Y (sky130_fd_sc_hd__o2111ai_4)
   0.1451    4.5503 ^ _5958_/Y (sky130_fd_sc_hd__nand2_2)
   0.0723    4.6226 v _5963_/Y (sky130_fd_sc_hd__o21ai_2)
   0.2114    4.8339 ^ _5967_/Y (sky130_fd_sc_hd__o41ai_2)
   0.1774    5.0113 ^ place798/X (sky130_fd_sc_hd__buf_4)
   0.1342    5.1455 ^ _6250_/X (sky130_fd_sc_hd__o21ba_2)
   0.0640    5.2095 v _6251_/Y (sky130_fd_sc_hd__o21bai_1)
   0.1682    5.3777 v _6252_/X (sky130_fd_sc_hd__a21o_1)
   0.1363    5.5140 v _6253_/X (sky130_fd_sc_hd__xor2_1)
   0.1990    5.7130 v _6255_/X (sky130_fd_sc_hd__a22o_1)
   0.2498    5.9628 v _6298_/X (sky130_fd_sc_hd__or2_4)
   0.2428    6.2056 v output118/X (sky130_fd_sc_hd__dlygate4sd2_1)
   0.0001    6.2056 v aluout[28] (out)
             6.2056   data arrival time

   7.0000    7.0000   clock vclk_clk (rise edge)
   0.7750    7.7750   clock network delay (ideal)
   0.0000    7.7750   clock reconvergence pessimism
  -1.4000    6.3750   output external delay
             6.3750   data required time
-------------------------------------------------------------
             6.3750   data required time
            -6.2056   data arrival time
-------------------------------------------------------------
             0.1694   slack (MET)


Startpoint: dp.rf.rf[11][0]$_DFFE_PP_
            (rising edge-triggered flip-flop clocked by clk)
Endpoint: aluout[16] (output port clocked by vclk_clk)
Path Group: vclk_clk
Path Type: max

    Delay      Time   Description
-------------------------------------------------------------
   0.0000    0.0000   clock clk (rise edge)
   0.0000    0.0000   clock source latency
   0.0000    0.0000 ^ clk (in)
   0.2302    0.2302 ^ clkbuf_0_clk/X (sky130_fd_sc_hd__clkbuf_16)
   0.3105    0.5407 ^ clkbuf_3_3__f_clk/X (sky130_fd_sc_hd__clkbuf_16)
   0.2014    0.7421 ^ clkbuf_leaf_78_clk/X (sky130_fd_sc_hd__clkbuf_16)
   0.0001    0.7422 ^ dp.rf.rf[11][0]$_DFFE_PP_/CLK (sky130_fd_sc_hd__edfxtp_1)
   0.3842    1.1263 v dp.rf.rf[11][0]$_DFFE_PP_/Q (sky130_fd_sc_hd__edfxtp_1)
   0.4862    1.6125 v _4369_/X (sky130_fd_sc_hd__mux4_2)
   0.1777    1.7902 ^ _4371_/Y (sky130_fd_sc_hd__mux2i_1)
   0.1761    1.9663 v _4372_/Y (sky130_fd_sc_hd__o221ai_1)
   0.2039    2.1702 ^ _6038_/Y (sky130_fd_sc_hd__nand3_2)
   0.1076    2.2779 v _6039_/Y (sky130_fd_sc_hd__o31ai_4)
   0.2264    2.5042 ^ _7513_/Y (sky130_fd_sc_hd__xnor2_2)
   0.0647    2.5689 v _7514_/Y (sky130_fd_sc_hd__inv_2)
   0.3658    2.9347 v _7641_/COUT (sky130_fd_sc_hd__fa_2)
   0.3754    3.3102 v _7640_/COUT (sky130_fd_sc_hd__fa_2)
   0.1893    3.4995 v _5928_/X (sky130_fd_sc_hd__a21o_1)
   0.1874    3.6868 ^ _5929_/Y (sky130_fd_sc_hd__a21oi_2)
   0.0837    3.7705 v _5931_/Y (sky130_fd_sc_hd__o21ai_2)
   0.1383    3.9088 v rebuffer1242/X (sky130_fd_sc_hd__buf_4)
   0.1260    4.0348 v place825/X (sky130_fd_sc_hd__buf_4)
   0.1946    4.2294 ^ _6578_/Y (sky130_fd_sc_hd__a31oi_2)
   0.0992    4.3286 v _6579_/Y (sky130_fd_sc_hd__inv_1)
   0.3265    4.6551 v _6580_/X (sky130_fd_sc_hd__or2_2)
   0.1159    4.7711 ^ _6581_/Y (sky130_fd_sc_hd__a21oi_2)
   0.1468    4.9179 ^ place804/X (sky130_fd_sc_hd__buf_4)
   0.1034    5.0213 v _6582_/Y (sky130_fd_sc_hd__o21ai_0)
   0.1948    5.2161 ^ _6583_/Y (sky130_fd_sc_hd__xnor2_1)
   0.0997    5.3157 v _6586_/Y (sky130_fd_sc_hd__a21oi_1)
   0.3001    5.6158 ^ _6587_/Y (sky130_fd_sc_hd__o32ai_1)
   0.5702    6.1860 ^ output105/X (sky130_fd_sc_hd__clkdlybuf4s50_1)
   0.0000    6.1860 ^ aluout[16] (out)
             6.1860   data arrival time

   7.0000    7.0000   clock vclk_clk (rise edge)
   0.7750    7.7750   clock network delay (ideal)
   0.0000    7.7750   clock reconvergence pessimism
  -1.4000    6.3750   output external delay
             6.3750   data required time
-------------------------------------------------------------
             6.3750   data required time
            -6.1860   data arrival time
-------------------------------------------------------------
             0.1890   slack (MET)


Startpoint: dp.rf.rf[31][3]$_DFFE_PP_
            (rising edge-triggered flip-flop clocked by clk)
Endpoint: aluout[29] (output port clocked by vclk_clk)
Path Group: vclk_clk
Path Type: max

    Delay      Time   Description
-------------------------------------------------------------
   0.0000    0.0000   clock clk (rise edge)
   0.0000    0.0000   clock source latency
   0.0000    0.0000 ^ clk (in)
   0.2302    0.2302 ^ clkbuf_0_clk/X (sky130_fd_sc_hd__clkbuf_16)
   0.3141    0.5443 ^ clkbuf_3_0__f_clk/X (sky130_fd_sc_hd__clkbuf_16)
   0.2002    0.7445 ^ clkbuf_leaf_94_clk/X (sky130_fd_sc_hd__clkbuf_16)
   0.0018    0.7463 ^ dp.rf.rf[31][3]$_DFFE_PP_/CLK (sky130_fd_sc_hd__edfxtp_1)
   0.3751    1.1214 v dp.rf.rf[31][3]$_DFFE_PP_/Q (sky130_fd_sc_hd__edfxtp_1)
   0.4826    1.6040 v _4438_/X (sky130_fd_sc_hd__mux4_2)
   0.5188    2.1229 v _4440_/X (sky130_fd_sc_hd__mux4_2)
   0.3066    2.4295 v _4441_/X (sky130_fd_sc_hd__a22o_1)
   0.1607    2.5902 ^ _6055_/Y (sky130_fd_sc_hd__nor2_1)
   0.1433    2.7335 ^ place1051/X (sky130_fd_sc_hd__buf_4)
   0.0343    2.7678 v _6060_/Y (sky130_fd_sc_hd__a21oi_4)
   0.1692    2.9370 v _7509_/Y (sky130_fd_sc_hd__xnor2_1)
   0.3301    3.2671 ^ _7712_/SUM (sky130_fd_sc_hd__ha_1)
   0.1303    3.3974 ^ place875/X (sky130_fd_sc_hd__buf_4)
   0.0428    3.4402 v _6149_/Y (sky130_fd_sc_hd__inv_1)
   0.1770    3.6172 ^ _6152_/Y (sky130_fd_sc_hd__o21bai_2)
   0.1541    3.7713 ^ _6154_/X (sky130_fd_sc_hd__a21o_1)
   0.1378    3.9091 v _6157_/Y (sky130_fd_sc_hd__nand3_2)
   0.2012    4.1103 ^ _6161_/Y (sky130_fd_sc_hd__o31ai_2)
   0.1719    4.2822 ^ place813/X (sky130_fd_sc_hd__buf_4)
   0.0678    4.3500 v _6165_/Y (sky130_fd_sc_hd__o31ai_1)
   0.1721    4.5221 v place807/X (sky130_fd_sc_hd__buf_4)
   0.2333    4.7555 ^ _6170_/Y (sky130_fd_sc_hd__o2111ai_4)
   0.1311    4.8866 v _6175_/Y (sky130_fd_sc_hd__nand3_4)
   0.1731    5.0597 ^ _6180_/Y (sky130_fd_sc_hd__a31oi_4)
   0.1196    5.1793 v _6181_/Y (sky130_fd_sc_hd__a31oi_1)
   0.1525    5.3318 v _6182_/X (sky130_fd_sc_hd__xor2_1)
   0.1591    5.4909 ^ _6185_/Y (sky130_fd_sc_hd__o21ai_1)
   0.1756    5.6665 ^ _6243_/Y (sky130_fd_sc_hd__o2bb2ai_2)
   0.5077    6.1742 ^ output119/X (sky130_fd_sc_hd__clkdlybuf4s50_1)
   0.0000    6.1742 ^ aluout[29] (out)
             6.1742   data arrival time

   7.0000    7.0000   clock vclk_clk (rise edge)
   0.7750    7.7750   clock network delay (ideal)
   0.0000    7.7750   clock reconvergence pessimism
  -1.4000    6.3750   output external delay
             6.3750   data required time
-------------------------------------------------------------
             6.3750   data required time
            -6.1742   data arrival time
-------------------------------------------------------------
             0.2008   slack (MET)


===== HOLD (min) =====
Startpoint: dp.pcreg.q[0]$_DFFE_PP0P_
            (rising edge-triggered flip-flop clocked by clk)
Endpoint: dp.pcreg.q[0]$_DFFE_PP0P_
          (rising edge-triggered flip-flop clocked by clk)
Path Group: clk
Path Type: min

    Delay      Time   Description
-------------------------------------------------------------
   0.0000    0.0000   clock clk (rise edge)
   0.0000    0.0000   clock source latency
   0.0000    0.0000 ^ clk (in)
   0.2302    0.2302 ^ clkbuf_0_clk/X (sky130_fd_sc_hd__clkbuf_16)
   0.3105    0.5407 ^ clkbuf_3_3__f_clk/X (sky130_fd_sc_hd__clkbuf_16)
   0.2038    0.7445 ^ clkbuf_leaf_62_clk/X (sky130_fd_sc_hd__clkbuf_16)
   0.0011    0.7456 ^ dp.pcreg.q[0]$_DFFE_PP0P_/CLK (sky130_fd_sc_hd__dfrtp_1)
   0.3971    1.1426 ^ dp.pcreg.q[0]$_DFFE_PP0P_/Q (sky130_fd_sc_hd__dfrtp_1)
   0.1582    1.3008 ^ _5896_/X (sky130_fd_sc_hd__mux2_4)
   0.0001    1.3009 ^ dp.pcreg.q[0]$_DFFE_PP0P_/D (sky130_fd_sc_hd__dfrtp_1)
             1.3009   data arrival time

   0.0000    0.0000   clock clk (rise edge)
   0.0000    0.0000   clock source latency
   0.0000    0.0000 ^ clk (in)
   0.2302    0.2302 ^ clkbuf_0_clk/X (sky130_fd_sc_hd__clkbuf_16)
   0.3105    0.5407 ^ clkbuf_3_3__f_clk/X (sky130_fd_sc_hd__clkbuf_16)
   0.2038    0.7445 ^ clkbuf_leaf_62_clk/X (sky130_fd_sc_hd__clkbuf_16)
   0.0011    0.7456 ^ dp.pcreg.q[0]$_DFFE_PP0P_/CLK (sky130_fd_sc_hd__dfrtp_1)
   0.0000    0.7456   clock reconvergence pessimism
  -0.0296    0.7160   library hold time
             0.7160   data required time
-------------------------------------------------------------
             0.7160   data required time
            -1.3009   data arrival time
-------------------------------------------------------------
             0.5849   slack (MET)


Startpoint: dp.pcreg.q[1]$_DFFE_PP0P_
            (rising edge-triggered flip-flop clocked by clk)
Endpoint: dp.pcreg.q[1]$_DFFE_PP0P_
          (rising edge-triggered flip-flop clocked by clk)
Path Group: clk
Path Type: min

    Delay      Time   Description
-------------------------------------------------------------
   0.0000    0.0000   clock clk (rise edge)
   0.0000    0.0000   clock source latency
   0.0000    0.0000 ^ clk (in)
   0.2302    0.2302 ^ clkbuf_0_clk/X (sky130_fd_sc_hd__clkbuf_16)
   0.3105    0.5407 ^ clkbuf_3_3__f_clk/X (sky130_fd_sc_hd__clkbuf_16)
   0.2038    0.7445 ^ clkbuf_leaf_62_clk/X (sky130_fd_sc_hd__clkbuf_16)
   0.0010    0.7455 ^ dp.pcreg.q[1]$_DFFE_PP0P_/CLK (sky130_fd_sc_hd__dfrtp_1)
   0.3937    1.1392 ^ dp.pcreg.q[1]$_DFFE_PP0P_/Q (sky130_fd_sc_hd__dfrtp_1)
   0.1636    1.3029 ^ _7549_/X (sky130_fd_sc_hd__mux2_2)
   0.0001    1.3030 ^ dp.pcreg.q[1]$_DFFE_PP0P_/D (sky130_fd_sc_hd__dfrtp_1)
             1.3030   data arrival time

   0.0000    0.0000   clock clk (rise edge)
   0.0000    0.0000   clock source latency
   0.0000    0.0000 ^ clk (in)
   0.2302    0.2302 ^ clkbuf_0_clk/X (sky130_fd_sc_hd__clkbuf_16)
   0.3105    0.5407 ^ clkbuf_3_3__f_clk/X (sky130_fd_sc_hd__clkbuf_16)
   0.2038    0.7445 ^ clkbuf_leaf_62_clk/X (sky130_fd_sc_hd__clkbuf_16)
   0.0010    0.7455 ^ dp.pcreg.q[1]$_DFFE_PP0P_/CLK (sky130_fd_sc_hd__dfrtp_1)
   0.0000    0.7455   clock reconvergence pessimism
  -0.0308    0.7147   library hold time
             0.7147   data required time
-------------------------------------------------------------
             0.7147   data required time
            -1.3030   data arrival time
-------------------------------------------------------------
             0.5882   slack (MET)


Startpoint: dp.pcreg.q[2]$_DFF_PP0_
            (rising edge-triggered flip-flop clocked by clk)
Endpoint: dp.pcreg.q[2]$_DFF_PP0_
          (rising edge-triggered flip-flop clocked by clk)
Path Group: clk
Path Type: min

    Delay      Time   Description
-------------------------------------------------------------
   0.0000    0.0000   clock clk (rise edge)
   0.0000    0.0000   clock source latency
   0.0000    0.0000 ^ clk (in)
   0.2302    0.2302 ^ clkbuf_0_clk/X (sky130_fd_sc_hd__clkbuf_16)
   0.3105    0.5407 ^ clkbuf_3_3__f_clk/X (sky130_fd_sc_hd__clkbuf_16)
   0.2038    0.7445 ^ clkbuf_leaf_62_clk/X (sky130_fd_sc_hd__clkbuf_16)
   0.0010    0.7455 ^ dp.pcreg.q[2]$_DFF_PP0_/CLK (sky130_fd_sc_hd__dfrtp_1)
   0.4954    1.2409 ^ dp.pcreg.q[2]$_DFF_PP0_/Q (sky130_fd_sc_hd__dfrtp_1)
   0.1180    1.3589 v _7108_/Y (sky130_fd_sc_hd__mux2i_1)
   0.0001    1.3590 v dp.pcreg.q[2]$_DFF_PP0_/D (sky130_fd_sc_hd__dfrtp_1)
             1.3590   data arrival time

   0.0000    0.0000   clock clk (rise edge)
   0.0000    0.0000   clock source latency
   0.0000    0.0000 ^ clk (in)
   0.2302    0.2302 ^ clkbuf_0_clk/X (sky130_fd_sc_hd__clkbuf_16)
   0.3105    0.5407 ^ clkbuf_3_3__f_clk/X (sky130_fd_sc_hd__clkbuf_16)
   0.2038    0.7445 ^ clkbuf_leaf_62_clk/X (sky130_fd_sc_hd__clkbuf_16)
   0.0010    0.7455 ^ dp.pcreg.q[2]$_DFF_PP0_/CLK (sky130_fd_sc_hd__dfrtp_1)
   0.0000    0.7455   clock reconvergence pessimism
  -0.0436    0.7019   library hold time
             0.7019   data required time
-------------------------------------------------------------
             0.7019   data required time
            -1.3590   data arrival time
-------------------------------------------------------------
             0.6571   slack (MET)


Startpoint: dp.pcreg.q[7]$_DFF_PP0_
            (rising edge-triggered flip-flop clocked by clk)
Endpoint: dp.pcreg.q[7]$_DFF_PP0_
          (rising edge-triggered flip-flop clocked by clk)
Path Group: clk
Path Type: min

    Delay      Time   Description
-------------------------------------------------------------
   0.0000    0.0000   clock clk (rise edge)
   0.0000    0.0000   clock source latency
   0.0000    0.0000 ^ clk (in)
   0.2302    0.2302 ^ clkbuf_0_clk/X (sky130_fd_sc_hd__clkbuf_16)
   0.3145    0.5448 ^ clkbuf_3_2__f_clk/X (sky130_fd_sc_hd__clkbuf_16)
   0.2066    0.7514 ^ clkbuf_leaf_63_clk/X (sky130_fd_sc_hd__clkbuf_16)
   0.0003    0.7517 ^ dp.pcreg.q[7]$_DFF_PP0_/CLK (sky130_fd_sc_hd__dfrtp_1)
   0.4172    1.1689 ^ dp.pcreg.q[7]$_DFF_PP0_/Q (sky130_fd_sc_hd__dfrtp_1)
   0.1585    1.3274 ^ _7091_/Y (sky130_fd_sc_hd__xnor2_1)
   0.0698    1.3972 v _7093_/Y (sky130_fd_sc_hd__mux2i_1)
   0.0001    1.3973 v dp.pcreg.q[7]$_DFF_PP0_/D (sky130_fd_sc_hd__dfrtp_1)
             1.3973   data arrival time

   0.0000    0.0000   clock clk (rise edge)
   0.0000    0.0000   clock source latency
   0.0000    0.0000 ^ clk (in)
   0.2302    0.2302 ^ clkbuf_0_clk/X (sky130_fd_sc_hd__clkbuf_16)
   0.3145    0.5448 ^ clkbuf_3_2__f_clk/X (sky130_fd_sc_hd__clkbuf_16)
   0.2066    0.7514 ^ clkbuf_leaf_63_clk/X (sky130_fd_sc_hd__clkbuf_16)
   0.0003    0.7517 ^ dp.pcreg.q[7]$_DFF_PP0_/CLK (sky130_fd_sc_hd__dfrtp_1)
   0.0000    0.7517   clock reconvergence pessimism
  -0.0430    0.7087   library hold time
             0.7087   data required time
-------------------------------------------------------------
             0.7087   data required time
            -1.3973   data arrival time
-------------------------------------------------------------
             0.6886   slack (MET)


Startpoint: dp.pcreg.q[10]$_DFF_PP0_
            (rising edge-triggered flip-flop clocked by clk)
Endpoint: dp.pcreg.q[10]$_DFF_PP0_
          (rising edge-triggered flip-flop clocked by clk)
Path Group: clk
Path Type: min

    Delay      Time   Description
-------------------------------------------------------------
   0.0000    0.0000   clock clk (rise edge)
   0.0000    0.0000   clock source latency
   0.0000    0.0000 ^ clk (in)
   0.2302    0.2302 ^ clkbuf_0_clk/X (sky130_fd_sc_hd__clkbuf_16)
   0.3105    0.5407 ^ clkbuf_3_3__f_clk/X (sky130_fd_sc_hd__clkbuf_16)
   0.2038    0.7445 ^ clkbuf_leaf_62_clk/X (sky130_fd_sc_hd__clkbuf_16)
   0.0013    0.7458 ^ dp.pcreg.q[10]$_DFF_PP0_/CLK (sky130_fd_sc_hd__dfrtp_1)
   0.4295    1.1753 ^ dp.pcreg.q[10]$_DFF_PP0_/Q (sky130_fd_sc_hd__dfrtp_1)
   0.1147    1.2900 v _7074_/X (sky130_fd_sc_hd__xor2_1)
   0.1161    1.4062 ^ _7076_/Y (sky130_fd_sc_hd__mux2i_1)
   0.0001    1.4062 ^ dp.pcreg.q[10]$_DFF_PP0_/D (sky130_fd_sc_hd__dfrtp_1)
             1.4062   data arrival time

   0.0000    0.0000   clock clk (rise edge)
   0.0000    0.0000   clock source latency
   0.0000    0.0000 ^ clk (in)
   0.2302    0.2302 ^ clkbuf_0_clk/X (sky130_fd_sc_hd__clkbuf_16)
   0.3105    0.5407 ^ clkbuf_3_3__f_clk/X (sky130_fd_sc_hd__clkbuf_16)
   0.2038    0.7445 ^ clkbuf_leaf_62_clk/X (sky130_fd_sc_hd__clkbuf_16)
   0.0013    0.7458 ^ dp.pcreg.q[10]$_DFF_PP0_/CLK (sky130_fd_sc_hd__dfrtp_1)
   0.0000    0.7458   clock reconvergence pessimism
  -0.0450    0.7009   library hold time
             0.7009   data required time
-------------------------------------------------------------
             0.7009   data required time
            -1.4062   data arrival time
-------------------------------------------------------------
             0.7054   slack (MET)


Startpoint: dp.pcreg.q[0]$_DFFE_PP0P_
            (rising edge-triggered flip-flop clocked by clk)
Endpoint: pc[0] (output port clocked by vclk_clk)
Path Group: vclk_clk
Path Type: min

    Delay      Time   Description
-------------------------------------------------------------
   0.0000    0.0000   clock clk (rise edge)
   0.0000    0.0000   clock source latency
   0.0000    0.0000 ^ clk (in)
   0.2302    0.2302 ^ clkbuf_0_clk/X (sky130_fd_sc_hd__clkbuf_16)
   0.3105    0.5407 ^ clkbuf_3_3__f_clk/X (sky130_fd_sc_hd__clkbuf_16)
   0.2038    0.7445 ^ clkbuf_leaf_62_clk/X (sky130_fd_sc_hd__clkbuf_16)
   0.0011    0.7456 ^ dp.pcreg.q[0]$_DFFE_PP0P_/CLK (sky130_fd_sc_hd__dfrtp_1)
   0.4132    1.1588 v dp.pcreg.q[0]$_DFFE_PP0P_/Q (sky130_fd_sc_hd__dfrtp_1)
   0.4127    1.5714 v output132/X (sky130_fd_sc_hd__clkdlybuf4s50_1)
   0.0000    1.5715 v pc[0] (out)
             1.5715   data arrival time

   0.0000    0.0000   clock vclk_clk (rise edge)
   0.7750    0.7750   clock network delay (ideal)
   0.0000    0.7750   clock reconvergence pessimism
  -1.4000   -0.6250   output external delay
            -0.6250   data required time
-------------------------------------------------------------
            -0.6250   data required time
            -1.5715   data arrival time
-------------------------------------------------------------
             2.1965   slack (MET)


Startpoint: dp.pcreg.q[1]$_DFFE_PP0P_
            (rising edge-triggered flip-flop clocked by clk)
Endpoint: pc[1] (output port clocked by vclk_clk)
Path Group: vclk_clk
Path Type: min

    Delay      Time   Description
-------------------------------------------------------------
   0.0000    0.0000   clock clk (rise edge)
   0.0000    0.0000   clock source latency
   0.0000    0.0000 ^ clk (in)
   0.2302    0.2302 ^ clkbuf_0_clk/X (sky130_fd_sc_hd__clkbuf_16)
   0.3105    0.5407 ^ clkbuf_3_3__f_clk/X (sky130_fd_sc_hd__clkbuf_16)
   0.2038    0.7445 ^ clkbuf_leaf_62_clk/X (sky130_fd_sc_hd__clkbuf_16)
   0.0010    0.7455 ^ dp.pcreg.q[1]$_DFFE_PP0P_/CLK (sky130_fd_sc_hd__dfrtp_1)
   0.4113    1.1568 v dp.pcreg.q[1]$_DFFE_PP0P_/Q (sky130_fd_sc_hd__dfrtp_1)
   0.4269    1.5837 v output143/X (sky130_fd_sc_hd__clkdlybuf4s50_1)
   0.0000    1.5837 v pc[1] (out)
             1.5837   data arrival time

   0.0000    0.0000   clock vclk_clk (rise edge)
   0.7750    0.7750   clock network delay (ideal)
   0.0000    0.7750   clock reconvergence pessimism
  -1.4000   -0.6250   output external delay
            -0.6250   data required time
-------------------------------------------------------------
            -0.6250   data required time
            -1.5837   data arrival time
-------------------------------------------------------------
             2.2087   slack (MET)


Startpoint: dp.pcreg.q[10]$_DFF_PP0_
            (rising edge-triggered flip-flop clocked by clk)
Endpoint: pc[10] (output port clocked by vclk_clk)
Path Group: vclk_clk
Path Type: min

    Delay      Time   Description
-------------------------------------------------------------
   0.0000    0.0000   clock clk (rise edge)
   0.0000    0.0000   clock source latency
   0.0000    0.0000 ^ clk (in)
   0.2302    0.2302 ^ clkbuf_0_clk/X (sky130_fd_sc_hd__clkbuf_16)
   0.3105    0.5407 ^ clkbuf_3_3__f_clk/X (sky130_fd_sc_hd__clkbuf_16)
   0.2038    0.7445 ^ clkbuf_leaf_62_clk/X (sky130_fd_sc_hd__clkbuf_16)
   0.0013    0.7458 ^ dp.pcreg.q[10]$_DFF_PP0_/CLK (sky130_fd_sc_hd__dfrtp_1)
   0.4348    1.1807 v dp.pcreg.q[10]$_DFF_PP0_/Q (sky130_fd_sc_hd__dfrtp_1)
   0.4306    1.6112 v output133/X (sky130_fd_sc_hd__clkdlybuf4s50_1)
   0.0000    1.6112 v pc[10] (out)
             1.6112   data arrival time

   0.0000    0.0000   clock vclk_clk (rise edge)
   0.7750    0.7750   clock network delay (ideal)
   0.0000    0.7750   clock reconvergence pessimism
  -1.4000   -0.6250   output external delay
            -0.6250   data required time
-------------------------------------------------------------
            -0.6250   data required time
            -1.6112   data arrival time
-------------------------------------------------------------
             2.2362   slack (MET)


Startpoint: dp.pcreg.q[7]$_DFF_PP0_
            (rising edge-triggered flip-flop clocked by clk)
Endpoint: pc[7] (output port clocked by vclk_clk)
Path Group: vclk_clk
Path Type: min

    Delay      Time   Description
-------------------------------------------------------------
   0.0000    0.0000   clock clk (rise edge)
   0.0000    0.0000   clock source latency
   0.0000    0.0000 ^ clk (in)
   0.2302    0.2302 ^ clkbuf_0_clk/X (sky130_fd_sc_hd__clkbuf_16)
   0.3145    0.5448 ^ clkbuf_3_2__f_clk/X (sky130_fd_sc_hd__clkbuf_16)
   0.2066    0.7514 ^ clkbuf_leaf_63_clk/X (sky130_fd_sc_hd__clkbuf_16)
   0.0003    0.7517 ^ dp.pcreg.q[7]$_DFF_PP0_/CLK (sky130_fd_sc_hd__dfrtp_1)
   0.4259    1.1776 v dp.pcreg.q[7]$_DFF_PP0_/Q (sky130_fd_sc_hd__dfrtp_1)
   0.4629    1.6405 v output161/X (sky130_fd_sc_hd__clkdlybuf4s50_1)
   0.0003    1.6408 v pc[7] (out)
             1.6408   data arrival time

   0.0000    0.0000   clock vclk_clk (rise edge)
   0.7750    0.7750   clock network delay (ideal)
   0.0000    0.7750   clock reconvergence pessimism
  -1.4000   -0.6250   output external delay
            -0.6250   data required time
-------------------------------------------------------------
            -0.6250   data required time
            -1.6408   data arrival time
-------------------------------------------------------------
             2.2658   slack (MET)


Startpoint: dp.pcreg.q[19]$_DFF_PP0_
            (rising edge-triggered flip-flop clocked by clk)
Endpoint: pc[19] (output port clocked by vclk_clk)
Path Group: vclk_clk
Path Type: min

    Delay      Time   Description
-------------------------------------------------------------
   0.0000    0.0000   clock clk (rise edge)
   0.0000    0.0000   clock source latency
   0.0000    0.0000 ^ clk (in)
   0.2302    0.2302 ^ clkbuf_0_clk/X (sky130_fd_sc_hd__clkbuf_16)
   0.3253    0.5555 ^ clkbuf_3_7__f_clk/X (sky130_fd_sc_hd__clkbuf_16)
   0.2008    0.7563 ^ clkbuf_leaf_58_clk/X (sky130_fd_sc_hd__clkbuf_16)
   0.0007    0.7570 ^ dp.pcreg.q[19]$_DFF_PP0_/CLK (sky130_fd_sc_hd__dfrtp_1)
   0.4581    1.2151 v dp.pcreg.q[19]$_DFF_PP0_/Q (sky130_fd_sc_hd__dfrtp_1)
   0.4334    1.6485 v output142/X (sky130_fd_sc_hd__clkdlybuf4s50_1)
   0.0000    1.6485 v pc[19] (out)
             1.6485   data arrival time

   0.0000    0.0000   clock vclk_clk (rise edge)
   0.7750    0.7750   clock network delay (ideal)
   0.0000    0.7750   clock reconvergence pessimism
  -1.4000   -0.6250   output external delay
            -0.6250   data required time
-------------------------------------------------------------
            -0.6250   data required time
            -1.6485   data arrival time
-------------------------------------------------------------
             2.2735   slack (MET)


