OpenROAD dc5eee77c45dba8e5ace2fc89c38c6d9a4ed6e0f 
Features included (+) or not (-): +GPU +GUI +Python
This program is licensed under the BSD-3 license. See the LICENSE file for details.
Components of this program may be licensed under more restrictive licenses which must be honored.
########## SETUP worst 5 per group (full, net+cell) ##########
Startpoint: dp.rf.rf[5][1]$_DFFE_PP_ (rising edge-triggered flip-flop clocked by clk)
Endpoint: dp.rf.rf[13][31]$_DFFE_PP_ (rising edge-triggered flip-flop clocked by clk)
Path Group: clk
Path Type: max

Fanout        Cap       Slew      Delay       Time   Description
-----------------------------------------------------------------------------------------
                                0.00000    0.00000   clock clk (rise edge)
                                0.74408    0.74408   clock network delay (propagated)
                     0.05912    0.00000    0.74408 ^ dp.rf.rf[5][1]$_DFFE_PP_/CLK (sky130_fd_sc_hd__edfxtp_1)
     2    0.00587    0.08420    0.38371    1.12779 v dp.rf.rf[5][1]$_DFFE_PP_/Q (sky130_fd_sc_hd__edfxtp_1)
                                                     dp.rf.rf[5][1] (net)
                     0.08420    0.00012    1.12791 v _4342_/A1 (sky130_fd_sc_hd__mux2_2)
     1    0.00490    0.05465    0.28323    1.41114 v _4342_/X (sky130_fd_sc_hd__mux2_2)
                                                     _0794_ (net)
                     0.05465    0.00017    1.41131 v _4343_/B1 (sky130_fd_sc_hd__a221o_1)
     1    0.00273    0.05198    0.28866    1.69997 v _4343_/X (sky130_fd_sc_hd__a221o_1)
                                                     _0795_ (net)
                     0.05198    0.00008    1.70005 v _4344_/B1 (sky130_fd_sc_hd__a22oi_1)
     1    0.00321    0.17861    0.13981    1.83986 ^ _4344_/Y (sky130_fd_sc_hd__a22oi_1)
                                                     _0796_ (net)
                     0.17861    0.00010    1.83995 ^ _4345_/B1 (sky130_fd_sc_hd__a31oi_1)
     1    0.00465    0.12401    0.07314    1.91310 v _4345_/Y (sky130_fd_sc_hd__a31oi_1)
                                                     _0797_ (net)
                     0.12401    0.00018    1.91328 v _4346_/B1 (sky130_fd_sc_hd__a22o_1)
     1    0.00668    0.05814    0.22447    2.13775 v _4346_/X (sky130_fd_sc_hd__a22o_1)
                                                     _0798_ (net)
                     0.05814    0.00028    2.13803 v _4354_/B1 (sky130_fd_sc_hd__a311oi_2)
     1    0.00444    0.20622    0.24848    2.38651 ^ _4354_/Y (sky130_fd_sc_hd__a311oi_2)
                                                     _0149_ (net)
                     0.20622    0.00014    2.38665 ^ place987/A (sky130_fd_sc_hd__buf_4)
     2    0.01862    0.06351    0.17682    2.56347 ^ place987/X (sky130_fd_sc_hd__buf_4)
                                                     net986 (net)
                     0.06357    0.00172    2.56519 ^ place986/A (sky130_fd_sc_hd__buf_4)
     8    0.07410    0.20717    0.23442    2.79961 ^ place986/X (sky130_fd_sc_hd__buf_4)
                                                     net985 (net)
                     0.20725    0.00346    2.80307 ^ _7418_/A1 (sky130_fd_sc_hd__o21ai_0)
     2    0.00966    0.15822    0.19119    2.99426 v _7418_/Y (sky130_fd_sc_hd__o21ai_0)
                                                     dp.pcimm.a[1] (net)
                     0.15822    0.00025    2.99451 v _7731_/B (sky130_fd_sc_hd__ha_1)
     1    0.00317    0.05475    0.31441    3.30891 v _7731_/SUM (sky130_fd_sc_hd__ha_1)
                                                     _0163_ (net)
                     0.05475    0.00010    3.30901 v _6932_/A2 (sky130_fd_sc_hd__a21o_1)
     1    0.00443    0.03997    0.18330    3.49232 v _6932_/X (sky130_fd_sc_hd__a21o_1)
                                                     _3293_ (net)
                     0.03997    0.00017    3.49248 v _6933_/A2 (sky130_fd_sc_hd__a21oi_1)
     2    0.01039    0.24583    0.24066    3.73314 ^ _6933_/Y (sky130_fd_sc_hd__a21oi_1)
                                                     _3294_ (net)
                     0.24583    0.00033    3.73348 ^ _6934_/A2 (sky130_fd_sc_hd__o21bai_1)
     1    0.00379    0.06096    0.09966    3.83314 v _6934_/Y (sky130_fd_sc_hd__o21bai_1)
                                                     _3295_ (net)
                     0.06096    0.00013    3.83327 v _6935_/A2 (sky130_fd_sc_hd__a21o_1)
     2    0.00763    0.05392    0.20077    4.03403 v _6935_/X (sky130_fd_sc_hd__a21o_1)
                                                     _3296_ (net)
                     0.05392    0.00015    4.03418 v _6936_/A2 (sky130_fd_sc_hd__a21oi_1)
     2    0.01956    0.42232    0.37520    4.40938 ^ _6936_/Y (sky130_fd_sc_hd__a21oi_1)
                                                     _3297_ (net)
                     0.42233    0.00149    4.41087 ^ _6943_/A1 (sky130_fd_sc_hd__o21ai_0)
     1    0.00541    0.12391    0.19438    4.60525 v _6943_/Y (sky130_fd_sc_hd__o21ai_0)
                                                     _3304_ (net)
                     0.12391    0.00023    4.60549 v place817/A (sky130_fd_sc_hd__buf_4)
     3    0.03175    0.05696    0.19890    4.80439 v place817/X (sky130_fd_sc_hd__buf_4)
                                                     net816 (net)
                     0.05752    0.00429    4.80868 v _6952_/A1 (sky130_fd_sc_hd__o211ai_1)
     1    0.00595    0.19876    0.21540    5.02408 ^ _6952_/Y (sky130_fd_sc_hd__o211ai_1)
                                                     _3313_ (net)
                     0.19876    0.00025    5.02433 ^ place809/A (sky130_fd_sc_hd__buf_4)
     3    0.02313    0.07500    0.18292    5.20725 ^ place809/X (sky130_fd_sc_hd__buf_4)
                                                     net808 (net)
                     0.07509    0.00237    5.20962 ^ _6957_/A1 (sky130_fd_sc_hd__a31oi_1)
     2    0.01430    0.16229    0.15296    5.36258 v _6957_/Y (sky130_fd_sc_hd__a31oi_1)
                                                     _3318_ (net)
                     0.16230    0.00095    5.36354 v _6961_/A4 (sky130_fd_sc_hd__a41oi_1)
     2    0.01098    0.31005    0.37012    5.73366 ^ _6961_/Y (sky130_fd_sc_hd__a41oi_1)
                                                     _3322_ (net)
                     0.31005    0.00062    5.73427 ^ _6965_/A1 (sky130_fd_sc_hd__a211oi_1)
     3    0.01290    0.14626    0.19617    5.93044 v _6965_/Y (sky130_fd_sc_hd__a211oi_1)
                                                     _3326_ (net)
                     0.14626    0.00067    5.93111 v _7607_/A2 (sky130_fd_sc_hd__a221o_1)
     1    0.00294    0.05254    0.37637    6.30748 v _7607_/X (sky130_fd_sc_hd__a221o_1)
                                                     _3709_ (net)
                     0.05254    0.00009    6.30757 v _7608_/A2 (sky130_fd_sc_hd__a21oi_1)
     1    0.00817    0.20356    0.21474    6.52231 ^ _7608_/Y (sky130_fd_sc_hd__a21oi_1)
                                                     _3710_ (net)
                     0.20356    0.00034    6.52266 ^ _7609_/B (sky130_fd_sc_hd__xnor2_1)
     2    0.00601    0.17706    0.16691    6.68956 ^ _7609_/Y (sky130_fd_sc_hd__xnor2_1)
                                                     _3711_ (net)
                     0.17706    0.00015    6.68972 ^ _7637_/B1 (sky130_fd_sc_hd__a22oi_1)
     1    0.00355    0.15920    0.09442    6.78414 v _7637_/Y (sky130_fd_sc_hd__a22oi_1)
                                                     _3737_ (net)
                     0.15920    0.00012    6.78427 v _7638_/B (sky130_fd_sc_hd__nand2_1)
     1    0.00535    0.07776    0.12582    6.91009 ^ _7638_/Y (sky130_fd_sc_hd__nand2_1)
                                                     dp.result2[31] (net)
                     0.07776    0.00019    6.91028 ^ place752/A (sky130_fd_sc_hd__buf_4)
    32    0.13505    0.37243    0.33217    7.24245 ^ place752/X (sky130_fd_sc_hd__buf_4)
                                                     net751 (net)
                     0.37845    0.03805    7.28050 ^ dp.rf.rf[13][31]$_DFFE_PP_/D (sky130_fd_sc_hd__edfxtp_1)
                                           7.28050   data arrival time

                                7.00000    7.00000   clock clk (rise edge)
                                0.74718    7.74718   clock network delay (propagated)
                                0.00000    7.74718   clock reconvergence pessimism
                                           7.74718 ^ dp.rf.rf[13][31]$_DFFE_PP_/CLK (sky130_fd_sc_hd__edfxtp_1)
                               -0.22651    7.52067   library setup time
                                           7.52067   data required time
-----------------------------------------------------------------------------------------
                                           7.52067   data required time
                                          -7.28050   data arrival time
-----------------------------------------------------------------------------------------
                                           0.24017   slack (MET)


Startpoint: dp.rf.rf[5][1]$_DFFE_PP_ (rising edge-triggered flip-flop clocked by clk)
Endpoint: dp.rf.rf[12][31]$_DFFE_PP_ (rising edge-triggered flip-flop clocked by clk)
Path Group: clk
Path Type: max

Fanout        Cap       Slew      Delay       Time   Description
-----------------------------------------------------------------------------------------
                                0.00000    0.00000   clock clk (rise edge)
                                0.74408    0.74408   clock network delay (propagated)
                     0.05912    0.00000    0.74408 ^ dp.rf.rf[5][1]$_DFFE_PP_/CLK (sky130_fd_sc_hd__edfxtp_1)
     2    0.00587    0.08420    0.38371    1.12779 v dp.rf.rf[5][1]$_DFFE_PP_/Q (sky130_fd_sc_hd__edfxtp_1)
                                                     dp.rf.rf[5][1] (net)
                     0.08420    0.00012    1.12791 v _4342_/A1 (sky130_fd_sc_hd__mux2_2)
     1    0.00490    0.05465    0.28323    1.41114 v _4342_/X (sky130_fd_sc_hd__mux2_2)
                                                     _0794_ (net)
                     0.05465    0.00017    1.41131 v _4343_/B1 (sky130_fd_sc_hd__a221o_1)
     1    0.00273    0.05198    0.28866    1.69997 v _4343_/X (sky130_fd_sc_hd__a221o_1)
                                                     _0795_ (net)
                     0.05198    0.00008    1.70005 v _4344_/B1 (sky130_fd_sc_hd__a22oi_1)
     1    0.00321    0.17861    0.13981    1.83986 ^ _4344_/Y (sky130_fd_sc_hd__a22oi_1)
                                                     _0796_ (net)
                     0.17861    0.00010    1.83995 ^ _4345_/B1 (sky130_fd_sc_hd__a31oi_1)
     1    0.00465    0.12401    0.07314    1.91310 v _4345_/Y (sky130_fd_sc_hd__a31oi_1)
                                                     _0797_ (net)
                     0.12401    0.00018    1.91328 v _4346_/B1 (sky130_fd_sc_hd__a22o_1)
     1    0.00668    0.05814    0.22447    2.13775 v _4346_/X (sky130_fd_sc_hd__a22o_1)
                                                     _0798_ (net)
                     0.05814    0.00028    2.13803 v _4354_/B1 (sky130_fd_sc_hd__a311oi_2)
     1    0.00444    0.20622    0.24848    2.38651 ^ _4354_/Y (sky130_fd_sc_hd__a311oi_2)
                                                     _0149_ (net)
                     0.20622    0.00014    2.38665 ^ place987/A (sky130_fd_sc_hd__buf_4)
     2    0.01862    0.06351    0.17682    2.56347 ^ place987/X (sky130_fd_sc_hd__buf_4)
                                                     net986 (net)
                     0.06357    0.00172    2.56519 ^ place986/A (sky130_fd_sc_hd__buf_4)
     8    0.07410    0.20717    0.23442    2.79961 ^ place986/X (sky130_fd_sc_hd__buf_4)
                                                     net985 (net)
                     0.20725    0.00346    2.80307 ^ _7418_/A1 (sky130_fd_sc_hd__o21ai_0)
     2    0.00966    0.15822    0.19119    2.99426 v _7418_/Y (sky130_fd_sc_hd__o21ai_0)
                                                     dp.pcimm.a[1] (net)
                     0.15822    0.00025    2.99451 v _7731_/B (sky130_fd_sc_hd__ha_1)
     1    0.00317    0.05475    0.31441    3.30891 v _7731_/SUM (sky130_fd_sc_hd__ha_1)
                                                     _0163_ (net)
                     0.05475    0.00010    3.30901 v _6932_/A2 (sky130_fd_sc_hd__a21o_1)
     1    0.00443    0.03997    0.18330    3.49232 v _6932_/X (sky130_fd_sc_hd__a21o_1)
                                                     _3293_ (net)
                     0.03997    0.00017    3.49248 v _6933_/A2 (sky130_fd_sc_hd__a21oi_1)
     2    0.01039    0.24583    0.24066    3.73314 ^ _6933_/Y (sky130_fd_sc_hd__a21oi_1)
                                                     _3294_ (net)
                     0.24583    0.00033    3.73348 ^ _6934_/A2 (sky130_fd_sc_hd__o21bai_1)
     1    0.00379    0.06096    0.09966    3.83314 v _6934_/Y (sky130_fd_sc_hd__o21bai_1)
                                                     _3295_ (net)
                     0.06096    0.00013    3.83327 v _6935_/A2 (sky130_fd_sc_hd__a21o_1)
     2    0.00763    0.05392    0.20077    4.03403 v _6935_/X (sky130_fd_sc_hd__a21o_1)
                                                     _3296_ (net)
                     0.05392    0.00015    4.03418 v _6936_/A2 (sky130_fd_sc_hd__a21oi_1)
     2    0.01956    0.42232    0.37520    4.40938 ^ _6936_/Y (sky130_fd_sc_hd__a21oi_1)
                                                     _3297_ (net)
                     0.42233    0.00149    4.41087 ^ _6943_/A1 (sky130_fd_sc_hd__o21ai_0)
     1    0.00541    0.12391    0.19438    4.60525 v _6943_/Y (sky130_fd_sc_hd__o21ai_0)
                                                     _3304_ (net)
                     0.12391    0.00023    4.60549 v place817/A (sky130_fd_sc_hd__buf_4)
     3    0.03175    0.05696    0.19890    4.80439 v place817/X (sky130_fd_sc_hd__buf_4)
                                                     net816 (net)
                     0.05752    0.00429    4.80868 v _6952_/A1 (sky130_fd_sc_hd__o211ai_1)
     1    0.00595    0.19876    0.21540    5.02408 ^ _6952_/Y (sky130_fd_sc_hd__o211ai_1)
                                                     _3313_ (net)
                     0.19876    0.00025    5.02433 ^ place809/A (sky130_fd_sc_hd__buf_4)
     3    0.02313    0.07500    0.18292    5.20725 ^ place809/X (sky130_fd_sc_hd__buf_4)
                                                     net808 (net)
                     0.07509    0.00237    5.20962 ^ _6957_/A1 (sky130_fd_sc_hd__a31oi_1)
     2    0.01430    0.16229    0.15296    5.36258 v _6957_/Y (sky130_fd_sc_hd__a31oi_1)
                                                     _3318_ (net)
                     0.16230    0.00095    5.36354 v _6961_/A4 (sky130_fd_sc_hd__a41oi_1)
     2    0.01098    0.31005    0.37012    5.73366 ^ _6961_/Y (sky130_fd_sc_hd__a41oi_1)
                                                     _3322_ (net)
                     0.31005    0.00062    5.73427 ^ _6965_/A1 (sky130_fd_sc_hd__a211oi_1)
     3    0.01290    0.14626    0.19617    5.93044 v _6965_/Y (sky130_fd_sc_hd__a211oi_1)
                                                     _3326_ (net)
                     0.14626    0.00067    5.93111 v _7607_/A2 (sky130_fd_sc_hd__a221o_1)
     1    0.00294    0.05254    0.37637    6.30748 v _7607_/X (sky130_fd_sc_hd__a221o_1)
                                                     _3709_ (net)
                     0.05254    0.00009    6.30757 v _7608_/A2 (sky130_fd_sc_hd__a21oi_1)
     1    0.00817    0.20356    0.21474    6.52231 ^ _7608_/Y (sky130_fd_sc_hd__a21oi_1)
                                                     _3710_ (net)
                     0.20356    0.00034    6.52266 ^ _7609_/B (sky130_fd_sc_hd__xnor2_1)
     2    0.00601    0.17706    0.16691    6.68956 ^ _7609_/Y (sky130_fd_sc_hd__xnor2_1)
                                                     _3711_ (net)
                     0.17706    0.00015    6.68972 ^ _7637_/B1 (sky130_fd_sc_hd__a22oi_1)
     1    0.00355    0.15920    0.09442    6.78414 v _7637_/Y (sky130_fd_sc_hd__a22oi_1)
                                                     _3737_ (net)
                     0.15920    0.00012    6.78427 v _7638_/B (sky130_fd_sc_hd__nand2_1)
     1    0.00535    0.07776    0.12582    6.91009 ^ _7638_/Y (sky130_fd_sc_hd__nand2_1)
                                                     dp.result2[31] (net)
                     0.07776    0.00019    6.91028 ^ place752/A (sky130_fd_sc_hd__buf_4)
    32    0.13505    0.37243    0.33217    7.24245 ^ place752/X (sky130_fd_sc_hd__buf_4)
                                                     net751 (net)
                     0.37845    0.03804    7.28050 ^ dp.rf.rf[12][31]$_DFFE_PP_/D (sky130_fd_sc_hd__edfxtp_1)
                                           7.28050   data arrival time

                                7.00000    7.00000   clock clk (rise edge)
                                0.74719    7.74719   clock network delay (propagated)
                                0.00000    7.74719   clock reconvergence pessimism
                                           7.74719 ^ dp.rf.rf[12][31]$_DFFE_PP_/CLK (sky130_fd_sc_hd__edfxtp_1)
                               -0.22651    7.52069   library setup time
                                           7.52069   data required time
-----------------------------------------------------------------------------------------
                                           7.52069   data required time
                                          -7.28050   data arrival time
-----------------------------------------------------------------------------------------
                                           0.24019   slack (MET)


Startpoint: dp.rf.rf[5][1]$_DFFE_PP_ (rising edge-triggered flip-flop clocked by clk)
Endpoint: dp.rf.rf[3][31]$_DFFE_PP_ (rising edge-triggered flip-flop clocked by clk)
Path Group: clk
Path Type: max

Fanout        Cap       Slew      Delay       Time   Description
-----------------------------------------------------------------------------------------
                                0.00000    0.00000   clock clk (rise edge)
                                0.74408    0.74408   clock network delay (propagated)
                     0.05912    0.00000    0.74408 ^ dp.rf.rf[5][1]$_DFFE_PP_/CLK (sky130_fd_sc_hd__edfxtp_1)
     2    0.00587    0.08420    0.38371    1.12779 v dp.rf.rf[5][1]$_DFFE_PP_/Q (sky130_fd_sc_hd__edfxtp_1)
                                                     dp.rf.rf[5][1] (net)
                     0.08420    0.00012    1.12791 v _4342_/A1 (sky130_fd_sc_hd__mux2_2)
     1    0.00490    0.05465    0.28323    1.41114 v _4342_/X (sky130_fd_sc_hd__mux2_2)
                                                     _0794_ (net)
                     0.05465    0.00017    1.41131 v _4343_/B1 (sky130_fd_sc_hd__a221o_1)
     1    0.00273    0.05198    0.28866    1.69997 v _4343_/X (sky130_fd_sc_hd__a221o_1)
                                                     _0795_ (net)
                     0.05198    0.00008    1.70005 v _4344_/B1 (sky130_fd_sc_hd__a22oi_1)
     1    0.00321    0.17861    0.13981    1.83986 ^ _4344_/Y (sky130_fd_sc_hd__a22oi_1)
                                                     _0796_ (net)
                     0.17861    0.00010    1.83995 ^ _4345_/B1 (sky130_fd_sc_hd__a31oi_1)
     1    0.00465    0.12401    0.07314    1.91310 v _4345_/Y (sky130_fd_sc_hd__a31oi_1)
                                                     _0797_ (net)
                     0.12401    0.00018    1.91328 v _4346_/B1 (sky130_fd_sc_hd__a22o_1)
     1    0.00668    0.05814    0.22447    2.13775 v _4346_/X (sky130_fd_sc_hd__a22o_1)
                                                     _0798_ (net)
                     0.05814    0.00028    2.13803 v _4354_/B1 (sky130_fd_sc_hd__a311oi_2)
     1    0.00444    0.20622    0.24848    2.38651 ^ _4354_/Y (sky130_fd_sc_hd__a311oi_2)
                                                     _0149_ (net)
                     0.20622    0.00014    2.38665 ^ place987/A (sky130_fd_sc_hd__buf_4)
     2    0.01862    0.06351    0.17682    2.56347 ^ place987/X (sky130_fd_sc_hd__buf_4)
                                                     net986 (net)
                     0.06357    0.00172    2.56519 ^ place986/A (sky130_fd_sc_hd__buf_4)
     8    0.07410    0.20717    0.23442    2.79961 ^ place986/X (sky130_fd_sc_hd__buf_4)
                                                     net985 (net)
                     0.20725    0.00346    2.80307 ^ _7418_/A1 (sky130_fd_sc_hd__o21ai_0)
     2    0.00966    0.15822    0.19119    2.99426 v _7418_/Y (sky130_fd_sc_hd__o21ai_0)
                                                     dp.pcimm.a[1] (net)
                     0.15822    0.00025    2.99451 v _7731_/B (sky130_fd_sc_hd__ha_1)
     1    0.00317    0.05475    0.31441    3.30891 v _7731_/SUM (sky130_fd_sc_hd__ha_1)
                                                     _0163_ (net)
                     0.05475    0.00010    3.30901 v _6932_/A2 (sky130_fd_sc_hd__a21o_1)
     1    0.00443    0.03997    0.18330    3.49232 v _6932_/X (sky130_fd_sc_hd__a21o_1)
                                                     _3293_ (net)
                     0.03997    0.00017    3.49248 v _6933_/A2 (sky130_fd_sc_hd__a21oi_1)
     2    0.01039    0.24583    0.24066    3.73314 ^ _6933_/Y (sky130_fd_sc_hd__a21oi_1)
                                                     _3294_ (net)
                     0.24583    0.00033    3.73348 ^ _6934_/A2 (sky130_fd_sc_hd__o21bai_1)
     1    0.00379    0.06096    0.09966    3.83314 v _6934_/Y (sky130_fd_sc_hd__o21bai_1)
                                                     _3295_ (net)
                     0.06096    0.00013    3.83327 v _6935_/A2 (sky130_fd_sc_hd__a21o_1)
     2    0.00763    0.05392    0.20077    4.03403 v _6935_/X (sky130_fd_sc_hd__a21o_1)
                                                     _3296_ (net)
                     0.05392    0.00015    4.03418 v _6936_/A2 (sky130_fd_sc_hd__a21oi_1)
     2    0.01956    0.42232    0.37520    4.40938 ^ _6936_/Y (sky130_fd_sc_hd__a21oi_1)
                                                     _3297_ (net)
                     0.42233    0.00149    4.41087 ^ _6943_/A1 (sky130_fd_sc_hd__o21ai_0)
     1    0.00541    0.12391    0.19438    4.60525 v _6943_/Y (sky130_fd_sc_hd__o21ai_0)
                                                     _3304_ (net)
                     0.12391    0.00023    4.60549 v place817/A (sky130_fd_sc_hd__buf_4)
     3    0.03175    0.05696    0.19890    4.80439 v place817/X (sky130_fd_sc_hd__buf_4)
                                                     net816 (net)
                     0.05752    0.00429    4.80868 v _6952_/A1 (sky130_fd_sc_hd__o211ai_1)
     1    0.00595    0.19876    0.21540    5.02408 ^ _6952_/Y (sky130_fd_sc_hd__o211ai_1)
                                                     _3313_ (net)
                     0.19876    0.00025    5.02433 ^ place809/A (sky130_fd_sc_hd__buf_4)
     3    0.02313    0.07500    0.18292    5.20725 ^ place809/X (sky130_fd_sc_hd__buf_4)
                                                     net808 (net)
                     0.07509    0.00237    5.20962 ^ _6957_/A1 (sky130_fd_sc_hd__a31oi_1)
     2    0.01430    0.16229    0.15296    5.36258 v _6957_/Y (sky130_fd_sc_hd__a31oi_1)
                                                     _3318_ (net)
                     0.16230    0.00095    5.36354 v _6961_/A4 (sky130_fd_sc_hd__a41oi_1)
     2    0.01098    0.31005    0.37012    5.73366 ^ _6961_/Y (sky130_fd_sc_hd__a41oi_1)
                                                     _3322_ (net)
                     0.31005    0.00062    5.73427 ^ _6965_/A1 (sky130_fd_sc_hd__a211oi_1)
     3    0.01290    0.14626    0.19617    5.93044 v _6965_/Y (sky130_fd_sc_hd__a211oi_1)
                                                     _3326_ (net)
                     0.14626    0.00067    5.93111 v _7607_/A2 (sky130_fd_sc_hd__a221o_1)
     1    0.00294    0.05254    0.37637    6.30748 v _7607_/X (sky130_fd_sc_hd__a221o_1)
                                                     _3709_ (net)
                     0.05254    0.00009    6.30757 v _7608_/A2 (sky130_fd_sc_hd__a21oi_1)
     1    0.00817    0.20356    0.21474    6.52231 ^ _7608_/Y (sky130_fd_sc_hd__a21oi_1)
                                                     _3710_ (net)
                     0.20356    0.00034    6.52266 ^ _7609_/B (sky130_fd_sc_hd__xnor2_1)
     2    0.00601    0.17706    0.16691    6.68956 ^ _7609_/Y (sky130_fd_sc_hd__xnor2_1)
                                                     _3711_ (net)
                     0.17706    0.00015    6.68972 ^ _7637_/B1 (sky130_fd_sc_hd__a22oi_1)
     1    0.00355    0.15920    0.09442    6.78414 v _7637_/Y (sky130_fd_sc_hd__a22oi_1)
                                                     _3737_ (net)
                     0.15920    0.00012    6.78427 v _7638_/B (sky130_fd_sc_hd__nand2_1)
     1    0.00535    0.07776    0.12582    6.91009 ^ _7638_/Y (sky130_fd_sc_hd__nand2_1)
                                                     dp.result2[31] (net)
                     0.07776    0.00019    6.91028 ^ place752/A (sky130_fd_sc_hd__buf_4)
    32    0.13505    0.37243    0.33217    7.24245 ^ place752/X (sky130_fd_sc_hd__buf_4)
                                                     net751 (net)
                     0.37904    0.03977    7.28223 ^ dp.rf.rf[3][31]$_DFFE_PP_/D (sky130_fd_sc_hd__edfxtp_1)
                                           7.28223   data arrival time

                                7.00000    7.00000   clock clk (rise edge)
                                0.75093    7.75093   clock network delay (propagated)
                                0.00000    7.75093   clock reconvergence pessimism
                                           7.75093 ^ dp.rf.rf[3][31]$_DFFE_PP_/CLK (sky130_fd_sc_hd__edfxtp_1)
                               -0.22617    7.52476   library setup time
                                           7.52476   data required time
-----------------------------------------------------------------------------------------
                                           7.52476   data required time
                                          -7.28223   data arrival time
-----------------------------------------------------------------------------------------
                                           0.24253   slack (MET)


Startpoint: dp.rf.rf[5][1]$_DFFE_PP_ (rising edge-triggered flip-flop clocked by clk)
Endpoint: dp.rf.rf[2][31]$_DFFE_PP_ (rising edge-triggered flip-flop clocked by clk)
Path Group: clk
Path Type: max

Fanout        Cap       Slew      Delay       Time   Description
-----------------------------------------------------------------------------------------
                                0.00000    0.00000   clock clk (rise edge)
                                0.74408    0.74408   clock network delay (propagated)
                     0.05912    0.00000    0.74408 ^ dp.rf.rf[5][1]$_DFFE_PP_/CLK (sky130_fd_sc_hd__edfxtp_1)
     2    0.00587    0.08420    0.38371    1.12779 v dp.rf.rf[5][1]$_DFFE_PP_/Q (sky130_fd_sc_hd__edfxtp_1)
                                                     dp.rf.rf[5][1] (net)
                     0.08420    0.00012    1.12791 v _4342_/A1 (sky130_fd_sc_hd__mux2_2)
     1    0.00490    0.05465    0.28323    1.41114 v _4342_/X (sky130_fd_sc_hd__mux2_2)
                                                     _0794_ (net)
                     0.05465    0.00017    1.41131 v _4343_/B1 (sky130_fd_sc_hd__a221o_1)
     1    0.00273    0.05198    0.28866    1.69997 v _4343_/X (sky130_fd_sc_hd__a221o_1)
                                                     _0795_ (net)
                     0.05198    0.00008    1.70005 v _4344_/B1 (sky130_fd_sc_hd__a22oi_1)
     1    0.00321    0.17861    0.13981    1.83986 ^ _4344_/Y (sky130_fd_sc_hd__a22oi_1)
                                                     _0796_ (net)
                     0.17861    0.00010    1.83995 ^ _4345_/B1 (sky130_fd_sc_hd__a31oi_1)
     1    0.00465    0.12401    0.07314    1.91310 v _4345_/Y (sky130_fd_sc_hd__a31oi_1)
                                                     _0797_ (net)
                     0.12401    0.00018    1.91328 v _4346_/B1 (sky130_fd_sc_hd__a22o_1)
     1    0.00668    0.05814    0.22447    2.13775 v _4346_/X (sky130_fd_sc_hd__a22o_1)
                                                     _0798_ (net)
                     0.05814    0.00028    2.13803 v _4354_/B1 (sky130_fd_sc_hd__a311oi_2)
     1    0.00444    0.20622    0.24848    2.38651 ^ _4354_/Y (sky130_fd_sc_hd__a311oi_2)
                                                     _0149_ (net)
                     0.20622    0.00014    2.38665 ^ place987/A (sky130_fd_sc_hd__buf_4)
     2    0.01862    0.06351    0.17682    2.56347 ^ place987/X (sky130_fd_sc_hd__buf_4)
                                                     net986 (net)
                     0.06357    0.00172    2.56519 ^ place986/A (sky130_fd_sc_hd__buf_4)
     8    0.07410    0.20717    0.23442    2.79961 ^ place986/X (sky130_fd_sc_hd__buf_4)
                                                     net985 (net)
                     0.20725    0.00346    2.80307 ^ _7418_/A1 (sky130_fd_sc_hd__o21ai_0)
     2    0.00966    0.15822    0.19119    2.99426 v _7418_/Y (sky130_fd_sc_hd__o21ai_0)
                                                     dp.pcimm.a[1] (net)
                     0.15822    0.00025    2.99451 v _7731_/B (sky130_fd_sc_hd__ha_1)
     1    0.00317    0.05475    0.31441    3.30891 v _7731_/SUM (sky130_fd_sc_hd__ha_1)
                                                     _0163_ (net)
                     0.05475    0.00010    3.30901 v _6932_/A2 (sky130_fd_sc_hd__a21o_1)
     1    0.00443    0.03997    0.18330    3.49232 v _6932_/X (sky130_fd_sc_hd__a21o_1)
                                                     _3293_ (net)
                     0.03997    0.00017    3.49248 v _6933_/A2 (sky130_fd_sc_hd__a21oi_1)
     2    0.01039    0.24583    0.24066    3.73314 ^ _6933_/Y (sky130_fd_sc_hd__a21oi_1)
                                                     _3294_ (net)
                     0.24583    0.00033    3.73348 ^ _6934_/A2 (sky130_fd_sc_hd__o21bai_1)
     1    0.00379    0.06096    0.09966    3.83314 v _6934_/Y (sky130_fd_sc_hd__o21bai_1)
                                                     _3295_ (net)
                     0.06096    0.00013    3.83327 v _6935_/A2 (sky130_fd_sc_hd__a21o_1)
     2    0.00763    0.05392    0.20077    4.03403 v _6935_/X (sky130_fd_sc_hd__a21o_1)
                                                     _3296_ (net)
                     0.05392    0.00015    4.03418 v _6936_/A2 (sky130_fd_sc_hd__a21oi_1)
     2    0.01956    0.42232    0.37520    4.40938 ^ _6936_/Y (sky130_fd_sc_hd__a21oi_1)
                                                     _3297_ (net)
                     0.42233    0.00149    4.41087 ^ _6943_/A1 (sky130_fd_sc_hd__o21ai_0)
     1    0.00541    0.12391    0.19438    4.60525 v _6943_/Y (sky130_fd_sc_hd__o21ai_0)
                                                     _3304_ (net)
                     0.12391    0.00023    4.60549 v place817/A (sky130_fd_sc_hd__buf_4)
     3    0.03175    0.05696    0.19890    4.80439 v place817/X (sky130_fd_sc_hd__buf_4)
                                                     net816 (net)
                     0.05752    0.00429    4.80868 v _6952_/A1 (sky130_fd_sc_hd__o211ai_1)
     1    0.00595    0.19876    0.21540    5.02408 ^ _6952_/Y (sky130_fd_sc_hd__o211ai_1)
                                                     _3313_ (net)
                     0.19876    0.00025    5.02433 ^ place809/A (sky130_fd_sc_hd__buf_4)
     3    0.02313    0.07500    0.18292    5.20725 ^ place809/X (sky130_fd_sc_hd__buf_4)
                                                     net808 (net)
                     0.07509    0.00237    5.20962 ^ _6957_/A1 (sky130_fd_sc_hd__a31oi_1)
     2    0.01430    0.16229    0.15296    5.36258 v _6957_/Y (sky130_fd_sc_hd__a31oi_1)
                                                     _3318_ (net)
                     0.16230    0.00095    5.36354 v _6961_/A4 (sky130_fd_sc_hd__a41oi_1)
     2    0.01098    0.31005    0.37012    5.73366 ^ _6961_/Y (sky130_fd_sc_hd__a41oi_1)
                                                     _3322_ (net)
                     0.31005    0.00062    5.73427 ^ _6965_/A1 (sky130_fd_sc_hd__a211oi_1)
     3    0.01290    0.14626    0.19617    5.93044 v _6965_/Y (sky130_fd_sc_hd__a211oi_1)
                                                     _3326_ (net)
                     0.14626    0.00067    5.93111 v _7607_/A2 (sky130_fd_sc_hd__a221o_1)
     1    0.00294    0.05254    0.37637    6.30748 v _7607_/X (sky130_fd_sc_hd__a221o_1)
                                                     _3709_ (net)
                     0.05254    0.00009    6.30757 v _7608_/A2 (sky130_fd_sc_hd__a21oi_1)
     1    0.00817    0.20356    0.21474    6.52231 ^ _7608_/Y (sky130_fd_sc_hd__a21oi_1)
                                                     _3710_ (net)
                     0.20356    0.00034    6.52266 ^ _7609_/B (sky130_fd_sc_hd__xnor2_1)
     2    0.00601    0.17706    0.16691    6.68956 ^ _7609_/Y (sky130_fd_sc_hd__xnor2_1)
                                                     _3711_ (net)
                     0.17706    0.00015    6.68972 ^ _7637_/B1 (sky130_fd_sc_hd__a22oi_1)
     1    0.00355    0.15920    0.09442    6.78414 v _7637_/Y (sky130_fd_sc_hd__a22oi_1)
                                                     _3737_ (net)
                     0.15920    0.00012    6.78427 v _7638_/B (sky130_fd_sc_hd__nand2_1)
     1    0.00535    0.07776    0.12582    6.91009 ^ _7638_/Y (sky130_fd_sc_hd__nand2_1)
                                                     dp.result2[31] (net)
                     0.07776    0.00019    6.91028 ^ place752/A (sky130_fd_sc_hd__buf_4)
    32    0.13505    0.37243    0.33217    7.24245 ^ place752/X (sky130_fd_sc_hd__buf_4)
                                                     net751 (net)
                     0.37904    0.03975    7.28221 ^ dp.rf.rf[2][31]$_DFFE_PP_/D (sky130_fd_sc_hd__edfxtp_1)
                                           7.28221   data arrival time

                                7.00000    7.00000   clock clk (rise edge)
                                0.75092    7.75092   clock network delay (propagated)
                                0.00000    7.75092   clock reconvergence pessimism
                                           7.75092 ^ dp.rf.rf[2][31]$_DFFE_PP_/CLK (sky130_fd_sc_hd__edfxtp_1)
                               -0.22617    7.52475   library setup time
                                           7.52475   data required time
-----------------------------------------------------------------------------------------
                                           7.52475   data required time
                                          -7.28221   data arrival time
-----------------------------------------------------------------------------------------
                                           0.24255   slack (MET)


Startpoint: dp.rf.rf[5][1]$_DFFE_PP_ (rising edge-triggered flip-flop clocked by clk)
Endpoint: dp.rf.rf[14][31]$_DFFE_PP_ (rising edge-triggered flip-flop clocked by clk)
Path Group: clk
Path Type: max

Fanout        Cap       Slew      Delay       Time   Description
-----------------------------------------------------------------------------------------
                                0.00000    0.00000   clock clk (rise edge)
                                0.74408    0.74408   clock network delay (propagated)
                     0.05912    0.00000    0.74408 ^ dp.rf.rf[5][1]$_DFFE_PP_/CLK (sky130_fd_sc_hd__edfxtp_1)
     2    0.00587    0.08420    0.38371    1.12779 v dp.rf.rf[5][1]$_DFFE_PP_/Q (sky130_fd_sc_hd__edfxtp_1)
                                                     dp.rf.rf[5][1] (net)
                     0.08420    0.00012    1.12791 v _4342_/A1 (sky130_fd_sc_hd__mux2_2)
     1    0.00490    0.05465    0.28323    1.41114 v _4342_/X (sky130_fd_sc_hd__mux2_2)
                                                     _0794_ (net)
                     0.05465    0.00017    1.41131 v _4343_/B1 (sky130_fd_sc_hd__a221o_1)
     1    0.00273    0.05198    0.28866    1.69997 v _4343_/X (sky130_fd_sc_hd__a221o_1)
                                                     _0795_ (net)
                     0.05198    0.00008    1.70005 v _4344_/B1 (sky130_fd_sc_hd__a22oi_1)
     1    0.00321    0.17861    0.13981    1.83986 ^ _4344_/Y (sky130_fd_sc_hd__a22oi_1)
                                                     _0796_ (net)
                     0.17861    0.00010    1.83995 ^ _4345_/B1 (sky130_fd_sc_hd__a31oi_1)
     1    0.00465    0.12401    0.07314    1.91310 v _4345_/Y (sky130_fd_sc_hd__a31oi_1)
                                                     _0797_ (net)
                     0.12401    0.00018    1.91328 v _4346_/B1 (sky130_fd_sc_hd__a22o_1)
     1    0.00668    0.05814    0.22447    2.13775 v _4346_/X (sky130_fd_sc_hd__a22o_1)
                                                     _0798_ (net)
                     0.05814    0.00028    2.13803 v _4354_/B1 (sky130_fd_sc_hd__a311oi_2)
     1    0.00444    0.20622    0.24848    2.38651 ^ _4354_/Y (sky130_fd_sc_hd__a311oi_2)
                                                     _0149_ (net)
                     0.20622    0.00014    2.38665 ^ place987/A (sky130_fd_sc_hd__buf_4)
     2    0.01862    0.06351    0.17682    2.56347 ^ place987/X (sky130_fd_sc_hd__buf_4)
                                                     net986 (net)
                     0.06357    0.00172    2.56519 ^ place986/A (sky130_fd_sc_hd__buf_4)
     8    0.07410    0.20717    0.23442    2.79961 ^ place986/X (sky130_fd_sc_hd__buf_4)
                                                     net985 (net)
                     0.20725    0.00346    2.80307 ^ _7418_/A1 (sky130_fd_sc_hd__o21ai_0)
     2    0.00966    0.15822    0.19119    2.99426 v _7418_/Y (sky130_fd_sc_hd__o21ai_0)
                                                     dp.pcimm.a[1] (net)
                     0.15822    0.00025    2.99451 v _7731_/B (sky130_fd_sc_hd__ha_1)
     1    0.00317    0.05475    0.31441    3.30891 v _7731_/SUM (sky130_fd_sc_hd__ha_1)
                                                     _0163_ (net)
                     0.05475    0.00010    3.30901 v _6932_/A2 (sky130_fd_sc_hd__a21o_1)
     1    0.00443    0.03997    0.18330    3.49232 v _6932_/X (sky130_fd_sc_hd__a21o_1)
                                                     _3293_ (net)
                     0.03997    0.00017    3.49248 v _6933_/A2 (sky130_fd_sc_hd__a21oi_1)
     2    0.01039    0.24583    0.24066    3.73314 ^ _6933_/Y (sky130_fd_sc_hd__a21oi_1)
                                                     _3294_ (net)
                     0.24583    0.00033    3.73348 ^ _6934_/A2 (sky130_fd_sc_hd__o21bai_1)
     1    0.00379    0.06096    0.09966    3.83314 v _6934_/Y (sky130_fd_sc_hd__o21bai_1)
                                                     _3295_ (net)
                     0.06096    0.00013    3.83327 v _6935_/A2 (sky130_fd_sc_hd__a21o_1)
     2    0.00763    0.05392    0.20077    4.03403 v _6935_/X (sky130_fd_sc_hd__a21o_1)
                                                     _3296_ (net)
                     0.05392    0.00015    4.03418 v _6936_/A2 (sky130_fd_sc_hd__a21oi_1)
     2    0.01956    0.42232    0.37520    4.40938 ^ _6936_/Y (sky130_fd_sc_hd__a21oi_1)
                                                     _3297_ (net)
                     0.42233    0.00149    4.41087 ^ _6943_/A1 (sky130_fd_sc_hd__o21ai_0)
     1    0.00541    0.12391    0.19438    4.60525 v _6943_/Y (sky130_fd_sc_hd__o21ai_0)
                                                     _3304_ (net)
                     0.12391    0.00023    4.60549 v place817/A (sky130_fd_sc_hd__buf_4)
     3    0.03175    0.05696    0.19890    4.80439 v place817/X (sky130_fd_sc_hd__buf_4)
                                                     net816 (net)
                     0.05752    0.00429    4.80868 v _6952_/A1 (sky130_fd_sc_hd__o211ai_1)
     1    0.00595    0.19876    0.21540    5.02408 ^ _6952_/Y (sky130_fd_sc_hd__o211ai_1)
                                                     _3313_ (net)
                     0.19876    0.00025    5.02433 ^ place809/A (sky130_fd_sc_hd__buf_4)
     3    0.02313    0.07500    0.18292    5.20725 ^ place809/X (sky130_fd_sc_hd__buf_4)
                                                     net808 (net)
                     0.07509    0.00237    5.20962 ^ _6957_/A1 (sky130_fd_sc_hd__a31oi_1)
     2    0.01430    0.16229    0.15296    5.36258 v _6957_/Y (sky130_fd_sc_hd__a31oi_1)
                                                     _3318_ (net)
                     0.16230    0.00095    5.36354 v _6961_/A4 (sky130_fd_sc_hd__a41oi_1)
     2    0.01098    0.31005    0.37012    5.73366 ^ _6961_/Y (sky130_fd_sc_hd__a41oi_1)
                                                     _3322_ (net)
                     0.31005    0.00062    5.73427 ^ _6965_/A1 (sky130_fd_sc_hd__a211oi_1)
     3    0.01290    0.14626    0.19617    5.93044 v _6965_/Y (sky130_fd_sc_hd__a211oi_1)
                                                     _3326_ (net)
                     0.14626    0.00067    5.93111 v _7607_/A2 (sky130_fd_sc_hd__a221o_1)
     1    0.00294    0.05254    0.37637    6.30748 v _7607_/X (sky130_fd_sc_hd__a221o_1)
                                                     _3709_ (net)
                     0.05254    0.00009    6.30757 v _7608_/A2 (sky130_fd_sc_hd__a21oi_1)
     1    0.00817    0.20356    0.21474    6.52231 ^ _7608_/Y (sky130_fd_sc_hd__a21oi_1)
                                                     _3710_ (net)
                     0.20356    0.00034    6.52266 ^ _7609_/B (sky130_fd_sc_hd__xnor2_1)
     2    0.00601    0.17706    0.16691    6.68956 ^ _7609_/Y (sky130_fd_sc_hd__xnor2_1)
                                                     _3711_ (net)
                     0.17706    0.00015    6.68972 ^ _7637_/B1 (sky130_fd_sc_hd__a22oi_1)
     1    0.00355    0.15920    0.09442    6.78414 v _7637_/Y (sky130_fd_sc_hd__a22oi_1)
                                                     _3737_ (net)
                     0.15920    0.00012    6.78427 v _7638_/B (sky130_fd_sc_hd__nand2_1)
     1    0.00535    0.07776    0.12582    6.91009 ^ _7638_/Y (sky130_fd_sc_hd__nand2_1)
                                                     dp.result2[31] (net)
                     0.07776    0.00019    6.91028 ^ place752/A (sky130_fd_sc_hd__buf_4)
    32    0.13505    0.37243    0.33217    7.24245 ^ place752/X (sky130_fd_sc_hd__buf_4)
                                                     net751 (net)
                     0.37853    0.03826    7.28071 ^ dp.rf.rf[14][31]$_DFFE_PP_/D (sky130_fd_sc_hd__edfxtp_1)
                                           7.28071   data arrival time

                                7.00000    7.00000   clock clk (rise edge)
                                0.75097    7.75097   clock network delay (propagated)
                                0.00000    7.75097   clock reconvergence pessimism
                                           7.75097 ^ dp.rf.rf[14][31]$_DFFE_PP_/CLK (sky130_fd_sc_hd__edfxtp_1)
                               -0.22601    7.52495   library setup time
                                           7.52495   data required time
-----------------------------------------------------------------------------------------
                                           7.52495   data required time
                                          -7.28071   data arrival time
-----------------------------------------------------------------------------------------
                                           0.24424   slack (MET)


Startpoint: dp.rf.rf[11][2]$_DFFE_PP_ (rising edge-triggered flip-flop clocked by clk)
Endpoint: aluout[20] (output port clocked by vclk_clk)
Path Group: vclk_clk
Path Type: max

Fanout        Cap       Slew      Delay       Time   Description
-----------------------------------------------------------------------------------------
                                0.00000    0.00000   clock clk (rise edge)
                                0.75389    0.75389   clock network delay (propagated)
                     0.06185    0.00000    0.75389 ^ dp.rf.rf[11][2]$_DFFE_PP_/CLK (sky130_fd_sc_hd__edfxtp_1)
     2    0.00525    0.08055    0.37968    1.13357 v dp.rf.rf[11][2]$_DFFE_PP_/Q (sky130_fd_sc_hd__edfxtp_1)
                                                     dp.rf.rf[11][2] (net)
                     0.08055    0.00010    1.13367 v _4270_/A3 (sky130_fd_sc_hd__mux4_2)
     1    0.00973    0.10208    0.51214    1.64581 v _4270_/X (sky130_fd_sc_hd__mux4_2)
                                                     _0724_ (net)
                     0.10208    0.00035    1.64616 v _4274_/A0 (sky130_fd_sc_hd__mux4_2)
     1    0.00767    0.09559    0.49411    2.14027 v _4274_/X (sky130_fd_sc_hd__mux4_2)
                                                     _0728_ (net)
                     0.09559    0.00035    2.14062 v _4281_/A1 (sky130_fd_sc_hd__a22oi_2)
     1    0.00341    0.16412    0.16566    2.30628 ^ _4281_/Y (sky130_fd_sc_hd__a22oi_2)
                                                     _0735_ (net)
                     0.16412    0.00011    2.30639 ^ place1090/A (sky130_fd_sc_hd__buf_4)
     2    0.01723    0.05927    0.16285    2.46924 ^ place1090/X (sky130_fd_sc_hd__buf_4)
                                                     net1089 (net)
                     0.05931    0.00147    2.47071 ^ _6016_/A (sky130_fd_sc_hd__nand2_1)
     2    0.00558    0.17827    0.06322    2.53393 v _6016_/Y (sky130_fd_sc_hd__nand2_1)
                                                     _2428_ (net)
                     0.17827    0.00014    2.53407 v _6084_/B1 (sky130_fd_sc_hd__o21a_1)
     2    0.01210    0.07933    0.19747    2.73154 v _6084_/X (sky130_fd_sc_hd__o21a_1)
                                                     _2490_ (net)
                     0.07933    0.00038    2.73192 v _7511_/B (sky130_fd_sc_hd__xnor2_2)
     2    0.00783    0.09223    0.15167    2.88359 v _7511_/Y (sky130_fd_sc_hd__xnor2_2)
                                                     _0146_ (net)
                     0.09223    0.00018    2.88376 v _7714_/A (sky130_fd_sc_hd__ha_1)
     2    0.00733    0.08138    0.32011    3.20387 ^ _7714_/SUM (sky130_fd_sc_hd__ha_1)
                                                     dp.alu.exor[2] (net)
                     0.08138    0.00021    3.20408 ^ _5928_/A2 (sky130_fd_sc_hd__a21o_1)
     1    0.00937    0.08954    0.15450    3.35858 ^ _5928_/X (sky130_fd_sc_hd__a21o_1)
                                                     _2341_ (net)
                     0.08954    0.00046    3.35903 ^ _5929_/A2 (sky130_fd_sc_hd__a21oi_2)
     2    0.00966    0.05413    0.07790    3.43694 v _5929_/Y (sky130_fd_sc_hd__a21oi_2)
                                                     _2342_ (net)
                     0.05413    0.00037    3.43730 v _5931_/A2 (sky130_fd_sc_hd__o21ai_2)
     2    0.00859    0.13960    0.14639    3.58369 ^ _5931_/Y (sky130_fd_sc_hd__o21ai_2)
                                                     _2344_ (net)
                     0.13960    0.00027    3.58396 ^ _5935_/A2 (sky130_fd_sc_hd__a311oi_2)
     1    0.00335    0.07847    0.10916    3.69311 v _5935_/Y (sky130_fd_sc_hd__a311oi_2)
                                                     _2348_ (net)
                     0.07847    0.00011    3.69322 v place822/A (sky130_fd_sc_hd__buf_4)
     2    0.04110    0.06863    0.18685    3.88007 v place822/X (sky130_fd_sc_hd__buf_4)
                                                     net821 (net)
                     0.06992    0.00748    3.88755 v _5954_/A1 (sky130_fd_sc_hd__o2111ai_4)
     2    0.01681    0.23291    0.25368    4.14123 ^ _5954_/Y (sky130_fd_sc_hd__o2111ai_4)
                                                     _2367_ (net)
                     0.23291    0.00119    4.14242 ^ _5958_/A (sky130_fd_sc_hd__nand2_2)
     2    0.01038    0.09291    0.10264    4.24506 v _5958_/Y (sky130_fd_sc_hd__nand2_2)
                                                     _2371_ (net)
                     0.09291    0.00026    4.24532 v rebuffer1237/A (sky130_fd_sc_hd__buf_6)
     1    0.00416    0.02060    0.12968    4.37501 v rebuffer1237/X (sky130_fd_sc_hd__buf_6)
                                                     net1236 (net)
                     0.02060    0.00016    4.37516 v rebuffer1236/A (sky130_fd_sc_hd__buf_4)
     1    0.00393    0.02501    0.11631    4.49147 v rebuffer1236/X (sky130_fd_sc_hd__buf_4)
                                                     net1235 (net)
                     0.02501    0.00013    4.49161 v rebuffer1235/A (sky130_fd_sc_hd__buf_4)
     1    0.00282    0.02362    0.11549    4.60709 v rebuffer1235/X (sky130_fd_sc_hd__buf_4)
                                                     net1234 (net)
                     0.02362    0.00006    4.60716 v rebuffer1234/A (sky130_fd_sc_hd__buf_4)
     1    0.00267    0.02344    0.11454    4.72170 v rebuffer1234/X (sky130_fd_sc_hd__buf_4)
                                                     net1233 (net)
                     0.02344    0.00008    4.72178 v rebuffer1233/A (sky130_fd_sc_hd__buf_4)
     1    0.00246    0.02317    0.11398    4.83575 v rebuffer1233/X (sky130_fd_sc_hd__buf_4)
                                                     net1232 (net)
                     0.02317    0.00005    4.83580 v rebuffer1232/A (sky130_fd_sc_hd__buf_4)
     1    0.00577    0.02762    0.12131    4.95711 v rebuffer1232/X (sky130_fd_sc_hd__buf_4)
                                                     net1231 (net)
                     0.02762    0.00022    4.95733 v rebuffer1231/A (sky130_fd_sc_hd__buf_4)
     1    0.00289    0.02372    0.11677    5.07410 v rebuffer1231/X (sky130_fd_sc_hd__buf_4)
                                                     net1230 (net)
                     0.02372    0.00009    5.07419 v rebuffer1230/A (sky130_fd_sc_hd__buf_4)
     1    0.00322    0.02412    0.11588    5.19007 v rebuffer1230/X (sky130_fd_sc_hd__buf_4)
                                                     net1229 (net)
                     0.02412    0.00010    5.19017 v rebuffer1229/A (sky130_fd_sc_hd__buf_4)
     1    0.00404    0.02515    0.11801    5.30819 v rebuffer1229/X (sky130_fd_sc_hd__buf_4)
                                                     net1228 (net)
                     0.02515    0.00015    5.30833 v rebuffer1228/A (sky130_fd_sc_hd__buf_4)
     1    0.00277    0.02357    0.11544    5.42377 v rebuffer1228/X (sky130_fd_sc_hd__buf_4)
                                                     net1227 (net)
                     0.02357    0.00008    5.42385 v rebuffer1227/A (sky130_fd_sc_hd__buf_4)
     1    0.00444    0.02573    0.11872    5.54257 v rebuffer1227/X (sky130_fd_sc_hd__buf_4)
                                                     net1226 (net)
                     0.02573    0.00015    5.54273 v rebuffer1226/A (sky130_fd_sc_hd__buf_4)
     1    0.00399    0.02509    0.11859    5.66131 v rebuffer1226/X (sky130_fd_sc_hd__buf_4)
                                                     net1225 (net)
                     0.02509    0.00017    5.66148 v place805/A (sky130_fd_sc_hd__buf_4)
     1    0.01073    0.03303    0.13022    5.79170 v place805/X (sky130_fd_sc_hd__buf_4)
                                                     net804 (net)
                     0.03304    0.00047    5.79217 v _6490_/B (sky130_fd_sc_hd__xnor2_2)
     1    0.00449    0.04908    0.12096    5.91313 v _6490_/Y (sky130_fd_sc_hd__xnor2_2)
                                                     _2880_ (net)
                     0.04908    0.00009    5.91322 v _6493_/A1 (sky130_fd_sc_hd__a21oi_2)
     1    0.01081    0.16486    0.17400    6.08722 ^ _6493_/Y (sky130_fd_sc_hd__a21oi_2)
                                                     _2883_ (net)
                     0.16486    0.00062    6.08784 ^ _6494_/B2 (sky130_fd_sc_hd__o22ai_2)
     2    0.00774    0.08636    0.09862    6.18646 v _6494_/Y (sky130_fd_sc_hd__o22ai_2)
                                                     net109 (net)
                     0.08636    0.00020    6.18666 v output110/A (sky130_fd_sc_hd__buf_6)
     1    0.02188    0.03462    0.14630    6.33296 v output110/X (sky130_fd_sc_hd__buf_6)
                                                     aluout[20] (net)
                     0.03465    0.00056    6.33353 v aluout[20] (out)
                                           6.33353   data arrival time

                     0.00000    7.00000    7.00000   clock vclk_clk (rise edge)
                                0.77500    7.77500   clock network delay (ideal)
                                0.00000    7.77500   clock reconvergence pessimism
                               -1.40000    6.37500   output external delay
                                           6.37500   data required time
-----------------------------------------------------------------------------------------
                                           6.37500   data required time
                                          -6.33353   data arrival time
-----------------------------------------------------------------------------------------
                                           0.04147   slack (MET)


Startpoint: dp.rf.rf[11][0]$_DFFE_PP_ (rising edge-triggered flip-flop clocked by clk)
Endpoint: aluout[0] (output port clocked by vclk_clk)
Path Group: vclk_clk
Path Type: max

Fanout        Cap       Slew      Delay       Time   Description
-----------------------------------------------------------------------------------------
                                0.00000    0.00000   clock clk (rise edge)
                                0.74216    0.74216   clock network delay (propagated)
                     0.06088    0.00000    0.74216 ^ dp.rf.rf[11][0]$_DFFE_PP_/CLK (sky130_fd_sc_hd__edfxtp_1)
     2    0.00585    0.08409    0.38418    1.12634 v dp.rf.rf[11][0]$_DFFE_PP_/Q (sky130_fd_sc_hd__edfxtp_1)
                                                     dp.rf.rf[11][0] (net)
                     0.08409    0.00016    1.12649 v _4369_/A3 (sky130_fd_sc_hd__mux4_2)
     1    0.00492    0.08793    0.48602    1.61251 v _4369_/X (sky130_fd_sc_hd__mux4_2)
                                                     _0820_ (net)
                     0.08793    0.00021    1.61272 v _4371_/A0 (sky130_fd_sc_hd__mux2i_1)
     1    0.00582    0.17031    0.17745    1.79017 ^ _4371_/Y (sky130_fd_sc_hd__mux2i_1)
                                                     _0822_ (net)
                     0.17031    0.00025    1.79041 ^ _4372_/B1 (sky130_fd_sc_hd__o221ai_1)
     2    0.00669    0.26953    0.17590    1.96631 v _4372_/Y (sky130_fd_sc_hd__o221ai_1)
                                                     _0823_ (net)
                     0.26953    0.00013    1.96644 v _6038_/B (sky130_fd_sc_hd__nand3_2)
     2    0.01493    0.16098    0.20378    2.17022 ^ _6038_/Y (sky130_fd_sc_hd__nand3_2)
                                                     _2448_ (net)
                     0.16098    0.00081    2.17103 ^ _6039_/B1 (sky130_fd_sc_hd__o31ai_4)
     2    0.01138    0.17415    0.10682    2.27785 v _6039_/Y (sky130_fd_sc_hd__o31ai_4)
                                                     _2449_ (net)
                     0.17415    0.00025    2.27810 v _7513_/A (sky130_fd_sc_hd__xnor2_2)
     2    0.00789    0.15866    0.22612    2.50422 ^ _7513_/Y (sky130_fd_sc_hd__xnor2_2)
                                                     _0154_ (net)
                     0.15866    0.00016    2.50438 ^ _7514_/A (sky130_fd_sc_hd__inv_2)
     2    0.00978    0.04890    0.06455    2.56893 v _7514_/Y (sky130_fd_sc_hd__inv_2)
                                                     dp.alu.b2[0] (net)
                     0.04890    0.00034    2.56927 v _7641_/CIN (sky130_fd_sc_hd__fa_2)
     2    0.01181    0.08544    0.36545    2.93473 v _7641_/COUT (sky130_fd_sc_hd__fa_2)
                                                     _0000_ (net)
                     0.08547    0.00039    2.93512 v _7640_/B (sky130_fd_sc_hd__fa_2)
     2    0.00709    0.07138    0.37504    3.31016 v _7640_/COUT (sky130_fd_sc_hd__fa_2)
                                                     _0001_ (net)
                     0.07138    0.00017    3.31033 v _5928_/A1 (sky130_fd_sc_hd__a21o_1)
     1    0.00893    0.05886    0.18915    3.49947 v _5928_/X (sky130_fd_sc_hd__a21o_1)
                                                     _2341_ (net)
                     0.05886    0.00043    3.49991 v _5929_/A2 (sky130_fd_sc_hd__a21oi_2)
     2    0.01050    0.15648    0.18693    3.68683 ^ _5929_/Y (sky130_fd_sc_hd__a21oi_2)
                                                     _2342_ (net)
                     0.15648    0.00040    3.68723 ^ _5931_/A2 (sky130_fd_sc_hd__o21ai_2)
     2    0.00806    0.07292    0.08328    3.77052 v _5931_/Y (sky130_fd_sc_hd__o21ai_2)
                                                     _2344_ (net)
                     0.07292    0.00025    3.77077 v _5935_/A2 (sky130_fd_sc_hd__a311oi_2)
     1    0.00360    0.19363    0.24178    4.01255 ^ _5935_/Y (sky130_fd_sc_hd__a311oi_2)
                                                     _2348_ (net)
                     0.19363    0.00012    4.01266 ^ place822/A (sky130_fd_sc_hd__buf_4)
     2    0.04222    0.12427    0.21518    4.22785 ^ place822/X (sky130_fd_sc_hd__buf_4)
                                                     net821 (net)
                     0.12503    0.00786    4.23571 ^ _5954_/A1 (sky130_fd_sc_hd__o2111ai_4)
     2    0.01631    0.20142    0.16950    4.40521 v _5954_/Y (sky130_fd_sc_hd__o2111ai_4)
                                                     _2367_ (net)
                     0.20142    0.00115    4.40635 v _5958_/A (sky130_fd_sc_hd__nand2_2)
     2    0.01145    0.09989    0.14395    4.55031 ^ _5958_/Y (sky130_fd_sc_hd__nand2_2)
                                                     _2371_ (net)
                     0.09989    0.00022    4.55053 ^ _5963_/A2 (sky130_fd_sc_hd__o21ai_2)
     2    0.00786    0.07330    0.07207    4.62260 v _5963_/Y (sky130_fd_sc_hd__o21ai_2)
                                                     _2376_ (net)
                     0.07330    0.00016    4.62276 v _5967_/A4 (sky130_fd_sc_hd__o41ai_2)
     1    0.00379    0.23859    0.21119    4.83395 ^ _5967_/Y (sky130_fd_sc_hd__o41ai_2)
                                                     _2380_ (net)
                     0.23859    0.00010    4.83404 ^ place798/A (sky130_fd_sc_hd__buf_4)
     2    0.01442    0.05463    0.17727    5.01132 ^ place798/X (sky130_fd_sc_hd__buf_4)
                                                     net797 (net)
                     0.05463    0.00053    5.01185 ^ _5973_/A2 (sky130_fd_sc_hd__o311ai_4)
     2    0.01057    0.13627    0.10616    5.11801 v _5973_/Y (sky130_fd_sc_hd__o311ai_4)
                                                     _2386_ (net)
                     0.13627    0.00027    5.11828 v _6841_/A2 (sky130_fd_sc_hd__a21o_1)
     1    0.00582    0.04583    0.22143    5.33971 v _6841_/X (sky130_fd_sc_hd__a21o_1)
                                                     _3204_ (net)
                     0.04583    0.00020    5.33991 v _6842_/A2 (sky130_fd_sc_hd__a21oi_2)
     1    0.00276    0.07951    0.12063    5.46054 ^ _6842_/Y (sky130_fd_sc_hd__a21oi_2)
                                                     _3205_ (net)
                     0.07951    0.00005    5.46059 ^ place776/A (sky130_fd_sc_hd__buf_4)
     1    0.02611    0.08135    0.15291    5.61351 ^ place776/X (sky130_fd_sc_hd__buf_4)
                                                     net775 (net)
                     0.08136    0.00097    5.61448 ^ _6852_/A (sky130_fd_sc_hd__xnor2_2)
     1    0.00451    0.11830    0.11473    5.72920 ^ _6852_/Y (sky130_fd_sc_hd__xnor2_2)
                                                     _3215_ (net)
                     0.11830    0.00016    5.72936 ^ _6857_/A3 (sky130_fd_sc_hd__a31oi_1)
     1    0.00545    0.22638    0.11328    5.84264 v _6857_/Y (sky130_fd_sc_hd__a31oi_1)
                                                     _3220_ (net)
                     0.22638    0.00015    5.84279 v _6858_/B1 (sky130_fd_sc_hd__o22ai_2)
     2    0.02173    0.29553    0.31128    6.15407 ^ _6858_/Y (sky130_fd_sc_hd__o22ai_2)
                                                     net97 (net)
                     0.29567    0.00237    6.15645 ^ output98/A (sky130_fd_sc_hd__buf_2)
     1    0.00188    0.02950    0.15831    6.31476 ^ output98/X (sky130_fd_sc_hd__buf_2)
                                                     aluout[0] (net)
                     0.02950    0.00003    6.31479 ^ aluout[0] (out)
                                           6.31479   data arrival time

                     0.00000    7.00000    7.00000   clock vclk_clk (rise edge)
                                0.77500    7.77500   clock network delay (ideal)
                                0.00000    7.77500   clock reconvergence pessimism
                               -1.40000    6.37500   output external delay
                                           6.37500   data required time
-----------------------------------------------------------------------------------------
                                           6.37500   data required time
                                          -6.31479   data arrival time
-----------------------------------------------------------------------------------------
                                           0.06021   slack (MET)


Startpoint: dp.rf.rf[11][0]$_DFFE_PP_ (rising edge-triggered flip-flop clocked by clk)
Endpoint: aluout[28] (output port clocked by vclk_clk)
Path Group: vclk_clk
Path Type: max

Fanout        Cap       Slew      Delay       Time   Description
-----------------------------------------------------------------------------------------
                                0.00000    0.00000   clock clk (rise edge)
                                0.74216    0.74216   clock network delay (propagated)
                     0.06088    0.00000    0.74216 ^ dp.rf.rf[11][0]$_DFFE_PP_/CLK (sky130_fd_sc_hd__edfxtp_1)
     2    0.00585    0.08409    0.38418    1.12634 v dp.rf.rf[11][0]$_DFFE_PP_/Q (sky130_fd_sc_hd__edfxtp_1)
                                                     dp.rf.rf[11][0] (net)
                     0.08409    0.00016    1.12649 v _4369_/A3 (sky130_fd_sc_hd__mux4_2)
     1    0.00492    0.08793    0.48602    1.61251 v _4369_/X (sky130_fd_sc_hd__mux4_2)
                                                     _0820_ (net)
                     0.08793    0.00021    1.61272 v _4371_/A0 (sky130_fd_sc_hd__mux2i_1)
     1    0.00582    0.17031    0.17745    1.79017 ^ _4371_/Y (sky130_fd_sc_hd__mux2i_1)
                                                     _0822_ (net)
                     0.17031    0.00025    1.79041 ^ _4372_/B1 (sky130_fd_sc_hd__o221ai_1)
     2    0.00669    0.26953    0.17590    1.96631 v _4372_/Y (sky130_fd_sc_hd__o221ai_1)
                                                     _0823_ (net)
                     0.26953    0.00013    1.96644 v _6038_/B (sky130_fd_sc_hd__nand3_2)
     2    0.01493    0.16098    0.20378    2.17022 ^ _6038_/Y (sky130_fd_sc_hd__nand3_2)
                                                     _2448_ (net)
                     0.16098    0.00081    2.17103 ^ _6039_/B1 (sky130_fd_sc_hd__o31ai_4)
     2    0.01138    0.17415    0.10682    2.27785 v _6039_/Y (sky130_fd_sc_hd__o31ai_4)
                                                     _2449_ (net)
                     0.17415    0.00025    2.27810 v _7513_/A (sky130_fd_sc_hd__xnor2_2)
     2    0.00789    0.15866    0.22612    2.50422 ^ _7513_/Y (sky130_fd_sc_hd__xnor2_2)
                                                     _0154_ (net)
                     0.15866    0.00016    2.50438 ^ _7514_/A (sky130_fd_sc_hd__inv_2)
     2    0.00978    0.04890    0.06455    2.56893 v _7514_/Y (sky130_fd_sc_hd__inv_2)
                                                     dp.alu.b2[0] (net)
                     0.04890    0.00034    2.56927 v _7641_/CIN (sky130_fd_sc_hd__fa_2)
     2    0.01181    0.08544    0.36545    2.93473 v _7641_/COUT (sky130_fd_sc_hd__fa_2)
                                                     _0000_ (net)
                     0.08547    0.00039    2.93512 v _7640_/B (sky130_fd_sc_hd__fa_2)
     2    0.00709    0.07138    0.37504    3.31016 v _7640_/COUT (sky130_fd_sc_hd__fa_2)
                                                     _0001_ (net)
                     0.07138    0.00017    3.31033 v _5928_/A1 (sky130_fd_sc_hd__a21o_1)
     1    0.00893    0.05886    0.18915    3.49947 v _5928_/X (sky130_fd_sc_hd__a21o_1)
                                                     _2341_ (net)
                     0.05886    0.00043    3.49991 v _5929_/A2 (sky130_fd_sc_hd__a21oi_2)
     2    0.01050    0.15648    0.18693    3.68683 ^ _5929_/Y (sky130_fd_sc_hd__a21oi_2)
                                                     _2342_ (net)
                     0.15648    0.00040    3.68723 ^ _5931_/A2 (sky130_fd_sc_hd__o21ai_2)
     2    0.00806    0.07292    0.08328    3.77052 v _5931_/Y (sky130_fd_sc_hd__o21ai_2)
                                                     _2344_ (net)
                     0.07292    0.00025    3.77077 v _5935_/A2 (sky130_fd_sc_hd__a311oi_2)
     1    0.00360    0.19363    0.24178    4.01255 ^ _5935_/Y (sky130_fd_sc_hd__a311oi_2)
                                                     _2348_ (net)
                     0.19363    0.00012    4.01266 ^ place822/A (sky130_fd_sc_hd__buf_4)
     2    0.04222    0.12427    0.21518    4.22785 ^ place822/X (sky130_fd_sc_hd__buf_4)
                                                     net821 (net)
                     0.12503    0.00786    4.23571 ^ _5954_/A1 (sky130_fd_sc_hd__o2111ai_4)
     2    0.01631    0.20142    0.16950    4.40521 v _5954_/Y (sky130_fd_sc_hd__o2111ai_4)
                                                     _2367_ (net)
                     0.20142    0.00115    4.40635 v _5958_/A (sky130_fd_sc_hd__nand2_2)
     2    0.01145    0.09989    0.14395    4.55031 ^ _5958_/Y (sky130_fd_sc_hd__nand2_2)
                                                     _2371_ (net)
                     0.09989    0.00022    4.55053 ^ _5963_/A2 (sky130_fd_sc_hd__o21ai_2)
     2    0.00786    0.07330    0.07207    4.62260 v _5963_/Y (sky130_fd_sc_hd__o21ai_2)
                                                     _2376_ (net)
                     0.07330    0.00016    4.62276 v _5967_/A4 (sky130_fd_sc_hd__o41ai_2)
     1    0.00379    0.23859    0.21119    4.83395 ^ _5967_/Y (sky130_fd_sc_hd__o41ai_2)
                                                     _2380_ (net)
                     0.23859    0.00010    4.83404 ^ place798/A (sky130_fd_sc_hd__buf_4)
     2    0.01442    0.05463    0.17727    5.01132 ^ place798/X (sky130_fd_sc_hd__buf_4)
                                                     net797 (net)
                     0.05463    0.00031    5.01162 ^ _6250_/A2 (sky130_fd_sc_hd__o21ba_2)
     2    0.00655    0.05391    0.13388    5.14550 ^ _6250_/X (sky130_fd_sc_hd__o21ba_2)
                                                     _2648_ (net)
                     0.05391    0.00011    5.14561 ^ _6251_/A2 (sky130_fd_sc_hd__o21bai_1)
     1    0.00383    0.05496    0.06392    5.20954 v _6251_/Y (sky130_fd_sc_hd__o21bai_1)
                                                     _2649_ (net)
                     0.05496    0.00009    5.20963 v _6252_/A1 (sky130_fd_sc_hd__a21o_1)
     1    0.00575    0.04549    0.16807    5.37770 v _6252_/X (sky130_fd_sc_hd__a21o_1)
                                                     _2650_ (net)
                     0.04549    0.00021    5.37791 v _6253_/B (sky130_fd_sc_hd__xor2_1)
     1    0.00282    0.05529    0.13605    5.51395 v _6253_/X (sky130_fd_sc_hd__xor2_1)
                                                     _2651_ (net)
                     0.05529    0.00008    5.51404 v _6255_/B1 (sky130_fd_sc_hd__a22o_1)
     2    0.00675    0.05842    0.19892    5.71296 v _6255_/X (sky130_fd_sc_hd__a22o_1)
                                                     _2653_ (net)
                     0.05842    0.00021    5.71317 v _6298_/A (sky130_fd_sc_hd__or2_4)
     1    0.00509    0.04781    0.24962    5.96279 v _6298_/X (sky130_fd_sc_hd__or2_4)
                                                     net117 (net)
                     0.04781    0.00021    5.96300 v output118/A (sky130_fd_sc_hd__dlygate4sd2_1)
     1    0.00246    0.03084    0.24258    6.20559 v output118/X (sky130_fd_sc_hd__dlygate4sd2_1)
                                                     aluout[28] (net)
                     0.03084    0.00006    6.20564 v aluout[28] (out)
                                           6.20564   data arrival time

                     0.00000    7.00000    7.00000   clock vclk_clk (rise edge)
                                0.77500    7.77500   clock network delay (ideal)
                                0.00000    7.77500   clock reconvergence pessimism
                               -1.40000    6.37500   output external delay
                                           6.37500   data required time
-----------------------------------------------------------------------------------------
                                           6.37500   data required time
                                          -6.20564   data arrival time
-----------------------------------------------------------------------------------------
                                           0.16935   slack (MET)


Startpoint: dp.rf.rf[11][0]$_DFFE_PP_ (rising edge-triggered flip-flop clocked by clk)
Endpoint: aluout[16] (output port clocked by vclk_clk)
Path Group: vclk_clk
Path Type: max

Fanout        Cap       Slew      Delay       Time   Description
-----------------------------------------------------------------------------------------
                                0.00000    0.00000   clock clk (rise edge)
                                0.74216    0.74216   clock network delay (propagated)
                     0.06088    0.00000    0.74216 ^ dp.rf.rf[11][0]$_DFFE_PP_/CLK (sky130_fd_sc_hd__edfxtp_1)
     2    0.00585    0.08409    0.38418    1.12634 v dp.rf.rf[11][0]$_DFFE_PP_/Q (sky130_fd_sc_hd__edfxtp_1)
                                                     dp.rf.rf[11][0] (net)
                     0.08409    0.00016    1.12649 v _4369_/A3 (sky130_fd_sc_hd__mux4_2)
     1    0.00492    0.08793    0.48602    1.61251 v _4369_/X (sky130_fd_sc_hd__mux4_2)
                                                     _0820_ (net)
                     0.08793    0.00021    1.61272 v _4371_/A0 (sky130_fd_sc_hd__mux2i_1)
     1    0.00582    0.17031    0.17745    1.79017 ^ _4371_/Y (sky130_fd_sc_hd__mux2i_1)
                                                     _0822_ (net)
                     0.17031    0.00025    1.79041 ^ _4372_/B1 (sky130_fd_sc_hd__o221ai_1)
     2    0.00669    0.26953    0.17590    1.96631 v _4372_/Y (sky130_fd_sc_hd__o221ai_1)
                                                     _0823_ (net)
                     0.26953    0.00013    1.96644 v _6038_/B (sky130_fd_sc_hd__nand3_2)
     2    0.01493    0.16098    0.20378    2.17022 ^ _6038_/Y (sky130_fd_sc_hd__nand3_2)
                                                     _2448_ (net)
                     0.16098    0.00081    2.17103 ^ _6039_/B1 (sky130_fd_sc_hd__o31ai_4)
     2    0.01138    0.17415    0.10682    2.27785 v _6039_/Y (sky130_fd_sc_hd__o31ai_4)
                                                     _2449_ (net)
                     0.17415    0.00025    2.27810 v _7513_/A (sky130_fd_sc_hd__xnor2_2)
     2    0.00789    0.15866    0.22612    2.50422 ^ _7513_/Y (sky130_fd_sc_hd__xnor2_2)
                                                     _0154_ (net)
                     0.15866    0.00016    2.50438 ^ _7514_/A (sky130_fd_sc_hd__inv_2)
     2    0.00978    0.04890    0.06455    2.56893 v _7514_/Y (sky130_fd_sc_hd__inv_2)
                                                     dp.alu.b2[0] (net)
                     0.04890    0.00034    2.56927 v _7641_/CIN (sky130_fd_sc_hd__fa_2)
     2    0.01181    0.08544    0.36545    2.93473 v _7641_/COUT (sky130_fd_sc_hd__fa_2)
                                                     _0000_ (net)
                     0.08547    0.00039    2.93512 v _7640_/B (sky130_fd_sc_hd__fa_2)
     2    0.00709    0.07138    0.37504    3.31016 v _7640_/COUT (sky130_fd_sc_hd__fa_2)
                                                     _0001_ (net)
                     0.07138    0.00017    3.31033 v _5928_/A1 (sky130_fd_sc_hd__a21o_1)
     1    0.00893    0.05886    0.18915    3.49947 v _5928_/X (sky130_fd_sc_hd__a21o_1)
                                                     _2341_ (net)
                     0.05886    0.00043    3.49991 v _5929_/A2 (sky130_fd_sc_hd__a21oi_2)
     2    0.01050    0.15648    0.18693    3.68683 ^ _5929_/Y (sky130_fd_sc_hd__a21oi_2)
                                                     _2342_ (net)
                     0.15648    0.00040    3.68723 ^ _5931_/A2 (sky130_fd_sc_hd__o21ai_2)
     2    0.00806    0.07292    0.08328    3.77052 v _5931_/Y (sky130_fd_sc_hd__o21ai_2)
                                                     _2344_ (net)
                     0.07292    0.00016    3.77068 v rebuffer1242/A (sky130_fd_sc_hd__buf_4)
     1    0.00350    0.02449    0.13812    3.90881 v rebuffer1242/X (sky130_fd_sc_hd__buf_4)
                                                     net1241 (net)
                     0.02449    0.00012    3.90892 v place825/A (sky130_fd_sc_hd__buf_4)
     1    0.00822    0.03015    0.12587    4.03479 v place825/X (sky130_fd_sc_hd__buf_4)
                                                     net824 (net)
                     0.03017    0.00041    4.03520 v _6578_/A2 (sky130_fd_sc_hd__a31oi_2)
     2    0.00871    0.18225    0.19418    4.22938 ^ _6578_/Y (sky130_fd_sc_hd__a31oi_2)
                                                     _2962_ (net)
                     0.18225    0.00026    4.22964 ^ _6579_/A (sky130_fd_sc_hd__inv_1)
     2    0.00913    0.07013    0.09897    4.32861 v _6579_/Y (sky130_fd_sc_hd__inv_1)
                                                     _2963_ (net)
                     0.07013    0.00031    4.32892 v _6580_/A (sky130_fd_sc_hd__or2_2)
     1    0.00922    0.07242    0.32619    4.65511 v _6580_/X (sky130_fd_sc_hd__or2_2)
                                                     _2964_ (net)
                     0.07243    0.00047    4.65558 v _6581_/A1 (sky130_fd_sc_hd__a21oi_2)
     1    0.00280    0.07991    0.11548    4.77106 ^ _6581_/Y (sky130_fd_sc_hd__a21oi_2)
                                                     _2965_ (net)
                     0.07991    0.00008    4.77114 ^ place804/A (sky130_fd_sc_hd__buf_4)
     3    0.02310    0.07339    0.14674    4.91788 ^ place804/X (sky130_fd_sc_hd__buf_4)
                                                     net803 (net)
                     0.07353    0.00222    4.92010 ^ _6582_/A2 (sky130_fd_sc_hd__o21ai_0)
     1    0.00574    0.10082    0.10119    5.02130 v _6582_/Y (sky130_fd_sc_hd__o21ai_0)
                                                     _2966_ (net)
                     0.10082    0.00019    5.02149 v _6583_/B (sky130_fd_sc_hd__xnor2_1)
     1    0.00585    0.17389    0.19458    5.21607 ^ _6583_/Y (sky130_fd_sc_hd__xnor2_1)
                                                     _2967_ (net)
                     0.17389    0.00024    5.21631 ^ _6586_/A2 (sky130_fd_sc_hd__a21oi_1)
     1    0.00407    0.09000    0.09943    5.31574 v _6586_/Y (sky130_fd_sc_hd__a21oi_1)
                                                     _2970_ (net)
                     0.09000    0.00015    5.31589 v _6587_/B2 (sky130_fd_sc_hd__o32ai_1)
     2    0.01595    0.57676    0.29995    5.61585 ^ _6587_/Y (sky130_fd_sc_hd__o32ai_1)
                                                     net104 (net)
                     0.57676    0.00080    5.61665 ^ output105/A (sky130_fd_sc_hd__clkdlybuf4s50_1)
     1    0.00059    0.02836    0.56936    6.18601 ^ output105/X (sky130_fd_sc_hd__clkdlybuf4s50_1)
                                                     aluout[16] (net)
                     0.02836    0.00001    6.18602 ^ aluout[16] (out)
                                           6.18602   data arrival time

                     0.00000    7.00000    7.00000   clock vclk_clk (rise edge)
                                0.77500    7.77500   clock network delay (ideal)
                                0.00000    7.77500   clock reconvergence pessimism
                               -1.40000    6.37500   output external delay
                                           6.37500   data required time
-----------------------------------------------------------------------------------------
                                           6.37500   data required time
                                          -6.18602   data arrival time
-----------------------------------------------------------------------------------------
                                           0.18898   slack (MET)


Startpoint: dp.rf.rf[31][3]$_DFFE_PP_ (rising edge-triggered flip-flop clocked by clk)
Endpoint: aluout[29] (output port clocked by vclk_clk)
Path Group: vclk_clk
Path Type: max

Fanout        Cap       Slew      Delay       Time   Description
-----------------------------------------------------------------------------------------
                                0.00000    0.00000   clock clk (rise edge)
                                0.74631    0.74631   clock network delay (propagated)
                     0.05973    0.00000    0.74631 ^ dp.rf.rf[31][3]$_DFFE_PP_/CLK (sky130_fd_sc_hd__edfxtp_1)
     2    0.00478    0.07790    0.37511    1.12142 v dp.rf.rf[31][3]$_DFFE_PP_/Q (sky130_fd_sc_hd__edfxtp_1)
                                                     dp.rf.rf[31][3] (net)
                     0.07790    0.00012    1.12154 v _4438_/A3 (sky130_fd_sc_hd__mux4_2)
     1    0.00469    0.08730    0.48250    1.60403 v _4438_/X (sky130_fd_sc_hd__mux4_2)
                                                     _0887_ (net)
                     0.08730    0.00020    1.60424 v _4440_/A2 (sky130_fd_sc_hd__mux4_2)
     1    0.01202    0.10996    0.51863    2.12287 v _4440_/X (sky130_fd_sc_hd__mux4_2)
                                                     _0889_ (net)
                     0.10996    0.00076    2.12363 v _4441_/B1 (sky130_fd_sc_hd__a22o_1)
     2    0.02836    0.14923    0.30585    2.42948 v _4441_/X (sky130_fd_sc_hd__a22o_1)
                                                     net189 (net)
                     0.14930    0.00302    2.43250 v _6055_/A (sky130_fd_sc_hd__nor2_1)
     1    0.00472    0.12118    0.15770    2.59019 ^ _6055_/Y (sky130_fd_sc_hd__nor2_1)
                                                     _2464_ (net)
                     0.12118    0.00018    2.59037 ^ place1051/A (sky130_fd_sc_hd__buf_4)
     2    0.01334    0.04946    0.14315    2.73352 ^ place1051/X (sky130_fd_sc_hd__buf_4)
                                                     net1050 (net)
                     0.04946    0.00040    2.73392 ^ _6060_/B1 (sky130_fd_sc_hd__a21oi_4)
     2    0.00870    0.10170    0.03390    2.76782 v _6060_/Y (sky130_fd_sc_hd__a21oi_4)
                                                     _2469_ (net)
                     0.10170    0.00030    2.76812 v _7509_/A (sky130_fd_sc_hd__xnor2_1)
     2    0.00698    0.10203    0.16891    2.93703 v _7509_/Y (sky130_fd_sc_hd__xnor2_1)
                                                     _0142_ (net)
                     0.10203    0.00017    2.93720 v _7712_/B (sky130_fd_sc_hd__ha_1)
     2    0.00877    0.08864    0.32988    3.26708 ^ _7712_/SUM (sky130_fd_sc_hd__ha_1)
                                                     dp.alu.exor[3] (net)
                     0.08864    0.00023    3.26731 ^ place875/A (sky130_fd_sc_hd__buf_4)
     3    0.01285    0.04803    0.13011    3.39742 ^ place875/X (sky130_fd_sc_hd__buf_4)
                                                     net874 (net)
                     0.04803    0.00052    3.39795 ^ _6149_/A (sky130_fd_sc_hd__inv_1)
     1    0.00448    0.02736    0.04225    3.44019 v _6149_/Y (sky130_fd_sc_hd__inv_1)
                                                     _2549_ (net)
                     0.02736    0.00009    3.44028 v _6152_/A1 (sky130_fd_sc_hd__o21bai_2)
     2    0.01123    0.16808    0.17692    3.61720 ^ _6152_/Y (sky130_fd_sc_hd__o21bai_2)
                                                     _2552_ (net)
                     0.16808    0.00059    3.61780 ^ _6154_/A1 (sky130_fd_sc_hd__a21o_1)
     1    0.00619    0.06477    0.15349    3.77129 ^ _6154_/X (sky130_fd_sc_hd__a21o_1)
                                                     _2554_ (net)
                     0.06477    0.00017    3.77146 ^ _6157_/B (sky130_fd_sc_hd__nand3_2)
     3    0.02052    0.13456    0.13760    3.90907 v _6157_/Y (sky130_fd_sc_hd__nand3_2)
                                                     _2557_ (net)
                     0.13459    0.00177    3.91084 v _6161_/A3 (sky130_fd_sc_hd__o31ai_2)
     1    0.00318    0.17140    0.19943    4.11027 ^ _6161_/Y (sky130_fd_sc_hd__o31ai_2)
                                                     _2561_ (net)
                     0.17140    0.00010    4.11037 ^ place813/A (sky130_fd_sc_hd__buf_4)
     2    0.02100    0.06892    0.17184    4.28221 ^ place813/X (sky130_fd_sc_hd__buf_4)
                                                     net812 (net)
                     0.06897    0.00168    4.28389 ^ _6165_/A3 (sky130_fd_sc_hd__o31ai_1)
     1    0.00323    0.05034    0.06609    4.34998 v _6165_/Y (sky130_fd_sc_hd__o31ai_1)
                                                     _2565_ (net)
                     0.05034    0.00010    4.35008 v place807/A (sky130_fd_sc_hd__buf_4)
     2    0.03611    0.06120    0.17203    4.52212 v place807/X (sky130_fd_sc_hd__buf_4)
                                                     net806 (net)
                     0.06124    0.00153    4.52364 v _6170_/A2 (sky130_fd_sc_hd__o2111ai_4)
     2    0.01634    0.23065    0.23181    4.75545 ^ _6170_/Y (sky130_fd_sc_hd__o2111ai_4)
                                                     _2570_ (net)
                     0.23065    0.00087    4.75632 ^ _6175_/A (sky130_fd_sc_hd__nand3_4)
     2    0.01840    0.10726    0.13026    4.88659 v _6175_/Y (sky130_fd_sc_hd__nand3_4)
                                                     _2575_ (net)
                     0.10726    0.00144    4.88802 v _6180_/A1 (sky130_fd_sc_hd__a31oi_4)
     2    0.00966    0.15151    0.17164    5.05966 ^ _6180_/Y (sky130_fd_sc_hd__a31oi_4)
                                                     _2580_ (net)
                     0.15151    0.00041    5.06007 ^ _6181_/A3 (sky130_fd_sc_hd__a31oi_1)
     1    0.00529    0.08867    0.11923    5.17930 v _6181_/Y (sky130_fd_sc_hd__a31oi_1)
                                                     _2581_ (net)
                     0.08867    0.00018    5.17947 v _6182_/B (sky130_fd_sc_hd__xor2_1)
     1    0.00277    0.06258    0.15232    5.33180 v _6182_/X (sky130_fd_sc_hd__xor2_1)
                                                     _2582_ (net)
                     0.06258    0.00008    5.33188 v _6185_/A2 (sky130_fd_sc_hd__o21ai_1)
     1    0.00597    0.19647    0.15900    5.49088 ^ _6185_/Y (sky130_fd_sc_hd__o21ai_1)
                                                     _2585_ (net)
                     0.19647    0.00020    5.49108 ^ _6243_/A2_N (sky130_fd_sc_hd__o2bb2ai_2)
     2    0.01630    0.22671    0.17542    5.66650 ^ _6243_/Y (sky130_fd_sc_hd__o2bb2ai_2)
                                                     net118 (net)
                     0.22671    0.00124    5.66774 ^ output119/A (sky130_fd_sc_hd__clkdlybuf4s50_1)
     1    0.00105    0.03238    0.50643    6.17416 ^ output119/X (sky130_fd_sc_hd__clkdlybuf4s50_1)
                                                     aluout[29] (net)
                     0.03238    0.00002    6.17418 ^ aluout[29] (out)
                                           6.17418   data arrival time

                     0.00000    7.00000    7.00000   clock vclk_clk (rise edge)
                                0.77500    7.77500   clock network delay (ideal)
                                0.00000    7.77500   clock reconvergence pessimism
                               -1.40000    6.37500   output external delay
                                           6.37500   data required time
-----------------------------------------------------------------------------------------
                                           6.37500   data required time
                                          -6.17418   data arrival time
-----------------------------------------------------------------------------------------
                                           0.20082   slack (MET)


