
==========================================================================
finish report_tns
--------------------------------------------------------------------------
tns max -610.13

==========================================================================
finish report_wns
--------------------------------------------------------------------------
wns max -1.59

==========================================================================
finish report_worst_slack
--------------------------------------------------------------------------
worst slack max -1.59

==========================================================================
finish report_clock_min_period
--------------------------------------------------------------------------
clk period_min = 6.51 fmax = 153.64
vclk_clk period_min = 0.00 fmax = inf

==========================================================================
finish report_clock_skew
--------------------------------------------------------------------------
Clock clk
   0.74 source latency dp.rf.rf[18][12]$_DFFE_PP_/CLK ^
  -0.78 target latency dp.rf.rf[29][28]$_DFFE_PP_/CLK ^
   0.00 CRPR
--------------
  -0.04 setup skew

Clock vclk_clk
No launch/capture paths found.


==========================================================================
finish report_checks -path_delay min
--------------------------------------------------------------------------
Startpoint: dp.pcreg.q[1]$_DFFE_PP0P_
            (rising edge-triggered flip-flop clocked by clk)
Endpoint: dp.pcreg.q[1]$_DFFE_PP0P_
          (rising edge-triggered flip-flop clocked by clk)
Path Group: clk
Path Type: min

Fanout     Cap    Slew   Delay    Time   Description
-----------------------------------------------------------------------------
                          0.00    0.00   clock clk (rise edge)
                          0.00    0.00   clock source latency
     1    0.07    0.00    0.00    0.00 ^ clk (in)
                                         clk (net)
                  0.00    0.00    0.00 ^ clkbuf_0_clk/A (sky130_fd_sc_hd__clkbuf_16)
     8    0.20    0.21    0.24    0.24 ^ clkbuf_0_clk/X (sky130_fd_sc_hd__clkbuf_16)
                                         clknet_0_clk (net)
                  0.21    0.01    0.24 ^ clkbuf_3_2__f_clk/A (sky130_fd_sc_hd__clkbuf_16)
    11    0.20    0.21    0.31    0.55 ^ clkbuf_3_2__f_clk/X (sky130_fd_sc_hd__clkbuf_16)
                                         clknet_3_2__leaf_clk (net)
                  0.21    0.01    0.56 ^ clkbuf_leaf_72_clk/A (sky130_fd_sc_hd__clkbuf_16)
    10    0.04    0.07    0.20    0.76 ^ clkbuf_leaf_72_clk/X (sky130_fd_sc_hd__clkbuf_16)
                                         clknet_leaf_72_clk (net)
                  0.07    0.00    0.76 ^ dp.pcreg.q[1]$_DFFE_PP0P_/CLK (sky130_fd_sc_hd__dfrtp_1)
     2    0.01    0.07    0.35    1.11 ^ dp.pcreg.q[1]$_DFFE_PP0P_/Q (sky130_fd_sc_hd__dfrtp_1)
                                         net142 (net)
                  0.07    0.00    1.11 ^ place2048/A (sky130_fd_sc_hd__buf_4)
     3    0.02    0.06    0.14    1.24 ^ place2048/X (sky130_fd_sc_hd__buf_4)
                                         net2047 (net)
                  0.06    0.00    1.24 ^ _7549_/A0 (sky130_fd_sc_hd__mux2_2)
     1    0.00    0.04    0.14    1.39 ^ _7549_/X (sky130_fd_sc_hd__mux2_2)
                                         _0207_ (net)
                  0.04    0.00    1.39 ^ dp.pcreg.q[1]$_DFFE_PP0P_/D (sky130_fd_sc_hd__dfrtp_1)
                                  1.39   data arrival time

                          0.00    0.00   clock clk (rise edge)
                          0.00    0.00   clock source latency
     1    0.07    0.00    0.00    0.00 ^ clk (in)
                                         clk (net)
                  0.00    0.00    0.00 ^ clkbuf_0_clk/A (sky130_fd_sc_hd__clkbuf_16)
     8    0.20    0.21    0.24    0.24 ^ clkbuf_0_clk/X (sky130_fd_sc_hd__clkbuf_16)
                                         clknet_0_clk (net)
                  0.21    0.01    0.24 ^ clkbuf_3_2__f_clk/A (sky130_fd_sc_hd__clkbuf_16)
    11    0.20    0.21    0.31    0.55 ^ clkbuf_3_2__f_clk/X (sky130_fd_sc_hd__clkbuf_16)
                                         clknet_3_2__leaf_clk (net)
                  0.21    0.01    0.56 ^ clkbuf_leaf_72_clk/A (sky130_fd_sc_hd__clkbuf_16)
    10    0.04    0.07    0.20    0.76 ^ clkbuf_leaf_72_clk/X (sky130_fd_sc_hd__clkbuf_16)
                                         clknet_leaf_72_clk (net)
                  0.07    0.00    0.76 ^ dp.pcreg.q[1]$_DFFE_PP0P_/CLK (sky130_fd_sc_hd__dfrtp_1)
                          0.00    0.76   clock reconvergence pessimism
                         -0.03    0.73   library hold time
                                  0.73   data required time
-----------------------------------------------------------------------------
                                  0.73   data required time
                                 -1.39   data arrival time
-----------------------------------------------------------------------------
                                  0.65   slack (MET)


Startpoint: dp.pcreg.q[14]$_DFF_PP0_
            (rising edge-triggered flip-flop clocked by clk)
Endpoint: pc[14] (output port clocked by vclk_clk)
Path Group: vclk_clk
Path Type: min

Fanout     Cap    Slew   Delay    Time   Description
-----------------------------------------------------------------------------
                          0.00    0.00   clock clk (rise edge)
                          0.00    0.00   clock source latency
     1    0.07    0.00    0.00    0.00 ^ clk (in)
                                         clk (net)
                  0.00    0.00    0.00 ^ clkbuf_0_clk/A (sky130_fd_sc_hd__clkbuf_16)
     8    0.20    0.21    0.24    0.24 ^ clkbuf_0_clk/X (sky130_fd_sc_hd__clkbuf_16)
                                         clknet_0_clk (net)
                  0.21    0.00    0.24 ^ clkbuf_3_3__f_clk/A (sky130_fd_sc_hd__clkbuf_16)
    11    0.21    0.22    0.31    0.56 ^ clkbuf_3_3__f_clk/X (sky130_fd_sc_hd__clkbuf_16)
                                         clknet_3_3__leaf_clk (net)
                  0.22    0.01    0.56 ^ clkbuf_leaf_71_clk/A (sky130_fd_sc_hd__clkbuf_16)
     6    0.04    0.06    0.20    0.76 ^ clkbuf_leaf_71_clk/X (sky130_fd_sc_hd__clkbuf_16)
                                         clknet_leaf_71_clk (net)
                  0.06    0.00    0.76 ^ dp.pcreg.q[14]$_DFF_PP0_/CLK (sky130_fd_sc_hd__dfrtp_1)
     4    0.02    0.12    0.44    1.20 v dp.pcreg.q[14]$_DFF_PP0_/Q (sky130_fd_sc_hd__dfrtp_1)
                                         net136 (net)
                  0.12    0.00    1.20 v output137/A (sky130_fd_sc_hd__clkdlybuf4s50_1)
     1    0.00    0.03    0.42    1.63 v output137/X (sky130_fd_sc_hd__clkdlybuf4s50_1)
                                         pc[14] (net)
                  0.03    0.00    1.63 v pc[14] (out)
                                  1.63   data arrival time

                  0.00    0.00    0.00   clock vclk_clk (rise edge)
                          0.77    0.77   clock network delay (ideal)
                          0.00    0.77   clock reconvergence pessimism
                         -1.00   -0.23   output external delay
                                 -0.23   data required time
-----------------------------------------------------------------------------
                                 -0.23   data required time
                                 -1.63   data arrival time
-----------------------------------------------------------------------------
                                  1.85   slack (MET)



==========================================================================
finish report_checks -path_delay max
--------------------------------------------------------------------------
Startpoint: dp.rf.rf[26][0]$_DFFE_PP_
            (rising edge-triggered flip-flop clocked by clk)
Endpoint: dp.rf.rf[28][0]$_DFFE_PP_
          (rising edge-triggered flip-flop clocked by clk)
Path Group: clk
Path Type: max

Fanout     Cap    Slew   Delay    Time   Description
-----------------------------------------------------------------------------
                          0.00    0.00   clock clk (rise edge)
                          0.00    0.00   clock source latency
     1    0.07    0.00    0.00    0.00 ^ clk (in)
                                         clk (net)
                  0.00    0.00    0.00 ^ clkbuf_0_clk/A (sky130_fd_sc_hd__clkbuf_16)
     8    0.20    0.21    0.24    0.24 ^ clkbuf_0_clk/X (sky130_fd_sc_hd__clkbuf_16)
                                         clknet_0_clk (net)
                  0.21    0.01    0.24 ^ clkbuf_3_2__f_clk/A (sky130_fd_sc_hd__clkbuf_16)
    11    0.20    0.21    0.31    0.55 ^ clkbuf_3_2__f_clk/X (sky130_fd_sc_hd__clkbuf_16)
                                         clknet_3_2__leaf_clk (net)
                  0.21    0.01    0.56 ^ clkbuf_leaf_88_clk/A (sky130_fd_sc_hd__clkbuf_16)
    11    0.04    0.06    0.20    0.75 ^ clkbuf_leaf_88_clk/X (sky130_fd_sc_hd__clkbuf_16)
                                         clknet_leaf_88_clk (net)
                  0.06    0.00    0.76 ^ dp.rf.rf[26][0]$_DFFE_PP_/CLK (sky130_fd_sc_hd__edfxtp_1)
     2    0.01    0.10    0.40    1.16 v dp.rf.rf[26][0]$_DFFE_PP_/Q (sky130_fd_sc_hd__edfxtp_1)
                                         dp.rf.rf[26][0] (net)
                  0.10    0.00    1.16 v _4366_/A2 (sky130_fd_sc_hd__mux4_2)
     1    0.01    0.09    0.49    1.65 v _4366_/X (sky130_fd_sc_hd__mux4_2)
                                         _0817_ (net)
                  0.09    0.00    1.65 v _4368_/A0 (sky130_fd_sc_hd__mux2i_2)
     1    0.01    0.21    0.20    1.85 ^ _4368_/Y (sky130_fd_sc_hd__mux2i_2)
                                         _0819_ (net)
                  0.21    0.00    1.85 ^ _4372_/A1 (sky130_fd_sc_hd__o221ai_2)
     2    0.01    0.23    0.17    2.02 v _4372_/Y (sky130_fd_sc_hd__o221ai_2)
                                         _0823_ (net)
                  0.23    0.00    2.02 v _6038_/B (sky130_fd_sc_hd__nand3_4)
     2    0.01    0.10    0.17    2.19 ^ _6038_/Y (sky130_fd_sc_hd__nand3_4)
                                         _2448_ (net)
                  0.10    0.00    2.19 ^ _6039_/B1 (sky130_fd_sc_hd__o31ai_4)
     2    0.01    0.11    0.09    2.28 v _6039_/Y (sky130_fd_sc_hd__o31ai_4)
                                         _2449_ (net)
                  0.11    0.00    2.28 v _7513_/A (sky130_fd_sc_hd__xnor2_1)
     2    0.01    0.17    0.21    2.49 ^ _7513_/Y (sky130_fd_sc_hd__xnor2_1)
                                         _0154_ (net)
                  0.17    0.00    2.49 ^ _7514_/A (sky130_fd_sc_hd__inv_1)
     2    0.01    0.07    0.10    2.59 v _7514_/Y (sky130_fd_sc_hd__inv_1)
                                         dp.alu.b2[0] (net)
                  0.07    0.00    2.59 v _7641_/CIN (sky130_fd_sc_hd__fa_2)
     2    0.01    0.09    0.38    2.96 v _7641_/COUT (sky130_fd_sc_hd__fa_2)
                                         _0000_ (net)
                  0.09    0.00    2.96 v _7640_/A (sky130_fd_sc_hd__fa_2)
     2    0.01    0.08    0.41    3.38 v _7640_/COUT (sky130_fd_sc_hd__fa_2)
                                         _0001_ (net)
                  0.08    0.00    3.38 v _5928_/A1 (sky130_fd_sc_hd__a21o_1)
     1    0.01    0.04    0.18    3.55 v _5928_/X (sky130_fd_sc_hd__a21o_1)
                                         _2341_ (net)
                  0.04    0.00    3.56 v _5929_/A2 (sky130_fd_sc_hd__a21oi_2)
     2    0.01    0.16    0.18    3.74 ^ _5929_/Y (sky130_fd_sc_hd__a21oi_2)
                                         _2342_ (net)
                  0.16    0.00    3.74 ^ _5931_/A2 (sky130_fd_sc_hd__o21ai_2)
     2    0.01    0.07    0.08    3.82 v _5931_/Y (sky130_fd_sc_hd__o21ai_2)
                                         _2344_ (net)
                  0.07    0.00    3.82 v _5935_/A2 (sky130_fd_sc_hd__a311oi_2)
     1    0.00    0.20    0.25    4.06 ^ _5935_/Y (sky130_fd_sc_hd__a311oi_2)
                                         _2348_ (net)
                  0.20    0.00    4.06 ^ place1312/A (sky130_fd_sc_hd__buf_4)
     2    0.05    0.15    0.24    4.31 ^ place1312/X (sky130_fd_sc_hd__buf_4)
                                         net1311 (net)
                  0.15    0.00    4.31 ^ _5954_/A1 (sky130_fd_sc_hd__o2111ai_4)
     2    0.01    0.14    0.15    4.46 v _5954_/Y (sky130_fd_sc_hd__o2111ai_4)
                                         _2367_ (net)
                  0.14    0.00    4.46 v _5958_/A (sky130_fd_sc_hd__nand2_2)
     2    0.01    0.09    0.12    4.57 ^ _5958_/Y (sky130_fd_sc_hd__nand2_2)
                                         _2371_ (net)
                  0.09    0.00    4.57 ^ _5963_/A2 (sky130_fd_sc_hd__o21ai_2)
     2    0.01    0.08    0.07    4.64 v _5963_/Y (sky130_fd_sc_hd__o21ai_2)
                                         _2376_ (net)
                  0.08    0.00    4.64 v _5967_/A4 (sky130_fd_sc_hd__o41ai_2)
     1    0.00    0.24    0.21    4.86 ^ _5967_/Y (sky130_fd_sc_hd__o41ai_2)
                                         _2380_ (net)
                  0.24    0.00    4.86 ^ place1258/A (sky130_fd_sc_hd__buf_4)
     2    0.01    0.05    0.17    5.03 ^ place1258/X (sky130_fd_sc_hd__buf_4)
                                         net1257 (net)
                  0.05    0.00    5.03 ^ rebuffer2100/A (sky130_fd_sc_hd__buf_6)
     1    0.01    0.04    0.09    5.12 ^ rebuffer2100/X (sky130_fd_sc_hd__buf_6)
                                         net2099 (net)
                  0.04    0.00    5.12 ^ _5973_/A3 (sky130_fd_sc_hd__o311ai_4)
     2    0.01    0.12    0.08    5.20 v _5973_/Y (sky130_fd_sc_hd__o311ai_4)
                                         _2386_ (net)
                  0.12    0.00    5.20 v _6841_/A1 (sky130_fd_sc_hd__a21o_1)
     1    0.01    0.05    0.20    5.40 v _6841_/X (sky130_fd_sc_hd__a21o_1)
                                         _3204_ (net)
                  0.05    0.00    5.40 v _6842_/A1 (sky130_fd_sc_hd__a21oi_2)
     1    0.01    0.12    0.14    5.54 ^ _6842_/Y (sky130_fd_sc_hd__a21oi_2)
                                         _3205_ (net)
                  0.12    0.00    5.54 ^ place1218/A (sky130_fd_sc_hd__buf_6)
     1    0.02    0.05    0.13    5.67 ^ place1218/X (sky130_fd_sc_hd__buf_6)
                                         net1217 (net)
                  0.05    0.00    5.67 ^ _6852_/B (sky130_fd_sc_hd__xnor2_2)
     1    0.00    0.07    0.05    5.72 v _6852_/Y (sky130_fd_sc_hd__xnor2_2)
                                         _3215_ (net)
                  0.07    0.00    5.72 v _6857_/A2 (sky130_fd_sc_hd__a31oi_1)
     1    0.01    0.23    0.24    5.96 ^ _6857_/Y (sky130_fd_sc_hd__a31oi_1)
                                         _3220_ (net)
                  0.23    0.00    5.96 ^ _6858_/B2 (sky130_fd_sc_hd__o22ai_2)
     2    0.02    0.29    0.16    6.13 v _6858_/Y (sky130_fd_sc_hd__o22ai_2)
                                         net97 (net)
                  0.29    0.00    6.13 v _7268_/B1 (sky130_fd_sc_hd__a221o_2)
     3    0.09    0.24    0.62    6.75 v _7268_/X (sky130_fd_sc_hd__a221o_2)
                                         dp.result2[0] (net)
                  0.24    0.01    6.75 v place1186/A (sky130_fd_sc_hd__buf_12)
    16    0.09    0.06    0.24    6.99 v place1186/X (sky130_fd_sc_hd__buf_12)
                                         net1185 (net)
                  0.07    0.02    7.01 v dp.rf.rf[28][0]$_DFFE_PP_/D (sky130_fd_sc_hd__edfxtp_1)
                                  7.01   data arrival time

                          5.00    5.00   clock clk (rise edge)
                          0.00    5.00   clock source latency
     1    0.07    0.00    0.00    5.00 ^ clk (in)
                                         clk (net)
                  0.00    0.00    5.00 ^ clkbuf_0_clk/A (sky130_fd_sc_hd__clkbuf_16)
     8    0.20    0.21    0.24    5.24 ^ clkbuf_0_clk/X (sky130_fd_sc_hd__clkbuf_16)
                                         clknet_0_clk (net)
                  0.21    0.01    5.24 ^ clkbuf_3_2__f_clk/A (sky130_fd_sc_hd__clkbuf_16)
    11    0.20    0.21    0.31    5.55 ^ clkbuf_3_2__f_clk/X (sky130_fd_sc_hd__clkbuf_16)
                                         clknet_3_2__leaf_clk (net)
                  0.21    0.01    5.56 ^ clkbuf_leaf_86_clk/A (sky130_fd_sc_hd__clkbuf_16)
    12    0.04    0.06    0.19    5.75 ^ clkbuf_leaf_86_clk/X (sky130_fd_sc_hd__clkbuf_16)
                                         clknet_leaf_86_clk (net)
                  0.06    0.00    5.75 ^ dp.rf.rf[28][0]$_DFFE_PP_/CLK (sky130_fd_sc_hd__edfxtp_1)
                          0.00    5.75   clock reconvergence pessimism
                         -0.25    5.50   library setup time
                                  5.50   data required time
-----------------------------------------------------------------------------
                                  5.50   data required time
                                 -7.01   data arrival time
-----------------------------------------------------------------------------
                                 -1.51   slack (VIOLATED)


Startpoint: dp.rf.rf[26][0]$_DFFE_PP_
            (rising edge-triggered flip-flop clocked by clk)
Endpoint: aluout[0] (output port clocked by vclk_clk)
Path Group: vclk_clk
Path Type: max

Fanout     Cap    Slew   Delay    Time   Description
-----------------------------------------------------------------------------
                          0.00    0.00   clock clk (rise edge)
                          0.00    0.00   clock source latency
     1    0.07    0.00    0.00    0.00 ^ clk (in)
                                         clk (net)
                  0.00    0.00    0.00 ^ clkbuf_0_clk/A (sky130_fd_sc_hd__clkbuf_16)
     8    0.20    0.21    0.24    0.24 ^ clkbuf_0_clk/X (sky130_fd_sc_hd__clkbuf_16)
                                         clknet_0_clk (net)
                  0.21    0.01    0.24 ^ clkbuf_3_2__f_clk/A (sky130_fd_sc_hd__clkbuf_16)
    11    0.20    0.21    0.31    0.55 ^ clkbuf_3_2__f_clk/X (sky130_fd_sc_hd__clkbuf_16)
                                         clknet_3_2__leaf_clk (net)
                  0.21    0.01    0.56 ^ clkbuf_leaf_88_clk/A (sky130_fd_sc_hd__clkbuf_16)
    11    0.04    0.06    0.20    0.75 ^ clkbuf_leaf_88_clk/X (sky130_fd_sc_hd__clkbuf_16)
                                         clknet_leaf_88_clk (net)
                  0.06    0.00    0.76 ^ dp.rf.rf[26][0]$_DFFE_PP_/CLK (sky130_fd_sc_hd__edfxtp_1)
     2    0.01    0.10    0.40    1.16 v dp.rf.rf[26][0]$_DFFE_PP_/Q (sky130_fd_sc_hd__edfxtp_1)
                                         dp.rf.rf[26][0] (net)
                  0.10    0.00    1.16 v _4366_/A2 (sky130_fd_sc_hd__mux4_2)
     1    0.01    0.09    0.49    1.65 v _4366_/X (sky130_fd_sc_hd__mux4_2)
                                         _0817_ (net)
                  0.09    0.00    1.65 v _4368_/A0 (sky130_fd_sc_hd__mux2i_2)
     1    0.01    0.21    0.20    1.85 ^ _4368_/Y (sky130_fd_sc_hd__mux2i_2)
                                         _0819_ (net)
                  0.21    0.00    1.85 ^ _4372_/A1 (sky130_fd_sc_hd__o221ai_2)
     2    0.01    0.23    0.17    2.02 v _4372_/Y (sky130_fd_sc_hd__o221ai_2)
                                         _0823_ (net)
                  0.23    0.00    2.02 v _6038_/B (sky130_fd_sc_hd__nand3_4)
     2    0.01    0.10    0.17    2.19 ^ _6038_/Y (sky130_fd_sc_hd__nand3_4)
                                         _2448_ (net)
                  0.10    0.00    2.19 ^ _6039_/B1 (sky130_fd_sc_hd__o31ai_4)
     2    0.01    0.11    0.09    2.28 v _6039_/Y (sky130_fd_sc_hd__o31ai_4)
                                         _2449_ (net)
                  0.11    0.00    2.28 v _7513_/A (sky130_fd_sc_hd__xnor2_1)
     2    0.01    0.17    0.21    2.49 ^ _7513_/Y (sky130_fd_sc_hd__xnor2_1)
                                         _0154_ (net)
                  0.17    0.00    2.49 ^ _7514_/A (sky130_fd_sc_hd__inv_1)
     2    0.01    0.07    0.10    2.59 v _7514_/Y (sky130_fd_sc_hd__inv_1)
                                         dp.alu.b2[0] (net)
                  0.07    0.00    2.59 v _7641_/CIN (sky130_fd_sc_hd__fa_2)
     2    0.01    0.09    0.38    2.96 v _7641_/COUT (sky130_fd_sc_hd__fa_2)
                                         _0000_ (net)
                  0.09    0.00    2.96 v _7640_/A (sky130_fd_sc_hd__fa_2)
     2    0.01    0.08    0.41    3.38 v _7640_/COUT (sky130_fd_sc_hd__fa_2)
                                         _0001_ (net)
                  0.08    0.00    3.38 v _5928_/A1 (sky130_fd_sc_hd__a21o_1)
     1    0.01    0.04    0.18    3.55 v _5928_/X (sky130_fd_sc_hd__a21o_1)
                                         _2341_ (net)
                  0.04    0.00    3.56 v _5929_/A2 (sky130_fd_sc_hd__a21oi_2)
     2    0.01    0.16    0.18    3.74 ^ _5929_/Y (sky130_fd_sc_hd__a21oi_2)
                                         _2342_ (net)
                  0.16    0.00    3.74 ^ _5931_/A2 (sky130_fd_sc_hd__o21ai_2)
     2    0.01    0.07    0.08    3.82 v _5931_/Y (sky130_fd_sc_hd__o21ai_2)
                                         _2344_ (net)
                  0.07    0.00    3.82 v _5935_/A2 (sky130_fd_sc_hd__a311oi_2)
     1    0.00    0.20    0.25    4.06 ^ _5935_/Y (sky130_fd_sc_hd__a311oi_2)
                                         _2348_ (net)
                  0.20    0.00    4.06 ^ place1312/A (sky130_fd_sc_hd__buf_4)
     2    0.05    0.15    0.24    4.31 ^ place1312/X (sky130_fd_sc_hd__buf_4)
                                         net1311 (net)
                  0.15    0.00    4.31 ^ _5954_/A1 (sky130_fd_sc_hd__o2111ai_4)
     2    0.01    0.14    0.15    4.46 v _5954_/Y (sky130_fd_sc_hd__o2111ai_4)
                                         _2367_ (net)
                  0.14    0.00    4.46 v _5958_/A (sky130_fd_sc_hd__nand2_2)
     2    0.01    0.09    0.12    4.57 ^ _5958_/Y (sky130_fd_sc_hd__nand2_2)
                                         _2371_ (net)
                  0.09    0.00    4.57 ^ _5963_/A2 (sky130_fd_sc_hd__o21ai_2)
     2    0.01    0.08    0.07    4.64 v _5963_/Y (sky130_fd_sc_hd__o21ai_2)
                                         _2376_ (net)
                  0.08    0.00    4.64 v _5967_/A4 (sky130_fd_sc_hd__o41ai_2)
     1    0.00    0.24    0.21    4.86 ^ _5967_/Y (sky130_fd_sc_hd__o41ai_2)
                                         _2380_ (net)
                  0.24    0.00    4.86 ^ place1258/A (sky130_fd_sc_hd__buf_4)
     2    0.01    0.05    0.17    5.03 ^ place1258/X (sky130_fd_sc_hd__buf_4)
                                         net1257 (net)
                  0.05    0.00    5.03 ^ rebuffer2100/A (sky130_fd_sc_hd__buf_6)
     1    0.01    0.04    0.09    5.12 ^ rebuffer2100/X (sky130_fd_sc_hd__buf_6)
                                         net2099 (net)
                  0.04    0.00    5.12 ^ _5973_/A3 (sky130_fd_sc_hd__o311ai_4)
     2    0.01    0.12    0.08    5.20 v _5973_/Y (sky130_fd_sc_hd__o311ai_4)
                                         _2386_ (net)
                  0.12    0.00    5.20 v _6841_/A1 (sky130_fd_sc_hd__a21o_1)
     1    0.01    0.05    0.20    5.40 v _6841_/X (sky130_fd_sc_hd__a21o_1)
                                         _3204_ (net)
                  0.05    0.00    5.40 v _6842_/A1 (sky130_fd_sc_hd__a21oi_2)
     1    0.01    0.12    0.14    5.54 ^ _6842_/Y (sky130_fd_sc_hd__a21oi_2)
                                         _3205_ (net)
                  0.12    0.00    5.54 ^ place1218/A (sky130_fd_sc_hd__buf_6)
     1    0.02    0.05    0.13    5.67 ^ place1218/X (sky130_fd_sc_hd__buf_6)
                                         net1217 (net)
                  0.05    0.00    5.67 ^ _6852_/B (sky130_fd_sc_hd__xnor2_2)
     1    0.00    0.11    0.10    5.77 ^ _6852_/Y (sky130_fd_sc_hd__xnor2_2)
                                         _3215_ (net)
                  0.11    0.00    5.77 ^ _6857_/A2 (sky130_fd_sc_hd__a31oi_1)
     1    0.01    0.25    0.12    5.89 v _6857_/Y (sky130_fd_sc_hd__a31oi_1)
                                         _3220_ (net)
                  0.25    0.00    5.89 v _6858_/B2 (sky130_fd_sc_hd__o22ai_2)
     2    0.02    0.37    0.31    6.20 ^ _6858_/Y (sky130_fd_sc_hd__o22ai_2)
                                         net97 (net)
                  0.37    0.00    6.20 ^ output98/A (sky130_fd_sc_hd__buf_2)
     1    0.00    0.03    0.16    6.36 ^ output98/X (sky130_fd_sc_hd__buf_2)
                                         aluout[0] (net)
                  0.03    0.00    6.36 ^ aluout[0] (out)
                                  6.36   data arrival time

                  0.00    5.00    5.00   clock vclk_clk (rise edge)
                          0.77    5.78   clock network delay (ideal)
                          0.00    5.78   clock reconvergence pessimism
                         -1.00    4.78   output external delay
                                  4.78   data required time
-----------------------------------------------------------------------------
                                  4.78   data required time
                                 -6.36   data arrival time
-----------------------------------------------------------------------------
                                 -1.59   slack (VIOLATED)



==========================================================================
finish report_checks -unconstrained
--------------------------------------------------------------------------
Startpoint: dp.rf.rf[26][0]$_DFFE_PP_
            (rising edge-triggered flip-flop clocked by clk)
Endpoint: dp.rf.rf[28][0]$_DFFE_PP_
          (rising edge-triggered flip-flop clocked by clk)
Path Group: clk
Path Type: max

Fanout     Cap    Slew   Delay    Time   Description
-----------------------------------------------------------------------------
                          0.00    0.00   clock clk (rise edge)
                          0.00    0.00   clock source latency
     1    0.07    0.00    0.00    0.00 ^ clk (in)
                                         clk (net)
                  0.00    0.00    0.00 ^ clkbuf_0_clk/A (sky130_fd_sc_hd__clkbuf_16)
     8    0.20    0.21    0.24    0.24 ^ clkbuf_0_clk/X (sky130_fd_sc_hd__clkbuf_16)
                                         clknet_0_clk (net)
                  0.21    0.01    0.24 ^ clkbuf_3_2__f_clk/A (sky130_fd_sc_hd__clkbuf_16)
    11    0.20    0.21    0.31    0.55 ^ clkbuf_3_2__f_clk/X (sky130_fd_sc_hd__clkbuf_16)
                                         clknet_3_2__leaf_clk (net)
                  0.21    0.01    0.56 ^ clkbuf_leaf_88_clk/A (sky130_fd_sc_hd__clkbuf_16)
    11    0.04    0.06    0.20    0.75 ^ clkbuf_leaf_88_clk/X (sky130_fd_sc_hd__clkbuf_16)
                                         clknet_leaf_88_clk (net)
                  0.06    0.00    0.76 ^ dp.rf.rf[26][0]$_DFFE_PP_/CLK (sky130_fd_sc_hd__edfxtp_1)
     2    0.01    0.10    0.40    1.16 v dp.rf.rf[26][0]$_DFFE_PP_/Q (sky130_fd_sc_hd__edfxtp_1)
                                         dp.rf.rf[26][0] (net)
                  0.10    0.00    1.16 v _4366_/A2 (sky130_fd_sc_hd__mux4_2)
     1    0.01    0.09    0.49    1.65 v _4366_/X (sky130_fd_sc_hd__mux4_2)
                                         _0817_ (net)
                  0.09    0.00    1.65 v _4368_/A0 (sky130_fd_sc_hd__mux2i_2)
     1    0.01    0.21    0.20    1.85 ^ _4368_/Y (sky130_fd_sc_hd__mux2i_2)
                                         _0819_ (net)
                  0.21    0.00    1.85 ^ _4372_/A1 (sky130_fd_sc_hd__o221ai_2)
     2    0.01    0.23    0.17    2.02 v _4372_/Y (sky130_fd_sc_hd__o221ai_2)
                                         _0823_ (net)
                  0.23    0.00    2.02 v _6038_/B (sky130_fd_sc_hd__nand3_4)
     2    0.01    0.10    0.17    2.19 ^ _6038_/Y (sky130_fd_sc_hd__nand3_4)
                                         _2448_ (net)
                  0.10    0.00    2.19 ^ _6039_/B1 (sky130_fd_sc_hd__o31ai_4)
     2    0.01    0.11    0.09    2.28 v _6039_/Y (sky130_fd_sc_hd__o31ai_4)
                                         _2449_ (net)
                  0.11    0.00    2.28 v _7513_/A (sky130_fd_sc_hd__xnor2_1)
     2    0.01    0.17    0.21    2.49 ^ _7513_/Y (sky130_fd_sc_hd__xnor2_1)
                                         _0154_ (net)
                  0.17    0.00    2.49 ^ _7514_/A (sky130_fd_sc_hd__inv_1)
     2    0.01    0.07    0.10    2.59 v _7514_/Y (sky130_fd_sc_hd__inv_1)
                                         dp.alu.b2[0] (net)
                  0.07    0.00    2.59 v _7641_/CIN (sky130_fd_sc_hd__fa_2)
     2    0.01    0.09    0.38    2.96 v _7641_/COUT (sky130_fd_sc_hd__fa_2)
                                         _0000_ (net)
                  0.09    0.00    2.96 v _7640_/A (sky130_fd_sc_hd__fa_2)
     2    0.01    0.08    0.41    3.38 v _7640_/COUT (sky130_fd_sc_hd__fa_2)
                                         _0001_ (net)
                  0.08    0.00    3.38 v _5928_/A1 (sky130_fd_sc_hd__a21o_1)
     1    0.01    0.04    0.18    3.55 v _5928_/X (sky130_fd_sc_hd__a21o_1)
                                         _2341_ (net)
                  0.04    0.00    3.56 v _5929_/A2 (sky130_fd_sc_hd__a21oi_2)
     2    0.01    0.16    0.18    3.74 ^ _5929_/Y (sky130_fd_sc_hd__a21oi_2)
                                         _2342_ (net)
                  0.16    0.00    3.74 ^ _5931_/A2 (sky130_fd_sc_hd__o21ai_2)
     2    0.01    0.07    0.08    3.82 v _5931_/Y (sky130_fd_sc_hd__o21ai_2)
                                         _2344_ (net)
                  0.07    0.00    3.82 v _5935_/A2 (sky130_fd_sc_hd__a311oi_2)
     1    0.00    0.20    0.25    4.06 ^ _5935_/Y (sky130_fd_sc_hd__a311oi_2)
                                         _2348_ (net)
                  0.20    0.00    4.06 ^ place1312/A (sky130_fd_sc_hd__buf_4)
     2    0.05    0.15    0.24    4.31 ^ place1312/X (sky130_fd_sc_hd__buf_4)
                                         net1311 (net)
                  0.15    0.00    4.31 ^ _5954_/A1 (sky130_fd_sc_hd__o2111ai_4)
     2    0.01    0.14    0.15    4.46 v _5954_/Y (sky130_fd_sc_hd__o2111ai_4)
                                         _2367_ (net)
                  0.14    0.00    4.46 v _5958_/A (sky130_fd_sc_hd__nand2_2)
     2    0.01    0.09    0.12    4.57 ^ _5958_/Y (sky130_fd_sc_hd__nand2_2)
                                         _2371_ (net)
                  0.09    0.00    4.57 ^ _5963_/A2 (sky130_fd_sc_hd__o21ai_2)
     2    0.01    0.08    0.07    4.64 v _5963_/Y (sky130_fd_sc_hd__o21ai_2)
                                         _2376_ (net)
                  0.08    0.00    4.64 v _5967_/A4 (sky130_fd_sc_hd__o41ai_2)
     1    0.00    0.24    0.21    4.86 ^ _5967_/Y (sky130_fd_sc_hd__o41ai_2)
                                         _2380_ (net)
                  0.24    0.00    4.86 ^ place1258/A (sky130_fd_sc_hd__buf_4)
     2    0.01    0.05    0.17    5.03 ^ place1258/X (sky130_fd_sc_hd__buf_4)
                                         net1257 (net)
                  0.05    0.00    5.03 ^ rebuffer2100/A (sky130_fd_sc_hd__buf_6)
     1    0.01    0.04    0.09    5.12 ^ rebuffer2100/X (sky130_fd_sc_hd__buf_6)
                                         net2099 (net)
                  0.04    0.00    5.12 ^ _5973_/A3 (sky130_fd_sc_hd__o311ai_4)
     2    0.01    0.12    0.08    5.20 v _5973_/Y (sky130_fd_sc_hd__o311ai_4)
                                         _2386_ (net)
                  0.12    0.00    5.20 v _6841_/A1 (sky130_fd_sc_hd__a21o_1)
     1    0.01    0.05    0.20    5.40 v _6841_/X (sky130_fd_sc_hd__a21o_1)
                                         _3204_ (net)
                  0.05    0.00    5.40 v _6842_/A1 (sky130_fd_sc_hd__a21oi_2)
     1    0.01    0.12    0.14    5.54 ^ _6842_/Y (sky130_fd_sc_hd__a21oi_2)
                                         _3205_ (net)
                  0.12    0.00    5.54 ^ place1218/A (sky130_fd_sc_hd__buf_6)
     1    0.02    0.05    0.13    5.67 ^ place1218/X (sky130_fd_sc_hd__buf_6)
                                         net1217 (net)
                  0.05    0.00    5.67 ^ _6852_/B (sky130_fd_sc_hd__xnor2_2)
     1    0.00    0.07    0.05    5.72 v _6852_/Y (sky130_fd_sc_hd__xnor2_2)
                                         _3215_ (net)
                  0.07    0.00    5.72 v _6857_/A2 (sky130_fd_sc_hd__a31oi_1)
     1    0.01    0.23    0.24    5.96 ^ _6857_/Y (sky130_fd_sc_hd__a31oi_1)
                                         _3220_ (net)
                  0.23    0.00    5.96 ^ _6858_/B2 (sky130_fd_sc_hd__o22ai_2)
     2    0.02    0.29    0.16    6.13 v _6858_/Y (sky130_fd_sc_hd__o22ai_2)
                                         net97 (net)
                  0.29    0.00    6.13 v _7268_/B1 (sky130_fd_sc_hd__a221o_2)
     3    0.09    0.24    0.62    6.75 v _7268_/X (sky130_fd_sc_hd__a221o_2)
                                         dp.result2[0] (net)
                  0.24    0.01    6.75 v place1186/A (sky130_fd_sc_hd__buf_12)
    16    0.09    0.06    0.24    6.99 v place1186/X (sky130_fd_sc_hd__buf_12)
                                         net1185 (net)
                  0.07    0.02    7.01 v dp.rf.rf[28][0]$_DFFE_PP_/D (sky130_fd_sc_hd__edfxtp_1)
                                  7.01   data arrival time

                          5.00    5.00   clock clk (rise edge)
                          0.00    5.00   clock source latency
     1    0.07    0.00    0.00    5.00 ^ clk (in)
                                         clk (net)
                  0.00    0.00    5.00 ^ clkbuf_0_clk/A (sky130_fd_sc_hd__clkbuf_16)
     8    0.20    0.21    0.24    5.24 ^ clkbuf_0_clk/X (sky130_fd_sc_hd__clkbuf_16)
                                         clknet_0_clk (net)
                  0.21    0.01    5.24 ^ clkbuf_3_2__f_clk/A (sky130_fd_sc_hd__clkbuf_16)
    11    0.20    0.21    0.31    5.55 ^ clkbuf_3_2__f_clk/X (sky130_fd_sc_hd__clkbuf_16)
                                         clknet_3_2__leaf_clk (net)
                  0.21    0.01    5.56 ^ clkbuf_leaf_86_clk/A (sky130_fd_sc_hd__clkbuf_16)
    12    0.04    0.06    0.19    5.75 ^ clkbuf_leaf_86_clk/X (sky130_fd_sc_hd__clkbuf_16)
                                         clknet_leaf_86_clk (net)
                  0.06    0.00    5.75 ^ dp.rf.rf[28][0]$_DFFE_PP_/CLK (sky130_fd_sc_hd__edfxtp_1)
                          0.00    5.75   clock reconvergence pessimism
                         -0.25    5.50   library setup time
                                  5.50   data required time
-----------------------------------------------------------------------------
                                  5.50   data required time
                                 -7.01   data arrival time
-----------------------------------------------------------------------------
                                 -1.51   slack (VIOLATED)


Startpoint: dp.rf.rf[26][0]$_DFFE_PP_
            (rising edge-triggered flip-flop clocked by clk)
Endpoint: aluout[0] (output port clocked by vclk_clk)
Path Group: vclk_clk
Path Type: max

Fanout     Cap    Slew   Delay    Time   Description
-----------------------------------------------------------------------------
                          0.00    0.00   clock clk (rise edge)
                          0.00    0.00   clock source latency
     1    0.07    0.00    0.00    0.00 ^ clk (in)
                                         clk (net)
                  0.00    0.00    0.00 ^ clkbuf_0_clk/A (sky130_fd_sc_hd__clkbuf_16)
     8    0.20    0.21    0.24    0.24 ^ clkbuf_0_clk/X (sky130_fd_sc_hd__clkbuf_16)
                                         clknet_0_clk (net)
                  0.21    0.01    0.24 ^ clkbuf_3_2__f_clk/A (sky130_fd_sc_hd__clkbuf_16)
    11    0.20    0.21    0.31    0.55 ^ clkbuf_3_2__f_clk/X (sky130_fd_sc_hd__clkbuf_16)
                                         clknet_3_2__leaf_clk (net)
                  0.21    0.01    0.56 ^ clkbuf_leaf_88_clk/A (sky130_fd_sc_hd__clkbuf_16)
    11    0.04    0.06    0.20    0.75 ^ clkbuf_leaf_88_clk/X (sky130_fd_sc_hd__clkbuf_16)
                                         clknet_leaf_88_clk (net)
                  0.06    0.00    0.76 ^ dp.rf.rf[26][0]$_DFFE_PP_/CLK (sky130_fd_sc_hd__edfxtp_1)
     2    0.01    0.10    0.40    1.16 v dp.rf.rf[26][0]$_DFFE_PP_/Q (sky130_fd_sc_hd__edfxtp_1)
                                         dp.rf.rf[26][0] (net)
                  0.10    0.00    1.16 v _4366_/A2 (sky130_fd_sc_hd__mux4_2)
     1    0.01    0.09    0.49    1.65 v _4366_/X (sky130_fd_sc_hd__mux4_2)
                                         _0817_ (net)
                  0.09    0.00    1.65 v _4368_/A0 (sky130_fd_sc_hd__mux2i_2)
     1    0.01    0.21    0.20    1.85 ^ _4368_/Y (sky130_fd_sc_hd__mux2i_2)
                                         _0819_ (net)
                  0.21    0.00    1.85 ^ _4372_/A1 (sky130_fd_sc_hd__o221ai_2)
     2    0.01    0.23    0.17    2.02 v _4372_/Y (sky130_fd_sc_hd__o221ai_2)
                                         _0823_ (net)
                  0.23    0.00    2.02 v _6038_/B (sky130_fd_sc_hd__nand3_4)
     2    0.01    0.10    0.17    2.19 ^ _6038_/Y (sky130_fd_sc_hd__nand3_4)
                                         _2448_ (net)
                  0.10    0.00    2.19 ^ _6039_/B1 (sky130_fd_sc_hd__o31ai_4)
     2    0.01    0.11    0.09    2.28 v _6039_/Y (sky130_fd_sc_hd__o31ai_4)
                                         _2449_ (net)
                  0.11    0.00    2.28 v _7513_/A (sky130_fd_sc_hd__xnor2_1)
     2    0.01    0.17    0.21    2.49 ^ _7513_/Y (sky130_fd_sc_hd__xnor2_1)
                                         _0154_ (net)
                  0.17    0.00    2.49 ^ _7514_/A (sky130_fd_sc_hd__inv_1)
     2    0.01    0.07    0.10    2.59 v _7514_/Y (sky130_fd_sc_hd__inv_1)
                                         dp.alu.b2[0] (net)
                  0.07    0.00    2.59 v _7641_/CIN (sky130_fd_sc_hd__fa_2)
     2    0.01    0.09    0.38    2.96 v _7641_/COUT (sky130_fd_sc_hd__fa_2)
                                         _0000_ (net)
                  0.09    0.00    2.96 v _7640_/A (sky130_fd_sc_hd__fa_2)
     2    0.01    0.08    0.41    3.38 v _7640_/COUT (sky130_fd_sc_hd__fa_2)
                                         _0001_ (net)
                  0.08    0.00    3.38 v _5928_/A1 (sky130_fd_sc_hd__a21o_1)
     1    0.01    0.04    0.18    3.55 v _5928_/X (sky130_fd_sc_hd__a21o_1)
                                         _2341_ (net)
                  0.04    0.00    3.56 v _5929_/A2 (sky130_fd_sc_hd__a21oi_2)
     2    0.01    0.16    0.18    3.74 ^ _5929_/Y (sky130_fd_sc_hd__a21oi_2)
                                         _2342_ (net)
                  0.16    0.00    3.74 ^ _5931_/A2 (sky130_fd_sc_hd__o21ai_2)
     2    0.01    0.07    0.08    3.82 v _5931_/Y (sky130_fd_sc_hd__o21ai_2)
                                         _2344_ (net)
                  0.07    0.00    3.82 v _5935_/A2 (sky130_fd_sc_hd__a311oi_2)
     1    0.00    0.20    0.25    4.06 ^ _5935_/Y (sky130_fd_sc_hd__a311oi_2)
                                         _2348_ (net)
                  0.20    0.00    4.06 ^ place1312/A (sky130_fd_sc_hd__buf_4)
     2    0.05    0.15    0.24    4.31 ^ place1312/X (sky130_fd_sc_hd__buf_4)
                                         net1311 (net)
                  0.15    0.00    4.31 ^ _5954_/A1 (sky130_fd_sc_hd__o2111ai_4)
     2    0.01    0.14    0.15    4.46 v _5954_/Y (sky130_fd_sc_hd__o2111ai_4)
                                         _2367_ (net)
                  0.14    0.00    4.46 v _5958_/A (sky130_fd_sc_hd__nand2_2)
     2    0.01    0.09    0.12    4.57 ^ _5958_/Y (sky130_fd_sc_hd__nand2_2)
                                         _2371_ (net)
                  0.09    0.00    4.57 ^ _5963_/A2 (sky130_fd_sc_hd__o21ai_2)
     2    0.01    0.08    0.07    4.64 v _5963_/Y (sky130_fd_sc_hd__o21ai_2)
                                         _2376_ (net)
                  0.08    0.00    4.64 v _5967_/A4 (sky130_fd_sc_hd__o41ai_2)
     1    0.00    0.24    0.21    4.86 ^ _5967_/Y (sky130_fd_sc_hd__o41ai_2)
                                         _2380_ (net)
                  0.24    0.00    4.86 ^ place1258/A (sky130_fd_sc_hd__buf_4)
     2    0.01    0.05    0.17    5.03 ^ place1258/X (sky130_fd_sc_hd__buf_4)
                                         net1257 (net)
                  0.05    0.00    5.03 ^ rebuffer2100/A (sky130_fd_sc_hd__buf_6)
     1    0.01    0.04    0.09    5.12 ^ rebuffer2100/X (sky130_fd_sc_hd__buf_6)
                                         net2099 (net)
                  0.04    0.00    5.12 ^ _5973_/A3 (sky130_fd_sc_hd__o311ai_4)
     2    0.01    0.12    0.08    5.20 v _5973_/Y (sky130_fd_sc_hd__o311ai_4)
                                         _2386_ (net)
                  0.12    0.00    5.20 v _6841_/A1 (sky130_fd_sc_hd__a21o_1)
     1    0.01    0.05    0.20    5.40 v _6841_/X (sky130_fd_sc_hd__a21o_1)
                                         _3204_ (net)
                  0.05    0.00    5.40 v _6842_/A1 (sky130_fd_sc_hd__a21oi_2)
     1    0.01    0.12    0.14    5.54 ^ _6842_/Y (sky130_fd_sc_hd__a21oi_2)
                                         _3205_ (net)
                  0.12    0.00    5.54 ^ place1218/A (sky130_fd_sc_hd__buf_6)
     1    0.02    0.05    0.13    5.67 ^ place1218/X (sky130_fd_sc_hd__buf_6)
                                         net1217 (net)
                  0.05    0.00    5.67 ^ _6852_/B (sky130_fd_sc_hd__xnor2_2)
     1    0.00    0.11    0.10    5.77 ^ _6852_/Y (sky130_fd_sc_hd__xnor2_2)
                                         _3215_ (net)
                  0.11    0.00    5.77 ^ _6857_/A2 (sky130_fd_sc_hd__a31oi_1)
     1    0.01    0.25    0.12    5.89 v _6857_/Y (sky130_fd_sc_hd__a31oi_1)
                                         _3220_ (net)
                  0.25    0.00    5.89 v _6858_/B2 (sky130_fd_sc_hd__o22ai_2)
     2    0.02    0.37    0.31    6.20 ^ _6858_/Y (sky130_fd_sc_hd__o22ai_2)
                                         net97 (net)
                  0.37    0.00    6.20 ^ output98/A (sky130_fd_sc_hd__buf_2)
     1    0.00    0.03    0.16    6.36 ^ output98/X (sky130_fd_sc_hd__buf_2)
                                         aluout[0] (net)
                  0.03    0.00    6.36 ^ aluout[0] (out)
                                  6.36   data arrival time

                  0.00    5.00    5.00   clock vclk_clk (rise edge)
                          0.77    5.78   clock network delay (ideal)
                          0.00    5.78   clock reconvergence pessimism
                         -1.00    4.78   output external delay
                                  4.78   data required time
-----------------------------------------------------------------------------
                                  4.78   data required time
                                 -6.36   data arrival time
-----------------------------------------------------------------------------
                                 -1.59   slack (VIOLATED)



==========================================================================
finish report_check_types -max_slew -max_cap -max_fanout -violators
--------------------------------------------------------------------------

==========================================================================
finish max_slew_check_slack
--------------------------------------------------------------------------
0.15668311715126038

==========================================================================
finish max_slew_check_limit
--------------------------------------------------------------------------
1.4964489936828613

==========================================================================
finish max_slew_check_slack_limit
--------------------------------------------------------------------------
0.1047

==========================================================================
finish max_fanout_check_slack
--------------------------------------------------------------------------
1.0000000150474662e+30

==========================================================================
finish max_fanout_check_limit
--------------------------------------------------------------------------
1.0000000150474662e+30

==========================================================================
finish max_capacitance_check_slack
--------------------------------------------------------------------------
0.007382169831544161

==========================================================================
finish max_capacitance_check_limit
--------------------------------------------------------------------------
0.021067000925540924

==========================================================================
finish max_capacitance_check_slack_limit
--------------------------------------------------------------------------
0.3504

==========================================================================
finish max_slew_violation_count
--------------------------------------------------------------------------
max slew violation count 0

==========================================================================
finish max_fanout_violation_count
--------------------------------------------------------------------------
max fanout violation count 0

==========================================================================
finish max_cap_violation_count
--------------------------------------------------------------------------
max cap violation count 0

==========================================================================
finish setup_violation_count
--------------------------------------------------------------------------
setup violation count 1005

==========================================================================
finish hold_violation_count
--------------------------------------------------------------------------
hold violation count 0

==========================================================================
finish report_checks -path_delay max reg to reg
--------------------------------------------------------------------------
Startpoint: dp.rf.rf[26][0]$_DFFE_PP_
            (rising edge-triggered flip-flop clocked by clk)
Endpoint: dp.rf.rf[28][0]$_DFFE_PP_
          (rising edge-triggered flip-flop clocked by clk)
Path Group: clk
Path Type: max

  Delay    Time   Description
---------------------------------------------------------
   0.00    0.00   clock clk (rise edge)
   0.00    0.00   clock source latency
   0.00    0.00 ^ clk (in)
   0.24    0.24 ^ clkbuf_0_clk/X (sky130_fd_sc_hd__clkbuf_16)
   0.31    0.55 ^ clkbuf_3_2__f_clk/X (sky130_fd_sc_hd__clkbuf_16)
   0.20    0.75 ^ clkbuf_leaf_88_clk/X (sky130_fd_sc_hd__clkbuf_16)
   0.00    0.76 ^ dp.rf.rf[26][0]$_DFFE_PP_/CLK (sky130_fd_sc_hd__edfxtp_1)
   0.40    1.16 v dp.rf.rf[26][0]$_DFFE_PP_/Q (sky130_fd_sc_hd__edfxtp_1)
   0.49    1.65 v _4366_/X (sky130_fd_sc_hd__mux4_2)
   0.20    1.85 ^ _4368_/Y (sky130_fd_sc_hd__mux2i_2)
   0.17    2.02 v _4372_/Y (sky130_fd_sc_hd__o221ai_2)
   0.17    2.19 ^ _6038_/Y (sky130_fd_sc_hd__nand3_4)
   0.09    2.28 v _6039_/Y (sky130_fd_sc_hd__o31ai_4)
   0.21    2.49 ^ _7513_/Y (sky130_fd_sc_hd__xnor2_1)
   0.10    2.59 v _7514_/Y (sky130_fd_sc_hd__inv_1)
   0.38    2.96 v _7641_/COUT (sky130_fd_sc_hd__fa_2)
   0.41    3.38 v _7640_/COUT (sky130_fd_sc_hd__fa_2)
   0.18    3.55 v _5928_/X (sky130_fd_sc_hd__a21o_1)
   0.18    3.74 ^ _5929_/Y (sky130_fd_sc_hd__a21oi_2)
   0.08    3.82 v _5931_/Y (sky130_fd_sc_hd__o21ai_2)
   0.25    4.06 ^ _5935_/Y (sky130_fd_sc_hd__a311oi_2)
   0.24    4.31 ^ place1312/X (sky130_fd_sc_hd__buf_4)
   0.15    4.46 v _5954_/Y (sky130_fd_sc_hd__o2111ai_4)
   0.12    4.57 ^ _5958_/Y (sky130_fd_sc_hd__nand2_2)
   0.07    4.64 v _5963_/Y (sky130_fd_sc_hd__o21ai_2)
   0.21    4.86 ^ _5967_/Y (sky130_fd_sc_hd__o41ai_2)
   0.17    5.03 ^ place1258/X (sky130_fd_sc_hd__buf_4)
   0.09    5.12 ^ rebuffer2100/X (sky130_fd_sc_hd__buf_6)
   0.08    5.20 v _5973_/Y (sky130_fd_sc_hd__o311ai_4)
   0.20    5.40 v _6841_/X (sky130_fd_sc_hd__a21o_1)
   0.14    5.54 ^ _6842_/Y (sky130_fd_sc_hd__a21oi_2)
   0.13    5.67 ^ place1218/X (sky130_fd_sc_hd__buf_6)
   0.06    5.72 v _6852_/Y (sky130_fd_sc_hd__xnor2_2)
   0.24    5.96 ^ _6857_/Y (sky130_fd_sc_hd__a31oi_1)
   0.16    6.13 v _6858_/Y (sky130_fd_sc_hd__o22ai_2)
   0.62    6.75 v _7268_/X (sky130_fd_sc_hd__a221o_2)
   0.24    6.99 v place1186/X (sky130_fd_sc_hd__buf_12)
   0.02    7.01 v dp.rf.rf[28][0]$_DFFE_PP_/D (sky130_fd_sc_hd__edfxtp_1)
           7.01   data arrival time

   5.00    5.00   clock clk (rise edge)
   0.00    5.00   clock source latency
   0.00    5.00 ^ clk (in)
   0.24    5.24 ^ clkbuf_0_clk/X (sky130_fd_sc_hd__clkbuf_16)
   0.31    5.55 ^ clkbuf_3_2__f_clk/X (sky130_fd_sc_hd__clkbuf_16)
   0.20    5.75 ^ clkbuf_leaf_86_clk/X (sky130_fd_sc_hd__clkbuf_16)
   0.00    5.75 ^ dp.rf.rf[28][0]$_DFFE_PP_/CLK (sky130_fd_sc_hd__edfxtp_1)
   0.00    5.75   clock reconvergence pessimism
  -0.25    5.50   library setup time
           5.50   data required time
---------------------------------------------------------
           5.50   data required time
          -7.01   data arrival time
---------------------------------------------------------
          -1.51   slack (VIOLATED)



==========================================================================
finish report_checks -path_delay min reg to reg
--------------------------------------------------------------------------
Startpoint: dp.pcreg.q[1]$_DFFE_PP0P_
            (rising edge-triggered flip-flop clocked by clk)
Endpoint: dp.pcreg.q[1]$_DFFE_PP0P_
          (rising edge-triggered flip-flop clocked by clk)
Path Group: clk
Path Type: min

  Delay    Time   Description
---------------------------------------------------------
   0.00    0.00   clock clk (rise edge)
   0.00    0.00   clock source latency
   0.00    0.00 ^ clk (in)
   0.24    0.24 ^ clkbuf_0_clk/X (sky130_fd_sc_hd__clkbuf_16)
   0.31    0.55 ^ clkbuf_3_2__f_clk/X (sky130_fd_sc_hd__clkbuf_16)
   0.21    0.76 ^ clkbuf_leaf_72_clk/X (sky130_fd_sc_hd__clkbuf_16)
   0.00    0.76 ^ dp.pcreg.q[1]$_DFFE_PP0P_/CLK (sky130_fd_sc_hd__dfrtp_1)
   0.35    1.11 ^ dp.pcreg.q[1]$_DFFE_PP0P_/Q (sky130_fd_sc_hd__dfrtp_1)
   0.14    1.24 ^ place2048/X (sky130_fd_sc_hd__buf_4)
   0.14    1.39 ^ _7549_/X (sky130_fd_sc_hd__mux2_2)
   0.00    1.39 ^ dp.pcreg.q[1]$_DFFE_PP0P_/D (sky130_fd_sc_hd__dfrtp_1)
           1.39   data arrival time

   0.00    0.00   clock clk (rise edge)
   0.00    0.00   clock source latency
   0.00    0.00 ^ clk (in)
   0.24    0.24 ^ clkbuf_0_clk/X (sky130_fd_sc_hd__clkbuf_16)
   0.31    0.55 ^ clkbuf_3_2__f_clk/X (sky130_fd_sc_hd__clkbuf_16)
   0.21    0.76 ^ clkbuf_leaf_72_clk/X (sky130_fd_sc_hd__clkbuf_16)
   0.00    0.76 ^ dp.pcreg.q[1]$_DFFE_PP0P_/CLK (sky130_fd_sc_hd__dfrtp_1)
   0.00    0.76   clock reconvergence pessimism
  -0.03    0.73   library hold time
           0.73   data required time
---------------------------------------------------------
           0.73   data required time
          -1.39   data arrival time
---------------------------------------------------------
           0.65   slack (MET)



==========================================================================
finish critical path target clock latency max path
--------------------------------------------------------------------------
0

==========================================================================
finish critical path target clock latency min path
--------------------------------------------------------------------------
0

==========================================================================
finish critical path source clock latency min path
--------------------------------------------------------------------------
0

==========================================================================
finish critical path delay
--------------------------------------------------------------------------
6.3631

==========================================================================
finish critical path slack
--------------------------------------------------------------------------
-1.5881

==========================================================================
finish slack div critical path delay
--------------------------------------------------------------------------
-24.957961

==========================================================================
finish report_power
--------------------------------------------------------------------------
Group                  Internal  Switching    Leakage      Total
                          Power      Power      Power      Power (Watts)
----------------------------------------------------------------
Sequential             1.07e-02   2.81e-04   9.79e-09   1.10e-02  37.1%
Combinational          4.47e-03   5.74e-03   1.72e-08   1.02e-02  34.6%
Clock                  4.65e-03   3.73e-03   1.75e-09   8.38e-03  28.3%
Macro                  0.00e+00   0.00e+00   0.00e+00   0.00e+00   0.0%
Pad                    0.00e+00   0.00e+00   0.00e+00   0.00e+00   0.0%
----------------------------------------------------------------
Total                  1.98e-02   9.75e-03   2.88e-08   2.96e-02 100.0%
                          67.0%      33.0%       0.0%
