
==========================================================================
finish report_tns
--------------------------------------------------------------------------
tns max 0.00

==========================================================================
finish report_wns
--------------------------------------------------------------------------
wns max 0.00

==========================================================================
finish report_worst_slack
--------------------------------------------------------------------------
worst slack max 9.22

==========================================================================
finish report_clock_min_period
--------------------------------------------------------------------------
clk period_min = 7.72 fmax = 129.55
vclk_clk period_min = 0.00 fmax = inf

==========================================================================
finish report_clock_skew
--------------------------------------------------------------------------
Clock clk
   0.80 source latency dp.rf.rf[10][30]$_DFFE_PP_/CLK ^
  -0.72 target latency dp.rf.rf[8][12]$_DFFE_PP_/CLK ^
   0.00 CRPR
--------------
   0.08 setup skew

Clock vclk_clk
No launch/capture paths found.


==========================================================================
finish report_checks -path_delay min
--------------------------------------------------------------------------
Startpoint: dp.pcreg.q[0]$_DFFE_PP0P_
            (rising edge-triggered flip-flop clocked by clk)
Endpoint: dp.pcreg.q[0]$_DFFE_PP0P_
          (rising edge-triggered flip-flop clocked by clk)
Path Group: clk
Path Type: min

Fanout     Cap    Slew   Delay    Time   Description
-----------------------------------------------------------------------------
                          0.00    0.00   clock clk (rise edge)
                          0.00    0.00   clock source latency
     1    0.07    0.00    0.00    0.00 ^ clk (in)
                                         clk (net)
                  0.00    0.00    0.00 ^ clkbuf_0_clk/A (sky130_fd_sc_hd__clkbuf_16)
     8    0.20    0.21    0.24    0.24 ^ clkbuf_0_clk/X (sky130_fd_sc_hd__clkbuf_16)
                                         clknet_0_clk (net)
                  0.21    0.00    0.24 ^ clkbuf_3_7__f_clk/A (sky130_fd_sc_hd__clkbuf_16)
    10    0.17    0.18    0.29    0.53 ^ clkbuf_3_7__f_clk/X (sky130_fd_sc_hd__clkbuf_16)
                                         clknet_3_7__leaf_clk (net)
                  0.18    0.00    0.53 ^ clkbuf_leaf_53_clk/A (sky130_fd_sc_hd__clkbuf_16)
     5    0.07    0.09    0.21    0.75 ^ clkbuf_leaf_53_clk/X (sky130_fd_sc_hd__clkbuf_16)
                                         clknet_leaf_53_clk (net)
                  0.09    0.00    0.75 ^ dp.pcreg.q[0]$_DFFE_PP0P_/CLK (sky130_fd_sc_hd__dfrtp_1)
     2    0.02    0.10    0.43    1.18 v dp.pcreg.q[0]$_DFFE_PP0P_/Q (sky130_fd_sc_hd__dfrtp_1)
                                         net131 (net)
                  0.10    0.00    1.18 v _07603_/A (sky130_fd_sc_hd__inv_1)
     3    0.01    0.09    0.11    1.30 ^ _07603_/Y (sky130_fd_sc_hd__inv_1)
                                         _00239_ (net)
                  0.09    0.00    1.30 ^ _12784_/A1 (sky130_fd_sc_hd__o21ai_1)
     1    0.00    0.04    0.08    1.37 v _12784_/Y (sky130_fd_sc_hd__o21ai_1)
                                         _00206_ (net)
                  0.04    0.00    1.37 v dp.pcreg.q[0]$_DFFE_PP0P_/D (sky130_fd_sc_hd__dfrtp_1)
                                  1.37   data arrival time

                          0.00    0.00   clock clk (rise edge)
                          0.00    0.00   clock source latency
     1    0.07    0.00    0.00    0.00 ^ clk (in)
                                         clk (net)
                  0.00    0.00    0.00 ^ clkbuf_0_clk/A (sky130_fd_sc_hd__clkbuf_16)
     8    0.20    0.21    0.24    0.24 ^ clkbuf_0_clk/X (sky130_fd_sc_hd__clkbuf_16)
                                         clknet_0_clk (net)
                  0.21    0.00    0.24 ^ clkbuf_3_7__f_clk/A (sky130_fd_sc_hd__clkbuf_16)
    10    0.17    0.18    0.29    0.53 ^ clkbuf_3_7__f_clk/X (sky130_fd_sc_hd__clkbuf_16)
                                         clknet_3_7__leaf_clk (net)
                  0.18    0.00    0.53 ^ clkbuf_leaf_53_clk/A (sky130_fd_sc_hd__clkbuf_16)
     5    0.07    0.09    0.21    0.75 ^ clkbuf_leaf_53_clk/X (sky130_fd_sc_hd__clkbuf_16)
                                         clknet_leaf_53_clk (net)
                  0.09    0.00    0.75 ^ dp.pcreg.q[0]$_DFFE_PP0P_/CLK (sky130_fd_sc_hd__dfrtp_1)
                          0.00    0.75   clock reconvergence pessimism
                         -0.03    0.72   library hold time
                                  0.72   data required time
-----------------------------------------------------------------------------
                                  0.72   data required time
                                 -1.37   data arrival time
-----------------------------------------------------------------------------
                                  0.66   slack (MET)


Startpoint: dp.pcreg.q[31]$_DFF_PP0_
            (rising edge-triggered flip-flop clocked by clk)
Endpoint: pc[31] (output port clocked by vclk_clk)
Path Group: vclk_clk
Path Type: min

Fanout     Cap    Slew   Delay    Time   Description
-----------------------------------------------------------------------------
                          0.00    0.00   clock clk (rise edge)
                          0.00    0.00   clock source latency
     1    0.07    0.00    0.00    0.00 ^ clk (in)
                                         clk (net)
                  0.00    0.00    0.00 ^ clkbuf_0_clk/A (sky130_fd_sc_hd__clkbuf_16)
     8    0.20    0.21    0.24    0.24 ^ clkbuf_0_clk/X (sky130_fd_sc_hd__clkbuf_16)
                                         clknet_0_clk (net)
                  0.21    0.01    0.24 ^ clkbuf_3_3__f_clk/A (sky130_fd_sc_hd__clkbuf_16)
    17    0.24    0.25    0.34    0.58 ^ clkbuf_3_3__f_clk/X (sky130_fd_sc_hd__clkbuf_16)
                                         clknet_3_3__leaf_clk (net)
                  0.25    0.00    0.58 ^ clkbuf_leaf_40_clk/A (sky130_fd_sc_hd__clkbuf_16)
     7    0.03    0.05    0.20    0.79 ^ clkbuf_leaf_40_clk/X (sky130_fd_sc_hd__clkbuf_16)
                                         clknet_leaf_40_clk (net)
                  0.05    0.00    0.79 ^ dp.pcreg.q[31]$_DFF_PP0_/CLK (sky130_fd_sc_hd__dfrtp_1)
     2    0.01    0.05    0.37    1.16 v dp.pcreg.q[31]$_DFF_PP0_/Q (sky130_fd_sc_hd__dfrtp_1)
                                         net155 (net)
                  0.05    0.00    1.16 v output156/A (sky130_fd_sc_hd__clkdlybuf4s50_1)
     1    0.00    0.03    0.40    1.55 v output156/X (sky130_fd_sc_hd__clkdlybuf4s50_1)
                                         pc[31] (net)
                  0.03    0.00    1.55 v pc[31] (out)
                                  1.55   data arrival time

                  0.00    0.00    0.00   clock vclk_clk (rise edge)
                          0.77    0.77   clock network delay (ideal)
                          0.00    0.77   clock reconvergence pessimism
                         -4.00   -3.22   output external delay
                                 -3.22   data required time
-----------------------------------------------------------------------------
                                 -3.22   data required time
                                 -1.55   data arrival time
-----------------------------------------------------------------------------
                                  4.78   slack (MET)



==========================================================================
finish report_checks -path_delay max
--------------------------------------------------------------------------
Startpoint: dp.rf.rf[18][0]$_DFFE_PP_
            (rising edge-triggered flip-flop clocked by clk)
Endpoint: dp.rf.rf[22][31]$_DFFE_PP_
          (rising edge-triggered flip-flop clocked by clk)
Path Group: clk
Path Type: max

Fanout     Cap    Slew   Delay    Time   Description
-----------------------------------------------------------------------------
                          0.00    0.00   clock clk (rise edge)
                          0.00    0.00   clock source latency
     1    0.07    0.00    0.00    0.00 ^ clk (in)
                                         clk (net)
                  0.00    0.00    0.00 ^ clkbuf_0_clk/A (sky130_fd_sc_hd__clkbuf_16)
     8    0.20    0.21    0.24    0.24 ^ clkbuf_0_clk/X (sky130_fd_sc_hd__clkbuf_16)
                                         clknet_0_clk (net)
                  0.21    0.01    0.24 ^ clkbuf_3_1__f_clk/A (sky130_fd_sc_hd__clkbuf_16)
    17    0.22    0.23    0.32    0.57 ^ clkbuf_3_1__f_clk/X (sky130_fd_sc_hd__clkbuf_16)
                                         clknet_3_1__leaf_clk (net)
                  0.23    0.01    0.58 ^ clkbuf_leaf_95_clk/A (sky130_fd_sc_hd__clkbuf_16)
    10    0.04    0.06    0.20    0.78 ^ clkbuf_leaf_95_clk/X (sky130_fd_sc_hd__clkbuf_16)
                                         clknet_leaf_95_clk (net)
                  0.06    0.00    0.78 ^ dp.rf.rf[18][0]$_DFFE_PP_/CLK (sky130_fd_sc_hd__edfxtp_1)
     2    0.01    0.08    0.34    1.12 ^ dp.rf.rf[18][0]$_DFFE_PP_/Q (sky130_fd_sc_hd__edfxtp_1)
                                         dp.rf.rf[18][0] (net)
                  0.08    0.00    1.12 ^ _10382_/B (sky130_fd_sc_hd__nand2_1)
     1    0.00    0.13    0.06    1.18 v _10382_/Y (sky130_fd_sc_hd__nand2_1)
                                         _03001_ (net)
                  0.13    0.00    1.18 v _10384_/A1 (sky130_fd_sc_hd__a21oi_1)
     1    0.00    0.17    0.17    1.35 ^ _10384_/Y (sky130_fd_sc_hd__a21oi_1)
                                         _03003_ (net)
                  0.17    0.00    1.35 ^ _10388_/B (sky130_fd_sc_hd__nor3_1)
     1    0.00    0.13    0.08    1.43 v _10388_/Y (sky130_fd_sc_hd__nor3_1)
                                         _03007_ (net)
                  0.13    0.00    1.43 v _10396_/A1 (sky130_fd_sc_hd__a21oi_1)
     1    0.01    0.22    0.20    1.63 ^ _10396_/Y (sky130_fd_sc_hd__a21oi_1)
                                         _03015_ (net)
                  0.22    0.00    1.63 ^ _10409_/A (sky130_fd_sc_hd__nand2_1)
     1    0.00    0.07    0.10    1.72 v _10409_/Y (sky130_fd_sc_hd__nand2_1)
                                         _03028_ (net)
                  0.07    0.00    1.72 v _10410_/A2 (sky130_fd_sc_hd__a21oi_1)
     4    0.05    1.07    0.85    2.57 ^ _10410_/Y (sky130_fd_sc_hd__a21oi_1)
                                         net164 (net)
                  1.07    0.01    2.58 ^ _12961_/A (sky130_fd_sc_hd__nand2_1)
     1    0.01    0.19    0.17    2.75 v _12961_/Y (sky130_fd_sc_hd__nand2_1)
                                         _05551_ (net)
                  0.19    0.00    2.75 v _12962_/B1 (sky130_fd_sc_hd__o21ai_2)
     1    0.01    0.13    0.12    2.87 ^ _12962_/Y (sky130_fd_sc_hd__o21ai_2)
                                         _05552_ (net)
                  0.13    0.00    2.87 ^ place550/A (sky130_fd_sc_hd__buf_4)
    32    0.13    0.35    0.35    3.23 ^ place550/X (sky130_fd_sc_hd__buf_4)
                                         net549 (net)
                  0.35    0.01    3.24 ^ _15139_/B (sky130_fd_sc_hd__xor2_1)
     2    0.01    0.22    0.23    3.47 ^ _15139_/X (sky130_fd_sc_hd__xor2_1)
                                         _00154_ (net)
                  0.22    0.00    3.47 ^ _15140_/A (sky130_fd_sc_hd__inv_1)
     2    0.01    0.08    0.11    3.58 v _15140_/Y (sky130_fd_sc_hd__inv_1)
                                         dp.alu.b2[0] (net)
                  0.08    0.00    3.58 v _15289_/CIN (sky130_fd_sc_hd__fa_1)
     2    0.01    0.11    0.43    4.01 v _15289_/COUT (sky130_fd_sc_hd__fa_1)
                                         _00000_ (net)
                  0.11    0.00    4.01 v _13216_/A (sky130_fd_sc_hd__nand3_1)
     1    0.00    0.06    0.09    4.10 ^ _13216_/Y (sky130_fd_sc_hd__nand3_1)
                                         _05801_ (net)
                  0.06    0.00    4.10 ^ _13217_/B (sky130_fd_sc_hd__nand2_1)
     2    0.01    0.08    0.09    4.19 v _13217_/Y (sky130_fd_sc_hd__nand2_1)
                                         _05802_ (net)
                  0.08    0.00    4.19 v _13221_/A1 (sky130_fd_sc_hd__a21oi_1)
     2    0.01    0.27    0.26    4.45 ^ _13221_/Y (sky130_fd_sc_hd__a21oi_1)
                                         _05806_ (net)
                  0.27    0.00    4.45 ^ _13223_/A2 (sky130_fd_sc_hd__o21ai_0)
     3    0.01    0.13    0.18    4.63 v _13223_/Y (sky130_fd_sc_hd__o21ai_0)
                                         _05808_ (net)
                  0.13    0.00    4.63 v _13227_/A1 (sky130_fd_sc_hd__a21boi_0)
     3    0.01    0.36    0.34    4.97 ^ _13227_/Y (sky130_fd_sc_hd__a21boi_0)
                                         _05812_ (net)
                  0.36    0.00    4.97 ^ _13229_/A2 (sky130_fd_sc_hd__o21ai_0)
     3    0.01    0.15    0.21    5.18 v _13229_/Y (sky130_fd_sc_hd__o21ai_0)
                                         _05814_ (net)
                  0.15    0.00    5.18 v _13233_/A1 (sky130_fd_sc_hd__a21boi_0)
     3    0.01    0.49    0.45    5.63 ^ _13233_/Y (sky130_fd_sc_hd__a21boi_0)
                                         _05818_ (net)
                  0.49    0.00    5.63 ^ _13354_/A2 (sky130_fd_sc_hd__o21ai_0)
     3    0.01    0.19    0.26    5.89 v _13354_/Y (sky130_fd_sc_hd__o21ai_0)
                                         _05936_ (net)
                  0.19    0.00    5.90 v _13357_/A (sky130_fd_sc_hd__nand3_1)
     1    0.00    0.08    0.12    6.02 ^ _13357_/Y (sky130_fd_sc_hd__nand3_1)
                                         _05939_ (net)
                  0.08    0.00    6.02 ^ _13361_/A (sky130_fd_sc_hd__nand3_1)
     3    0.01    0.15    0.15    6.16 v _13361_/Y (sky130_fd_sc_hd__nand3_1)
                                         _05943_ (net)
                  0.15    0.00    6.16 v _13364_/A1 (sky130_fd_sc_hd__a21oi_1)
     4    0.02    0.35    0.34    6.51 ^ _13364_/Y (sky130_fd_sc_hd__a21oi_1)
                                         _05946_ (net)
                  0.35    0.00    6.51 ^ _15255_/A2 (sky130_fd_sc_hd__o21ai_0)
     1    0.00    0.08    0.13    6.64 v _15255_/Y (sky130_fd_sc_hd__o21ai_0)
                                         _07532_ (net)
                  0.08    0.00    6.64 v _15256_/A (sky130_fd_sc_hd__nand2_1)
     1    0.00    0.05    0.07    6.70 ^ _15256_/Y (sky130_fd_sc_hd__nand2_1)
                                         _07533_ (net)
                  0.05    0.00    6.70 ^ _15257_/C (sky130_fd_sc_hd__nand3_1)
     1    0.00    0.08    0.07    6.78 v _15257_/Y (sky130_fd_sc_hd__nand3_1)
                                         _07534_ (net)
                  0.08    0.00    6.78 v _15261_/A (sky130_fd_sc_hd__nand3_1)
     1    0.00    0.08    0.08    6.85 ^ _15261_/Y (sky130_fd_sc_hd__nand3_1)
                                         _07538_ (net)
                  0.08    0.00    6.85 ^ _15262_/A (sky130_fd_sc_hd__nand2_1)
     2    0.01    0.11    0.07    6.93 v _15262_/Y (sky130_fd_sc_hd__nand2_1)
                                         _07539_ (net)
                  0.11    0.00    6.93 v _15280_/A (sky130_fd_sc_hd__nand3_1)
     1    0.01    0.16    0.16    7.08 ^ _15280_/Y (sky130_fd_sc_hd__nand3_1)
                                         _07556_ (net)
                  0.16    0.00    7.08 ^ _15285_/A (sky130_fd_sc_hd__nand2_1)
     1    0.01    0.07    0.10    7.18 v _15285_/Y (sky130_fd_sc_hd__nand2_1)
                                         _07561_ (net)
                  0.07    0.00    7.18 v _15286_/B (sky130_fd_sc_hd__nand2_1)
    32    0.14    1.20    0.86    8.05 ^ _15286_/Y (sky130_fd_sc_hd__nand2_1)
                                         dp.result2[31] (net)
                  1.20    0.04    8.08 ^ dp.rf.rf[22][31]$_DFFE_PP_/D (sky130_fd_sc_hd__edfxtp_1)
                                  8.08   data arrival time

                         20.00   20.00   clock clk (rise edge)
                          0.00   20.00   clock source latency
     1    0.07    0.00    0.00   20.00 ^ clk (in)
                                         clk (net)
                  0.00    0.00   20.00 ^ clkbuf_0_clk/A (sky130_fd_sc_hd__clkbuf_16)
     8    0.20    0.21    0.24   20.24 ^ clkbuf_0_clk/X (sky130_fd_sc_hd__clkbuf_16)
                                         clknet_0_clk (net)
                  0.21    0.00   20.24 ^ clkbuf_3_6__f_clk/A (sky130_fd_sc_hd__clkbuf_16)
    10    0.18    0.19    0.30   20.54 ^ clkbuf_3_6__f_clk/X (sky130_fd_sc_hd__clkbuf_16)
                                         clknet_3_6__leaf_clk (net)
                  0.19    0.00   20.54 ^ clkbuf_leaf_88_clk/A (sky130_fd_sc_hd__clkbuf_16)
    10    0.03    0.06    0.19   20.73 ^ clkbuf_leaf_88_clk/X (sky130_fd_sc_hd__clkbuf_16)
                                         clknet_leaf_88_clk (net)
                  0.06    0.00   20.73 ^ dp.rf.rf[22][31]$_DFFE_PP_/CLK (sky130_fd_sc_hd__edfxtp_1)
                          0.00   20.73   clock reconvergence pessimism
                         -0.37   20.36   library setup time
                                 20.36   data required time
-----------------------------------------------------------------------------
                                 20.36   data required time
                                 -8.08   data arrival time
-----------------------------------------------------------------------------
                                 12.28   slack (MET)


Startpoint: dp.rf.rf[18][0]$_DFFE_PP_
            (rising edge-triggered flip-flop clocked by clk)
Endpoint: aluout[27] (output port clocked by vclk_clk)
Path Group: vclk_clk
Path Type: max

Fanout     Cap    Slew   Delay    Time   Description
-----------------------------------------------------------------------------
                          0.00    0.00   clock clk (rise edge)
                          0.00    0.00   clock source latency
     1    0.07    0.00    0.00    0.00 ^ clk (in)
                                         clk (net)
                  0.00    0.00    0.00 ^ clkbuf_0_clk/A (sky130_fd_sc_hd__clkbuf_16)
     8    0.20    0.21    0.24    0.24 ^ clkbuf_0_clk/X (sky130_fd_sc_hd__clkbuf_16)
                                         clknet_0_clk (net)
                  0.21    0.01    0.24 ^ clkbuf_3_1__f_clk/A (sky130_fd_sc_hd__clkbuf_16)
    17    0.22    0.23    0.32    0.57 ^ clkbuf_3_1__f_clk/X (sky130_fd_sc_hd__clkbuf_16)
                                         clknet_3_1__leaf_clk (net)
                  0.23    0.01    0.58 ^ clkbuf_leaf_95_clk/A (sky130_fd_sc_hd__clkbuf_16)
    10    0.04    0.06    0.20    0.78 ^ clkbuf_leaf_95_clk/X (sky130_fd_sc_hd__clkbuf_16)
                                         clknet_leaf_95_clk (net)
                  0.06    0.00    0.78 ^ dp.rf.rf[18][0]$_DFFE_PP_/CLK (sky130_fd_sc_hd__edfxtp_1)
     2    0.01    0.08    0.34    1.12 ^ dp.rf.rf[18][0]$_DFFE_PP_/Q (sky130_fd_sc_hd__edfxtp_1)
                                         dp.rf.rf[18][0] (net)
                  0.08    0.00    1.12 ^ _10382_/B (sky130_fd_sc_hd__nand2_1)
     1    0.00    0.13    0.06    1.18 v _10382_/Y (sky130_fd_sc_hd__nand2_1)
                                         _03001_ (net)
                  0.13    0.00    1.18 v _10384_/A1 (sky130_fd_sc_hd__a21oi_1)
     1    0.00    0.17    0.17    1.35 ^ _10384_/Y (sky130_fd_sc_hd__a21oi_1)
                                         _03003_ (net)
                  0.17    0.00    1.35 ^ _10388_/B (sky130_fd_sc_hd__nor3_1)
     1    0.00    0.13    0.08    1.43 v _10388_/Y (sky130_fd_sc_hd__nor3_1)
                                         _03007_ (net)
                  0.13    0.00    1.43 v _10396_/A1 (sky130_fd_sc_hd__a21oi_1)
     1    0.01    0.22    0.20    1.63 ^ _10396_/Y (sky130_fd_sc_hd__a21oi_1)
                                         _03015_ (net)
                  0.22    0.00    1.63 ^ _10409_/A (sky130_fd_sc_hd__nand2_1)
     1    0.00    0.07    0.10    1.72 v _10409_/Y (sky130_fd_sc_hd__nand2_1)
                                         _03028_ (net)
                  0.07    0.00    1.72 v _10410_/A2 (sky130_fd_sc_hd__a21oi_1)
     4    0.05    1.07    0.85    2.57 ^ _10410_/Y (sky130_fd_sc_hd__a21oi_1)
                                         net164 (net)
                  1.07    0.01    2.58 ^ _12961_/A (sky130_fd_sc_hd__nand2_1)
     1    0.01    0.19    0.17    2.75 v _12961_/Y (sky130_fd_sc_hd__nand2_1)
                                         _05551_ (net)
                  0.19    0.00    2.75 v _12962_/B1 (sky130_fd_sc_hd__o21ai_2)
     1    0.01    0.13    0.12    2.87 ^ _12962_/Y (sky130_fd_sc_hd__o21ai_2)
                                         _05552_ (net)
                  0.13    0.00    2.87 ^ place550/A (sky130_fd_sc_hd__buf_4)
    32    0.13    0.35    0.35    3.23 ^ place550/X (sky130_fd_sc_hd__buf_4)
                                         net549 (net)
                  0.35    0.01    3.24 ^ _15139_/B (sky130_fd_sc_hd__xor2_1)
     2    0.01    0.22    0.23    3.47 ^ _15139_/X (sky130_fd_sc_hd__xor2_1)
                                         _00154_ (net)
                  0.22    0.00    3.47 ^ _15140_/A (sky130_fd_sc_hd__inv_1)
     2    0.01    0.08    0.11    3.58 v _15140_/Y (sky130_fd_sc_hd__inv_1)
                                         dp.alu.b2[0] (net)
                  0.08    0.00    3.58 v _15289_/CIN (sky130_fd_sc_hd__fa_1)
     2    0.01    0.11    0.43    4.01 v _15289_/COUT (sky130_fd_sc_hd__fa_1)
                                         _00000_ (net)
                  0.11    0.00    4.01 v _13216_/A (sky130_fd_sc_hd__nand3_1)
     1    0.00    0.06    0.09    4.10 ^ _13216_/Y (sky130_fd_sc_hd__nand3_1)
                                         _05801_ (net)
                  0.06    0.00    4.10 ^ _13217_/B (sky130_fd_sc_hd__nand2_1)
     2    0.01    0.08    0.09    4.19 v _13217_/Y (sky130_fd_sc_hd__nand2_1)
                                         _05802_ (net)
                  0.08    0.00    4.19 v _13221_/A1 (sky130_fd_sc_hd__a21oi_1)
     2    0.01    0.27    0.26    4.45 ^ _13221_/Y (sky130_fd_sc_hd__a21oi_1)
                                         _05806_ (net)
                  0.27    0.00    4.45 ^ _13223_/A2 (sky130_fd_sc_hd__o21ai_0)
     3    0.01    0.13    0.18    4.63 v _13223_/Y (sky130_fd_sc_hd__o21ai_0)
                                         _05808_ (net)
                  0.13    0.00    4.63 v _13227_/A1 (sky130_fd_sc_hd__a21boi_0)
     3    0.01    0.36    0.34    4.97 ^ _13227_/Y (sky130_fd_sc_hd__a21boi_0)
                                         _05812_ (net)
                  0.36    0.00    4.97 ^ _13229_/A2 (sky130_fd_sc_hd__o21ai_0)
     3    0.01    0.15    0.21    5.18 v _13229_/Y (sky130_fd_sc_hd__o21ai_0)
                                         _05814_ (net)
                  0.15    0.00    5.18 v _13233_/A1 (sky130_fd_sc_hd__a21boi_0)
     3    0.01    0.49    0.45    5.63 ^ _13233_/Y (sky130_fd_sc_hd__a21boi_0)
                                         _05818_ (net)
                  0.49    0.00    5.63 ^ _13354_/A2 (sky130_fd_sc_hd__o21ai_0)
     3    0.01    0.19    0.26    5.89 v _13354_/Y (sky130_fd_sc_hd__o21ai_0)
                                         _05936_ (net)
                  0.19    0.00    5.90 v _13357_/A (sky130_fd_sc_hd__nand3_1)
     1    0.00    0.08    0.12    6.02 ^ _13357_/Y (sky130_fd_sc_hd__nand3_1)
                                         _05939_ (net)
                  0.08    0.00    6.02 ^ _13361_/A (sky130_fd_sc_hd__nand3_1)
     3    0.01    0.15    0.15    6.16 v _13361_/Y (sky130_fd_sc_hd__nand3_1)
                                         _05943_ (net)
                  0.15    0.00    6.16 v _13364_/A1 (sky130_fd_sc_hd__a21oi_1)
     4    0.02    0.35    0.34    6.51 ^ _13364_/Y (sky130_fd_sc_hd__a21oi_1)
                                         _05946_ (net)
                  0.35    0.00    6.51 ^ _13365_/B (sky130_fd_sc_hd__nor2_1)
     1    0.00    0.06    0.06    6.57 v _13365_/Y (sky130_fd_sc_hd__nor2_1)
                                         _05947_ (net)
                  0.06    0.00    6.57 v _13367_/A1 (sky130_fd_sc_hd__o21ai_0)
     1    0.00    0.14    0.17    6.74 ^ _13367_/Y (sky130_fd_sc_hd__o21ai_0)
                                         _05949_ (net)
                  0.14    0.00    6.74 ^ _13370_/A (sky130_fd_sc_hd__nand3_1)
     1    0.00    0.06    0.08    6.81 v _13370_/Y (sky130_fd_sc_hd__nand3_1)
                                         _05952_ (net)
                  0.06    0.00    6.81 v _13371_/A2 (sky130_fd_sc_hd__o21ai_0)
     2    0.01    0.22    0.21    7.03 ^ _13371_/Y (sky130_fd_sc_hd__o21ai_0)
                                         _05953_ (net)
                  0.22    0.00    7.03 ^ _13422_/A (sky130_fd_sc_hd__nand2_1)
     1    0.00    0.07    0.09    7.11 v _13422_/Y (sky130_fd_sc_hd__nand2_1)
                                         net116 (net)
                  0.07    0.00    7.11 v output117/A (sky130_fd_sc_hd__clkdlybuf4s50_1)
     1    0.00    0.06    0.44    7.55 v output117/X (sky130_fd_sc_hd__clkdlybuf4s50_1)
                                         aluout[27] (net)
                  0.06    0.00    7.56 v aluout[27] (out)
                                  7.56   data arrival time

                  0.00   20.00   20.00   clock vclk_clk (rise edge)
                          0.77   20.77   clock network delay (ideal)
                          0.00   20.77   clock reconvergence pessimism
                         -4.00   16.77   output external delay
                                 16.77   data required time
-----------------------------------------------------------------------------
                                 16.77   data required time
                                 -7.56   data arrival time
-----------------------------------------------------------------------------
                                  9.22   slack (MET)



==========================================================================
finish report_checks -unconstrained
--------------------------------------------------------------------------
Startpoint: dp.rf.rf[18][0]$_DFFE_PP_
            (rising edge-triggered flip-flop clocked by clk)
Endpoint: dp.rf.rf[22][31]$_DFFE_PP_
          (rising edge-triggered flip-flop clocked by clk)
Path Group: clk
Path Type: max

Fanout     Cap    Slew   Delay    Time   Description
-----------------------------------------------------------------------------
                          0.00    0.00   clock clk (rise edge)
                          0.00    0.00   clock source latency
     1    0.07    0.00    0.00    0.00 ^ clk (in)
                                         clk (net)
                  0.00    0.00    0.00 ^ clkbuf_0_clk/A (sky130_fd_sc_hd__clkbuf_16)
     8    0.20    0.21    0.24    0.24 ^ clkbuf_0_clk/X (sky130_fd_sc_hd__clkbuf_16)
                                         clknet_0_clk (net)
                  0.21    0.01    0.24 ^ clkbuf_3_1__f_clk/A (sky130_fd_sc_hd__clkbuf_16)
    17    0.22    0.23    0.32    0.57 ^ clkbuf_3_1__f_clk/X (sky130_fd_sc_hd__clkbuf_16)
                                         clknet_3_1__leaf_clk (net)
                  0.23    0.01    0.58 ^ clkbuf_leaf_95_clk/A (sky130_fd_sc_hd__clkbuf_16)
    10    0.04    0.06    0.20    0.78 ^ clkbuf_leaf_95_clk/X (sky130_fd_sc_hd__clkbuf_16)
                                         clknet_leaf_95_clk (net)
                  0.06    0.00    0.78 ^ dp.rf.rf[18][0]$_DFFE_PP_/CLK (sky130_fd_sc_hd__edfxtp_1)
     2    0.01    0.08    0.34    1.12 ^ dp.rf.rf[18][0]$_DFFE_PP_/Q (sky130_fd_sc_hd__edfxtp_1)
                                         dp.rf.rf[18][0] (net)
                  0.08    0.00    1.12 ^ _10382_/B (sky130_fd_sc_hd__nand2_1)
     1    0.00    0.13    0.06    1.18 v _10382_/Y (sky130_fd_sc_hd__nand2_1)
                                         _03001_ (net)
                  0.13    0.00    1.18 v _10384_/A1 (sky130_fd_sc_hd__a21oi_1)
     1    0.00    0.17    0.17    1.35 ^ _10384_/Y (sky130_fd_sc_hd__a21oi_1)
                                         _03003_ (net)
                  0.17    0.00    1.35 ^ _10388_/B (sky130_fd_sc_hd__nor3_1)
     1    0.00    0.13    0.08    1.43 v _10388_/Y (sky130_fd_sc_hd__nor3_1)
                                         _03007_ (net)
                  0.13    0.00    1.43 v _10396_/A1 (sky130_fd_sc_hd__a21oi_1)
     1    0.01    0.22    0.20    1.63 ^ _10396_/Y (sky130_fd_sc_hd__a21oi_1)
                                         _03015_ (net)
                  0.22    0.00    1.63 ^ _10409_/A (sky130_fd_sc_hd__nand2_1)
     1    0.00    0.07    0.10    1.72 v _10409_/Y (sky130_fd_sc_hd__nand2_1)
                                         _03028_ (net)
                  0.07    0.00    1.72 v _10410_/A2 (sky130_fd_sc_hd__a21oi_1)
     4    0.05    1.07    0.85    2.57 ^ _10410_/Y (sky130_fd_sc_hd__a21oi_1)
                                         net164 (net)
                  1.07    0.01    2.58 ^ _12961_/A (sky130_fd_sc_hd__nand2_1)
     1    0.01    0.19    0.17    2.75 v _12961_/Y (sky130_fd_sc_hd__nand2_1)
                                         _05551_ (net)
                  0.19    0.00    2.75 v _12962_/B1 (sky130_fd_sc_hd__o21ai_2)
     1    0.01    0.13    0.12    2.87 ^ _12962_/Y (sky130_fd_sc_hd__o21ai_2)
                                         _05552_ (net)
                  0.13    0.00    2.87 ^ place550/A (sky130_fd_sc_hd__buf_4)
    32    0.13    0.35    0.35    3.23 ^ place550/X (sky130_fd_sc_hd__buf_4)
                                         net549 (net)
                  0.35    0.01    3.24 ^ _15139_/B (sky130_fd_sc_hd__xor2_1)
     2    0.01    0.22    0.23    3.47 ^ _15139_/X (sky130_fd_sc_hd__xor2_1)
                                         _00154_ (net)
                  0.22    0.00    3.47 ^ _15140_/A (sky130_fd_sc_hd__inv_1)
     2    0.01    0.08    0.11    3.58 v _15140_/Y (sky130_fd_sc_hd__inv_1)
                                         dp.alu.b2[0] (net)
                  0.08    0.00    3.58 v _15289_/CIN (sky130_fd_sc_hd__fa_1)
     2    0.01    0.11    0.43    4.01 v _15289_/COUT (sky130_fd_sc_hd__fa_1)
                                         _00000_ (net)
                  0.11    0.00    4.01 v _13216_/A (sky130_fd_sc_hd__nand3_1)
     1    0.00    0.06    0.09    4.10 ^ _13216_/Y (sky130_fd_sc_hd__nand3_1)
                                         _05801_ (net)
                  0.06    0.00    4.10 ^ _13217_/B (sky130_fd_sc_hd__nand2_1)
     2    0.01    0.08    0.09    4.19 v _13217_/Y (sky130_fd_sc_hd__nand2_1)
                                         _05802_ (net)
                  0.08    0.00    4.19 v _13221_/A1 (sky130_fd_sc_hd__a21oi_1)
     2    0.01    0.27    0.26    4.45 ^ _13221_/Y (sky130_fd_sc_hd__a21oi_1)
                                         _05806_ (net)
                  0.27    0.00    4.45 ^ _13223_/A2 (sky130_fd_sc_hd__o21ai_0)
     3    0.01    0.13    0.18    4.63 v _13223_/Y (sky130_fd_sc_hd__o21ai_0)
                                         _05808_ (net)
                  0.13    0.00    4.63 v _13227_/A1 (sky130_fd_sc_hd__a21boi_0)
     3    0.01    0.36    0.34    4.97 ^ _13227_/Y (sky130_fd_sc_hd__a21boi_0)
                                         _05812_ (net)
                  0.36    0.00    4.97 ^ _13229_/A2 (sky130_fd_sc_hd__o21ai_0)
     3    0.01    0.15    0.21    5.18 v _13229_/Y (sky130_fd_sc_hd__o21ai_0)
                                         _05814_ (net)
                  0.15    0.00    5.18 v _13233_/A1 (sky130_fd_sc_hd__a21boi_0)
     3    0.01    0.49    0.45    5.63 ^ _13233_/Y (sky130_fd_sc_hd__a21boi_0)
                                         _05818_ (net)
                  0.49    0.00    5.63 ^ _13354_/A2 (sky130_fd_sc_hd__o21ai_0)
     3    0.01    0.19    0.26    5.89 v _13354_/Y (sky130_fd_sc_hd__o21ai_0)
                                         _05936_ (net)
                  0.19    0.00    5.90 v _13357_/A (sky130_fd_sc_hd__nand3_1)
     1    0.00    0.08    0.12    6.02 ^ _13357_/Y (sky130_fd_sc_hd__nand3_1)
                                         _05939_ (net)
                  0.08    0.00    6.02 ^ _13361_/A (sky130_fd_sc_hd__nand3_1)
     3    0.01    0.15    0.15    6.16 v _13361_/Y (sky130_fd_sc_hd__nand3_1)
                                         _05943_ (net)
                  0.15    0.00    6.16 v _13364_/A1 (sky130_fd_sc_hd__a21oi_1)
     4    0.02    0.35    0.34    6.51 ^ _13364_/Y (sky130_fd_sc_hd__a21oi_1)
                                         _05946_ (net)
                  0.35    0.00    6.51 ^ _15255_/A2 (sky130_fd_sc_hd__o21ai_0)
     1    0.00    0.08    0.13    6.64 v _15255_/Y (sky130_fd_sc_hd__o21ai_0)
                                         _07532_ (net)
                  0.08    0.00    6.64 v _15256_/A (sky130_fd_sc_hd__nand2_1)
     1    0.00    0.05    0.07    6.70 ^ _15256_/Y (sky130_fd_sc_hd__nand2_1)
                                         _07533_ (net)
                  0.05    0.00    6.70 ^ _15257_/C (sky130_fd_sc_hd__nand3_1)
     1    0.00    0.08    0.07    6.78 v _15257_/Y (sky130_fd_sc_hd__nand3_1)
                                         _07534_ (net)
                  0.08    0.00    6.78 v _15261_/A (sky130_fd_sc_hd__nand3_1)
     1    0.00    0.08    0.08    6.85 ^ _15261_/Y (sky130_fd_sc_hd__nand3_1)
                                         _07538_ (net)
                  0.08    0.00    6.85 ^ _15262_/A (sky130_fd_sc_hd__nand2_1)
     2    0.01    0.11    0.07    6.93 v _15262_/Y (sky130_fd_sc_hd__nand2_1)
                                         _07539_ (net)
                  0.11    0.00    6.93 v _15280_/A (sky130_fd_sc_hd__nand3_1)
     1    0.01    0.16    0.16    7.08 ^ _15280_/Y (sky130_fd_sc_hd__nand3_1)
                                         _07556_ (net)
                  0.16    0.00    7.08 ^ _15285_/A (sky130_fd_sc_hd__nand2_1)
     1    0.01    0.07    0.10    7.18 v _15285_/Y (sky130_fd_sc_hd__nand2_1)
                                         _07561_ (net)
                  0.07    0.00    7.18 v _15286_/B (sky130_fd_sc_hd__nand2_1)
    32    0.14    1.20    0.86    8.05 ^ _15286_/Y (sky130_fd_sc_hd__nand2_1)
                                         dp.result2[31] (net)
                  1.20    0.04    8.08 ^ dp.rf.rf[22][31]$_DFFE_PP_/D (sky130_fd_sc_hd__edfxtp_1)
                                  8.08   data arrival time

                         20.00   20.00   clock clk (rise edge)
                          0.00   20.00   clock source latency
     1    0.07    0.00    0.00   20.00 ^ clk (in)
                                         clk (net)
                  0.00    0.00   20.00 ^ clkbuf_0_clk/A (sky130_fd_sc_hd__clkbuf_16)
     8    0.20    0.21    0.24   20.24 ^ clkbuf_0_clk/X (sky130_fd_sc_hd__clkbuf_16)
                                         clknet_0_clk (net)
                  0.21    0.00   20.24 ^ clkbuf_3_6__f_clk/A (sky130_fd_sc_hd__clkbuf_16)
    10    0.18    0.19    0.30   20.54 ^ clkbuf_3_6__f_clk/X (sky130_fd_sc_hd__clkbuf_16)
                                         clknet_3_6__leaf_clk (net)
                  0.19    0.00   20.54 ^ clkbuf_leaf_88_clk/A (sky130_fd_sc_hd__clkbuf_16)
    10    0.03    0.06    0.19   20.73 ^ clkbuf_leaf_88_clk/X (sky130_fd_sc_hd__clkbuf_16)
                                         clknet_leaf_88_clk (net)
                  0.06    0.00   20.73 ^ dp.rf.rf[22][31]$_DFFE_PP_/CLK (sky130_fd_sc_hd__edfxtp_1)
                          0.00   20.73   clock reconvergence pessimism
                         -0.37   20.36   library setup time
                                 20.36   data required time
-----------------------------------------------------------------------------
                                 20.36   data required time
                                 -8.08   data arrival time
-----------------------------------------------------------------------------
                                 12.28   slack (MET)


Startpoint: dp.rf.rf[18][0]$_DFFE_PP_
            (rising edge-triggered flip-flop clocked by clk)
Endpoint: aluout[27] (output port clocked by vclk_clk)
Path Group: vclk_clk
Path Type: max

Fanout     Cap    Slew   Delay    Time   Description
-----------------------------------------------------------------------------
                          0.00    0.00   clock clk (rise edge)
                          0.00    0.00   clock source latency
     1    0.07    0.00    0.00    0.00 ^ clk (in)
                                         clk (net)
                  0.00    0.00    0.00 ^ clkbuf_0_clk/A (sky130_fd_sc_hd__clkbuf_16)
     8    0.20    0.21    0.24    0.24 ^ clkbuf_0_clk/X (sky130_fd_sc_hd__clkbuf_16)
                                         clknet_0_clk (net)
                  0.21    0.01    0.24 ^ clkbuf_3_1__f_clk/A (sky130_fd_sc_hd__clkbuf_16)
    17    0.22    0.23    0.32    0.57 ^ clkbuf_3_1__f_clk/X (sky130_fd_sc_hd__clkbuf_16)
                                         clknet_3_1__leaf_clk (net)
                  0.23    0.01    0.58 ^ clkbuf_leaf_95_clk/A (sky130_fd_sc_hd__clkbuf_16)
    10    0.04    0.06    0.20    0.78 ^ clkbuf_leaf_95_clk/X (sky130_fd_sc_hd__clkbuf_16)
                                         clknet_leaf_95_clk (net)
                  0.06    0.00    0.78 ^ dp.rf.rf[18][0]$_DFFE_PP_/CLK (sky130_fd_sc_hd__edfxtp_1)
     2    0.01    0.08    0.34    1.12 ^ dp.rf.rf[18][0]$_DFFE_PP_/Q (sky130_fd_sc_hd__edfxtp_1)
                                         dp.rf.rf[18][0] (net)
                  0.08    0.00    1.12 ^ _10382_/B (sky130_fd_sc_hd__nand2_1)
     1    0.00    0.13    0.06    1.18 v _10382_/Y (sky130_fd_sc_hd__nand2_1)
                                         _03001_ (net)
                  0.13    0.00    1.18 v _10384_/A1 (sky130_fd_sc_hd__a21oi_1)
     1    0.00    0.17    0.17    1.35 ^ _10384_/Y (sky130_fd_sc_hd__a21oi_1)
                                         _03003_ (net)
                  0.17    0.00    1.35 ^ _10388_/B (sky130_fd_sc_hd__nor3_1)
     1    0.00    0.13    0.08    1.43 v _10388_/Y (sky130_fd_sc_hd__nor3_1)
                                         _03007_ (net)
                  0.13    0.00    1.43 v _10396_/A1 (sky130_fd_sc_hd__a21oi_1)
     1    0.01    0.22    0.20    1.63 ^ _10396_/Y (sky130_fd_sc_hd__a21oi_1)
                                         _03015_ (net)
                  0.22    0.00    1.63 ^ _10409_/A (sky130_fd_sc_hd__nand2_1)
     1    0.00    0.07    0.10    1.72 v _10409_/Y (sky130_fd_sc_hd__nand2_1)
                                         _03028_ (net)
                  0.07    0.00    1.72 v _10410_/A2 (sky130_fd_sc_hd__a21oi_1)
     4    0.05    1.07    0.85    2.57 ^ _10410_/Y (sky130_fd_sc_hd__a21oi_1)
                                         net164 (net)
                  1.07    0.01    2.58 ^ _12961_/A (sky130_fd_sc_hd__nand2_1)
     1    0.01    0.19    0.17    2.75 v _12961_/Y (sky130_fd_sc_hd__nand2_1)
                                         _05551_ (net)
                  0.19    0.00    2.75 v _12962_/B1 (sky130_fd_sc_hd__o21ai_2)
     1    0.01    0.13    0.12    2.87 ^ _12962_/Y (sky130_fd_sc_hd__o21ai_2)
                                         _05552_ (net)
                  0.13    0.00    2.87 ^ place550/A (sky130_fd_sc_hd__buf_4)
    32    0.13    0.35    0.35    3.23 ^ place550/X (sky130_fd_sc_hd__buf_4)
                                         net549 (net)
                  0.35    0.01    3.24 ^ _15139_/B (sky130_fd_sc_hd__xor2_1)
     2    0.01    0.22    0.23    3.47 ^ _15139_/X (sky130_fd_sc_hd__xor2_1)
                                         _00154_ (net)
                  0.22    0.00    3.47 ^ _15140_/A (sky130_fd_sc_hd__inv_1)
     2    0.01    0.08    0.11    3.58 v _15140_/Y (sky130_fd_sc_hd__inv_1)
                                         dp.alu.b2[0] (net)
                  0.08    0.00    3.58 v _15289_/CIN (sky130_fd_sc_hd__fa_1)
     2    0.01    0.11    0.43    4.01 v _15289_/COUT (sky130_fd_sc_hd__fa_1)
                                         _00000_ (net)
                  0.11    0.00    4.01 v _13216_/A (sky130_fd_sc_hd__nand3_1)
     1    0.00    0.06    0.09    4.10 ^ _13216_/Y (sky130_fd_sc_hd__nand3_1)
                                         _05801_ (net)
                  0.06    0.00    4.10 ^ _13217_/B (sky130_fd_sc_hd__nand2_1)
     2    0.01    0.08    0.09    4.19 v _13217_/Y (sky130_fd_sc_hd__nand2_1)
                                         _05802_ (net)
                  0.08    0.00    4.19 v _13221_/A1 (sky130_fd_sc_hd__a21oi_1)
     2    0.01    0.27    0.26    4.45 ^ _13221_/Y (sky130_fd_sc_hd__a21oi_1)
                                         _05806_ (net)
                  0.27    0.00    4.45 ^ _13223_/A2 (sky130_fd_sc_hd__o21ai_0)
     3    0.01    0.13    0.18    4.63 v _13223_/Y (sky130_fd_sc_hd__o21ai_0)
                                         _05808_ (net)
                  0.13    0.00    4.63 v _13227_/A1 (sky130_fd_sc_hd__a21boi_0)
     3    0.01    0.36    0.34    4.97 ^ _13227_/Y (sky130_fd_sc_hd__a21boi_0)
                                         _05812_ (net)
                  0.36    0.00    4.97 ^ _13229_/A2 (sky130_fd_sc_hd__o21ai_0)
     3    0.01    0.15    0.21    5.18 v _13229_/Y (sky130_fd_sc_hd__o21ai_0)
                                         _05814_ (net)
                  0.15    0.00    5.18 v _13233_/A1 (sky130_fd_sc_hd__a21boi_0)
     3    0.01    0.49    0.45    5.63 ^ _13233_/Y (sky130_fd_sc_hd__a21boi_0)
                                         _05818_ (net)
                  0.49    0.00    5.63 ^ _13354_/A2 (sky130_fd_sc_hd__o21ai_0)
     3    0.01    0.19    0.26    5.89 v _13354_/Y (sky130_fd_sc_hd__o21ai_0)
                                         _05936_ (net)
                  0.19    0.00    5.90 v _13357_/A (sky130_fd_sc_hd__nand3_1)
     1    0.00    0.08    0.12    6.02 ^ _13357_/Y (sky130_fd_sc_hd__nand3_1)
                                         _05939_ (net)
                  0.08    0.00    6.02 ^ _13361_/A (sky130_fd_sc_hd__nand3_1)
     3    0.01    0.15    0.15    6.16 v _13361_/Y (sky130_fd_sc_hd__nand3_1)
                                         _05943_ (net)
                  0.15    0.00    6.16 v _13364_/A1 (sky130_fd_sc_hd__a21oi_1)
     4    0.02    0.35    0.34    6.51 ^ _13364_/Y (sky130_fd_sc_hd__a21oi_1)
                                         _05946_ (net)
                  0.35    0.00    6.51 ^ _13365_/B (sky130_fd_sc_hd__nor2_1)
     1    0.00    0.06    0.06    6.57 v _13365_/Y (sky130_fd_sc_hd__nor2_1)
                                         _05947_ (net)
                  0.06    0.00    6.57 v _13367_/A1 (sky130_fd_sc_hd__o21ai_0)
     1    0.00    0.14    0.17    6.74 ^ _13367_/Y (sky130_fd_sc_hd__o21ai_0)
                                         _05949_ (net)
                  0.14    0.00    6.74 ^ _13370_/A (sky130_fd_sc_hd__nand3_1)
     1    0.00    0.06    0.08    6.81 v _13370_/Y (sky130_fd_sc_hd__nand3_1)
                                         _05952_ (net)
                  0.06    0.00    6.81 v _13371_/A2 (sky130_fd_sc_hd__o21ai_0)
     2    0.01    0.22    0.21    7.03 ^ _13371_/Y (sky130_fd_sc_hd__o21ai_0)
                                         _05953_ (net)
                  0.22    0.00    7.03 ^ _13422_/A (sky130_fd_sc_hd__nand2_1)
     1    0.00    0.07    0.09    7.11 v _13422_/Y (sky130_fd_sc_hd__nand2_1)
                                         net116 (net)
                  0.07    0.00    7.11 v output117/A (sky130_fd_sc_hd__clkdlybuf4s50_1)
     1    0.00    0.06    0.44    7.55 v output117/X (sky130_fd_sc_hd__clkdlybuf4s50_1)
                                         aluout[27] (net)
                  0.06    0.00    7.56 v aluout[27] (out)
                                  7.56   data arrival time

                  0.00   20.00   20.00   clock vclk_clk (rise edge)
                          0.77   20.77   clock network delay (ideal)
                          0.00   20.77   clock reconvergence pessimism
                         -4.00   16.77   output external delay
                                 16.77   data required time
-----------------------------------------------------------------------------
                                 16.77   data required time
                                 -7.56   data arrival time
-----------------------------------------------------------------------------
                                  9.22   slack (MET)



==========================================================================
finish report_check_types -max_slew -max_cap -max_fanout -violators
--------------------------------------------------------------------------

==========================================================================
finish max_slew_check_slack
--------------------------------------------------------------------------
0.21791669726371765

==========================================================================
finish max_slew_check_limit
--------------------------------------------------------------------------
1.5

==========================================================================
finish max_slew_check_slack_limit
--------------------------------------------------------------------------
0.1453

==========================================================================
finish max_fanout_check_slack
--------------------------------------------------------------------------
1.0000000150474662e+30

==========================================================================
finish max_fanout_check_limit
--------------------------------------------------------------------------
1.0000000150474662e+30

==========================================================================
finish max_capacitance_check_slack
--------------------------------------------------------------------------
0.008691281080245972

==========================================================================
finish max_capacitance_check_limit
--------------------------------------------------------------------------
0.021067000925540924

==========================================================================
finish max_capacitance_check_slack_limit
--------------------------------------------------------------------------
0.4126

==========================================================================
finish max_slew_violation_count
--------------------------------------------------------------------------
max slew violation count 0

==========================================================================
finish max_fanout_violation_count
--------------------------------------------------------------------------
max fanout violation count 0

==========================================================================
finish max_cap_violation_count
--------------------------------------------------------------------------
max cap violation count 0

==========================================================================
finish setup_violation_count
--------------------------------------------------------------------------
setup violation count 0

==========================================================================
finish hold_violation_count
--------------------------------------------------------------------------
hold violation count 0

==========================================================================
finish report_checks -path_delay max reg to reg
--------------------------------------------------------------------------
Startpoint: dp.rf.rf[18][0]$_DFFE_PP_
            (rising edge-triggered flip-flop clocked by clk)
Endpoint: dp.rf.rf[22][31]$_DFFE_PP_
          (rising edge-triggered flip-flop clocked by clk)
Path Group: clk
Path Type: max

  Delay    Time   Description
---------------------------------------------------------
   0.00    0.00   clock clk (rise edge)
   0.00    0.00   clock source latency
   0.00    0.00 ^ clk (in)
   0.24    0.24 ^ clkbuf_0_clk/X (sky130_fd_sc_hd__clkbuf_16)
   0.33    0.57 ^ clkbuf_3_1__f_clk/X (sky130_fd_sc_hd__clkbuf_16)
   0.21    0.78 ^ clkbuf_leaf_95_clk/X (sky130_fd_sc_hd__clkbuf_16)
   0.00    0.78 ^ dp.rf.rf[18][0]$_DFFE_PP_/CLK (sky130_fd_sc_hd__edfxtp_1)
   0.34    1.12 ^ dp.rf.rf[18][0]$_DFFE_PP_/Q (sky130_fd_sc_hd__edfxtp_1)
   0.06    1.18 v _10382_/Y (sky130_fd_sc_hd__nand2_1)
   0.17    1.35 ^ _10384_/Y (sky130_fd_sc_hd__a21oi_1)
   0.08    1.43 v _10388_/Y (sky130_fd_sc_hd__nor3_1)
   0.20    1.63 ^ _10396_/Y (sky130_fd_sc_hd__a21oi_1)
   0.10    1.72 v _10409_/Y (sky130_fd_sc_hd__nand2_1)
   0.85    2.57 ^ _10410_/Y (sky130_fd_sc_hd__a21oi_1)
   0.17    2.75 v _12961_/Y (sky130_fd_sc_hd__nand2_1)
   0.12    2.87 ^ _12962_/Y (sky130_fd_sc_hd__o21ai_2)
   0.35    3.23 ^ place550/X (sky130_fd_sc_hd__buf_4)
   0.24    3.47 ^ _15139_/X (sky130_fd_sc_hd__xor2_1)
   0.11    3.58 v _15140_/Y (sky130_fd_sc_hd__inv_1)
   0.43    4.01 v _15289_/COUT (sky130_fd_sc_hd__fa_1)
   0.09    4.10 ^ _13216_/Y (sky130_fd_sc_hd__nand3_1)
   0.09    4.19 v _13217_/Y (sky130_fd_sc_hd__nand2_1)
   0.26    4.45 ^ _13221_/Y (sky130_fd_sc_hd__a21oi_1)
   0.18    4.63 v _13223_/Y (sky130_fd_sc_hd__o21ai_0)
   0.34    4.97 ^ _13227_/Y (sky130_fd_sc_hd__a21boi_0)
   0.21    5.18 v _13229_/Y (sky130_fd_sc_hd__o21ai_0)
   0.45    5.63 ^ _13233_/Y (sky130_fd_sc_hd__a21boi_0)
   0.27    5.89 v _13354_/Y (sky130_fd_sc_hd__o21ai_0)
   0.12    6.02 ^ _13357_/Y (sky130_fd_sc_hd__nand3_1)
   0.15    6.16 v _13361_/Y (sky130_fd_sc_hd__nand3_1)
   0.34    6.51 ^ _13364_/Y (sky130_fd_sc_hd__a21oi_1)
   0.13    6.64 v _15255_/Y (sky130_fd_sc_hd__o21ai_0)
   0.07    6.70 ^ _15256_/Y (sky130_fd_sc_hd__nand2_1)
   0.07    6.78 v _15257_/Y (sky130_fd_sc_hd__nand3_1)
   0.08    6.85 ^ _15261_/Y (sky130_fd_sc_hd__nand3_1)
   0.07    6.93 v _15262_/Y (sky130_fd_sc_hd__nand2_1)
   0.16    7.08 ^ _15280_/Y (sky130_fd_sc_hd__nand3_1)
   0.10    7.18 v _15285_/Y (sky130_fd_sc_hd__nand2_1)
   0.86    8.05 ^ _15286_/Y (sky130_fd_sc_hd__nand2_1)
   0.04    8.08 ^ dp.rf.rf[22][31]$_DFFE_PP_/D (sky130_fd_sc_hd__edfxtp_1)
           8.08   data arrival time

  20.00   20.00   clock clk (rise edge)
   0.00   20.00   clock source latency
   0.00   20.00 ^ clk (in)
   0.24   20.24 ^ clkbuf_0_clk/X (sky130_fd_sc_hd__clkbuf_16)
   0.30   20.54 ^ clkbuf_3_6__f_clk/X (sky130_fd_sc_hd__clkbuf_16)
   0.19   20.73 ^ clkbuf_leaf_88_clk/X (sky130_fd_sc_hd__clkbuf_16)
   0.00   20.73 ^ dp.rf.rf[22][31]$_DFFE_PP_/CLK (sky130_fd_sc_hd__edfxtp_1)
   0.00   20.73   clock reconvergence pessimism
  -0.37   20.36   library setup time
          20.36   data required time
---------------------------------------------------------
          20.36   data required time
          -8.08   data arrival time
---------------------------------------------------------
          12.28   slack (MET)



==========================================================================
finish report_checks -path_delay min reg to reg
--------------------------------------------------------------------------
Startpoint: dp.pcreg.q[0]$_DFFE_PP0P_
            (rising edge-triggered flip-flop clocked by clk)
Endpoint: dp.pcreg.q[0]$_DFFE_PP0P_
          (rising edge-triggered flip-flop clocked by clk)
Path Group: clk
Path Type: min

  Delay    Time   Description
---------------------------------------------------------
   0.00    0.00   clock clk (rise edge)
   0.00    0.00   clock source latency
   0.00    0.00 ^ clk (in)
   0.24    0.24 ^ clkbuf_0_clk/X (sky130_fd_sc_hd__clkbuf_16)
   0.29    0.53 ^ clkbuf_3_7__f_clk/X (sky130_fd_sc_hd__clkbuf_16)
   0.22    0.75 ^ clkbuf_leaf_53_clk/X (sky130_fd_sc_hd__clkbuf_16)
   0.00    0.75 ^ dp.pcreg.q[0]$_DFFE_PP0P_/CLK (sky130_fd_sc_hd__dfrtp_1)
   0.43    1.18 v dp.pcreg.q[0]$_DFFE_PP0P_/Q (sky130_fd_sc_hd__dfrtp_1)
   0.11    1.30 ^ _07603_/Y (sky130_fd_sc_hd__inv_1)
   0.08    1.37 v _12784_/Y (sky130_fd_sc_hd__o21ai_1)
   0.00    1.37 v dp.pcreg.q[0]$_DFFE_PP0P_/D (sky130_fd_sc_hd__dfrtp_1)
           1.37   data arrival time

   0.00    0.00   clock clk (rise edge)
   0.00    0.00   clock source latency
   0.00    0.00 ^ clk (in)
   0.24    0.24 ^ clkbuf_0_clk/X (sky130_fd_sc_hd__clkbuf_16)
   0.29    0.53 ^ clkbuf_3_7__f_clk/X (sky130_fd_sc_hd__clkbuf_16)
   0.22    0.75 ^ clkbuf_leaf_53_clk/X (sky130_fd_sc_hd__clkbuf_16)
   0.00    0.75 ^ dp.pcreg.q[0]$_DFFE_PP0P_/CLK (sky130_fd_sc_hd__dfrtp_1)
   0.00    0.75   clock reconvergence pessimism
  -0.03    0.72   library hold time
           0.72   data required time
---------------------------------------------------------
           0.72   data required time
          -1.37   data arrival time
---------------------------------------------------------
           0.66   slack (MET)



==========================================================================
finish critical path target clock latency max path
--------------------------------------------------------------------------
0

==========================================================================
finish critical path target clock latency min path
--------------------------------------------------------------------------
0

==========================================================================
finish critical path source clock latency min path
--------------------------------------------------------------------------
0

==========================================================================
finish critical path delay
--------------------------------------------------------------------------
7.5551

==========================================================================
finish critical path slack
--------------------------------------------------------------------------
9.2199

==========================================================================
finish slack div critical path delay
--------------------------------------------------------------------------
122.035446

==========================================================================
finish report_power
--------------------------------------------------------------------------
Group                  Internal  Switching    Leakage      Total
                          Power      Power      Power      Power (Watts)
----------------------------------------------------------------
Sequential             2.66e-03   7.68e-05   9.79e-09   2.74e-03  41.1%
Combinational          4.97e-04   1.28e-03   2.04e-08   1.78e-03  26.6%
Clock                  1.20e-03   9.55e-04   1.82e-09   2.15e-03  32.3%
Macro                  0.00e+00   0.00e+00   0.00e+00   0.00e+00   0.0%
Pad                    0.00e+00   0.00e+00   0.00e+00   0.00e+00   0.0%
----------------------------------------------------------------
Total                  4.36e-03   2.31e-03   3.20e-08   6.67e-03 100.0%
                          65.4%      34.6%       0.0%
