
==========================================================================
finish report_tns
--------------------------------------------------------------------------
tns max 0.00

==========================================================================
finish report_wns
--------------------------------------------------------------------------
wns max 0.00

==========================================================================
finish report_worst_slack
--------------------------------------------------------------------------
worst slack max 0.48

==========================================================================
finish report_clock_min_period
--------------------------------------------------------------------------
clk period_min = 6.43 fmax = 155.41
vclk_clk period_min = 0.00 fmax = inf

==========================================================================
finish report_clock_skew
--------------------------------------------------------------------------
Clock clk
   0.81 source latency dp.rf.rf[10][6]$_DFFE_PP_/CLK ^
  -0.71 target latency dp.pcreg.q[25]$_DFF_PP0_/CLK ^
   0.00 CRPR
--------------
   0.10 setup skew

Clock vclk_clk
No launch/capture paths found.


==========================================================================
finish report_checks -path_delay min
--------------------------------------------------------------------------
Startpoint: dp.pcreg.q[31]$_DFF_PP0_
            (rising edge-triggered flip-flop clocked by clk)
Endpoint: dp.pcreg.q[31]$_DFF_PP0_
          (rising edge-triggered flip-flop clocked by clk)
Path Group: clk
Path Type: min

Fanout     Cap    Slew   Delay    Time   Description
-----------------------------------------------------------------------------
                          0.00    0.00   clock clk (rise edge)
                          0.00    0.00   clock source latency
     1    0.06    0.00    0.00    0.00 ^ clk (in)
                                         clk (net)
                  0.00    0.00    0.00 ^ clkbuf_0_clk/A (sky130_fd_sc_hd__clkbuf_16)
     8    0.20    0.21    0.24    0.24 ^ clkbuf_0_clk/X (sky130_fd_sc_hd__clkbuf_16)
                                         clknet_0_clk (net)
                  0.21    0.01    0.25 ^ clkbuf_3_7__f_clk/A (sky130_fd_sc_hd__clkbuf_16)
     9    0.16    0.17    0.28    0.53 ^ clkbuf_3_7__f_clk/X (sky130_fd_sc_hd__clkbuf_16)
                                         clknet_3_7__leaf_clk (net)
                  0.17    0.00    0.53 ^ clkbuf_leaf_53_clk/A (sky130_fd_sc_hd__clkbuf_16)
     5    0.04    0.06    0.18    0.72 ^ clkbuf_leaf_53_clk/X (sky130_fd_sc_hd__clkbuf_16)
                                         clknet_leaf_53_clk (net)
                  0.06    0.00    0.72 ^ dp.pcreg.q[31]$_DFF_PP0_/CLK (sky130_fd_sc_hd__dfrtp_1)
     3    0.01    0.11    0.38    1.09 ^ dp.pcreg.q[31]$_DFF_PP0_/Q (sky130_fd_sc_hd__dfrtp_1)
                                         net155 (net)
                  0.11    0.00    1.09 ^ _16836_/B (sky130_fd_sc_hd__nand2_1)
     1    0.00    0.03    0.06    1.16 v _16836_/Y (sky130_fd_sc_hd__nand2_1)
                                         _00289_ (net)
                  0.03    0.00    1.16 v _16838_/A (sky130_fd_sc_hd__nand2_1)
     2    0.01    0.07    0.07    1.23 ^ _16838_/Y (sky130_fd_sc_hd__nand2_1)
                                         _00291_ (net)
                  0.07    0.00    1.23 ^ _16839_/B (sky130_fd_sc_hd__nand2_1)
     1    0.00    0.03    0.05    1.28 v _16839_/Y (sky130_fd_sc_hd__nand2_1)
                                         _00292_ (net)
                  0.03    0.00    1.28 v _16840_/B1 (sky130_fd_sc_hd__o21ai_1)
     1    0.00    0.07    0.06    1.34 ^ _16840_/Y (sky130_fd_sc_hd__o21ai_1)
                                         dp.ISRmux.d0[31] (net)
                  0.07    0.00    1.34 ^ dp.pcreg.q[31]$_DFF_PP0_/D (sky130_fd_sc_hd__dfrtp_1)
                                  1.34   data arrival time

                          0.00    0.00   clock clk (rise edge)
                          0.00    0.00   clock source latency
     1    0.06    0.00    0.00    0.00 ^ clk (in)
                                         clk (net)
                  0.00    0.00    0.00 ^ clkbuf_0_clk/A (sky130_fd_sc_hd__clkbuf_16)
     8    0.20    0.21    0.24    0.24 ^ clkbuf_0_clk/X (sky130_fd_sc_hd__clkbuf_16)
                                         clknet_0_clk (net)
                  0.21    0.01    0.25 ^ clkbuf_3_7__f_clk/A (sky130_fd_sc_hd__clkbuf_16)
     9    0.16    0.17    0.28    0.53 ^ clkbuf_3_7__f_clk/X (sky130_fd_sc_hd__clkbuf_16)
                                         clknet_3_7__leaf_clk (net)
                  0.17    0.00    0.53 ^ clkbuf_leaf_53_clk/A (sky130_fd_sc_hd__clkbuf_16)
     5    0.04    0.06    0.18    0.72 ^ clkbuf_leaf_53_clk/X (sky130_fd_sc_hd__clkbuf_16)
                                         clknet_leaf_53_clk (net)
                  0.06    0.00    0.72 ^ dp.pcreg.q[31]$_DFF_PP0_/CLK (sky130_fd_sc_hd__dfrtp_1)
                          0.00    0.72   clock reconvergence pessimism
                         -0.04    0.68   library hold time
                                  0.68   data required time
-----------------------------------------------------------------------------
                                  0.68   data required time
                                 -1.34   data arrival time
-----------------------------------------------------------------------------
                                  0.66   slack (MET)


Startpoint: dp.pcreg.q[28]$_DFF_PP0_
            (rising edge-triggered flip-flop clocked by clk)
Endpoint: pc[28] (output port clocked by vclk_clk)
Path Group: vclk_clk
Path Type: min

Fanout     Cap    Slew   Delay    Time   Description
-----------------------------------------------------------------------------
                          0.00    0.00   clock clk (rise edge)
                          0.00    0.00   clock source latency
     1    0.06    0.00    0.00    0.00 ^ clk (in)
                                         clk (net)
                  0.00    0.00    0.00 ^ clkbuf_0_clk/A (sky130_fd_sc_hd__clkbuf_16)
     8    0.20    0.21    0.24    0.24 ^ clkbuf_0_clk/X (sky130_fd_sc_hd__clkbuf_16)
                                         clknet_0_clk (net)
                  0.21    0.01    0.25 ^ clkbuf_3_7__f_clk/A (sky130_fd_sc_hd__clkbuf_16)
     9    0.16    0.17    0.28    0.53 ^ clkbuf_3_7__f_clk/X (sky130_fd_sc_hd__clkbuf_16)
                                         clknet_3_7__leaf_clk (net)
                  0.17    0.00    0.53 ^ clkbuf_leaf_53_clk/A (sky130_fd_sc_hd__clkbuf_16)
     5    0.04    0.06    0.18    0.72 ^ clkbuf_leaf_53_clk/X (sky130_fd_sc_hd__clkbuf_16)
                                         clknet_leaf_53_clk (net)
                  0.06    0.00    0.72 ^ dp.pcreg.q[28]$_DFF_PP0_/CLK (sky130_fd_sc_hd__dfrtp_1)
     2    0.01    0.08    0.35    1.06 ^ dp.pcreg.q[28]$_DFF_PP0_/Q (sky130_fd_sc_hd__dfrtp_1)
                                         net151 (net)
                  0.08    0.00    1.07 ^ output152/A (sky130_fd_sc_hd__clkdlybuf4s25_1)
     1    0.00    0.04    0.25    1.32 ^ output152/X (sky130_fd_sc_hd__clkdlybuf4s25_1)
                                         pc[28] (net)
                  0.04    0.00    1.32 ^ pc[28] (out)
                                  1.32   data arrival time

                  0.00    0.00    0.00   clock vclk_clk (rise edge)
                          0.77    0.77   clock network delay (ideal)
                          0.00    0.77   clock reconvergence pessimism
                         -1.40   -0.63   output external delay
                                 -0.63   data required time
-----------------------------------------------------------------------------
                                 -0.63   data required time
                                 -1.32   data arrival time
-----------------------------------------------------------------------------
                                  1.94   slack (MET)



==========================================================================
finish report_checks -path_delay max
--------------------------------------------------------------------------
Startpoint: dp.rf.rf[31][4]$_DFFE_PP_
            (rising edge-triggered flip-flop clocked by clk)
Endpoint: dp.rf.rf[21][28]$_DFFE_PP_
          (rising edge-triggered flip-flop clocked by clk)
Path Group: clk
Path Type: max

Fanout     Cap    Slew   Delay    Time   Description
-----------------------------------------------------------------------------
                          0.00    0.00   clock clk (rise edge)
                          0.00    0.00   clock source latency
     1    0.06    0.00    0.00    0.00 ^ clk (in)
                                         clk (net)
                  0.00    0.00    0.00 ^ clkbuf_0_clk/A (sky130_fd_sc_hd__clkbuf_16)
     8    0.20    0.21    0.24    0.24 ^ clkbuf_0_clk/X (sky130_fd_sc_hd__clkbuf_16)
                                         clknet_0_clk (net)
                  0.21    0.01    0.25 ^ clkbuf_3_0__f_clk/A (sky130_fd_sc_hd__clkbuf_16)
    18    0.25    0.26    0.34    0.59 ^ clkbuf_3_0__f_clk/X (sky130_fd_sc_hd__clkbuf_16)
                                         clknet_3_0__leaf_clk (net)
                  0.26    0.00    0.59 ^ clkbuf_leaf_98_clk/A (sky130_fd_sc_hd__clkbuf_16)
    14    0.04    0.06    0.21    0.80 ^ clkbuf_leaf_98_clk/X (sky130_fd_sc_hd__clkbuf_16)
                                         clknet_leaf_98_clk (net)
                  0.06    0.00    0.81 ^ dp.rf.rf[31][4]$_DFFE_PP_/CLK (sky130_fd_sc_hd__edfxtp_1)
     2    0.00    0.08    0.37    1.18 v dp.rf.rf[31][4]$_DFFE_PP_/Q (sky130_fd_sc_hd__edfxtp_1)
                                         dp.rf.rf[31][4] (net)
                  0.08    0.00    1.18 v _10624_/A (sky130_fd_sc_hd__or2_2)
     1    0.00    0.05    0.30    1.48 v _10624_/X (sky130_fd_sc_hd__or2_2)
                                         _02543_ (net)
                  0.05    0.00    1.48 v _10625_/C (sky130_fd_sc_hd__nand3_1)
     1    0.00    0.11    0.08    1.56 ^ _10625_/Y (sky130_fd_sc_hd__nand3_1)
                                         _02544_ (net)
                  0.11    0.00    1.56 ^ _10626_/B (sky130_fd_sc_hd__nand3_1)
     1    0.00    0.11    0.08    1.64 v _10626_/Y (sky130_fd_sc_hd__nand3_1)
                                         _02545_ (net)
                  0.11    0.00    1.64 v _10627_/B (sky130_fd_sc_hd__nand3_1)
     1    0.00    0.13    0.11    1.76 ^ _10627_/Y (sky130_fd_sc_hd__nand3_1)
                                         _02546_ (net)
                  0.13    0.00    1.76 ^ _10659_/A (sky130_fd_sc_hd__nand2_1)
     1    0.01    0.11    0.13    1.89 v _10659_/Y (sky130_fd_sc_hd__nand2_1)
                                         _02578_ (net)
                  0.11    0.00    1.89 v _10660_/A (sky130_fd_sc_hd__nand2_1)
     2    0.02    0.21    0.17    2.06 ^ _10660_/Y (sky130_fd_sc_hd__nand2_1)
                                         _02579_ (net)
                  0.21    0.00    2.06 ^ _10707_/A (sky130_fd_sc_hd__nand2_1)
     2    0.03    0.19    0.22    2.28 v _10707_/Y (sky130_fd_sc_hd__nand2_1)
                                         dp.alu.a2[4] (net)
                  0.19    0.00    2.29 v _15326_/A (sky130_fd_sc_hd__inv_1)
     2    0.02    0.15    0.18    2.47 ^ _15326_/Y (sky130_fd_sc_hd__inv_1)
                                         _00137_ (net)
                  0.15    0.00    2.47 ^ place683/A (sky130_fd_sc_hd__buf_4)
     2    0.03    0.10    0.18    2.66 ^ place683/X (sky130_fd_sc_hd__buf_4)
                                         net682 (net)
                  0.10    0.00    2.66 ^ _16501_/A2 (sky130_fd_sc_hd__o21ai_0)
     1    0.01    0.10    0.11    2.77 v _16501_/Y (sky130_fd_sc_hd__o21ai_0)
                                         dp.pcimm.a[4] (net)
                  0.10    0.00    2.77 v _16895_/B (sky130_fd_sc_hd__ha_1)
     4    0.01    0.13    0.36    3.12 ^ _16895_/SUM (sky130_fd_sc_hd__ha_1)
                                         _00021_ (net)
                  0.13    0.00    3.12 ^ _15466_/B (sky130_fd_sc_hd__nand2_1)
     1    0.00    0.04    0.06    3.19 v _15466_/Y (sky130_fd_sc_hd__nand2_1)
                                         _07299_ (net)
                  0.04    0.00    3.19 v _15479_/A1 (sky130_fd_sc_hd__o21ai_0)
     2    0.01    0.31    0.29    3.48 ^ _15479_/Y (sky130_fd_sc_hd__o21ai_0)
                                         _07312_ (net)
                  0.31    0.00    3.48 ^ _15480_/A (sky130_fd_sc_hd__inv_1)
     2    0.01    0.08    0.10    3.57 v _15480_/Y (sky130_fd_sc_hd__inv_1)
                                         _07313_ (net)
                  0.08    0.00    3.57 v _15485_/A2 (sky130_fd_sc_hd__o21a_1)
     2    0.01    0.06    0.20    3.77 v _15485_/X (sky130_fd_sc_hd__o21a_1)
                                         _07318_ (net)
                  0.06    0.00    3.77 v _15490_/A2 (sky130_fd_sc_hd__o21ai_0)
     3    0.01    0.43    0.37    4.14 ^ _15490_/Y (sky130_fd_sc_hd__o21ai_0)
                                         _07323_ (net)
                  0.43    0.00    4.14 ^ _15491_/A (sky130_fd_sc_hd__inv_1)
     2    0.01    0.11    0.14    4.28 v _15491_/Y (sky130_fd_sc_hd__inv_1)
                                         _07324_ (net)
                  0.11    0.00    4.28 v _15502_/A2 (sky130_fd_sc_hd__o21ai_0)
     1    0.00    0.18    0.20    4.48 ^ _15502_/Y (sky130_fd_sc_hd__o21ai_0)
                                         _07335_ (net)
                  0.18    0.00    4.48 ^ place666/A (sky130_fd_sc_hd__buf_4)
     3    0.01    0.05    0.16    4.64 ^ place666/X (sky130_fd_sc_hd__buf_4)
                                         net665 (net)
                  0.05    0.00    4.64 ^ _15509_/A1 (sky130_fd_sc_hd__a21oi_1)
     4    0.02    0.15    0.14    4.78 v _15509_/Y (sky130_fd_sc_hd__a21oi_1)
                                         _07342_ (net)
                  0.15    0.00    4.78 v _15519_/A2 (sky130_fd_sc_hd__o21ai_0)
     2    0.01    0.29    0.30    5.08 ^ _15519_/Y (sky130_fd_sc_hd__o21ai_0)
                                         _07352_ (net)
                  0.29    0.00    5.08 ^ _15520_/A (sky130_fd_sc_hd__inv_1)
     2    0.01    0.09    0.11    5.19 v _15520_/Y (sky130_fd_sc_hd__inv_1)
                                         _07353_ (net)
                  0.09    0.00    5.19 v _15530_/A2 (sky130_fd_sc_hd__o21ai_0)
     3    0.01    0.46    0.40    5.60 ^ _15530_/Y (sky130_fd_sc_hd__o21ai_0)
                                         _07363_ (net)
                  0.46    0.00    5.60 ^ _15537_/A1 (sky130_fd_sc_hd__a21oi_1)
     3    0.02    0.21    0.26    5.86 v _15537_/Y (sky130_fd_sc_hd__a21oi_1)
                                         _07370_ (net)
                  0.21    0.00    5.86 v _15710_/B (sky130_fd_sc_hd__nor2_1)
     2    0.01    0.14    0.18    6.05 ^ _15710_/Y (sky130_fd_sc_hd__nor2_1)
                                         _07541_ (net)
                  0.14    0.00    6.05 ^ _15712_/B (sky130_fd_sc_hd__nor2_1)
     1    0.00    0.07    0.06    6.10 v _15712_/Y (sky130_fd_sc_hd__nor2_1)
                                         _07543_ (net)
                  0.07    0.00    6.10 v _15713_/A (sky130_fd_sc_hd__nand2_1)
     1    0.00    0.04    0.07    6.17 ^ _15713_/Y (sky130_fd_sc_hd__nand2_1)
                                         _07544_ (net)
                  0.04    0.00    6.17 ^ _15714_/B (sky130_fd_sc_hd__nand2_1)
     2    0.01    0.09    0.09    6.26 v _15714_/Y (sky130_fd_sc_hd__nand2_1)
                                         _07545_ (net)
                  0.09    0.00    6.26 v _16019_/C (sky130_fd_sc_hd__nand3_1)
     1    0.00    0.08    0.09    6.35 ^ _16019_/Y (sky130_fd_sc_hd__nand3_1)
                                         _07820_ (net)
                  0.08    0.00    6.35 ^ _16020_/C (sky130_fd_sc_hd__nand3_1)
     1    0.00    0.12    0.09    6.44 v _16020_/Y (sky130_fd_sc_hd__nand3_1)
                                         _07821_ (net)
                  0.12    0.00    6.44 v _16027_/A (sky130_fd_sc_hd__nand2_1)
     1    0.01    0.15    0.16    6.60 ^ _16027_/Y (sky130_fd_sc_hd__nand2_1)
                                         dp.result2[28] (net)
                  0.15    0.00    6.60 ^ place621/A (sky130_fd_sc_hd__buf_4)
    32    0.13    0.36    0.35    6.95 ^ place621/X (sky130_fd_sc_hd__buf_4)
                                         net620 (net)
                  0.37    0.03    6.99 ^ dp.rf.rf[21][28]$_DFFE_PP_/D (sky130_fd_sc_hd__edfxtp_1)
                                  6.99   data arrival time

                          7.00    7.00   clock clk (rise edge)
                          0.00    7.00   clock source latency
     1    0.06    0.00    0.00    7.00 ^ clk (in)
                                         clk (net)
                  0.00    0.00    7.00 ^ clkbuf_0_clk/A (sky130_fd_sc_hd__clkbuf_16)
     8    0.20    0.21    0.24    7.24 ^ clkbuf_0_clk/X (sky130_fd_sc_hd__clkbuf_16)
                                         clknet_0_clk (net)
                  0.21    0.01    7.25 ^ clkbuf_3_1__f_clk/A (sky130_fd_sc_hd__clkbuf_16)
    14    0.22    0.23    0.32    7.57 ^ clkbuf_3_1__f_clk/X (sky130_fd_sc_hd__clkbuf_16)
                                         clknet_3_1__leaf_clk (net)
                  0.23    0.01    7.57 ^ clkbuf_leaf_85_clk/A (sky130_fd_sc_hd__clkbuf_16)
    10    0.04    0.06    0.20    7.77 ^ clkbuf_leaf_85_clk/X (sky130_fd_sc_hd__clkbuf_16)
                                         clknet_leaf_85_clk (net)
                  0.06    0.00    7.78 ^ dp.rf.rf[21][28]$_DFFE_PP_/CLK (sky130_fd_sc_hd__edfxtp_1)
                          0.00    7.78   clock reconvergence pessimism
                         -0.22    7.55   library setup time
                                  7.55   data required time
-----------------------------------------------------------------------------
                                  7.55   data required time
                                 -6.99   data arrival time
-----------------------------------------------------------------------------
                                  0.57   slack (MET)


Startpoint: dp.rf.rf[17][0]$_DFFE_PP_
            (rising edge-triggered flip-flop clocked by clk)
Endpoint: aluout[0] (output port clocked by vclk_clk)
Path Group: vclk_clk
Path Type: max

Fanout     Cap    Slew   Delay    Time   Description
-----------------------------------------------------------------------------
                          0.00    0.00   clock clk (rise edge)
                          0.00    0.00   clock source latency
     1    0.06    0.00    0.00    0.00 ^ clk (in)
                                         clk (net)
                  0.00    0.00    0.00 ^ clkbuf_0_clk/A (sky130_fd_sc_hd__clkbuf_16)
     8    0.20    0.21    0.24    0.24 ^ clkbuf_0_clk/X (sky130_fd_sc_hd__clkbuf_16)
                                         clknet_0_clk (net)
                  0.21    0.01    0.25 ^ clkbuf_3_2__f_clk/A (sky130_fd_sc_hd__clkbuf_16)
    18    0.25    0.26    0.34    0.59 ^ clkbuf_3_2__f_clk/X (sky130_fd_sc_hd__clkbuf_16)
                                         clknet_3_2__leaf_clk (net)
                  0.26    0.00    0.59 ^ clkbuf_leaf_68_clk/A (sky130_fd_sc_hd__clkbuf_16)
    11    0.04    0.06    0.21    0.80 ^ clkbuf_leaf_68_clk/X (sky130_fd_sc_hd__clkbuf_16)
                                         clknet_leaf_68_clk (net)
                  0.06    0.00    0.80 ^ dp.rf.rf[17][0]$_DFFE_PP_/CLK (sky130_fd_sc_hd__edfxtp_1)
     2    0.01    0.08    0.38    1.18 v dp.rf.rf[17][0]$_DFFE_PP_/Q (sky130_fd_sc_hd__edfxtp_1)
                                         dp.rf.rf[17][0] (net)
                  0.08    0.00    1.18 v _11380_/B (sky130_fd_sc_hd__nand2_1)
     1    0.00    0.07    0.07    1.25 ^ _11380_/Y (sky130_fd_sc_hd__nand2_1)
                                         _03294_ (net)
                  0.07    0.00    1.25 ^ _11381_/B1 (sky130_fd_sc_hd__o21ai_0)
     1    0.00    0.12    0.09    1.34 v _11381_/Y (sky130_fd_sc_hd__o21ai_0)
                                         _03295_ (net)
                  0.12    0.00    1.34 v _11382_/A (sky130_fd_sc_hd__nand3_1)
     1    0.00    0.13    0.10    1.44 ^ _11382_/Y (sky130_fd_sc_hd__nand3_1)
                                         _03296_ (net)
                  0.13    0.00    1.44 ^ _11383_/A (sky130_fd_sc_hd__nand2_1)
     1    0.00    0.09    0.06    1.51 v _11383_/Y (sky130_fd_sc_hd__nand2_1)
                                         _03297_ (net)
                  0.09    0.00    1.51 v _11384_/B1 (sky130_fd_sc_hd__a21oi_1)
     1    0.00    0.12    0.12    1.63 ^ _11384_/Y (sky130_fd_sc_hd__a21oi_1)
                                         _03298_ (net)
                  0.12    0.00    1.63 ^ _11391_/A (sky130_fd_sc_hd__nand2_1)
     1    0.01    0.07    0.10    1.73 v _11391_/Y (sky130_fd_sc_hd__nand2_1)
                                         _03305_ (net)
                  0.07    0.00    1.73 v _11392_/B (sky130_fd_sc_hd__nand3_2)
     1    0.01    0.14    0.10    1.83 ^ _11392_/Y (sky130_fd_sc_hd__nand3_2)
                                         _03306_ (net)
                  0.14    0.00    1.83 ^ _11393_/B (sky130_fd_sc_hd__nand2_2)
     1    0.01    0.06    0.09    1.92 v _11393_/Y (sky130_fd_sc_hd__nand2_2)
                                         _03307_ (net)
                  0.06    0.00    1.92 v _11394_/A (sky130_fd_sc_hd__nand2_1)
     2    0.01    0.22    0.08    2.00 ^ _11394_/Y (sky130_fd_sc_hd__nand2_1)
                                         _03308_ (net)
                  0.22    0.00    2.00 ^ _11395_/A (sky130_fd_sc_hd__inv_1)
     2    0.01    0.06    0.08    2.08 v _11395_/Y (sky130_fd_sc_hd__inv_1)
                                         net164 (net)
                  0.06    0.00    2.08 v _13968_/A (sky130_fd_sc_hd__nand2_1)
     1    0.00    0.08    0.06    2.14 ^ _13968_/Y (sky130_fd_sc_hd__nand2_1)
                                         _05858_ (net)
                  0.08    0.00    2.14 ^ _13985_/A (sky130_fd_sc_hd__nand2_1)
     3    0.01    0.10    0.10    2.25 v _13985_/Y (sky130_fd_sc_hd__nand2_1)
                                         _05874_ (net)
                  0.10    0.00    2.25 v _13986_/A (sky130_fd_sc_hd__inv_2)
     2    0.01    0.04    0.07    2.32 ^ _13986_/Y (sky130_fd_sc_hd__inv_2)
                                         _05875_ (net)
                  0.04    0.00    2.32 ^ _16686_/A (sky130_fd_sc_hd__nand2_1)
     1    0.00    0.15    0.04    2.36 v _16686_/Y (sky130_fd_sc_hd__nand2_1)
                                         _08331_ (net)
                  0.15    0.00    2.36 v _16688_/B (sky130_fd_sc_hd__nand2_1)
     2    0.01    0.08    0.13    2.49 ^ _16688_/Y (sky130_fd_sc_hd__nand2_1)
                                         _00154_ (net)
                  0.08    0.00    2.49 ^ _16689_/A (sky130_fd_sc_hd__inv_1)
     2    0.01    0.05    0.07    2.56 v _16689_/Y (sky130_fd_sc_hd__inv_1)
                                         dp.alu.b2[0] (net)
                  0.05    0.00    2.56 v _16885_/B (sky130_fd_sc_hd__fa_1)
     2    0.01    0.10    0.43    2.99 v _16885_/COUT (sky130_fd_sc_hd__fa_1)
                                         _00000_ (net)
                  0.10    0.00    2.99 v _16884_/CIN (sky130_fd_sc_hd__fa_1)
     2    0.01    0.08    0.39    3.38 v _16884_/COUT (sky130_fd_sc_hd__fa_1)
                                         _00001_ (net)
                  0.08    0.00    3.38 v _14222_/A (sky130_fd_sc_hd__nand2_1)
     2    0.01    0.07    0.09    3.47 ^ _14222_/Y (sky130_fd_sc_hd__nand2_1)
                                         _06105_ (net)
                  0.07    0.00    3.47 ^ _14225_/A1 (sky130_fd_sc_hd__a21oi_1)
     2    0.01    0.07    0.09    3.56 v _14225_/Y (sky130_fd_sc_hd__a21oi_1)
                                         _06108_ (net)
                  0.07    0.00    3.56 v _14226_/A (sky130_fd_sc_hd__nor2_1)
     2    0.01    0.18    0.18    3.74 ^ _14226_/Y (sky130_fd_sc_hd__nor2_1)
                                         _06109_ (net)
                  0.18    0.00    3.74 ^ _14231_/A2 (sky130_fd_sc_hd__o21ai_2)
     3    0.01    0.06    0.10    3.84 v _14231_/Y (sky130_fd_sc_hd__o21ai_2)
                                         _06114_ (net)
                  0.06    0.00    3.84 v _14238_/A1 (sky130_fd_sc_hd__a21oi_2)
     1    0.00    0.09    0.12    3.95 ^ _14238_/Y (sky130_fd_sc_hd__a21oi_2)
                                         _06121_ (net)
                  0.09    0.00    3.95 ^ place670/A (sky130_fd_sc_hd__buf_4)
     2    0.01    0.04    0.12    4.08 ^ place670/X (sky130_fd_sc_hd__buf_4)
                                         net669 (net)
                  0.04    0.00    4.08 ^ _14244_/A2 (sky130_fd_sc_hd__o21ai_2)
     2    0.02    0.07    0.08    4.16 v _14244_/Y (sky130_fd_sc_hd__o21ai_2)
                                         _06127_ (net)
                  0.07    0.00    4.16 v _14245_/A (sky130_fd_sc_hd__nand3_1)
     1    0.00    0.08    0.09    4.25 ^ _14245_/Y (sky130_fd_sc_hd__nand3_1)
                                         _06128_ (net)
                  0.08    0.00    4.25 ^ _14250_/A (sky130_fd_sc_hd__nand2_2)
     3    0.02    0.09    0.10    4.35 v _14250_/Y (sky130_fd_sc_hd__nand2_2)
                                         _06133_ (net)
                  0.09    0.00    4.35 v _14257_/A2 (sky130_fd_sc_hd__a21oi_2)
     2    0.01    0.16    0.20    4.55 ^ _14257_/Y (sky130_fd_sc_hd__a21oi_2)
                                         _06140_ (net)
                  0.16    0.00    4.55 ^ _14572_/A2 (sky130_fd_sc_hd__o21ai_0)
     1    0.00    0.06    0.10    4.65 v _14572_/Y (sky130_fd_sc_hd__o21ai_0)
                                         _06450_ (net)
                  0.06    0.00    4.65 v place661/A (sky130_fd_sc_hd__buf_4)
     5    0.02    0.04    0.16    4.81 v place661/X (sky130_fd_sc_hd__buf_4)
                                         net660 (net)
                  0.04    0.00    4.81 v _15402_/A (sky130_fd_sc_hd__nand4_1)
     2    0.01    0.13    0.11    4.92 ^ _15402_/Y (sky130_fd_sc_hd__nand4_1)
                                         _07236_ (net)
                  0.13    0.00    4.92 ^ _15409_/A (sky130_fd_sc_hd__nand2_1)
     1    0.00    0.06    0.07    4.99 v _15409_/Y (sky130_fd_sc_hd__nand2_1)
                                         _07243_ (net)
                  0.06    0.00    4.99 v _15418_/A (sky130_fd_sc_hd__nand2_1)
     2    0.01    0.10    0.08    5.07 ^ _15418_/Y (sky130_fd_sc_hd__nand2_1)
                                         _07252_ (net)
                  0.10    0.00    5.07 ^ _15430_/A (sky130_fd_sc_hd__nand2_1)
     1    0.00    0.04    0.06    5.12 v _15430_/Y (sky130_fd_sc_hd__nand2_1)
                                         _07264_ (net)
                  0.04    0.00    5.12 v _15432_/A (sky130_fd_sc_hd__nand2_1)
     1    0.00    0.04    0.05    5.17 ^ _15432_/Y (sky130_fd_sc_hd__nand2_1)
                                         _07266_ (net)
                  0.04    0.00    5.17 ^ _15433_/A (sky130_fd_sc_hd__nand4_1)
     1    0.02    0.22    0.18    5.35 v _15433_/Y (sky130_fd_sc_hd__nand4_1)
                                         _07267_ (net)
                  0.22    0.00    5.35 v _15438_/B (sky130_fd_sc_hd__nand3_1)
     1    0.00    0.08    0.15    5.50 ^ _15438_/Y (sky130_fd_sc_hd__nand3_1)
                                         _07272_ (net)
                  0.08    0.00    5.50 ^ _15439_/A (sky130_fd_sc_hd__nand2_1)
     1    0.00    0.08    0.05    5.55 v _15439_/Y (sky130_fd_sc_hd__nand2_1)
                                         _07273_ (net)
                  0.08    0.00    5.55 v _15451_/A (sky130_fd_sc_hd__nand2_1)
     2    0.01    0.09    0.09    5.65 ^ _15451_/Y (sky130_fd_sc_hd__nand2_1)
                                         net97 (net)
                  0.09    0.00    5.65 ^ output98/A (sky130_fd_sc_hd__clkdlybuf4s25_1)
     1    0.00    0.02    0.24    5.89 ^ output98/X (sky130_fd_sc_hd__clkdlybuf4s25_1)
                                         aluout[0] (net)
                  0.02    0.00    5.89 ^ aluout[0] (out)
                                  5.89   data arrival time

                  0.00    7.00    7.00   clock vclk_clk (rise edge)
                          0.77    7.77   clock network delay (ideal)
                          0.00    7.77   clock reconvergence pessimism
                         -1.40    6.37   output external delay
                                  6.37   data required time
-----------------------------------------------------------------------------
                                  6.37   data required time
                                 -5.89   data arrival time
-----------------------------------------------------------------------------
                                  0.48   slack (MET)



==========================================================================
finish report_checks -unconstrained
--------------------------------------------------------------------------
Startpoint: dp.rf.rf[31][4]$_DFFE_PP_
            (rising edge-triggered flip-flop clocked by clk)
Endpoint: dp.rf.rf[21][28]$_DFFE_PP_
          (rising edge-triggered flip-flop clocked by clk)
Path Group: clk
Path Type: max

Fanout     Cap    Slew   Delay    Time   Description
-----------------------------------------------------------------------------
                          0.00    0.00   clock clk (rise edge)
                          0.00    0.00   clock source latency
     1    0.06    0.00    0.00    0.00 ^ clk (in)
                                         clk (net)
                  0.00    0.00    0.00 ^ clkbuf_0_clk/A (sky130_fd_sc_hd__clkbuf_16)
     8    0.20    0.21    0.24    0.24 ^ clkbuf_0_clk/X (sky130_fd_sc_hd__clkbuf_16)
                                         clknet_0_clk (net)
                  0.21    0.01    0.25 ^ clkbuf_3_0__f_clk/A (sky130_fd_sc_hd__clkbuf_16)
    18    0.25    0.26    0.34    0.59 ^ clkbuf_3_0__f_clk/X (sky130_fd_sc_hd__clkbuf_16)
                                         clknet_3_0__leaf_clk (net)
                  0.26    0.00    0.59 ^ clkbuf_leaf_98_clk/A (sky130_fd_sc_hd__clkbuf_16)
    14    0.04    0.06    0.21    0.80 ^ clkbuf_leaf_98_clk/X (sky130_fd_sc_hd__clkbuf_16)
                                         clknet_leaf_98_clk (net)
                  0.06    0.00    0.81 ^ dp.rf.rf[31][4]$_DFFE_PP_/CLK (sky130_fd_sc_hd__edfxtp_1)
     2    0.00    0.08    0.37    1.18 v dp.rf.rf[31][4]$_DFFE_PP_/Q (sky130_fd_sc_hd__edfxtp_1)
                                         dp.rf.rf[31][4] (net)
                  0.08    0.00    1.18 v _10624_/A (sky130_fd_sc_hd__or2_2)
     1    0.00    0.05    0.30    1.48 v _10624_/X (sky130_fd_sc_hd__or2_2)
                                         _02543_ (net)
                  0.05    0.00    1.48 v _10625_/C (sky130_fd_sc_hd__nand3_1)
     1    0.00    0.11    0.08    1.56 ^ _10625_/Y (sky130_fd_sc_hd__nand3_1)
                                         _02544_ (net)
                  0.11    0.00    1.56 ^ _10626_/B (sky130_fd_sc_hd__nand3_1)
     1    0.00    0.11    0.08    1.64 v _10626_/Y (sky130_fd_sc_hd__nand3_1)
                                         _02545_ (net)
                  0.11    0.00    1.64 v _10627_/B (sky130_fd_sc_hd__nand3_1)
     1    0.00    0.13    0.11    1.76 ^ _10627_/Y (sky130_fd_sc_hd__nand3_1)
                                         _02546_ (net)
                  0.13    0.00    1.76 ^ _10659_/A (sky130_fd_sc_hd__nand2_1)
     1    0.01    0.11    0.13    1.89 v _10659_/Y (sky130_fd_sc_hd__nand2_1)
                                         _02578_ (net)
                  0.11    0.00    1.89 v _10660_/A (sky130_fd_sc_hd__nand2_1)
     2    0.02    0.21    0.17    2.06 ^ _10660_/Y (sky130_fd_sc_hd__nand2_1)
                                         _02579_ (net)
                  0.21    0.00    2.06 ^ _10707_/A (sky130_fd_sc_hd__nand2_1)
     2    0.03    0.19    0.22    2.28 v _10707_/Y (sky130_fd_sc_hd__nand2_1)
                                         dp.alu.a2[4] (net)
                  0.19    0.00    2.29 v _15326_/A (sky130_fd_sc_hd__inv_1)
     2    0.02    0.15    0.18    2.47 ^ _15326_/Y (sky130_fd_sc_hd__inv_1)
                                         _00137_ (net)
                  0.15    0.00    2.47 ^ place683/A (sky130_fd_sc_hd__buf_4)
     2    0.03    0.10    0.18    2.66 ^ place683/X (sky130_fd_sc_hd__buf_4)
                                         net682 (net)
                  0.10    0.00    2.66 ^ _16501_/A2 (sky130_fd_sc_hd__o21ai_0)
     1    0.01    0.10    0.11    2.77 v _16501_/Y (sky130_fd_sc_hd__o21ai_0)
                                         dp.pcimm.a[4] (net)
                  0.10    0.00    2.77 v _16895_/B (sky130_fd_sc_hd__ha_1)
     4    0.01    0.13    0.36    3.12 ^ _16895_/SUM (sky130_fd_sc_hd__ha_1)
                                         _00021_ (net)
                  0.13    0.00    3.12 ^ _15466_/B (sky130_fd_sc_hd__nand2_1)
     1    0.00    0.04    0.06    3.19 v _15466_/Y (sky130_fd_sc_hd__nand2_1)
                                         _07299_ (net)
                  0.04    0.00    3.19 v _15479_/A1 (sky130_fd_sc_hd__o21ai_0)
     2    0.01    0.31    0.29    3.48 ^ _15479_/Y (sky130_fd_sc_hd__o21ai_0)
                                         _07312_ (net)
                  0.31    0.00    3.48 ^ _15480_/A (sky130_fd_sc_hd__inv_1)
     2    0.01    0.08    0.10    3.57 v _15480_/Y (sky130_fd_sc_hd__inv_1)
                                         _07313_ (net)
                  0.08    0.00    3.57 v _15485_/A2 (sky130_fd_sc_hd__o21a_1)
     2    0.01    0.06    0.20    3.77 v _15485_/X (sky130_fd_sc_hd__o21a_1)
                                         _07318_ (net)
                  0.06    0.00    3.77 v _15490_/A2 (sky130_fd_sc_hd__o21ai_0)
     3    0.01    0.43    0.37    4.14 ^ _15490_/Y (sky130_fd_sc_hd__o21ai_0)
                                         _07323_ (net)
                  0.43    0.00    4.14 ^ _15491_/A (sky130_fd_sc_hd__inv_1)
     2    0.01    0.11    0.14    4.28 v _15491_/Y (sky130_fd_sc_hd__inv_1)
                                         _07324_ (net)
                  0.11    0.00    4.28 v _15502_/A2 (sky130_fd_sc_hd__o21ai_0)
     1    0.00    0.18    0.20    4.48 ^ _15502_/Y (sky130_fd_sc_hd__o21ai_0)
                                         _07335_ (net)
                  0.18    0.00    4.48 ^ place666/A (sky130_fd_sc_hd__buf_4)
     3    0.01    0.05    0.16    4.64 ^ place666/X (sky130_fd_sc_hd__buf_4)
                                         net665 (net)
                  0.05    0.00    4.64 ^ _15509_/A1 (sky130_fd_sc_hd__a21oi_1)
     4    0.02    0.15    0.14    4.78 v _15509_/Y (sky130_fd_sc_hd__a21oi_1)
                                         _07342_ (net)
                  0.15    0.00    4.78 v _15519_/A2 (sky130_fd_sc_hd__o21ai_0)
     2    0.01    0.29    0.30    5.08 ^ _15519_/Y (sky130_fd_sc_hd__o21ai_0)
                                         _07352_ (net)
                  0.29    0.00    5.08 ^ _15520_/A (sky130_fd_sc_hd__inv_1)
     2    0.01    0.09    0.11    5.19 v _15520_/Y (sky130_fd_sc_hd__inv_1)
                                         _07353_ (net)
                  0.09    0.00    5.19 v _15530_/A2 (sky130_fd_sc_hd__o21ai_0)
     3    0.01    0.46    0.40    5.60 ^ _15530_/Y (sky130_fd_sc_hd__o21ai_0)
                                         _07363_ (net)
                  0.46    0.00    5.60 ^ _15537_/A1 (sky130_fd_sc_hd__a21oi_1)
     3    0.02    0.21    0.26    5.86 v _15537_/Y (sky130_fd_sc_hd__a21oi_1)
                                         _07370_ (net)
                  0.21    0.00    5.86 v _15710_/B (sky130_fd_sc_hd__nor2_1)
     2    0.01    0.14    0.18    6.05 ^ _15710_/Y (sky130_fd_sc_hd__nor2_1)
                                         _07541_ (net)
                  0.14    0.00    6.05 ^ _15712_/B (sky130_fd_sc_hd__nor2_1)
     1    0.00    0.07    0.06    6.10 v _15712_/Y (sky130_fd_sc_hd__nor2_1)
                                         _07543_ (net)
                  0.07    0.00    6.10 v _15713_/A (sky130_fd_sc_hd__nand2_1)
     1    0.00    0.04    0.07    6.17 ^ _15713_/Y (sky130_fd_sc_hd__nand2_1)
                                         _07544_ (net)
                  0.04    0.00    6.17 ^ _15714_/B (sky130_fd_sc_hd__nand2_1)
     2    0.01    0.09    0.09    6.26 v _15714_/Y (sky130_fd_sc_hd__nand2_1)
                                         _07545_ (net)
                  0.09    0.00    6.26 v _16019_/C (sky130_fd_sc_hd__nand3_1)
     1    0.00    0.08    0.09    6.35 ^ _16019_/Y (sky130_fd_sc_hd__nand3_1)
                                         _07820_ (net)
                  0.08    0.00    6.35 ^ _16020_/C (sky130_fd_sc_hd__nand3_1)
     1    0.00    0.12    0.09    6.44 v _16020_/Y (sky130_fd_sc_hd__nand3_1)
                                         _07821_ (net)
                  0.12    0.00    6.44 v _16027_/A (sky130_fd_sc_hd__nand2_1)
     1    0.01    0.15    0.16    6.60 ^ _16027_/Y (sky130_fd_sc_hd__nand2_1)
                                         dp.result2[28] (net)
                  0.15    0.00    6.60 ^ place621/A (sky130_fd_sc_hd__buf_4)
    32    0.13    0.36    0.35    6.95 ^ place621/X (sky130_fd_sc_hd__buf_4)
                                         net620 (net)
                  0.37    0.03    6.99 ^ dp.rf.rf[21][28]$_DFFE_PP_/D (sky130_fd_sc_hd__edfxtp_1)
                                  6.99   data arrival time

                          7.00    7.00   clock clk (rise edge)
                          0.00    7.00   clock source latency
     1    0.06    0.00    0.00    7.00 ^ clk (in)
                                         clk (net)
                  0.00    0.00    7.00 ^ clkbuf_0_clk/A (sky130_fd_sc_hd__clkbuf_16)
     8    0.20    0.21    0.24    7.24 ^ clkbuf_0_clk/X (sky130_fd_sc_hd__clkbuf_16)
                                         clknet_0_clk (net)
                  0.21    0.01    7.25 ^ clkbuf_3_1__f_clk/A (sky130_fd_sc_hd__clkbuf_16)
    14    0.22    0.23    0.32    7.57 ^ clkbuf_3_1__f_clk/X (sky130_fd_sc_hd__clkbuf_16)
                                         clknet_3_1__leaf_clk (net)
                  0.23    0.01    7.57 ^ clkbuf_leaf_85_clk/A (sky130_fd_sc_hd__clkbuf_16)
    10    0.04    0.06    0.20    7.77 ^ clkbuf_leaf_85_clk/X (sky130_fd_sc_hd__clkbuf_16)
                                         clknet_leaf_85_clk (net)
                  0.06    0.00    7.78 ^ dp.rf.rf[21][28]$_DFFE_PP_/CLK (sky130_fd_sc_hd__edfxtp_1)
                          0.00    7.78   clock reconvergence pessimism
                         -0.22    7.55   library setup time
                                  7.55   data required time
-----------------------------------------------------------------------------
                                  7.55   data required time
                                 -6.99   data arrival time
-----------------------------------------------------------------------------
                                  0.57   slack (MET)


Startpoint: dp.rf.rf[17][0]$_DFFE_PP_
            (rising edge-triggered flip-flop clocked by clk)
Endpoint: aluout[0] (output port clocked by vclk_clk)
Path Group: vclk_clk
Path Type: max

Fanout     Cap    Slew   Delay    Time   Description
-----------------------------------------------------------------------------
                          0.00    0.00   clock clk (rise edge)
                          0.00    0.00   clock source latency
     1    0.06    0.00    0.00    0.00 ^ clk (in)
                                         clk (net)
                  0.00    0.00    0.00 ^ clkbuf_0_clk/A (sky130_fd_sc_hd__clkbuf_16)
     8    0.20    0.21    0.24    0.24 ^ clkbuf_0_clk/X (sky130_fd_sc_hd__clkbuf_16)
                                         clknet_0_clk (net)
                  0.21    0.01    0.25 ^ clkbuf_3_2__f_clk/A (sky130_fd_sc_hd__clkbuf_16)
    18    0.25    0.26    0.34    0.59 ^ clkbuf_3_2__f_clk/X (sky130_fd_sc_hd__clkbuf_16)
                                         clknet_3_2__leaf_clk (net)
                  0.26    0.00    0.59 ^ clkbuf_leaf_68_clk/A (sky130_fd_sc_hd__clkbuf_16)
    11    0.04    0.06    0.21    0.80 ^ clkbuf_leaf_68_clk/X (sky130_fd_sc_hd__clkbuf_16)
                                         clknet_leaf_68_clk (net)
                  0.06    0.00    0.80 ^ dp.rf.rf[17][0]$_DFFE_PP_/CLK (sky130_fd_sc_hd__edfxtp_1)
     2    0.01    0.08    0.38    1.18 v dp.rf.rf[17][0]$_DFFE_PP_/Q (sky130_fd_sc_hd__edfxtp_1)
                                         dp.rf.rf[17][0] (net)
                  0.08    0.00    1.18 v _11380_/B (sky130_fd_sc_hd__nand2_1)
     1    0.00    0.07    0.07    1.25 ^ _11380_/Y (sky130_fd_sc_hd__nand2_1)
                                         _03294_ (net)
                  0.07    0.00    1.25 ^ _11381_/B1 (sky130_fd_sc_hd__o21ai_0)
     1    0.00    0.12    0.09    1.34 v _11381_/Y (sky130_fd_sc_hd__o21ai_0)
                                         _03295_ (net)
                  0.12    0.00    1.34 v _11382_/A (sky130_fd_sc_hd__nand3_1)
     1    0.00    0.13    0.10    1.44 ^ _11382_/Y (sky130_fd_sc_hd__nand3_1)
                                         _03296_ (net)
                  0.13    0.00    1.44 ^ _11383_/A (sky130_fd_sc_hd__nand2_1)
     1    0.00    0.09    0.06    1.51 v _11383_/Y (sky130_fd_sc_hd__nand2_1)
                                         _03297_ (net)
                  0.09    0.00    1.51 v _11384_/B1 (sky130_fd_sc_hd__a21oi_1)
     1    0.00    0.12    0.12    1.63 ^ _11384_/Y (sky130_fd_sc_hd__a21oi_1)
                                         _03298_ (net)
                  0.12    0.00    1.63 ^ _11391_/A (sky130_fd_sc_hd__nand2_1)
     1    0.01    0.07    0.10    1.73 v _11391_/Y (sky130_fd_sc_hd__nand2_1)
                                         _03305_ (net)
                  0.07    0.00    1.73 v _11392_/B (sky130_fd_sc_hd__nand3_2)
     1    0.01    0.14    0.10    1.83 ^ _11392_/Y (sky130_fd_sc_hd__nand3_2)
                                         _03306_ (net)
                  0.14    0.00    1.83 ^ _11393_/B (sky130_fd_sc_hd__nand2_2)
     1    0.01    0.06    0.09    1.92 v _11393_/Y (sky130_fd_sc_hd__nand2_2)
                                         _03307_ (net)
                  0.06    0.00    1.92 v _11394_/A (sky130_fd_sc_hd__nand2_1)
     2    0.01    0.22    0.08    2.00 ^ _11394_/Y (sky130_fd_sc_hd__nand2_1)
                                         _03308_ (net)
                  0.22    0.00    2.00 ^ _11395_/A (sky130_fd_sc_hd__inv_1)
     2    0.01    0.06    0.08    2.08 v _11395_/Y (sky130_fd_sc_hd__inv_1)
                                         net164 (net)
                  0.06    0.00    2.08 v _13968_/A (sky130_fd_sc_hd__nand2_1)
     1    0.00    0.08    0.06    2.14 ^ _13968_/Y (sky130_fd_sc_hd__nand2_1)
                                         _05858_ (net)
                  0.08    0.00    2.14 ^ _13985_/A (sky130_fd_sc_hd__nand2_1)
     3    0.01    0.10    0.10    2.25 v _13985_/Y (sky130_fd_sc_hd__nand2_1)
                                         _05874_ (net)
                  0.10    0.00    2.25 v _13986_/A (sky130_fd_sc_hd__inv_2)
     2    0.01    0.04    0.07    2.32 ^ _13986_/Y (sky130_fd_sc_hd__inv_2)
                                         _05875_ (net)
                  0.04    0.00    2.32 ^ _16686_/A (sky130_fd_sc_hd__nand2_1)
     1    0.00    0.15    0.04    2.36 v _16686_/Y (sky130_fd_sc_hd__nand2_1)
                                         _08331_ (net)
                  0.15    0.00    2.36 v _16688_/B (sky130_fd_sc_hd__nand2_1)
     2    0.01    0.08    0.13    2.49 ^ _16688_/Y (sky130_fd_sc_hd__nand2_1)
                                         _00154_ (net)
                  0.08    0.00    2.49 ^ _16689_/A (sky130_fd_sc_hd__inv_1)
     2    0.01    0.05    0.07    2.56 v _16689_/Y (sky130_fd_sc_hd__inv_1)
                                         dp.alu.b2[0] (net)
                  0.05    0.00    2.56 v _16885_/B (sky130_fd_sc_hd__fa_1)
     2    0.01    0.10    0.43    2.99 v _16885_/COUT (sky130_fd_sc_hd__fa_1)
                                         _00000_ (net)
                  0.10    0.00    2.99 v _16884_/CIN (sky130_fd_sc_hd__fa_1)
     2    0.01    0.08    0.39    3.38 v _16884_/COUT (sky130_fd_sc_hd__fa_1)
                                         _00001_ (net)
                  0.08    0.00    3.38 v _14222_/A (sky130_fd_sc_hd__nand2_1)
     2    0.01    0.07    0.09    3.47 ^ _14222_/Y (sky130_fd_sc_hd__nand2_1)
                                         _06105_ (net)
                  0.07    0.00    3.47 ^ _14225_/A1 (sky130_fd_sc_hd__a21oi_1)
     2    0.01    0.07    0.09    3.56 v _14225_/Y (sky130_fd_sc_hd__a21oi_1)
                                         _06108_ (net)
                  0.07    0.00    3.56 v _14226_/A (sky130_fd_sc_hd__nor2_1)
     2    0.01    0.18    0.18    3.74 ^ _14226_/Y (sky130_fd_sc_hd__nor2_1)
                                         _06109_ (net)
                  0.18    0.00    3.74 ^ _14231_/A2 (sky130_fd_sc_hd__o21ai_2)
     3    0.01    0.06    0.10    3.84 v _14231_/Y (sky130_fd_sc_hd__o21ai_2)
                                         _06114_ (net)
                  0.06    0.00    3.84 v _14238_/A1 (sky130_fd_sc_hd__a21oi_2)
     1    0.00    0.09    0.12    3.95 ^ _14238_/Y (sky130_fd_sc_hd__a21oi_2)
                                         _06121_ (net)
                  0.09    0.00    3.95 ^ place670/A (sky130_fd_sc_hd__buf_4)
     2    0.01    0.04    0.12    4.08 ^ place670/X (sky130_fd_sc_hd__buf_4)
                                         net669 (net)
                  0.04    0.00    4.08 ^ _14244_/A2 (sky130_fd_sc_hd__o21ai_2)
     2    0.02    0.07    0.08    4.16 v _14244_/Y (sky130_fd_sc_hd__o21ai_2)
                                         _06127_ (net)
                  0.07    0.00    4.16 v _14245_/A (sky130_fd_sc_hd__nand3_1)
     1    0.00    0.08    0.09    4.25 ^ _14245_/Y (sky130_fd_sc_hd__nand3_1)
                                         _06128_ (net)
                  0.08    0.00    4.25 ^ _14250_/A (sky130_fd_sc_hd__nand2_2)
     3    0.02    0.09    0.10    4.35 v _14250_/Y (sky130_fd_sc_hd__nand2_2)
                                         _06133_ (net)
                  0.09    0.00    4.35 v _14257_/A2 (sky130_fd_sc_hd__a21oi_2)
     2    0.01    0.16    0.20    4.55 ^ _14257_/Y (sky130_fd_sc_hd__a21oi_2)
                                         _06140_ (net)
                  0.16    0.00    4.55 ^ _14572_/A2 (sky130_fd_sc_hd__o21ai_0)
     1    0.00    0.06    0.10    4.65 v _14572_/Y (sky130_fd_sc_hd__o21ai_0)
                                         _06450_ (net)
                  0.06    0.00    4.65 v place661/A (sky130_fd_sc_hd__buf_4)
     5    0.02    0.04    0.16    4.81 v place661/X (sky130_fd_sc_hd__buf_4)
                                         net660 (net)
                  0.04    0.00    4.81 v _15402_/A (sky130_fd_sc_hd__nand4_1)
     2    0.01    0.13    0.11    4.92 ^ _15402_/Y (sky130_fd_sc_hd__nand4_1)
                                         _07236_ (net)
                  0.13    0.00    4.92 ^ _15409_/A (sky130_fd_sc_hd__nand2_1)
     1    0.00    0.06    0.07    4.99 v _15409_/Y (sky130_fd_sc_hd__nand2_1)
                                         _07243_ (net)
                  0.06    0.00    4.99 v _15418_/A (sky130_fd_sc_hd__nand2_1)
     2    0.01    0.10    0.08    5.07 ^ _15418_/Y (sky130_fd_sc_hd__nand2_1)
                                         _07252_ (net)
                  0.10    0.00    5.07 ^ _15430_/A (sky130_fd_sc_hd__nand2_1)
     1    0.00    0.04    0.06    5.12 v _15430_/Y (sky130_fd_sc_hd__nand2_1)
                                         _07264_ (net)
                  0.04    0.00    5.12 v _15432_/A (sky130_fd_sc_hd__nand2_1)
     1    0.00    0.04    0.05    5.17 ^ _15432_/Y (sky130_fd_sc_hd__nand2_1)
                                         _07266_ (net)
                  0.04    0.00    5.17 ^ _15433_/A (sky130_fd_sc_hd__nand4_1)
     1    0.02    0.22    0.18    5.35 v _15433_/Y (sky130_fd_sc_hd__nand4_1)
                                         _07267_ (net)
                  0.22    0.00    5.35 v _15438_/B (sky130_fd_sc_hd__nand3_1)
     1    0.00    0.08    0.15    5.50 ^ _15438_/Y (sky130_fd_sc_hd__nand3_1)
                                         _07272_ (net)
                  0.08    0.00    5.50 ^ _15439_/A (sky130_fd_sc_hd__nand2_1)
     1    0.00    0.08    0.05    5.55 v _15439_/Y (sky130_fd_sc_hd__nand2_1)
                                         _07273_ (net)
                  0.08    0.00    5.55 v _15451_/A (sky130_fd_sc_hd__nand2_1)
     2    0.01    0.09    0.09    5.65 ^ _15451_/Y (sky130_fd_sc_hd__nand2_1)
                                         net97 (net)
                  0.09    0.00    5.65 ^ output98/A (sky130_fd_sc_hd__clkdlybuf4s25_1)
     1    0.00    0.02    0.24    5.89 ^ output98/X (sky130_fd_sc_hd__clkdlybuf4s25_1)
                                         aluout[0] (net)
                  0.02    0.00    5.89 ^ aluout[0] (out)
                                  5.89   data arrival time

                  0.00    7.00    7.00   clock vclk_clk (rise edge)
                          0.77    7.77   clock network delay (ideal)
                          0.00    7.77   clock reconvergence pessimism
                         -1.40    6.37   output external delay
                                  6.37   data required time
-----------------------------------------------------------------------------
                                  6.37   data required time
                                 -5.89   data arrival time
-----------------------------------------------------------------------------
                                  0.48   slack (MET)



==========================================================================
finish report_check_types -max_slew -max_cap -max_fanout -violators
--------------------------------------------------------------------------

==========================================================================
finish max_slew_check_slack
--------------------------------------------------------------------------
0.2432786226272583

==========================================================================
finish max_slew_check_limit
--------------------------------------------------------------------------
1.4958089590072632

==========================================================================
finish max_slew_check_slack_limit
--------------------------------------------------------------------------
0.1626

==========================================================================
finish max_fanout_check_slack
--------------------------------------------------------------------------
1.0000000150474662e+30

==========================================================================
finish max_fanout_check_limit
--------------------------------------------------------------------------
1.0000000150474662e+30

==========================================================================
finish max_capacitance_check_slack
--------------------------------------------------------------------------
0.019261861220002174

==========================================================================
finish max_capacitance_check_limit
--------------------------------------------------------------------------
0.05036399886012077

==========================================================================
finish max_capacitance_check_slack_limit
--------------------------------------------------------------------------
0.3825

==========================================================================
finish max_slew_violation_count
--------------------------------------------------------------------------
max slew violation count 0

==========================================================================
finish max_fanout_violation_count
--------------------------------------------------------------------------
max fanout violation count 0

==========================================================================
finish max_cap_violation_count
--------------------------------------------------------------------------
max cap violation count 0

==========================================================================
finish setup_violation_count
--------------------------------------------------------------------------
setup violation count 0

==========================================================================
finish hold_violation_count
--------------------------------------------------------------------------
hold violation count 0

==========================================================================
finish report_checks -path_delay max reg to reg
--------------------------------------------------------------------------
Startpoint: dp.rf.rf[31][4]$_DFFE_PP_
            (rising edge-triggered flip-flop clocked by clk)
Endpoint: dp.rf.rf[21][28]$_DFFE_PP_
          (rising edge-triggered flip-flop clocked by clk)
Path Group: clk
Path Type: max

  Delay    Time   Description
---------------------------------------------------------
   0.00    0.00   clock clk (rise edge)
   0.00    0.00   clock source latency
   0.00    0.00 ^ clk (in)
   0.24    0.24 ^ clkbuf_0_clk/X (sky130_fd_sc_hd__clkbuf_16)
   0.35    0.59 ^ clkbuf_3_0__f_clk/X (sky130_fd_sc_hd__clkbuf_16)
   0.21    0.80 ^ clkbuf_leaf_98_clk/X (sky130_fd_sc_hd__clkbuf_16)
   0.00    0.81 ^ dp.rf.rf[31][4]$_DFFE_PP_/CLK (sky130_fd_sc_hd__edfxtp_1)
   0.37    1.18 v dp.rf.rf[31][4]$_DFFE_PP_/Q (sky130_fd_sc_hd__edfxtp_1)
   0.30    1.48 v _10624_/X (sky130_fd_sc_hd__or2_2)
   0.08    1.56 ^ _10625_/Y (sky130_fd_sc_hd__nand3_1)
   0.08    1.64 v _10626_/Y (sky130_fd_sc_hd__nand3_1)
   0.11    1.76 ^ _10627_/Y (sky130_fd_sc_hd__nand3_1)
   0.13    1.89 v _10659_/Y (sky130_fd_sc_hd__nand2_1)
   0.17    2.06 ^ _10660_/Y (sky130_fd_sc_hd__nand2_1)
   0.22    2.28 v _10707_/Y (sky130_fd_sc_hd__nand2_1)
   0.19    2.47 ^ _15326_/Y (sky130_fd_sc_hd__inv_1)
   0.19    2.66 ^ place683/X (sky130_fd_sc_hd__buf_4)
   0.11    2.77 v _16501_/Y (sky130_fd_sc_hd__o21ai_0)
   0.36    3.12 ^ _16895_/SUM (sky130_fd_sc_hd__ha_1)
   0.06    3.19 v _15466_/Y (sky130_fd_sc_hd__nand2_1)
   0.29    3.48 ^ _15479_/Y (sky130_fd_sc_hd__o21ai_0)
   0.10    3.57 v _15480_/Y (sky130_fd_sc_hd__inv_1)
   0.20    3.77 v _15485_/X (sky130_fd_sc_hd__o21a_1)
   0.37    4.14 ^ _15490_/Y (sky130_fd_sc_hd__o21ai_0)
   0.14    4.28 v _15491_/Y (sky130_fd_sc_hd__inv_1)
   0.20    4.48 ^ _15502_/Y (sky130_fd_sc_hd__o21ai_0)
   0.16    4.64 ^ place666/X (sky130_fd_sc_hd__buf_4)
   0.14    4.78 v _15509_/Y (sky130_fd_sc_hd__a21oi_1)
   0.30    5.08 ^ _15519_/Y (sky130_fd_sc_hd__o21ai_0)
   0.11    5.19 v _15520_/Y (sky130_fd_sc_hd__inv_1)
   0.41    5.60 ^ _15530_/Y (sky130_fd_sc_hd__o21ai_0)
   0.26    5.86 v _15537_/Y (sky130_fd_sc_hd__a21oi_1)
   0.18    6.05 ^ _15710_/Y (sky130_fd_sc_hd__nor2_1)
   0.06    6.10 v _15712_/Y (sky130_fd_sc_hd__nor2_1)
   0.07    6.17 ^ _15713_/Y (sky130_fd_sc_hd__nand2_1)
   0.09    6.26 v _15714_/Y (sky130_fd_sc_hd__nand2_1)
   0.09    6.35 ^ _16019_/Y (sky130_fd_sc_hd__nand3_1)
   0.09    6.44 v _16020_/Y (sky130_fd_sc_hd__nand3_1)
   0.16    6.60 ^ _16027_/Y (sky130_fd_sc_hd__nand2_1)
   0.35    6.95 ^ place621/X (sky130_fd_sc_hd__buf_4)
   0.03    6.99 ^ dp.rf.rf[21][28]$_DFFE_PP_/D (sky130_fd_sc_hd__edfxtp_1)
           6.99   data arrival time

   7.00    7.00   clock clk (rise edge)
   0.00    7.00   clock source latency
   0.00    7.00 ^ clk (in)
   0.24    7.24 ^ clkbuf_0_clk/X (sky130_fd_sc_hd__clkbuf_16)
   0.33    7.57 ^ clkbuf_3_1__f_clk/X (sky130_fd_sc_hd__clkbuf_16)
   0.21    7.77 ^ clkbuf_leaf_85_clk/X (sky130_fd_sc_hd__clkbuf_16)
   0.00    7.78 ^ dp.rf.rf[21][28]$_DFFE_PP_/CLK (sky130_fd_sc_hd__edfxtp_1)
   0.00    7.78   clock reconvergence pessimism
  -0.22    7.55   library setup time
           7.55   data required time
---------------------------------------------------------
           7.55   data required time
          -6.99   data arrival time
---------------------------------------------------------
           0.57   slack (MET)



==========================================================================
finish report_checks -path_delay min reg to reg
--------------------------------------------------------------------------
Startpoint: dp.pcreg.q[31]$_DFF_PP0_
            (rising edge-triggered flip-flop clocked by clk)
Endpoint: dp.pcreg.q[31]$_DFF_PP0_
          (rising edge-triggered flip-flop clocked by clk)
Path Group: clk
Path Type: min

  Delay    Time   Description
---------------------------------------------------------
   0.00    0.00   clock clk (rise edge)
   0.00    0.00   clock source latency
   0.00    0.00 ^ clk (in)
   0.24    0.24 ^ clkbuf_0_clk/X (sky130_fd_sc_hd__clkbuf_16)
   0.29    0.53 ^ clkbuf_3_7__f_clk/X (sky130_fd_sc_hd__clkbuf_16)
   0.19    0.72 ^ clkbuf_leaf_53_clk/X (sky130_fd_sc_hd__clkbuf_16)
   0.00    0.72 ^ dp.pcreg.q[31]$_DFF_PP0_/CLK (sky130_fd_sc_hd__dfrtp_1)
   0.38    1.09 ^ dp.pcreg.q[31]$_DFF_PP0_/Q (sky130_fd_sc_hd__dfrtp_1)
   0.06    1.16 v _16836_/Y (sky130_fd_sc_hd__nand2_1)
   0.07    1.23 ^ _16838_/Y (sky130_fd_sc_hd__nand2_1)
   0.05    1.28 v _16839_/Y (sky130_fd_sc_hd__nand2_1)
   0.06    1.34 ^ _16840_/Y (sky130_fd_sc_hd__o21ai_1)
   0.00    1.34 ^ dp.pcreg.q[31]$_DFF_PP0_/D (sky130_fd_sc_hd__dfrtp_1)
           1.34   data arrival time

   0.00    0.00   clock clk (rise edge)
   0.00    0.00   clock source latency
   0.00    0.00 ^ clk (in)
   0.24    0.24 ^ clkbuf_0_clk/X (sky130_fd_sc_hd__clkbuf_16)
   0.29    0.53 ^ clkbuf_3_7__f_clk/X (sky130_fd_sc_hd__clkbuf_16)
   0.19    0.72 ^ clkbuf_leaf_53_clk/X (sky130_fd_sc_hd__clkbuf_16)
   0.00    0.72 ^ dp.pcreg.q[31]$_DFF_PP0_/CLK (sky130_fd_sc_hd__dfrtp_1)
   0.00    0.72   clock reconvergence pessimism
  -0.04    0.68   library hold time
           0.68   data required time
---------------------------------------------------------
           0.68   data required time
          -1.34   data arrival time
---------------------------------------------------------
           0.66   slack (MET)



==========================================================================
finish critical path target clock latency max path
--------------------------------------------------------------------------
0

==========================================================================
finish critical path target clock latency min path
--------------------------------------------------------------------------
0

==========================================================================
finish critical path source clock latency min path
--------------------------------------------------------------------------
0

==========================================================================
finish critical path delay
--------------------------------------------------------------------------
5.8903

==========================================================================
finish critical path slack
--------------------------------------------------------------------------
0.4847

==========================================================================
finish slack div critical path delay
--------------------------------------------------------------------------
8.228783

==========================================================================
finish report_power
--------------------------------------------------------------------------
Group                  Internal  Switching    Leakage      Total
                          Power      Power      Power      Power (Watts)
----------------------------------------------------------------
Sequential             7.52e-03   1.60e-04   9.16e-09   7.68e-03  40.6%
Combinational          1.48e-03   3.78e-03   2.39e-08   5.27e-03  27.8%
Clock                  3.30e-03   2.68e-03   1.76e-09   5.97e-03  31.6%
Macro                  0.00e+00   0.00e+00   0.00e+00   0.00e+00   0.0%
Pad                    0.00e+00   0.00e+00   0.00e+00   0.00e+00   0.0%
----------------------------------------------------------------
Total                  1.23e-02   6.62e-03   3.48e-08   1.89e-02 100.0%
                          65.0%      35.0%       0.0%
