
==========================================================================
finish report_tns
--------------------------------------------------------------------------
tns max 0.00

==========================================================================
finish report_wns
--------------------------------------------------------------------------
wns max 0.00

==========================================================================
finish report_worst_slack
--------------------------------------------------------------------------
worst slack max 0.69

==========================================================================
finish report_clock_min_period
--------------------------------------------------------------------------
clk period_min = 8.19 fmax = 122.07
vclk_clk period_min = 0.00 fmax = inf

==========================================================================
finish report_clock_skew
--------------------------------------------------------------------------
Clock clk
   0.77 source latency dp.rf.rf[15][15]$_DFFE_PP_/CLK ^
  -0.71 target latency dp.rf.rf[25][29]$_DFFE_PP_/CLK ^
   0.00 CRPR
--------------
   0.07 setup skew

Clock vclk_clk
No launch/capture paths found.


==========================================================================
finish report_checks -path_delay min
--------------------------------------------------------------------------
Startpoint: dp.pcreg.q[1]$_DFFE_PP0P_
            (rising edge-triggered flip-flop clocked by clk)
Endpoint: dp.pcreg.q[1]$_DFFE_PP0P_
          (rising edge-triggered flip-flop clocked by clk)
Path Group: clk
Path Type: min

Fanout     Cap    Slew   Delay    Time   Description
-----------------------------------------------------------------------------
                          0.00    0.00   clock clk (rise edge)
                          0.00    0.00   clock source latency
     1    0.06    0.00    0.00    0.00 ^ clk (in)
                                         clk (net)
                  0.00    0.00    0.00 ^ clkbuf_0_clk/A (sky130_fd_sc_hd__clkbuf_16)
     8    0.19    0.20    0.23    0.23 ^ clkbuf_0_clk/X (sky130_fd_sc_hd__clkbuf_16)
                                         clknet_0_clk (net)
                  0.20    0.00    0.23 ^ clkbuf_3_2__f_clk/A (sky130_fd_sc_hd__clkbuf_16)
    17    0.23    0.24    0.32    0.56 ^ clkbuf_3_2__f_clk/X (sky130_fd_sc_hd__clkbuf_16)
                                         clknet_3_2__leaf_clk (net)
                  0.24    0.01    0.56 ^ clkbuf_leaf_70_clk/A (sky130_fd_sc_hd__clkbuf_16)
     9    0.05    0.07    0.21    0.77 ^ clkbuf_leaf_70_clk/X (sky130_fd_sc_hd__clkbuf_16)
                                         clknet_leaf_70_clk (net)
                  0.07    0.00    0.77 ^ dp.pcreg.q[1]$_DFFE_PP0P_/CLK (sky130_fd_sc_hd__dfrtp_1)
     4    0.02    0.15    0.41    1.18 ^ dp.pcreg.q[1]$_DFFE_PP0P_/Q (sky130_fd_sc_hd__dfrtp_1)
                                         net142 (net)
                  0.15    0.00    1.18 ^ _7549_/A0 (sky130_fd_sc_hd__mux2_2)
     1    0.00    0.04    0.17    1.34 ^ _7549_/X (sky130_fd_sc_hd__mux2_2)
                                         _0207_ (net)
                  0.04    0.00    1.34 ^ dp.pcreg.q[1]$_DFFE_PP0P_/D (sky130_fd_sc_hd__dfrtp_1)
                                  1.34   data arrival time

                          0.00    0.00   clock clk (rise edge)
                          0.00    0.00   clock source latency
     1    0.06    0.00    0.00    0.00 ^ clk (in)
                                         clk (net)
                  0.00    0.00    0.00 ^ clkbuf_0_clk/A (sky130_fd_sc_hd__clkbuf_16)
     8    0.19    0.20    0.23    0.23 ^ clkbuf_0_clk/X (sky130_fd_sc_hd__clkbuf_16)
                                         clknet_0_clk (net)
                  0.20    0.00    0.23 ^ clkbuf_3_2__f_clk/A (sky130_fd_sc_hd__clkbuf_16)
    17    0.23    0.24    0.32    0.56 ^ clkbuf_3_2__f_clk/X (sky130_fd_sc_hd__clkbuf_16)
                                         clknet_3_2__leaf_clk (net)
                  0.24    0.01    0.56 ^ clkbuf_leaf_70_clk/A (sky130_fd_sc_hd__clkbuf_16)
     9    0.05    0.07    0.21    0.77 ^ clkbuf_leaf_70_clk/X (sky130_fd_sc_hd__clkbuf_16)
                                         clknet_leaf_70_clk (net)
                  0.07    0.00    0.77 ^ dp.pcreg.q[1]$_DFFE_PP0P_/CLK (sky130_fd_sc_hd__dfrtp_1)
                          0.00    0.77   clock reconvergence pessimism
                         -0.03    0.74   library hold time
                                  0.74   data required time
-----------------------------------------------------------------------------
                                  0.74   data required time
                                 -1.34   data arrival time
-----------------------------------------------------------------------------
                                  0.60   slack (MET)


Startpoint: dp.pcreg.q[14]$_DFF_PP0_
            (rising edge-triggered flip-flop clocked by clk)
Endpoint: pc[14] (output port clocked by vclk_clk)
Path Group: vclk_clk
Path Type: min

Fanout     Cap    Slew   Delay    Time   Description
-----------------------------------------------------------------------------
                          0.00    0.00   clock clk (rise edge)
                          0.00    0.00   clock source latency
     1    0.06    0.00    0.00    0.00 ^ clk (in)
                                         clk (net)
                  0.00    0.00    0.00 ^ clkbuf_0_clk/A (sky130_fd_sc_hd__clkbuf_16)
     8    0.19    0.20    0.23    0.23 ^ clkbuf_0_clk/X (sky130_fd_sc_hd__clkbuf_16)
                                         clknet_0_clk (net)
                  0.20    0.00    0.23 ^ clkbuf_3_3__f_clk/A (sky130_fd_sc_hd__clkbuf_16)
    11    0.19    0.20    0.30    0.53 ^ clkbuf_3_3__f_clk/X (sky130_fd_sc_hd__clkbuf_16)
                                         clknet_3_3__leaf_clk (net)
                  0.20    0.00    0.54 ^ clkbuf_leaf_69_clk/A (sky130_fd_sc_hd__clkbuf_16)
     8    0.05    0.07    0.20    0.74 ^ clkbuf_leaf_69_clk/X (sky130_fd_sc_hd__clkbuf_16)
                                         clknet_leaf_69_clk (net)
                  0.07    0.00    0.74 ^ dp.pcreg.q[14]$_DFF_PP0_/CLK (sky130_fd_sc_hd__dfrtp_1)
     4    0.02    0.10    0.42    1.16 v dp.pcreg.q[14]$_DFF_PP0_/Q (sky130_fd_sc_hd__dfrtp_1)
                                         net136 (net)
                  0.10    0.00    1.16 v output137/A (sky130_fd_sc_hd__clkdlybuf4s50_1)
     1    0.00    0.03    0.42    1.58 v output137/X (sky130_fd_sc_hd__clkdlybuf4s50_1)
                                         pc[14] (net)
                  0.03    0.00    1.58 v pc[14] (out)
                                  1.58   data arrival time

                  0.00    0.00    0.00   clock vclk_clk (rise edge)
                          0.77    0.77   clock network delay (ideal)
                          0.00    0.77   clock reconvergence pessimism
                         -2.00   -1.23   output external delay
                                 -1.23   data required time
-----------------------------------------------------------------------------
                                 -1.23   data required time
                                 -1.58   data arrival time
-----------------------------------------------------------------------------
                                  2.80   slack (MET)



==========================================================================
finish report_checks -path_delay max
--------------------------------------------------------------------------
Startpoint: dp.rf.rf[28][0]$_DFFE_PP_
            (rising edge-triggered flip-flop clocked by clk)
Endpoint: dp.rf.rf[8][0]$_DFFE_PP_
          (rising edge-triggered flip-flop clocked by clk)
Path Group: clk
Path Type: max

Fanout     Cap    Slew   Delay    Time   Description
-----------------------------------------------------------------------------
                          0.00    0.00   clock clk (rise edge)
                          0.00    0.00   clock source latency
     1    0.06    0.00    0.00    0.00 ^ clk (in)
                                         clk (net)
                  0.00    0.00    0.00 ^ clkbuf_0_clk/A (sky130_fd_sc_hd__clkbuf_16)
     8    0.19    0.20    0.23    0.23 ^ clkbuf_0_clk/X (sky130_fd_sc_hd__clkbuf_16)
                                         clknet_0_clk (net)
                  0.20    0.00    0.23 ^ clkbuf_3_3__f_clk/A (sky130_fd_sc_hd__clkbuf_16)
    11    0.19    0.20    0.30    0.53 ^ clkbuf_3_3__f_clk/X (sky130_fd_sc_hd__clkbuf_16)
                                         clknet_3_3__leaf_clk (net)
                  0.20    0.00    0.54 ^ clkbuf_leaf_87_clk/A (sky130_fd_sc_hd__clkbuf_16)
    12    0.04    0.06    0.19    0.73 ^ clkbuf_leaf_87_clk/X (sky130_fd_sc_hd__clkbuf_16)
                                         clknet_leaf_87_clk (net)
                  0.06    0.00    0.73 ^ dp.rf.rf[28][0]$_DFFE_PP_/CLK (sky130_fd_sc_hd__edfxtp_1)
     2    0.01    0.08    0.38    1.11 v dp.rf.rf[28][0]$_DFFE_PP_/Q (sky130_fd_sc_hd__edfxtp_1)
                                         dp.rf.rf[28][0] (net)
                  0.08    0.00    1.11 v _4400_/A0 (sky130_fd_sc_hd__mux2_2)
     1    0.00    0.05    0.28    1.39 v _4400_/X (sky130_fd_sc_hd__mux2_2)
                                         _0850_ (net)
                  0.05    0.00    1.39 v _4401_/A2 (sky130_fd_sc_hd__a21oi_1)
     1    0.00    0.18    0.16    1.55 ^ _4401_/Y (sky130_fd_sc_hd__a21oi_1)
                                         _0851_ (net)
                  0.18    0.00    1.55 ^ _4403_/A2 (sky130_fd_sc_hd__a21oi_1)
     1    0.00    0.16    0.10    1.65 v _4403_/Y (sky130_fd_sc_hd__a21oi_1)
                                         _0853_ (net)
                  0.16    0.00    1.65 v _4408_/A2 (sky130_fd_sc_hd__o221ai_1)
     1    0.01    0.28    0.30    1.95 ^ _4408_/Y (sky130_fd_sc_hd__o221ai_1)
                                         _0858_ (net)
                  0.28    0.00    1.95 ^ _4409_/C1 (sky130_fd_sc_hd__o311ai_2)
     4    0.01    0.19    0.20    2.15 v _4409_/Y (sky130_fd_sc_hd__o311ai_2)
                                         _0859_ (net)
                  0.19    0.00    2.15 v _6099_/B (sky130_fd_sc_hd__nor2_1)
     6    0.03    0.52    0.47    2.61 ^ _6099_/Y (sky130_fd_sc_hd__nor2_1)
                                         _0153_ (net)
                  0.52    0.00    2.61 ^ _6832_/A (sky130_fd_sc_hd__inv_1)
     3    0.01    0.15    0.18    2.79 v _6832_/Y (sky130_fd_sc_hd__inv_1)
                                         dp.alu.a2[0] (net)
                  0.15    0.00    2.79 v _7641_/B (sky130_fd_sc_hd__fa_1)
     2    0.01    0.11    0.47    3.27 v _7641_/COUT (sky130_fd_sc_hd__fa_1)
                                         _0000_ (net)
                  0.11    0.00    3.27 v _7640_/A (sky130_fd_sc_hd__fa_1)
     2    0.01    0.10    0.47    3.74 v _7640_/COUT (sky130_fd_sc_hd__fa_1)
                                         _0001_ (net)
                  0.10    0.00    3.74 v _5928_/A1 (sky130_fd_sc_hd__a21o_1)
     1    0.00    0.04    0.18    3.92 v _5928_/X (sky130_fd_sc_hd__a21o_1)
                                         _2341_ (net)
                  0.04    0.00    3.92 v _5929_/A2 (sky130_fd_sc_hd__a21oi_1)
     3    0.02    0.39    0.34    4.26 ^ _5929_/Y (sky130_fd_sc_hd__a21oi_1)
                                         _2342_ (net)
                  0.39    0.00    4.26 ^ _5931_/A2 (sky130_fd_sc_hd__o21ai_0)
     2    0.01    0.13    0.18    4.45 v _5931_/Y (sky130_fd_sc_hd__o21ai_0)
                                         _2344_ (net)
                  0.13    0.00    4.45 v _5935_/A2 (sky130_fd_sc_hd__a311oi_1)
     1    0.00    0.23    0.30    4.74 ^ _5935_/Y (sky130_fd_sc_hd__a311oi_1)
                                         _2348_ (net)
                  0.23    0.00    4.74 ^ place523/A (sky130_fd_sc_hd__buf_4)
     2    0.02    0.07    0.19    4.93 ^ place523/X (sky130_fd_sc_hd__buf_4)
                                         net522 (net)
                  0.07    0.00    4.93 ^ _5954_/A1 (sky130_fd_sc_hd__o2111ai_1)
     2    0.03    0.47    0.37    5.30 v _5954_/Y (sky130_fd_sc_hd__o2111ai_1)
                                         _2367_ (net)
                  0.47    0.00    5.30 v _5958_/A (sky130_fd_sc_hd__nand2_1)
     2    0.01    0.16    0.25    5.55 ^ _5958_/Y (sky130_fd_sc_hd__nand2_1)
                                         _2371_ (net)
                  0.16    0.00    5.55 ^ _5963_/A1 (sky130_fd_sc_hd__o21ai_0)
     3    0.01    0.14    0.17    5.72 v _5963_/Y (sky130_fd_sc_hd__o21ai_0)
                                         _2376_ (net)
                  0.14    0.00    5.72 v _5967_/A4 (sky130_fd_sc_hd__o41ai_1)
     2    0.01    0.46    0.42    6.15 ^ _5967_/Y (sky130_fd_sc_hd__o41ai_1)
                                         _2380_ (net)
                  0.46    0.00    6.15 ^ _5973_/A2 (sky130_fd_sc_hd__o311ai_0)
     2    0.01    0.21    0.28    6.43 v _5973_/Y (sky130_fd_sc_hd__o311ai_0)
                                         _2386_ (net)
                  0.21    0.00    6.43 v _6841_/A2 (sky130_fd_sc_hd__a21o_1)
     1    0.01    0.06    0.26    6.69 v _6841_/X (sky130_fd_sc_hd__a21o_1)
                                         _3204_ (net)
                  0.06    0.00    6.69 v _6842_/A2 (sky130_fd_sc_hd__a21oi_1)
     1    0.00    0.11    0.14    6.83 ^ _6842_/Y (sky130_fd_sc_hd__a21oi_1)
                                         _3205_ (net)
                  0.11    0.00    6.83 ^ place512/A (sky130_fd_sc_hd__buf_4)
     1    0.03    0.09    0.17    7.00 ^ place512/X (sky130_fd_sc_hd__buf_4)
                                         net511 (net)
                  0.09    0.00    7.00 ^ _6852_/A (sky130_fd_sc_hd__xnor2_1)
     1    0.00    0.13    0.12    7.12 ^ _6852_/Y (sky130_fd_sc_hd__xnor2_1)
                                         _3215_ (net)
                  0.13    0.00    7.12 ^ _6857_/A3 (sky130_fd_sc_hd__a31oi_1)
     1    0.00    0.15    0.10    7.22 v _6857_/Y (sky130_fd_sc_hd__a31oi_1)
                                         _3220_ (net)
                  0.15    0.00    7.22 v _6858_/B1 (sky130_fd_sc_hd__o22ai_1)
     1    0.00    0.29    0.19    7.41 ^ _6858_/Y (sky130_fd_sc_hd__o22ai_1)
                                         net97 (net)
                  0.29    0.00    7.41 ^ place500/A (sky130_fd_sc_hd__buf_4)
     2    0.02    0.07    0.20    7.61 ^ place500/X (sky130_fd_sc_hd__buf_4)
                                         net499 (net)
                  0.07    0.00    7.61 ^ _7268_/B1 (sky130_fd_sc_hd__a221o_1)
    32    0.13    1.18    0.93    8.53 ^ _7268_/X (sky130_fd_sc_hd__a221o_1)
                                         dp.result2[0] (net)
                  1.18    0.02    8.56 ^ dp.rf.rf[8][0]$_DFFE_PP_/D (sky130_fd_sc_hd__edfxtp_1)
                                  8.56   data arrival time

                         10.00   10.00   clock clk (rise edge)
                          0.00   10.00   clock source latency
     1    0.06    0.00    0.00   10.00 ^ clk (in)
                                         clk (net)
                  0.00    0.00   10.00 ^ clkbuf_0_clk/A (sky130_fd_sc_hd__clkbuf_16)
     8    0.19    0.20    0.23   10.23 ^ clkbuf_0_clk/X (sky130_fd_sc_hd__clkbuf_16)
                                         clknet_0_clk (net)
                  0.20    0.00   10.23 ^ clkbuf_3_3__f_clk/A (sky130_fd_sc_hd__clkbuf_16)
    11    0.19    0.20    0.30   10.53 ^ clkbuf_3_3__f_clk/X (sky130_fd_sc_hd__clkbuf_16)
                                         clknet_3_3__leaf_clk (net)
                  0.20    0.00   10.54 ^ clkbuf_leaf_86_clk/A (sky130_fd_sc_hd__clkbuf_16)
    10    0.04    0.06    0.19   10.73 ^ clkbuf_leaf_86_clk/X (sky130_fd_sc_hd__clkbuf_16)
                                         clknet_leaf_86_clk (net)
                  0.06    0.00   10.73 ^ dp.rf.rf[8][0]$_DFFE_PP_/CLK (sky130_fd_sc_hd__edfxtp_1)
                          0.00   10.73   clock reconvergence pessimism
                         -0.36   10.36   library setup time
                                 10.36   data required time
-----------------------------------------------------------------------------
                                 10.36   data required time
                                 -8.56   data arrival time
-----------------------------------------------------------------------------
                                  1.81   slack (MET)


Startpoint: dp.rf.rf[28][0]$_DFFE_PP_
            (rising edge-triggered flip-flop clocked by clk)
Endpoint: aluout[0] (output port clocked by vclk_clk)
Path Group: vclk_clk
Path Type: max

Fanout     Cap    Slew   Delay    Time   Description
-----------------------------------------------------------------------------
                          0.00    0.00   clock clk (rise edge)
                          0.00    0.00   clock source latency
     1    0.06    0.00    0.00    0.00 ^ clk (in)
                                         clk (net)
                  0.00    0.00    0.00 ^ clkbuf_0_clk/A (sky130_fd_sc_hd__clkbuf_16)
     8    0.19    0.20    0.23    0.23 ^ clkbuf_0_clk/X (sky130_fd_sc_hd__clkbuf_16)
                                         clknet_0_clk (net)
                  0.20    0.00    0.23 ^ clkbuf_3_3__f_clk/A (sky130_fd_sc_hd__clkbuf_16)
    11    0.19    0.20    0.30    0.53 ^ clkbuf_3_3__f_clk/X (sky130_fd_sc_hd__clkbuf_16)
                                         clknet_3_3__leaf_clk (net)
                  0.20    0.00    0.54 ^ clkbuf_leaf_87_clk/A (sky130_fd_sc_hd__clkbuf_16)
    12    0.04    0.06    0.19    0.73 ^ clkbuf_leaf_87_clk/X (sky130_fd_sc_hd__clkbuf_16)
                                         clknet_leaf_87_clk (net)
                  0.06    0.00    0.73 ^ dp.rf.rf[28][0]$_DFFE_PP_/CLK (sky130_fd_sc_hd__edfxtp_1)
     2    0.01    0.08    0.38    1.11 v dp.rf.rf[28][0]$_DFFE_PP_/Q (sky130_fd_sc_hd__edfxtp_1)
                                         dp.rf.rf[28][0] (net)
                  0.08    0.00    1.11 v _4400_/A0 (sky130_fd_sc_hd__mux2_2)
     1    0.00    0.05    0.28    1.39 v _4400_/X (sky130_fd_sc_hd__mux2_2)
                                         _0850_ (net)
                  0.05    0.00    1.39 v _4401_/A2 (sky130_fd_sc_hd__a21oi_1)
     1    0.00    0.18    0.16    1.55 ^ _4401_/Y (sky130_fd_sc_hd__a21oi_1)
                                         _0851_ (net)
                  0.18    0.00    1.55 ^ _4403_/A2 (sky130_fd_sc_hd__a21oi_1)
     1    0.00    0.16    0.10    1.65 v _4403_/Y (sky130_fd_sc_hd__a21oi_1)
                                         _0853_ (net)
                  0.16    0.00    1.65 v _4408_/A2 (sky130_fd_sc_hd__o221ai_1)
     1    0.01    0.28    0.30    1.95 ^ _4408_/Y (sky130_fd_sc_hd__o221ai_1)
                                         _0858_ (net)
                  0.28    0.00    1.95 ^ _4409_/C1 (sky130_fd_sc_hd__o311ai_2)
     4    0.01    0.19    0.20    2.15 v _4409_/Y (sky130_fd_sc_hd__o311ai_2)
                                         _0859_ (net)
                  0.19    0.00    2.15 v _6099_/B (sky130_fd_sc_hd__nor2_1)
     6    0.03    0.52    0.47    2.61 ^ _6099_/Y (sky130_fd_sc_hd__nor2_1)
                                         _0153_ (net)
                  0.52    0.00    2.61 ^ _6832_/A (sky130_fd_sc_hd__inv_1)
     3    0.01    0.15    0.18    2.79 v _6832_/Y (sky130_fd_sc_hd__inv_1)
                                         dp.alu.a2[0] (net)
                  0.15    0.00    2.79 v _7641_/B (sky130_fd_sc_hd__fa_1)
     2    0.01    0.11    0.47    3.27 v _7641_/COUT (sky130_fd_sc_hd__fa_1)
                                         _0000_ (net)
                  0.11    0.00    3.27 v _7640_/A (sky130_fd_sc_hd__fa_1)
     2    0.01    0.10    0.47    3.74 v _7640_/COUT (sky130_fd_sc_hd__fa_1)
                                         _0001_ (net)
                  0.10    0.00    3.74 v _5928_/A1 (sky130_fd_sc_hd__a21o_1)
     1    0.00    0.04    0.18    3.92 v _5928_/X (sky130_fd_sc_hd__a21o_1)
                                         _2341_ (net)
                  0.04    0.00    3.92 v _5929_/A2 (sky130_fd_sc_hd__a21oi_1)
     3    0.02    0.39    0.34    4.26 ^ _5929_/Y (sky130_fd_sc_hd__a21oi_1)
                                         _2342_ (net)
                  0.39    0.00    4.26 ^ _5931_/A2 (sky130_fd_sc_hd__o21ai_0)
     2    0.01    0.13    0.18    4.45 v _5931_/Y (sky130_fd_sc_hd__o21ai_0)
                                         _2344_ (net)
                  0.13    0.00    4.45 v _5935_/A2 (sky130_fd_sc_hd__a311oi_1)
     1    0.00    0.23    0.30    4.74 ^ _5935_/Y (sky130_fd_sc_hd__a311oi_1)
                                         _2348_ (net)
                  0.23    0.00    4.74 ^ place523/A (sky130_fd_sc_hd__buf_4)
     2    0.02    0.07    0.19    4.93 ^ place523/X (sky130_fd_sc_hd__buf_4)
                                         net522 (net)
                  0.07    0.00    4.93 ^ _5954_/A1 (sky130_fd_sc_hd__o2111ai_1)
     2    0.03    0.47    0.37    5.30 v _5954_/Y (sky130_fd_sc_hd__o2111ai_1)
                                         _2367_ (net)
                  0.47    0.00    5.30 v _5958_/A (sky130_fd_sc_hd__nand2_1)
     2    0.01    0.16    0.25    5.55 ^ _5958_/Y (sky130_fd_sc_hd__nand2_1)
                                         _2371_ (net)
                  0.16    0.00    5.55 ^ _5963_/A1 (sky130_fd_sc_hd__o21ai_0)
     3    0.01    0.14    0.17    5.72 v _5963_/Y (sky130_fd_sc_hd__o21ai_0)
                                         _2376_ (net)
                  0.14    0.00    5.72 v _5967_/A4 (sky130_fd_sc_hd__o41ai_1)
     2    0.01    0.46    0.42    6.15 ^ _5967_/Y (sky130_fd_sc_hd__o41ai_1)
                                         _2380_ (net)
                  0.46    0.00    6.15 ^ _5973_/A2 (sky130_fd_sc_hd__o311ai_0)
     2    0.01    0.21    0.28    6.43 v _5973_/Y (sky130_fd_sc_hd__o311ai_0)
                                         _2386_ (net)
                  0.21    0.00    6.43 v _6841_/A2 (sky130_fd_sc_hd__a21o_1)
     1    0.01    0.06    0.26    6.69 v _6841_/X (sky130_fd_sc_hd__a21o_1)
                                         _3204_ (net)
                  0.06    0.00    6.69 v _6842_/A2 (sky130_fd_sc_hd__a21oi_1)
     1    0.00    0.11    0.14    6.83 ^ _6842_/Y (sky130_fd_sc_hd__a21oi_1)
                                         _3205_ (net)
                  0.11    0.00    6.83 ^ place512/A (sky130_fd_sc_hd__buf_4)
     1    0.03    0.09    0.17    7.00 ^ place512/X (sky130_fd_sc_hd__buf_4)
                                         net511 (net)
                  0.09    0.00    7.00 ^ _6852_/A (sky130_fd_sc_hd__xnor2_1)
     1    0.00    0.13    0.12    7.12 ^ _6852_/Y (sky130_fd_sc_hd__xnor2_1)
                                         _3215_ (net)
                  0.13    0.00    7.12 ^ _6857_/A3 (sky130_fd_sc_hd__a31oi_1)
     1    0.00    0.15    0.10    7.22 v _6857_/Y (sky130_fd_sc_hd__a31oi_1)
                                         _3220_ (net)
                  0.15    0.00    7.22 v _6858_/B1 (sky130_fd_sc_hd__o22ai_1)
     1    0.00    0.29    0.19    7.41 ^ _6858_/Y (sky130_fd_sc_hd__o22ai_1)
                                         net97 (net)
                  0.29    0.00    7.41 ^ place500/A (sky130_fd_sc_hd__buf_4)
     2    0.02    0.07    0.20    7.61 ^ place500/X (sky130_fd_sc_hd__buf_4)
                                         net499 (net)
                  0.07    0.00    7.61 ^ output98/A (sky130_fd_sc_hd__clkdlybuf4s50_1)
     1    0.00    0.05    0.48    8.08 ^ output98/X (sky130_fd_sc_hd__clkdlybuf4s50_1)
                                         aluout[0] (net)
                  0.05    0.00    8.08 ^ aluout[0] (out)
                                  8.08   data arrival time

                  0.00   10.00   10.00   clock vclk_clk (rise edge)
                          0.77   10.77   clock network delay (ideal)
                          0.00   10.77   clock reconvergence pessimism
                         -2.00    8.77   output external delay
                                  8.77   data required time
-----------------------------------------------------------------------------
                                  8.77   data required time
                                 -8.08   data arrival time
-----------------------------------------------------------------------------
                                  0.69   slack (MET)



==========================================================================
finish report_checks -unconstrained
--------------------------------------------------------------------------
Startpoint: dp.rf.rf[28][0]$_DFFE_PP_
            (rising edge-triggered flip-flop clocked by clk)
Endpoint: dp.rf.rf[8][0]$_DFFE_PP_
          (rising edge-triggered flip-flop clocked by clk)
Path Group: clk
Path Type: max

Fanout     Cap    Slew   Delay    Time   Description
-----------------------------------------------------------------------------
                          0.00    0.00   clock clk (rise edge)
                          0.00    0.00   clock source latency
     1    0.06    0.00    0.00    0.00 ^ clk (in)
                                         clk (net)
                  0.00    0.00    0.00 ^ clkbuf_0_clk/A (sky130_fd_sc_hd__clkbuf_16)
     8    0.19    0.20    0.23    0.23 ^ clkbuf_0_clk/X (sky130_fd_sc_hd__clkbuf_16)
                                         clknet_0_clk (net)
                  0.20    0.00    0.23 ^ clkbuf_3_3__f_clk/A (sky130_fd_sc_hd__clkbuf_16)
    11    0.19    0.20    0.30    0.53 ^ clkbuf_3_3__f_clk/X (sky130_fd_sc_hd__clkbuf_16)
                                         clknet_3_3__leaf_clk (net)
                  0.20    0.00    0.54 ^ clkbuf_leaf_87_clk/A (sky130_fd_sc_hd__clkbuf_16)
    12    0.04    0.06    0.19    0.73 ^ clkbuf_leaf_87_clk/X (sky130_fd_sc_hd__clkbuf_16)
                                         clknet_leaf_87_clk (net)
                  0.06    0.00    0.73 ^ dp.rf.rf[28][0]$_DFFE_PP_/CLK (sky130_fd_sc_hd__edfxtp_1)
     2    0.01    0.08    0.38    1.11 v dp.rf.rf[28][0]$_DFFE_PP_/Q (sky130_fd_sc_hd__edfxtp_1)
                                         dp.rf.rf[28][0] (net)
                  0.08    0.00    1.11 v _4400_/A0 (sky130_fd_sc_hd__mux2_2)
     1    0.00    0.05    0.28    1.39 v _4400_/X (sky130_fd_sc_hd__mux2_2)
                                         _0850_ (net)
                  0.05    0.00    1.39 v _4401_/A2 (sky130_fd_sc_hd__a21oi_1)
     1    0.00    0.18    0.16    1.55 ^ _4401_/Y (sky130_fd_sc_hd__a21oi_1)
                                         _0851_ (net)
                  0.18    0.00    1.55 ^ _4403_/A2 (sky130_fd_sc_hd__a21oi_1)
     1    0.00    0.16    0.10    1.65 v _4403_/Y (sky130_fd_sc_hd__a21oi_1)
                                         _0853_ (net)
                  0.16    0.00    1.65 v _4408_/A2 (sky130_fd_sc_hd__o221ai_1)
     1    0.01    0.28    0.30    1.95 ^ _4408_/Y (sky130_fd_sc_hd__o221ai_1)
                                         _0858_ (net)
                  0.28    0.00    1.95 ^ _4409_/C1 (sky130_fd_sc_hd__o311ai_2)
     4    0.01    0.19    0.20    2.15 v _4409_/Y (sky130_fd_sc_hd__o311ai_2)
                                         _0859_ (net)
                  0.19    0.00    2.15 v _6099_/B (sky130_fd_sc_hd__nor2_1)
     6    0.03    0.52    0.47    2.61 ^ _6099_/Y (sky130_fd_sc_hd__nor2_1)
                                         _0153_ (net)
                  0.52    0.00    2.61 ^ _6832_/A (sky130_fd_sc_hd__inv_1)
     3    0.01    0.15    0.18    2.79 v _6832_/Y (sky130_fd_sc_hd__inv_1)
                                         dp.alu.a2[0] (net)
                  0.15    0.00    2.79 v _7641_/B (sky130_fd_sc_hd__fa_1)
     2    0.01    0.11    0.47    3.27 v _7641_/COUT (sky130_fd_sc_hd__fa_1)
                                         _0000_ (net)
                  0.11    0.00    3.27 v _7640_/A (sky130_fd_sc_hd__fa_1)
     2    0.01    0.10    0.47    3.74 v _7640_/COUT (sky130_fd_sc_hd__fa_1)
                                         _0001_ (net)
                  0.10    0.00    3.74 v _5928_/A1 (sky130_fd_sc_hd__a21o_1)
     1    0.00    0.04    0.18    3.92 v _5928_/X (sky130_fd_sc_hd__a21o_1)
                                         _2341_ (net)
                  0.04    0.00    3.92 v _5929_/A2 (sky130_fd_sc_hd__a21oi_1)
     3    0.02    0.39    0.34    4.26 ^ _5929_/Y (sky130_fd_sc_hd__a21oi_1)
                                         _2342_ (net)
                  0.39    0.00    4.26 ^ _5931_/A2 (sky130_fd_sc_hd__o21ai_0)
     2    0.01    0.13    0.18    4.45 v _5931_/Y (sky130_fd_sc_hd__o21ai_0)
                                         _2344_ (net)
                  0.13    0.00    4.45 v _5935_/A2 (sky130_fd_sc_hd__a311oi_1)
     1    0.00    0.23    0.30    4.74 ^ _5935_/Y (sky130_fd_sc_hd__a311oi_1)
                                         _2348_ (net)
                  0.23    0.00    4.74 ^ place523/A (sky130_fd_sc_hd__buf_4)
     2    0.02    0.07    0.19    4.93 ^ place523/X (sky130_fd_sc_hd__buf_4)
                                         net522 (net)
                  0.07    0.00    4.93 ^ _5954_/A1 (sky130_fd_sc_hd__o2111ai_1)
     2    0.03    0.47    0.37    5.30 v _5954_/Y (sky130_fd_sc_hd__o2111ai_1)
                                         _2367_ (net)
                  0.47    0.00    5.30 v _5958_/A (sky130_fd_sc_hd__nand2_1)
     2    0.01    0.16    0.25    5.55 ^ _5958_/Y (sky130_fd_sc_hd__nand2_1)
                                         _2371_ (net)
                  0.16    0.00    5.55 ^ _5963_/A1 (sky130_fd_sc_hd__o21ai_0)
     3    0.01    0.14    0.17    5.72 v _5963_/Y (sky130_fd_sc_hd__o21ai_0)
                                         _2376_ (net)
                  0.14    0.00    5.72 v _5967_/A4 (sky130_fd_sc_hd__o41ai_1)
     2    0.01    0.46    0.42    6.15 ^ _5967_/Y (sky130_fd_sc_hd__o41ai_1)
                                         _2380_ (net)
                  0.46    0.00    6.15 ^ _5973_/A2 (sky130_fd_sc_hd__o311ai_0)
     2    0.01    0.21    0.28    6.43 v _5973_/Y (sky130_fd_sc_hd__o311ai_0)
                                         _2386_ (net)
                  0.21    0.00    6.43 v _6841_/A2 (sky130_fd_sc_hd__a21o_1)
     1    0.01    0.06    0.26    6.69 v _6841_/X (sky130_fd_sc_hd__a21o_1)
                                         _3204_ (net)
                  0.06    0.00    6.69 v _6842_/A2 (sky130_fd_sc_hd__a21oi_1)
     1    0.00    0.11    0.14    6.83 ^ _6842_/Y (sky130_fd_sc_hd__a21oi_1)
                                         _3205_ (net)
                  0.11    0.00    6.83 ^ place512/A (sky130_fd_sc_hd__buf_4)
     1    0.03    0.09    0.17    7.00 ^ place512/X (sky130_fd_sc_hd__buf_4)
                                         net511 (net)
                  0.09    0.00    7.00 ^ _6852_/A (sky130_fd_sc_hd__xnor2_1)
     1    0.00    0.13    0.12    7.12 ^ _6852_/Y (sky130_fd_sc_hd__xnor2_1)
                                         _3215_ (net)
                  0.13    0.00    7.12 ^ _6857_/A3 (sky130_fd_sc_hd__a31oi_1)
     1    0.00    0.15    0.10    7.22 v _6857_/Y (sky130_fd_sc_hd__a31oi_1)
                                         _3220_ (net)
                  0.15    0.00    7.22 v _6858_/B1 (sky130_fd_sc_hd__o22ai_1)
     1    0.00    0.29    0.19    7.41 ^ _6858_/Y (sky130_fd_sc_hd__o22ai_1)
                                         net97 (net)
                  0.29    0.00    7.41 ^ place500/A (sky130_fd_sc_hd__buf_4)
     2    0.02    0.07    0.20    7.61 ^ place500/X (sky130_fd_sc_hd__buf_4)
                                         net499 (net)
                  0.07    0.00    7.61 ^ _7268_/B1 (sky130_fd_sc_hd__a221o_1)
    32    0.13    1.18    0.93    8.53 ^ _7268_/X (sky130_fd_sc_hd__a221o_1)
                                         dp.result2[0] (net)
                  1.18    0.02    8.56 ^ dp.rf.rf[8][0]$_DFFE_PP_/D (sky130_fd_sc_hd__edfxtp_1)
                                  8.56   data arrival time

                         10.00   10.00   clock clk (rise edge)
                          0.00   10.00   clock source latency
     1    0.06    0.00    0.00   10.00 ^ clk (in)
                                         clk (net)
                  0.00    0.00   10.00 ^ clkbuf_0_clk/A (sky130_fd_sc_hd__clkbuf_16)
     8    0.19    0.20    0.23   10.23 ^ clkbuf_0_clk/X (sky130_fd_sc_hd__clkbuf_16)
                                         clknet_0_clk (net)
                  0.20    0.00   10.23 ^ clkbuf_3_3__f_clk/A (sky130_fd_sc_hd__clkbuf_16)
    11    0.19    0.20    0.30   10.53 ^ clkbuf_3_3__f_clk/X (sky130_fd_sc_hd__clkbuf_16)
                                         clknet_3_3__leaf_clk (net)
                  0.20    0.00   10.54 ^ clkbuf_leaf_86_clk/A (sky130_fd_sc_hd__clkbuf_16)
    10    0.04    0.06    0.19   10.73 ^ clkbuf_leaf_86_clk/X (sky130_fd_sc_hd__clkbuf_16)
                                         clknet_leaf_86_clk (net)
                  0.06    0.00   10.73 ^ dp.rf.rf[8][0]$_DFFE_PP_/CLK (sky130_fd_sc_hd__edfxtp_1)
                          0.00   10.73   clock reconvergence pessimism
                         -0.36   10.36   library setup time
                                 10.36   data required time
-----------------------------------------------------------------------------
                                 10.36   data required time
                                 -8.56   data arrival time
-----------------------------------------------------------------------------
                                  1.81   slack (MET)


Startpoint: dp.rf.rf[28][0]$_DFFE_PP_
            (rising edge-triggered flip-flop clocked by clk)
Endpoint: aluout[0] (output port clocked by vclk_clk)
Path Group: vclk_clk
Path Type: max

Fanout     Cap    Slew   Delay    Time   Description
-----------------------------------------------------------------------------
                          0.00    0.00   clock clk (rise edge)
                          0.00    0.00   clock source latency
     1    0.06    0.00    0.00    0.00 ^ clk (in)
                                         clk (net)
                  0.00    0.00    0.00 ^ clkbuf_0_clk/A (sky130_fd_sc_hd__clkbuf_16)
     8    0.19    0.20    0.23    0.23 ^ clkbuf_0_clk/X (sky130_fd_sc_hd__clkbuf_16)
                                         clknet_0_clk (net)
                  0.20    0.00    0.23 ^ clkbuf_3_3__f_clk/A (sky130_fd_sc_hd__clkbuf_16)
    11    0.19    0.20    0.30    0.53 ^ clkbuf_3_3__f_clk/X (sky130_fd_sc_hd__clkbuf_16)
                                         clknet_3_3__leaf_clk (net)
                  0.20    0.00    0.54 ^ clkbuf_leaf_87_clk/A (sky130_fd_sc_hd__clkbuf_16)
    12    0.04    0.06    0.19    0.73 ^ clkbuf_leaf_87_clk/X (sky130_fd_sc_hd__clkbuf_16)
                                         clknet_leaf_87_clk (net)
                  0.06    0.00    0.73 ^ dp.rf.rf[28][0]$_DFFE_PP_/CLK (sky130_fd_sc_hd__edfxtp_1)
     2    0.01    0.08    0.38    1.11 v dp.rf.rf[28][0]$_DFFE_PP_/Q (sky130_fd_sc_hd__edfxtp_1)
                                         dp.rf.rf[28][0] (net)
                  0.08    0.00    1.11 v _4400_/A0 (sky130_fd_sc_hd__mux2_2)
     1    0.00    0.05    0.28    1.39 v _4400_/X (sky130_fd_sc_hd__mux2_2)
                                         _0850_ (net)
                  0.05    0.00    1.39 v _4401_/A2 (sky130_fd_sc_hd__a21oi_1)
     1    0.00    0.18    0.16    1.55 ^ _4401_/Y (sky130_fd_sc_hd__a21oi_1)
                                         _0851_ (net)
                  0.18    0.00    1.55 ^ _4403_/A2 (sky130_fd_sc_hd__a21oi_1)
     1    0.00    0.16    0.10    1.65 v _4403_/Y (sky130_fd_sc_hd__a21oi_1)
                                         _0853_ (net)
                  0.16    0.00    1.65 v _4408_/A2 (sky130_fd_sc_hd__o221ai_1)
     1    0.01    0.28    0.30    1.95 ^ _4408_/Y (sky130_fd_sc_hd__o221ai_1)
                                         _0858_ (net)
                  0.28    0.00    1.95 ^ _4409_/C1 (sky130_fd_sc_hd__o311ai_2)
     4    0.01    0.19    0.20    2.15 v _4409_/Y (sky130_fd_sc_hd__o311ai_2)
                                         _0859_ (net)
                  0.19    0.00    2.15 v _6099_/B (sky130_fd_sc_hd__nor2_1)
     6    0.03    0.52    0.47    2.61 ^ _6099_/Y (sky130_fd_sc_hd__nor2_1)
                                         _0153_ (net)
                  0.52    0.00    2.61 ^ _6832_/A (sky130_fd_sc_hd__inv_1)
     3    0.01    0.15    0.18    2.79 v _6832_/Y (sky130_fd_sc_hd__inv_1)
                                         dp.alu.a2[0] (net)
                  0.15    0.00    2.79 v _7641_/B (sky130_fd_sc_hd__fa_1)
     2    0.01    0.11    0.47    3.27 v _7641_/COUT (sky130_fd_sc_hd__fa_1)
                                         _0000_ (net)
                  0.11    0.00    3.27 v _7640_/A (sky130_fd_sc_hd__fa_1)
     2    0.01    0.10    0.47    3.74 v _7640_/COUT (sky130_fd_sc_hd__fa_1)
                                         _0001_ (net)
                  0.10    0.00    3.74 v _5928_/A1 (sky130_fd_sc_hd__a21o_1)
     1    0.00    0.04    0.18    3.92 v _5928_/X (sky130_fd_sc_hd__a21o_1)
                                         _2341_ (net)
                  0.04    0.00    3.92 v _5929_/A2 (sky130_fd_sc_hd__a21oi_1)
     3    0.02    0.39    0.34    4.26 ^ _5929_/Y (sky130_fd_sc_hd__a21oi_1)
                                         _2342_ (net)
                  0.39    0.00    4.26 ^ _5931_/A2 (sky130_fd_sc_hd__o21ai_0)
     2    0.01    0.13    0.18    4.45 v _5931_/Y (sky130_fd_sc_hd__o21ai_0)
                                         _2344_ (net)
                  0.13    0.00    4.45 v _5935_/A2 (sky130_fd_sc_hd__a311oi_1)
     1    0.00    0.23    0.30    4.74 ^ _5935_/Y (sky130_fd_sc_hd__a311oi_1)
                                         _2348_ (net)
                  0.23    0.00    4.74 ^ place523/A (sky130_fd_sc_hd__buf_4)
     2    0.02    0.07    0.19    4.93 ^ place523/X (sky130_fd_sc_hd__buf_4)
                                         net522 (net)
                  0.07    0.00    4.93 ^ _5954_/A1 (sky130_fd_sc_hd__o2111ai_1)
     2    0.03    0.47    0.37    5.30 v _5954_/Y (sky130_fd_sc_hd__o2111ai_1)
                                         _2367_ (net)
                  0.47    0.00    5.30 v _5958_/A (sky130_fd_sc_hd__nand2_1)
     2    0.01    0.16    0.25    5.55 ^ _5958_/Y (sky130_fd_sc_hd__nand2_1)
                                         _2371_ (net)
                  0.16    0.00    5.55 ^ _5963_/A1 (sky130_fd_sc_hd__o21ai_0)
     3    0.01    0.14    0.17    5.72 v _5963_/Y (sky130_fd_sc_hd__o21ai_0)
                                         _2376_ (net)
                  0.14    0.00    5.72 v _5967_/A4 (sky130_fd_sc_hd__o41ai_1)
     2    0.01    0.46    0.42    6.15 ^ _5967_/Y (sky130_fd_sc_hd__o41ai_1)
                                         _2380_ (net)
                  0.46    0.00    6.15 ^ _5973_/A2 (sky130_fd_sc_hd__o311ai_0)
     2    0.01    0.21    0.28    6.43 v _5973_/Y (sky130_fd_sc_hd__o311ai_0)
                                         _2386_ (net)
                  0.21    0.00    6.43 v _6841_/A2 (sky130_fd_sc_hd__a21o_1)
     1    0.01    0.06    0.26    6.69 v _6841_/X (sky130_fd_sc_hd__a21o_1)
                                         _3204_ (net)
                  0.06    0.00    6.69 v _6842_/A2 (sky130_fd_sc_hd__a21oi_1)
     1    0.00    0.11    0.14    6.83 ^ _6842_/Y (sky130_fd_sc_hd__a21oi_1)
                                         _3205_ (net)
                  0.11    0.00    6.83 ^ place512/A (sky130_fd_sc_hd__buf_4)
     1    0.03    0.09    0.17    7.00 ^ place512/X (sky130_fd_sc_hd__buf_4)
                                         net511 (net)
                  0.09    0.00    7.00 ^ _6852_/A (sky130_fd_sc_hd__xnor2_1)
     1    0.00    0.13    0.12    7.12 ^ _6852_/Y (sky130_fd_sc_hd__xnor2_1)
                                         _3215_ (net)
                  0.13    0.00    7.12 ^ _6857_/A3 (sky130_fd_sc_hd__a31oi_1)
     1    0.00    0.15    0.10    7.22 v _6857_/Y (sky130_fd_sc_hd__a31oi_1)
                                         _3220_ (net)
                  0.15    0.00    7.22 v _6858_/B1 (sky130_fd_sc_hd__o22ai_1)
     1    0.00    0.29    0.19    7.41 ^ _6858_/Y (sky130_fd_sc_hd__o22ai_1)
                                         net97 (net)
                  0.29    0.00    7.41 ^ place500/A (sky130_fd_sc_hd__buf_4)
     2    0.02    0.07    0.20    7.61 ^ place500/X (sky130_fd_sc_hd__buf_4)
                                         net499 (net)
                  0.07    0.00    7.61 ^ output98/A (sky130_fd_sc_hd__clkdlybuf4s50_1)
     1    0.00    0.05    0.48    8.08 ^ output98/X (sky130_fd_sc_hd__clkdlybuf4s50_1)
                                         aluout[0] (net)
                  0.05    0.00    8.08 ^ aluout[0] (out)
                                  8.08   data arrival time

                  0.00   10.00   10.00   clock vclk_clk (rise edge)
                          0.77   10.77   clock network delay (ideal)
                          0.00   10.77   clock reconvergence pessimism
                         -2.00    8.77   output external delay
                                  8.77   data required time
-----------------------------------------------------------------------------
                                  8.77   data required time
                                 -8.08   data arrival time
-----------------------------------------------------------------------------
                                  0.69   slack (MET)



==========================================================================
finish report_check_types -max_slew -max_cap -max_fanout -violators
--------------------------------------------------------------------------

==========================================================================
finish max_slew_check_slack
--------------------------------------------------------------------------
0.22238311171531677

==========================================================================
finish max_slew_check_limit
--------------------------------------------------------------------------
1.5

==========================================================================
finish max_slew_check_slack_limit
--------------------------------------------------------------------------
0.1483

==========================================================================
finish max_fanout_check_slack
--------------------------------------------------------------------------
1.0000000150474662e+30

==========================================================================
finish max_fanout_check_limit
--------------------------------------------------------------------------
1.0000000150474662e+30

==========================================================================
finish max_capacitance_check_slack
--------------------------------------------------------------------------
0.006890049669891596

==========================================================================
finish max_capacitance_check_limit
--------------------------------------------------------------------------
0.021067000925540924

==========================================================================
finish max_capacitance_check_slack_limit
--------------------------------------------------------------------------
0.3271

==========================================================================
finish max_slew_violation_count
--------------------------------------------------------------------------
max slew violation count 0

==========================================================================
finish max_fanout_violation_count
--------------------------------------------------------------------------
max fanout violation count 0

==========================================================================
finish max_cap_violation_count
--------------------------------------------------------------------------
max cap violation count 0

==========================================================================
finish setup_violation_count
--------------------------------------------------------------------------
setup violation count 0

==========================================================================
finish hold_violation_count
--------------------------------------------------------------------------
hold violation count 0

==========================================================================
finish report_checks -path_delay max reg to reg
--------------------------------------------------------------------------
Startpoint: dp.rf.rf[28][0]$_DFFE_PP_
            (rising edge-triggered flip-flop clocked by clk)
Endpoint: dp.rf.rf[8][0]$_DFFE_PP_
          (rising edge-triggered flip-flop clocked by clk)
Path Group: clk
Path Type: max

  Delay    Time   Description
---------------------------------------------------------
   0.00    0.00   clock clk (rise edge)
   0.00    0.00   clock source latency
   0.00    0.00 ^ clk (in)
   0.23    0.23 ^ clkbuf_0_clk/X (sky130_fd_sc_hd__clkbuf_16)
   0.30    0.53 ^ clkbuf_3_3__f_clk/X (sky130_fd_sc_hd__clkbuf_16)
   0.20    0.73 ^ clkbuf_leaf_87_clk/X (sky130_fd_sc_hd__clkbuf_16)
   0.00    0.73 ^ dp.rf.rf[28][0]$_DFFE_PP_/CLK (sky130_fd_sc_hd__edfxtp_1)
   0.38    1.11 v dp.rf.rf[28][0]$_DFFE_PP_/Q (sky130_fd_sc_hd__edfxtp_1)
   0.28    1.39 v _4400_/X (sky130_fd_sc_hd__mux2_2)
   0.16    1.55 ^ _4401_/Y (sky130_fd_sc_hd__a21oi_1)
   0.10    1.65 v _4403_/Y (sky130_fd_sc_hd__a21oi_1)
   0.30    1.95 ^ _4408_/Y (sky130_fd_sc_hd__o221ai_1)
   0.20    2.15 v _4409_/Y (sky130_fd_sc_hd__o311ai_2)
   0.47    2.61 ^ _6099_/Y (sky130_fd_sc_hd__nor2_1)
   0.18    2.79 v _6832_/Y (sky130_fd_sc_hd__inv_1)
   0.47    3.27 v _7641_/COUT (sky130_fd_sc_hd__fa_1)
   0.47    3.74 v _7640_/COUT (sky130_fd_sc_hd__fa_1)
   0.18    3.92 v _5928_/X (sky130_fd_sc_hd__a21o_1)
   0.34    4.26 ^ _5929_/Y (sky130_fd_sc_hd__a21oi_1)
   0.18    4.45 v _5931_/Y (sky130_fd_sc_hd__o21ai_0)
   0.30    4.74 ^ _5935_/Y (sky130_fd_sc_hd__a311oi_1)
   0.19    4.93 ^ place523/X (sky130_fd_sc_hd__buf_4)
   0.37    5.30 v _5954_/Y (sky130_fd_sc_hd__o2111ai_1)
   0.25    5.55 ^ _5958_/Y (sky130_fd_sc_hd__nand2_1)
   0.17    5.72 v _5963_/Y (sky130_fd_sc_hd__o21ai_0)
   0.42    6.15 ^ _5967_/Y (sky130_fd_sc_hd__o41ai_1)
   0.28    6.43 v _5973_/Y (sky130_fd_sc_hd__o311ai_0)
   0.26    6.69 v _6841_/X (sky130_fd_sc_hd__a21o_1)
   0.14    6.83 ^ _6842_/Y (sky130_fd_sc_hd__a21oi_1)
   0.17    7.00 ^ place512/X (sky130_fd_sc_hd__buf_4)
   0.12    7.12 ^ _6852_/Y (sky130_fd_sc_hd__xnor2_1)
   0.10    7.22 v _6857_/Y (sky130_fd_sc_hd__a31oi_1)
   0.19    7.41 ^ _6858_/Y (sky130_fd_sc_hd__o22ai_1)
   0.20    7.61 ^ place500/X (sky130_fd_sc_hd__buf_4)
   0.93    8.53 ^ _7268_/X (sky130_fd_sc_hd__a221o_1)
   0.02    8.56 ^ dp.rf.rf[8][0]$_DFFE_PP_/D (sky130_fd_sc_hd__edfxtp_1)
           8.56   data arrival time

  10.00   10.00   clock clk (rise edge)
   0.00   10.00   clock source latency
   0.00   10.00 ^ clk (in)
   0.23   10.23 ^ clkbuf_0_clk/X (sky130_fd_sc_hd__clkbuf_16)
   0.30   10.53 ^ clkbuf_3_3__f_clk/X (sky130_fd_sc_hd__clkbuf_16)
   0.20   10.73 ^ clkbuf_leaf_86_clk/X (sky130_fd_sc_hd__clkbuf_16)
   0.00   10.73 ^ dp.rf.rf[8][0]$_DFFE_PP_/CLK (sky130_fd_sc_hd__edfxtp_1)
   0.00   10.73   clock reconvergence pessimism
  -0.36   10.36   library setup time
          10.36   data required time
---------------------------------------------------------
          10.36   data required time
          -8.56   data arrival time
---------------------------------------------------------
           1.81   slack (MET)



==========================================================================
finish report_checks -path_delay min reg to reg
--------------------------------------------------------------------------
Startpoint: dp.pcreg.q[1]$_DFFE_PP0P_
            (rising edge-triggered flip-flop clocked by clk)
Endpoint: dp.pcreg.q[1]$_DFFE_PP0P_
          (rising edge-triggered flip-flop clocked by clk)
Path Group: clk
Path Type: min

  Delay    Time   Description
---------------------------------------------------------
   0.00    0.00   clock clk (rise edge)
   0.00    0.00   clock source latency
   0.00    0.00 ^ clk (in)
   0.23    0.23 ^ clkbuf_0_clk/X (sky130_fd_sc_hd__clkbuf_16)
   0.33    0.56 ^ clkbuf_3_2__f_clk/X (sky130_fd_sc_hd__clkbuf_16)
   0.22    0.77 ^ clkbuf_leaf_70_clk/X (sky130_fd_sc_hd__clkbuf_16)
   0.00    0.77 ^ dp.pcreg.q[1]$_DFFE_PP0P_/CLK (sky130_fd_sc_hd__dfrtp_1)
   0.41    1.18 ^ dp.pcreg.q[1]$_DFFE_PP0P_/Q (sky130_fd_sc_hd__dfrtp_1)
   0.17    1.34 ^ _7549_/X (sky130_fd_sc_hd__mux2_2)
   0.00    1.34 ^ dp.pcreg.q[1]$_DFFE_PP0P_/D (sky130_fd_sc_hd__dfrtp_1)
           1.34   data arrival time

   0.00    0.00   clock clk (rise edge)
   0.00    0.00   clock source latency
   0.00    0.00 ^ clk (in)
   0.23    0.23 ^ clkbuf_0_clk/X (sky130_fd_sc_hd__clkbuf_16)
   0.33    0.56 ^ clkbuf_3_2__f_clk/X (sky130_fd_sc_hd__clkbuf_16)
   0.22    0.77 ^ clkbuf_leaf_70_clk/X (sky130_fd_sc_hd__clkbuf_16)
   0.00    0.77 ^ dp.pcreg.q[1]$_DFFE_PP0P_/CLK (sky130_fd_sc_hd__dfrtp_1)
   0.00    0.77   clock reconvergence pessimism
  -0.03    0.74   library hold time
           0.74   data required time
---------------------------------------------------------
           0.74   data required time
          -1.34   data arrival time
---------------------------------------------------------
           0.60   slack (MET)



==========================================================================
finish critical path target clock latency max path
--------------------------------------------------------------------------
0

==========================================================================
finish critical path target clock latency min path
--------------------------------------------------------------------------
0

==========================================================================
finish critical path source clock latency min path
--------------------------------------------------------------------------
0

==========================================================================
finish critical path delay
--------------------------------------------------------------------------
8.0826

==========================================================================
finish critical path slack
--------------------------------------------------------------------------
0.6924

==========================================================================
finish slack div critical path delay
--------------------------------------------------------------------------
8.566550

==========================================================================
finish report_power
--------------------------------------------------------------------------
Group                  Internal  Switching    Leakage      Total
                          Power      Power      Power      Power (Watts)
----------------------------------------------------------------
Sequential             5.35e-03   1.99e-04   9.79e-09   5.55e-03  41.5%
Combinational          1.28e-03   2.46e-03   1.30e-08   3.74e-03  27.9%
Clock                  2.23e-03   1.87e-03   1.72e-09   4.10e-03  30.6%
Macro                  0.00e+00   0.00e+00   0.00e+00   0.00e+00   0.0%
Pad                    0.00e+00   0.00e+00   0.00e+00   0.00e+00   0.0%
----------------------------------------------------------------
Total                  8.86e-03   4.52e-03   2.45e-08   1.34e-02 100.0%
                          66.2%      33.8%       0.0%
