
==========================================================================
finish report_tns
--------------------------------------------------------------------------
tns max 0.00

==========================================================================
finish report_wns
--------------------------------------------------------------------------
wns max 0.00

==========================================================================
finish report_worst_slack
--------------------------------------------------------------------------
worst slack max 0.32

==========================================================================
finish report_clock_min_period
--------------------------------------------------------------------------
clk period_min = 6.45 fmax = 154.94
vclk_clk period_min = 0.00 fmax = inf

==========================================================================
finish report_clock_skew
--------------------------------------------------------------------------
Clock clk
   0.80 source latency dp.pcreg.q[5]$_DFF_PP0_/CLK ^
  -0.71 target latency dp.pcreg.q[24]$_DFF_PP0_/CLK ^
   0.00 CRPR
--------------
   0.08 setup skew

Clock vclk_clk
No launch/capture paths found.


==========================================================================
finish report_checks -path_delay min
--------------------------------------------------------------------------
Startpoint: dp.pcreg.q[1]$_DFFE_PP0P_
            (rising edge-triggered flip-flop clocked by clk)
Endpoint: dp.pcreg.q[1]$_DFFE_PP0P_
          (rising edge-triggered flip-flop clocked by clk)
Path Group: clk
Path Type: min

Fanout     Cap    Slew   Delay    Time   Description
-----------------------------------------------------------------------------
                          0.00    0.00   clock clk (rise edge)
                          0.00    0.00   clock source latency
     1    0.07    0.00    0.00    0.00 ^ clk (in)
                                         clk (net)
                  0.00    0.00    0.00 ^ clkbuf_0_clk/A (sky130_fd_sc_hd__clkbuf_16)
     8    0.19    0.20    0.23    0.23 ^ clkbuf_0_clk/X (sky130_fd_sc_hd__clkbuf_16)
                                         clknet_0_clk (net)
                  0.20    0.00    0.23 ^ clkbuf_3_2__f_clk/A (sky130_fd_sc_hd__clkbuf_16)
    17    0.25    0.25    0.33    0.57 ^ clkbuf_3_2__f_clk/X (sky130_fd_sc_hd__clkbuf_16)
                                         clknet_3_2__leaf_clk (net)
                  0.26    0.01    0.57 ^ clkbuf_leaf_32_clk/A (sky130_fd_sc_hd__clkbuf_16)
    10    0.04    0.06    0.21    0.78 ^ clkbuf_leaf_32_clk/X (sky130_fd_sc_hd__clkbuf_16)
                                         clknet_leaf_32_clk (net)
                  0.06    0.00    0.79 ^ dp.pcreg.q[1]$_DFFE_PP0P_/CLK (sky130_fd_sc_hd__dfrtp_1)
     4    0.02    0.18    0.43    1.22 ^ dp.pcreg.q[1]$_DFFE_PP0P_/Q (sky130_fd_sc_hd__dfrtp_1)
                                         net142 (net)
                  0.18    0.00    1.22 ^ _21097_/B (sky130_fd_sc_hd__nand2_1)
     1    0.00    0.05    0.07    1.29 v _21097_/Y (sky130_fd_sc_hd__nand2_1)
                                         _02154_ (net)
                  0.05    0.00    1.29 v _21099_/A (sky130_fd_sc_hd__nand2_1)
     1    0.00    0.04    0.06    1.35 ^ _21099_/Y (sky130_fd_sc_hd__nand2_1)
                                         _00207_ (net)
                  0.04    0.00    1.35 ^ dp.pcreg.q[1]$_DFFE_PP0P_/D (sky130_fd_sc_hd__dfrtp_1)
                                  1.35   data arrival time

                          0.00    0.00   clock clk (rise edge)
                          0.00    0.00   clock source latency
     1    0.07    0.00    0.00    0.00 ^ clk (in)
                                         clk (net)
                  0.00    0.00    0.00 ^ clkbuf_0_clk/A (sky130_fd_sc_hd__clkbuf_16)
     8    0.19    0.20    0.23    0.23 ^ clkbuf_0_clk/X (sky130_fd_sc_hd__clkbuf_16)
                                         clknet_0_clk (net)
                  0.20    0.00    0.23 ^ clkbuf_3_2__f_clk/A (sky130_fd_sc_hd__clkbuf_16)
    17    0.25    0.25    0.33    0.57 ^ clkbuf_3_2__f_clk/X (sky130_fd_sc_hd__clkbuf_16)
                                         clknet_3_2__leaf_clk (net)
                  0.26    0.01    0.57 ^ clkbuf_leaf_32_clk/A (sky130_fd_sc_hd__clkbuf_16)
    10    0.04    0.06    0.21    0.78 ^ clkbuf_leaf_32_clk/X (sky130_fd_sc_hd__clkbuf_16)
                                         clknet_leaf_32_clk (net)
                  0.06    0.00    0.79 ^ dp.pcreg.q[1]$_DFFE_PP0P_/CLK (sky130_fd_sc_hd__dfrtp_1)
                          0.00    0.79   clock reconvergence pessimism
                         -0.03    0.75   library hold time
                                  0.75   data required time
-----------------------------------------------------------------------------
                                  0.75   data required time
                                 -1.35   data arrival time
-----------------------------------------------------------------------------
                                  0.59   slack (MET)


Startpoint: dp.pcreg.q[31]$_DFF_PP0_
            (rising edge-triggered flip-flop clocked by clk)
Endpoint: pc[31] (output port clocked by vclk_clk)
Path Group: vclk_clk
Path Type: min

Fanout     Cap    Slew   Delay    Time   Description
-----------------------------------------------------------------------------
                          0.00    0.00   clock clk (rise edge)
                          0.00    0.00   clock source latency
     1    0.07    0.00    0.00    0.00 ^ clk (in)
                                         clk (net)
                  0.00    0.00    0.00 ^ clkbuf_0_clk/A (sky130_fd_sc_hd__clkbuf_16)
     8    0.19    0.20    0.23    0.23 ^ clkbuf_0_clk/X (sky130_fd_sc_hd__clkbuf_16)
                                         clknet_0_clk (net)
                  0.20    0.00    0.23 ^ clkbuf_3_3__f_clk/A (sky130_fd_sc_hd__clkbuf_16)
    10    0.18    0.19    0.29    0.52 ^ clkbuf_3_3__f_clk/X (sky130_fd_sc_hd__clkbuf_16)
                                         clknet_3_3__leaf_clk (net)
                  0.19    0.00    0.53 ^ clkbuf_leaf_35_clk/A (sky130_fd_sc_hd__clkbuf_16)
     5    0.03    0.06    0.19    0.71 ^ clkbuf_leaf_35_clk/X (sky130_fd_sc_hd__clkbuf_16)
                                         clknet_leaf_35_clk (net)
                  0.06    0.00    0.71 ^ dp.pcreg.q[31]$_DFF_PP0_/CLK (sky130_fd_sc_hd__dfrtp_1)
     4    0.02    0.11    0.43    1.15 v dp.pcreg.q[31]$_DFF_PP0_/Q (sky130_fd_sc_hd__dfrtp_1)
                                         net155 (net)
                  0.11    0.00    1.15 v output156/A (sky130_fd_sc_hd__clkdlybuf4s25_1)
     1    0.00    0.03    0.25    1.40 v output156/X (sky130_fd_sc_hd__clkdlybuf4s25_1)
                                         pc[31] (net)
                  0.03    0.00    1.40 v pc[31] (out)
                                  1.40   data arrival time

                  0.00    0.00    0.00   clock vclk_clk (rise edge)
                          0.77    0.77   clock network delay (ideal)
                          0.00    0.77   clock reconvergence pessimism
                         -1.40   -0.63   output external delay
                                 -0.63   data required time
-----------------------------------------------------------------------------
                                 -0.63   data required time
                                 -1.40   data arrival time
-----------------------------------------------------------------------------
                                  2.03   slack (MET)



==========================================================================
finish report_checks -path_delay max
--------------------------------------------------------------------------
Startpoint: dp.rf.rf[3][1]$_DFFE_PP_
            (rising edge-triggered flip-flop clocked by clk)
Endpoint: dp.rf.rf[24][31]$_DFFE_PP_
          (rising edge-triggered flip-flop clocked by clk)
Path Group: clk
Path Type: max

Fanout     Cap    Slew   Delay    Time   Description
-----------------------------------------------------------------------------
                          0.00    0.00   clock clk (rise edge)
                          0.00    0.00   clock source latency
     1    0.07    0.00    0.00    0.00 ^ clk (in)
                                         clk (net)
                  0.00    0.00    0.00 ^ clkbuf_0_clk/A (sky130_fd_sc_hd__clkbuf_16)
     8    0.19    0.20    0.23    0.23 ^ clkbuf_0_clk/X (sky130_fd_sc_hd__clkbuf_16)
                                         clknet_0_clk (net)
                  0.20    0.01    0.24 ^ clkbuf_3_0__f_clk/A (sky130_fd_sc_hd__clkbuf_16)
    18    0.23    0.24    0.32    0.56 ^ clkbuf_3_0__f_clk/X (sky130_fd_sc_hd__clkbuf_16)
                                         clknet_3_0__leaf_clk (net)
                  0.24    0.01    0.56 ^ clkbuf_leaf_5_clk/A (sky130_fd_sc_hd__clkbuf_16)
    12    0.04    0.06    0.20    0.77 ^ clkbuf_leaf_5_clk/X (sky130_fd_sc_hd__clkbuf_16)
                                         clknet_leaf_5_clk (net)
                  0.06    0.00    0.77 ^ dp.rf.rf[3][1]$_DFFE_PP_/CLK (sky130_fd_sc_hd__edfxtp_1)
     2    0.01    0.08    0.38    1.15 v dp.rf.rf[3][1]$_DFFE_PP_/Q (sky130_fd_sc_hd__edfxtp_1)
                                         dp.rf.rf[3][1] (net)
                  0.08    0.00    1.15 v rebuffer842/A (sky130_fd_sc_hd__buf_4)
     1    0.00    0.02    0.14    1.30 v rebuffer842/X (sky130_fd_sc_hd__buf_4)
                                         net841 (net)
                  0.02    0.00    1.30 v _16899_/B (sky130_fd_sc_hd__nand2_1)
     1    0.00    0.07    0.05    1.35 ^ _16899_/Y (sky130_fd_sc_hd__nand2_1)
                                         _08563_ (net)
                  0.07    0.00    1.35 ^ _16901_/A (sky130_fd_sc_hd__nand2_1)
     1    0.00    0.04    0.05    1.40 v _16901_/Y (sky130_fd_sc_hd__nand2_1)
                                         _08565_ (net)
                  0.04    0.00    1.40 v _16902_/A (sky130_fd_sc_hd__nand2_1)
     1    0.00    0.09    0.05    1.45 ^ _16902_/Y (sky130_fd_sc_hd__nand2_1)
                                         _08566_ (net)
                  0.09    0.00    1.45 ^ _16903_/B (sky130_fd_sc_hd__nand2_1)
     1    0.01    0.05    0.07    1.53 v _16903_/Y (sky130_fd_sc_hd__nand2_1)
                                         _08567_ (net)
                  0.05    0.00    1.53 v _16904_/A (sky130_fd_sc_hd__nand2_1)
     1    0.00    0.10    0.06    1.59 ^ _16904_/Y (sky130_fd_sc_hd__nand2_1)
                                         _08568_ (net)
                  0.10    0.00    1.59 ^ _16915_/A (sky130_fd_sc_hd__nand2_1)
     1    0.00    0.05    0.07    1.66 v _16915_/Y (sky130_fd_sc_hd__nand2_1)
                                         _08579_ (net)
                  0.05    0.00    1.66 v _16916_/A (sky130_fd_sc_hd__inv_1)
     1    0.00    0.04    0.05    1.71 ^ _16916_/Y (sky130_fd_sc_hd__inv_1)
                                         _08580_ (net)
                  0.04    0.00    1.71 ^ _16917_/B (sky130_fd_sc_hd__nand2_1)
     1    0.00    0.05    0.05    1.76 v _16917_/Y (sky130_fd_sc_hd__nand2_1)
                                         _08581_ (net)
                  0.05    0.00    1.76 v _16918_/A (sky130_fd_sc_hd__nand2_1)
     1    0.00    0.10    0.06    1.82 ^ _16918_/Y (sky130_fd_sc_hd__nand2_1)
                                         _08582_ (net)
                  0.10    0.00    1.82 ^ _16965_/A (sky130_fd_sc_hd__nand2_1)
     4    0.04    0.30    0.26    2.08 v _16965_/Y (sky130_fd_sc_hd__nand2_1)
                                         dp.alu.a2[1] (net)
                  0.30    0.01    2.08 v place670/A (sky130_fd_sc_hd__buf_4)
     2    0.02    0.04    0.27    2.35 v place670/X (sky130_fd_sc_hd__buf_4)
                                         net669 (net)
                  0.04    0.00    2.35 v _20865_/A (sky130_fd_sc_hd__nand2_1)
     1    0.01    0.11    0.10    2.45 ^ _20865_/Y (sky130_fd_sc_hd__nand2_1)
                                         _02016_ (net)
                  0.11    0.00    2.45 ^ _20867_/A (sky130_fd_sc_hd__nand2_1)
     2    0.01    0.07    0.09    2.54 v _20867_/Y (sky130_fd_sc_hd__nand2_1)
                                         dp.pcimm.a[1] (net)
                  0.07    0.00    2.54 v _21373_/B (sky130_fd_sc_hd__ha_1)
     1    0.00    0.04    0.28    2.82 ^ _21373_/SUM (sky130_fd_sc_hd__ha_1)
                                         _00163_ (net)
                  0.04    0.00    2.82 ^ _19667_/B (sky130_fd_sc_hd__nand2_1)
     1    0.00    0.05    0.05    2.87 v _19667_/Y (sky130_fd_sc_hd__nand2_1)
                                         _00949_ (net)
                  0.05    0.00    2.87 v _19669_/A (sky130_fd_sc_hd__nand2_1)
     1    0.00    0.05    0.06    2.93 ^ _19669_/Y (sky130_fd_sc_hd__nand2_1)
                                         _00951_ (net)
                  0.05    0.00    2.93 ^ _19670_/A (sky130_fd_sc_hd__nand2_1)
     1    0.00    0.04    0.04    2.97 v _19670_/Y (sky130_fd_sc_hd__nand2_1)
                                         _00952_ (net)
                  0.04    0.00    2.97 v _19672_/A (sky130_fd_sc_hd__nand2_1)
     1    0.00    0.05    0.05    3.02 ^ _19672_/Y (sky130_fd_sc_hd__nand2_1)
                                         _00954_ (net)
                  0.05    0.00    3.02 ^ _19673_/A (sky130_fd_sc_hd__inv_1)
     3    0.01    0.04    0.06    3.08 v _19673_/Y (sky130_fd_sc_hd__inv_1)
                                         _00955_ (net)
                  0.04    0.00    3.08 v _19675_/A (sky130_fd_sc_hd__lpflow_inputiso1p_1)
     1    0.00    0.05    0.20    3.28 v _19675_/X (sky130_fd_sc_hd__lpflow_inputiso1p_1)
                                         _00957_ (net)
                  0.05    0.00    3.28 v _19680_/A (sky130_fd_sc_hd__nand2_1)
     1    0.00    0.05    0.06    3.34 ^ _19680_/Y (sky130_fd_sc_hd__nand2_1)
                                         _00962_ (net)
                  0.05    0.00    3.34 ^ _19681_/A (sky130_fd_sc_hd__inv_1)
     3    0.01    0.04    0.06    3.40 v _19681_/Y (sky130_fd_sc_hd__inv_1)
                                         _00963_ (net)
                  0.04    0.00    3.40 v _19683_/A (sky130_fd_sc_hd__lpflow_inputiso1p_1)
     1    0.00    0.05    0.20    3.60 v _19683_/X (sky130_fd_sc_hd__lpflow_inputiso1p_1)
                                         _00965_ (net)
                  0.05    0.00    3.60 v _19688_/A (sky130_fd_sc_hd__nand2_1)
     1    0.00    0.04    0.06    3.65 ^ _19688_/Y (sky130_fd_sc_hd__nand2_1)
                                         _00970_ (net)
                  0.04    0.00    3.65 ^ _19689_/A (sky130_fd_sc_hd__inv_1)
     3    0.01    0.04    0.05    3.71 v _19689_/Y (sky130_fd_sc_hd__inv_1)
                                         _00971_ (net)
                  0.04    0.00    3.71 v _19691_/A (sky130_fd_sc_hd__lpflow_inputiso1p_1)
     1    0.00    0.06    0.21    3.92 v _19691_/X (sky130_fd_sc_hd__lpflow_inputiso1p_1)
                                         _00973_ (net)
                  0.06    0.00    3.92 v _19696_/A (sky130_fd_sc_hd__nand2_1)
     2    0.01    0.08    0.09    4.01 ^ _19696_/Y (sky130_fd_sc_hd__nand2_1)
                                         _00978_ (net)
                  0.08    0.00    4.01 ^ _19697_/A (sky130_fd_sc_hd__inv_1)
     3    0.01    0.05    0.06    4.07 v _19697_/Y (sky130_fd_sc_hd__inv_1)
                                         _00979_ (net)
                  0.05    0.00    4.07 v _19703_/A (sky130_fd_sc_hd__lpflow_inputiso1p_1)
     1    0.01    0.06    0.22    4.29 v _19703_/X (sky130_fd_sc_hd__lpflow_inputiso1p_1)
                                         _00985_ (net)
                  0.06    0.00    4.29 v _19714_/A (sky130_fd_sc_hd__nand2_1)
     3    0.01    0.09    0.10    4.39 ^ _19714_/Y (sky130_fd_sc_hd__nand2_1)
                                         _00996_ (net)
                  0.09    0.00    4.39 ^ _19715_/A (sky130_fd_sc_hd__inv_1)
     1    0.00    0.03    0.04    4.43 v _19715_/Y (sky130_fd_sc_hd__inv_1)
                                         _00997_ (net)
                  0.03    0.00    4.43 v _19717_/A (sky130_fd_sc_hd__lpflow_inputiso1p_1)
     1    0.01    0.06    0.21    4.65 v _19717_/X (sky130_fd_sc_hd__lpflow_inputiso1p_1)
                                         _00999_ (net)
                  0.06    0.00    4.65 v _19722_/A (sky130_fd_sc_hd__nand2_1)
     4    0.01    0.13    0.12    4.77 ^ _19722_/Y (sky130_fd_sc_hd__nand2_1)
                                         _01004_ (net)
                  0.13    0.00    4.77 ^ _19832_/A (sky130_fd_sc_hd__inv_1)
     1    0.00    0.03    0.05    4.82 v _19832_/Y (sky130_fd_sc_hd__inv_1)
                                         _01112_ (net)
                  0.03    0.00    4.82 v _19834_/A (sky130_fd_sc_hd__lpflow_inputiso1p_1)
     1    0.00    0.06    0.21    5.03 v _19834_/X (sky130_fd_sc_hd__lpflow_inputiso1p_1)
                                         _01114_ (net)
                  0.06    0.00    5.03 v _19839_/A (sky130_fd_sc_hd__nand2_1)
     3    0.01    0.09    0.09    5.12 ^ _19839_/Y (sky130_fd_sc_hd__nand2_1)
                                         _01119_ (net)
                  0.09    0.00    5.12 ^ _19840_/A (sky130_fd_sc_hd__inv_1)
     1    0.00    0.03    0.05    5.17 v _19840_/Y (sky130_fd_sc_hd__inv_1)
                                         _01120_ (net)
                  0.03    0.00    5.17 v _19842_/A (sky130_fd_sc_hd__lpflow_inputiso1p_1)
     1    0.01    0.06    0.21    5.38 v _19842_/X (sky130_fd_sc_hd__lpflow_inputiso1p_1)
                                         _01122_ (net)
                  0.06    0.00    5.39 v _19847_/A (sky130_fd_sc_hd__nand2_1)
     3    0.01    0.12    0.11    5.50 ^ _19847_/Y (sky130_fd_sc_hd__nand2_1)
                                         _01127_ (net)
                  0.12    0.00    5.50 ^ _19848_/A (sky130_fd_sc_hd__inv_1)
     1    0.00    0.04    0.06    5.56 v _19848_/Y (sky130_fd_sc_hd__inv_1)
                                         _01128_ (net)
                  0.04    0.00    5.56 v _19850_/A (sky130_fd_sc_hd__lpflow_inputiso1p_1)
     1    0.01    0.09    0.25    5.80 v _19850_/X (sky130_fd_sc_hd__lpflow_inputiso1p_1)
                                         _01130_ (net)
                  0.09    0.00    5.80 v _19855_/A (sky130_fd_sc_hd__nand2_1)
     3    0.01    0.14    0.14    5.94 ^ _19855_/Y (sky130_fd_sc_hd__nand2_1)
                                         _01135_ (net)
                  0.14    0.00    5.94 ^ _21186_/A (sky130_fd_sc_hd__nand2_1)
     1    0.00    0.05    0.07    6.01 v _21186_/Y (sky130_fd_sc_hd__nand2_1)
                                         _02211_ (net)
                  0.05    0.00    6.01 v _21192_/A (sky130_fd_sc_hd__nand2_1)
     2    0.02    0.15    0.13    6.14 ^ _21192_/Y (sky130_fd_sc_hd__nand2_1)
                                         _02217_ (net)
                  0.15    0.00    6.15 ^ _21193_/A (sky130_fd_sc_hd__inv_1)
     1    0.00    0.04    0.05    6.20 v _21193_/Y (sky130_fd_sc_hd__inv_1)
                                         _02218_ (net)
                  0.04    0.00    6.20 v _21201_/A (sky130_fd_sc_hd__nand2_1)
     1    0.00    0.04    0.05    6.25 ^ _21201_/Y (sky130_fd_sc_hd__nand2_1)
                                         _02226_ (net)
                  0.04    0.00    6.25 ^ _21203_/A (sky130_fd_sc_hd__nand2_1)
     2    0.01    0.10    0.10    6.35 v _21203_/Y (sky130_fd_sc_hd__nand2_1)
                                         _02228_ (net)
                  0.10    0.00    6.35 v _21270_/B (sky130_fd_sc_hd__nand2_1)
     1    0.00    0.05    0.09    6.44 ^ _21270_/Y (sky130_fd_sc_hd__nand2_1)
                                         _02293_ (net)
                  0.05    0.00    6.44 ^ _21271_/B (sky130_fd_sc_hd__nand2_1)
     1    0.01    0.05    0.06    6.51 v _21271_/Y (sky130_fd_sc_hd__nand2_1)
                                         _02294_ (net)
                  0.05    0.00    6.51 v _21280_/A (sky130_fd_sc_hd__nand2_1)
     1    0.01    0.09    0.09    6.59 ^ _21280_/Y (sky130_fd_sc_hd__nand2_1)
                                         dp.result2[31] (net)
                  0.09    0.00    6.59 ^ place598/A (sky130_fd_sc_hd__buf_4)
    32    0.13    0.35    0.33    6.92 ^ place598/X (sky130_fd_sc_hd__buf_4)
                                         net597 (net)
                  0.36    0.03    6.96 ^ dp.rf.rf[24][31]$_DFFE_PP_/D (sky130_fd_sc_hd__edfxtp_1)
                                  6.96   data arrival time

                          7.00    7.00   clock clk (rise edge)
                          0.00    7.00   clock source latency
     1    0.07    0.00    0.00    7.00 ^ clk (in)
                                         clk (net)
                  0.00    0.00    7.00 ^ clkbuf_0_clk/A (sky130_fd_sc_hd__clkbuf_16)
     8    0.19    0.20    0.23    7.23 ^ clkbuf_0_clk/X (sky130_fd_sc_hd__clkbuf_16)
                                         clknet_0_clk (net)
                  0.20    0.00    7.23 ^ clkbuf_3_6__f_clk/A (sky130_fd_sc_hd__clkbuf_16)
     9    0.18    0.19    0.29    7.52 ^ clkbuf_3_6__f_clk/X (sky130_fd_sc_hd__clkbuf_16)
                                         clknet_3_6__leaf_clk (net)
                  0.19    0.01    7.53 ^ clkbuf_leaf_47_clk/A (sky130_fd_sc_hd__clkbuf_16)
    12    0.04    0.06    0.19    7.72 ^ clkbuf_leaf_47_clk/X (sky130_fd_sc_hd__clkbuf_16)
                                         clknet_leaf_47_clk (net)
                  0.06    0.00    7.72 ^ dp.rf.rf[24][31]$_DFFE_PP_/CLK (sky130_fd_sc_hd__edfxtp_1)
                          0.00    7.72   clock reconvergence pessimism
                         -0.22    7.50   library setup time
                                  7.50   data required time
-----------------------------------------------------------------------------
                                  7.50   data required time
                                 -6.96   data arrival time
-----------------------------------------------------------------------------
                                  0.55   slack (MET)


Startpoint: dp.rf.rf[7][2]$_DFFE_PP_
            (rising edge-triggered flip-flop clocked by clk)
Endpoint: aluout[30] (output port clocked by vclk_clk)
Path Group: vclk_clk
Path Type: max

Fanout     Cap    Slew   Delay    Time   Description
-----------------------------------------------------------------------------
                          0.00    0.00   clock clk (rise edge)
                          0.00    0.00   clock source latency
     1    0.07    0.00    0.00    0.00 ^ clk (in)
                                         clk (net)
                  0.00    0.00    0.00 ^ clkbuf_0_clk/A (sky130_fd_sc_hd__clkbuf_16)
     8    0.19    0.20    0.23    0.23 ^ clkbuf_0_clk/X (sky130_fd_sc_hd__clkbuf_16)
                                         clknet_0_clk (net)
                  0.20    0.00    0.23 ^ clkbuf_3_2__f_clk/A (sky130_fd_sc_hd__clkbuf_16)
    17    0.25    0.25    0.33    0.57 ^ clkbuf_3_2__f_clk/X (sky130_fd_sc_hd__clkbuf_16)
                                         clknet_3_2__leaf_clk (net)
                  0.26    0.01    0.57 ^ clkbuf_leaf_31_clk/A (sky130_fd_sc_hd__clkbuf_16)
    10    0.03    0.05    0.20    0.78 ^ clkbuf_leaf_31_clk/X (sky130_fd_sc_hd__clkbuf_16)
                                         clknet_leaf_31_clk (net)
                  0.05    0.00    0.78 ^ dp.rf.rf[7][2]$_DFFE_PP_/CLK (sky130_fd_sc_hd__edfxtp_1)
     2    0.01    0.08    0.38    1.16 v dp.rf.rf[7][2]$_DFFE_PP_/Q (sky130_fd_sc_hd__edfxtp_1)
                                         dp.rf.rf[7][2] (net)
                  0.08    0.00    1.16 v _16779_/B (sky130_fd_sc_hd__nand2_1)
     1    0.00    0.07    0.08    1.24 ^ _16779_/Y (sky130_fd_sc_hd__nand2_1)
                                         _08443_ (net)
                  0.07    0.00    1.24 ^ _16780_/B (sky130_fd_sc_hd__nand2_1)
     1    0.00    0.04    0.05    1.29 v _16780_/Y (sky130_fd_sc_hd__nand2_1)
                                         _08444_ (net)
                  0.04    0.00    1.29 v _16781_/A (sky130_fd_sc_hd__nand2_1)
     1    0.00    0.11    0.05    1.34 ^ _16781_/Y (sky130_fd_sc_hd__nand2_1)
                                         _08445_ (net)
                  0.11    0.00    1.35 ^ _16782_/B (sky130_fd_sc_hd__nand2_1)
     1    0.00    0.04    0.06    1.41 v _16782_/Y (sky130_fd_sc_hd__nand2_1)
                                         _08446_ (net)
                  0.04    0.00    1.41 v _16783_/A (sky130_fd_sc_hd__nand2_1)
     1    0.00    0.11    0.05    1.46 ^ _16783_/Y (sky130_fd_sc_hd__nand2_1)
                                         _08447_ (net)
                  0.11    0.00    1.46 ^ _16794_/A (sky130_fd_sc_hd__nand2_1)
     1    0.01    0.08    0.10    1.56 v _16794_/Y (sky130_fd_sc_hd__nand2_1)
                                         _08458_ (net)
                  0.08    0.00    1.56 v _16795_/A (sky130_fd_sc_hd__nand2_1)
     1    0.01    0.13    0.09    1.65 ^ _16795_/Y (sky130_fd_sc_hd__nand2_1)
                                         _08459_ (net)
                  0.13    0.00    1.65 ^ _16818_/A (sky130_fd_sc_hd__nand2_1)
     1    0.00    0.05    0.07    1.71 v _16818_/Y (sky130_fd_sc_hd__nand2_1)
                                         _08482_ (net)
                  0.05    0.00    1.71 v _16819_/A (sky130_fd_sc_hd__nand2_1)
     1    0.01    0.27    0.08    1.80 ^ _16819_/Y (sky130_fd_sc_hd__nand2_1)
                                         _08483_ (net)
                  0.27    0.00    1.80 ^ _16866_/A (sky130_fd_sc_hd__nand2_1)
     1    0.01    0.11    0.14    1.94 v _16866_/Y (sky130_fd_sc_hd__nand2_1)
                                         _08530_ (net)
                  0.11    0.00    1.94 v _16867_/A (sky130_fd_sc_hd__nand2_2)
     3    0.01    0.09    0.10    2.04 ^ _16867_/Y (sky130_fd_sc_hd__nand2_2)
                                         _08531_ (net)
                  0.09    0.00    2.04 ^ _17637_/A (sky130_fd_sc_hd__nand2_1)
     1    0.00    0.11    0.07    2.11 v _17637_/Y (sky130_fd_sc_hd__nand2_1)
                                         _09287_ (net)
                  0.11    0.00    2.11 v _17638_/A (sky130_fd_sc_hd__nand2_2)
     3    0.01    0.10    0.12    2.23 ^ _17638_/Y (sky130_fd_sc_hd__nand2_2)
                                         _09288_ (net)
                  0.10    0.00    2.23 ^ _17652_/A (sky130_fd_sc_hd__inv_1)
     2    0.01    0.04    0.06    2.29 v _17652_/Y (sky130_fd_sc_hd__inv_1)
                                         _09302_ (net)
                  0.04    0.00    2.29 v _21045_/A (sky130_fd_sc_hd__nand2_1)
     1    0.00    0.08    0.05    2.35 ^ _21045_/Y (sky130_fd_sc_hd__nand2_1)
                                         _02143_ (net)
                  0.08    0.00    2.35 ^ _21047_/A (sky130_fd_sc_hd__nand2_1)
     2    0.01    0.06    0.07    2.42 v _21047_/Y (sky130_fd_sc_hd__nand2_1)
                                         _00146_ (net)
                  0.06    0.00    2.42 v _21356_/B (sky130_fd_sc_hd__ha_1)
     2    0.01    0.09    0.31    2.73 ^ _21356_/SUM (sky130_fd_sc_hd__ha_1)
                                         dp.alu.exor[2] (net)
                  0.09    0.00    2.73 ^ _17350_/A (sky130_fd_sc_hd__nand2_1)
     1    0.00    0.03    0.05    2.77 v _17350_/Y (sky130_fd_sc_hd__nand2_1)
                                         _09003_ (net)
                  0.03    0.00    2.77 v _17352_/A (sky130_fd_sc_hd__lpflow_inputiso1p_1)
     1    0.01    0.06    0.22    2.99 v _17352_/X (sky130_fd_sc_hd__lpflow_inputiso1p_1)
                                         _09005_ (net)
                  0.06    0.00    2.99 v _17357_/B (sky130_fd_sc_hd__nand2_2)
     2    0.01    0.08    0.10    3.09 ^ _17357_/Y (sky130_fd_sc_hd__nand2_2)
                                         _09010_ (net)
                  0.08    0.00    3.09 ^ _17360_/A (sky130_fd_sc_hd__nand2_2)
     1    0.01    0.04    0.05    3.14 v _17360_/Y (sky130_fd_sc_hd__nand2_2)
                                         _09013_ (net)
                  0.04    0.00    3.14 v _17365_/B (sky130_fd_sc_hd__nand2_2)
     2    0.01    0.05    0.07    3.20 ^ _17365_/Y (sky130_fd_sc_hd__nand2_2)
                                         _09018_ (net)
                  0.05    0.00    3.20 ^ _17368_/A (sky130_fd_sc_hd__nand2_1)
     1    0.00    0.03    0.05    3.25 v _17368_/Y (sky130_fd_sc_hd__nand2_1)
                                         _09021_ (net)
                  0.03    0.00    3.25 v _17373_/B (sky130_fd_sc_hd__nand2_1)
     1    0.01    0.07    0.07    3.33 ^ _17373_/Y (sky130_fd_sc_hd__nand2_1)
                                         _09026_ (net)
                  0.07    0.00    3.33 ^ _17374_/A (sky130_fd_sc_hd__inv_2)
     3    0.01    0.03    0.04    3.37 v _17374_/Y (sky130_fd_sc_hd__inv_2)
                                         _09027_ (net)
                  0.03    0.00    3.37 v _17376_/A (sky130_fd_sc_hd__lpflow_inputiso1p_1)
     1    0.00    0.05    0.20    3.57 v _17376_/X (sky130_fd_sc_hd__lpflow_inputiso1p_1)
                                         _09029_ (net)
                  0.05    0.00    3.57 v _17381_/B (sky130_fd_sc_hd__nand2_1)
     1    0.01    0.07    0.08    3.65 ^ _17381_/Y (sky130_fd_sc_hd__nand2_1)
                                         _09034_ (net)
                  0.07    0.00    3.65 ^ _17382_/A (sky130_fd_sc_hd__inv_2)
     3    0.01    0.03    0.05    3.70 v _17382_/Y (sky130_fd_sc_hd__inv_2)
                                         _09035_ (net)
                  0.03    0.00    3.70 v _17384_/A (sky130_fd_sc_hd__lpflow_inputiso1p_1)
     1    0.00    0.05    0.21    3.90 v _17384_/X (sky130_fd_sc_hd__lpflow_inputiso1p_1)
                                         _09037_ (net)
                  0.05    0.00    3.90 v _17389_/B (sky130_fd_sc_hd__nand2_1)
     1    0.01    0.07    0.09    3.99 ^ _17389_/Y (sky130_fd_sc_hd__nand2_1)
                                         _09042_ (net)
                  0.07    0.00    3.99 ^ _17390_/A (sky130_fd_sc_hd__inv_2)
     3    0.01    0.03    0.04    4.04 v _17390_/Y (sky130_fd_sc_hd__inv_2)
                                         _09043_ (net)
                  0.03    0.00    4.04 v _17392_/A (sky130_fd_sc_hd__lpflow_inputiso1p_1)
     1    0.01    0.06    0.22    4.25 v _17392_/X (sky130_fd_sc_hd__lpflow_inputiso1p_1)
                                         _09045_ (net)
                  0.06    0.00    4.25 v _17397_/B (sky130_fd_sc_hd__nand2_2)
     2    0.02    0.13    0.13    4.38 ^ _17397_/Y (sky130_fd_sc_hd__nand2_2)
                                         _09050_ (net)
                  0.13    0.00    4.38 ^ rebuffer856/A (sky130_fd_sc_hd__buf_4)
     1    0.00    0.03    0.13    4.51 ^ rebuffer856/X (sky130_fd_sc_hd__buf_4)
                                         net855 (net)
                  0.03    0.00    4.51 ^ _17398_/A (sky130_fd_sc_hd__inv_2)
     2    0.01    0.02    0.03    4.54 v _17398_/Y (sky130_fd_sc_hd__inv_2)
                                         _09051_ (net)
                  0.02    0.00    4.54 v _17404_/A (sky130_fd_sc_hd__lpflow_inputiso1p_1)
     1    0.01    0.06    0.21    4.75 v _17404_/X (sky130_fd_sc_hd__lpflow_inputiso1p_1)
                                         _09057_ (net)
                  0.06    0.00    4.75 v _17415_/B (sky130_fd_sc_hd__nand2_2)
     2    0.01    0.06    0.08    4.84 ^ _17415_/Y (sky130_fd_sc_hd__nand2_2)
                                         _09068_ (net)
                  0.06    0.00    4.84 ^ _17422_/A (sky130_fd_sc_hd__nand2_1)
     1    0.00    0.04    0.06    4.89 v _17422_/Y (sky130_fd_sc_hd__nand2_1)
                                         _09075_ (net)
                  0.04    0.00    4.89 v _17433_/A (sky130_fd_sc_hd__nand2_2)
     3    0.01    0.08    0.08    4.97 ^ _17433_/Y (sky130_fd_sc_hd__nand2_2)
                                         _09086_ (net)
                  0.08    0.00    4.97 ^ _17440_/A (sky130_fd_sc_hd__nand2_1)
     1    0.01    0.05    0.07    5.04 v _17440_/Y (sky130_fd_sc_hd__nand2_1)
                                         _09093_ (net)
                  0.05    0.00    5.04 v _17451_/B (sky130_fd_sc_hd__nand2_2)
     2    0.01    0.06    0.08    5.12 ^ _17451_/Y (sky130_fd_sc_hd__nand2_2)
                                         _09104_ (net)
                  0.06    0.00    5.12 ^ _17458_/A (sky130_fd_sc_hd__nand2_1)
     1    0.01    0.05    0.06    5.18 v _17458_/Y (sky130_fd_sc_hd__nand2_1)
                                         _09111_ (net)
                  0.05    0.00    5.18 v _17469_/A (sky130_fd_sc_hd__nand2_2)
     2    0.01    0.06    0.07    5.25 ^ _17469_/Y (sky130_fd_sc_hd__nand2_2)
                                         _09122_ (net)
                  0.06    0.00    5.25 ^ _17470_/A (sky130_fd_sc_hd__lpflow_inputiso1p_1)
     1    0.00    0.04    0.09    5.35 ^ _17470_/X (sky130_fd_sc_hd__lpflow_inputiso1p_1)
                                         _09123_ (net)
                  0.04    0.00    5.35 ^ _17472_/A (sky130_fd_sc_hd__nand2_1)
     1    0.00    0.03    0.05    5.39 v _17472_/Y (sky130_fd_sc_hd__nand2_1)
                                         _09125_ (net)
                  0.03    0.00    5.39 v _17513_/A (sky130_fd_sc_hd__lpflow_inputiso1p_1)
     1    0.00    0.05    0.20    5.59 v _17513_/X (sky130_fd_sc_hd__lpflow_inputiso1p_1)
                                         _09166_ (net)
                  0.05    0.00    5.59 v _17529_/A (sky130_fd_sc_hd__nand2_1)
     1    0.00    0.05    0.06    5.65 ^ _17529_/Y (sky130_fd_sc_hd__nand2_1)
                                         _09182_ (net)
                  0.05    0.00    5.65 ^ _17544_/A (sky130_fd_sc_hd__nand2_1)
     1    0.00    0.09    0.06    5.71 v _17544_/Y (sky130_fd_sc_hd__nand2_1)
                                         _09195_ (net)
                  0.09    0.00    5.71 v _17821_/B (sky130_fd_sc_hd__nand2_2)
     2    0.01    0.08    0.11    5.82 ^ _17821_/Y (sky130_fd_sc_hd__nand2_2)
                                         net120 (net)
                  0.08    0.00    5.82 ^ output121/A (sky130_fd_sc_hd__clkdlybuf4s25_1)
     1    0.00    0.02    0.23    6.05 ^ output121/X (sky130_fd_sc_hd__clkdlybuf4s25_1)
                                         aluout[30] (net)
                  0.02    0.00    6.05 ^ aluout[30] (out)
                                  6.05   data arrival time

                  0.00    7.00    7.00   clock vclk_clk (rise edge)
                          0.77    7.77   clock network delay (ideal)
                          0.00    7.77   clock reconvergence pessimism
                         -1.40    6.37   output external delay
                                  6.37   data required time
-----------------------------------------------------------------------------
                                  6.37   data required time
                                 -6.05   data arrival time
-----------------------------------------------------------------------------
                                  0.32   slack (MET)



==========================================================================
finish report_checks -unconstrained
--------------------------------------------------------------------------
Startpoint: dp.rf.rf[3][1]$_DFFE_PP_
            (rising edge-triggered flip-flop clocked by clk)
Endpoint: dp.rf.rf[24][31]$_DFFE_PP_
          (rising edge-triggered flip-flop clocked by clk)
Path Group: clk
Path Type: max

Fanout     Cap    Slew   Delay    Time   Description
-----------------------------------------------------------------------------
                          0.00    0.00   clock clk (rise edge)
                          0.00    0.00   clock source latency
     1    0.07    0.00    0.00    0.00 ^ clk (in)
                                         clk (net)
                  0.00    0.00    0.00 ^ clkbuf_0_clk/A (sky130_fd_sc_hd__clkbuf_16)
     8    0.19    0.20    0.23    0.23 ^ clkbuf_0_clk/X (sky130_fd_sc_hd__clkbuf_16)
                                         clknet_0_clk (net)
                  0.20    0.01    0.24 ^ clkbuf_3_0__f_clk/A (sky130_fd_sc_hd__clkbuf_16)
    18    0.23    0.24    0.32    0.56 ^ clkbuf_3_0__f_clk/X (sky130_fd_sc_hd__clkbuf_16)
                                         clknet_3_0__leaf_clk (net)
                  0.24    0.01    0.56 ^ clkbuf_leaf_5_clk/A (sky130_fd_sc_hd__clkbuf_16)
    12    0.04    0.06    0.20    0.77 ^ clkbuf_leaf_5_clk/X (sky130_fd_sc_hd__clkbuf_16)
                                         clknet_leaf_5_clk (net)
                  0.06    0.00    0.77 ^ dp.rf.rf[3][1]$_DFFE_PP_/CLK (sky130_fd_sc_hd__edfxtp_1)
     2    0.01    0.08    0.38    1.15 v dp.rf.rf[3][1]$_DFFE_PP_/Q (sky130_fd_sc_hd__edfxtp_1)
                                         dp.rf.rf[3][1] (net)
                  0.08    0.00    1.15 v rebuffer842/A (sky130_fd_sc_hd__buf_4)
     1    0.00    0.02    0.14    1.30 v rebuffer842/X (sky130_fd_sc_hd__buf_4)
                                         net841 (net)
                  0.02    0.00    1.30 v _16899_/B (sky130_fd_sc_hd__nand2_1)
     1    0.00    0.07    0.05    1.35 ^ _16899_/Y (sky130_fd_sc_hd__nand2_1)
                                         _08563_ (net)
                  0.07    0.00    1.35 ^ _16901_/A (sky130_fd_sc_hd__nand2_1)
     1    0.00    0.04    0.05    1.40 v _16901_/Y (sky130_fd_sc_hd__nand2_1)
                                         _08565_ (net)
                  0.04    0.00    1.40 v _16902_/A (sky130_fd_sc_hd__nand2_1)
     1    0.00    0.09    0.05    1.45 ^ _16902_/Y (sky130_fd_sc_hd__nand2_1)
                                         _08566_ (net)
                  0.09    0.00    1.45 ^ _16903_/B (sky130_fd_sc_hd__nand2_1)
     1    0.01    0.05    0.07    1.53 v _16903_/Y (sky130_fd_sc_hd__nand2_1)
                                         _08567_ (net)
                  0.05    0.00    1.53 v _16904_/A (sky130_fd_sc_hd__nand2_1)
     1    0.00    0.10    0.06    1.59 ^ _16904_/Y (sky130_fd_sc_hd__nand2_1)
                                         _08568_ (net)
                  0.10    0.00    1.59 ^ _16915_/A (sky130_fd_sc_hd__nand2_1)
     1    0.00    0.05    0.07    1.66 v _16915_/Y (sky130_fd_sc_hd__nand2_1)
                                         _08579_ (net)
                  0.05    0.00    1.66 v _16916_/A (sky130_fd_sc_hd__inv_1)
     1    0.00    0.04    0.05    1.71 ^ _16916_/Y (sky130_fd_sc_hd__inv_1)
                                         _08580_ (net)
                  0.04    0.00    1.71 ^ _16917_/B (sky130_fd_sc_hd__nand2_1)
     1    0.00    0.05    0.05    1.76 v _16917_/Y (sky130_fd_sc_hd__nand2_1)
                                         _08581_ (net)
                  0.05    0.00    1.76 v _16918_/A (sky130_fd_sc_hd__nand2_1)
     1    0.00    0.10    0.06    1.82 ^ _16918_/Y (sky130_fd_sc_hd__nand2_1)
                                         _08582_ (net)
                  0.10    0.00    1.82 ^ _16965_/A (sky130_fd_sc_hd__nand2_1)
     4    0.04    0.30    0.26    2.08 v _16965_/Y (sky130_fd_sc_hd__nand2_1)
                                         dp.alu.a2[1] (net)
                  0.30    0.01    2.08 v place670/A (sky130_fd_sc_hd__buf_4)
     2    0.02    0.04    0.27    2.35 v place670/X (sky130_fd_sc_hd__buf_4)
                                         net669 (net)
                  0.04    0.00    2.35 v _20865_/A (sky130_fd_sc_hd__nand2_1)
     1    0.01    0.11    0.10    2.45 ^ _20865_/Y (sky130_fd_sc_hd__nand2_1)
                                         _02016_ (net)
                  0.11    0.00    2.45 ^ _20867_/A (sky130_fd_sc_hd__nand2_1)
     2    0.01    0.07    0.09    2.54 v _20867_/Y (sky130_fd_sc_hd__nand2_1)
                                         dp.pcimm.a[1] (net)
                  0.07    0.00    2.54 v _21373_/B (sky130_fd_sc_hd__ha_1)
     1    0.00    0.04    0.28    2.82 ^ _21373_/SUM (sky130_fd_sc_hd__ha_1)
                                         _00163_ (net)
                  0.04    0.00    2.82 ^ _19667_/B (sky130_fd_sc_hd__nand2_1)
     1    0.00    0.05    0.05    2.87 v _19667_/Y (sky130_fd_sc_hd__nand2_1)
                                         _00949_ (net)
                  0.05    0.00    2.87 v _19669_/A (sky130_fd_sc_hd__nand2_1)
     1    0.00    0.05    0.06    2.93 ^ _19669_/Y (sky130_fd_sc_hd__nand2_1)
                                         _00951_ (net)
                  0.05    0.00    2.93 ^ _19670_/A (sky130_fd_sc_hd__nand2_1)
     1    0.00    0.04    0.04    2.97 v _19670_/Y (sky130_fd_sc_hd__nand2_1)
                                         _00952_ (net)
                  0.04    0.00    2.97 v _19672_/A (sky130_fd_sc_hd__nand2_1)
     1    0.00    0.05    0.05    3.02 ^ _19672_/Y (sky130_fd_sc_hd__nand2_1)
                                         _00954_ (net)
                  0.05    0.00    3.02 ^ _19673_/A (sky130_fd_sc_hd__inv_1)
     3    0.01    0.04    0.06    3.08 v _19673_/Y (sky130_fd_sc_hd__inv_1)
                                         _00955_ (net)
                  0.04    0.00    3.08 v _19675_/A (sky130_fd_sc_hd__lpflow_inputiso1p_1)
     1    0.00    0.05    0.20    3.28 v _19675_/X (sky130_fd_sc_hd__lpflow_inputiso1p_1)
                                         _00957_ (net)
                  0.05    0.00    3.28 v _19680_/A (sky130_fd_sc_hd__nand2_1)
     1    0.00    0.05    0.06    3.34 ^ _19680_/Y (sky130_fd_sc_hd__nand2_1)
                                         _00962_ (net)
                  0.05    0.00    3.34 ^ _19681_/A (sky130_fd_sc_hd__inv_1)
     3    0.01    0.04    0.06    3.40 v _19681_/Y (sky130_fd_sc_hd__inv_1)
                                         _00963_ (net)
                  0.04    0.00    3.40 v _19683_/A (sky130_fd_sc_hd__lpflow_inputiso1p_1)
     1    0.00    0.05    0.20    3.60 v _19683_/X (sky130_fd_sc_hd__lpflow_inputiso1p_1)
                                         _00965_ (net)
                  0.05    0.00    3.60 v _19688_/A (sky130_fd_sc_hd__nand2_1)
     1    0.00    0.04    0.06    3.65 ^ _19688_/Y (sky130_fd_sc_hd__nand2_1)
                                         _00970_ (net)
                  0.04    0.00    3.65 ^ _19689_/A (sky130_fd_sc_hd__inv_1)
     3    0.01    0.04    0.05    3.71 v _19689_/Y (sky130_fd_sc_hd__inv_1)
                                         _00971_ (net)
                  0.04    0.00    3.71 v _19691_/A (sky130_fd_sc_hd__lpflow_inputiso1p_1)
     1    0.00    0.06    0.21    3.92 v _19691_/X (sky130_fd_sc_hd__lpflow_inputiso1p_1)
                                         _00973_ (net)
                  0.06    0.00    3.92 v _19696_/A (sky130_fd_sc_hd__nand2_1)
     2    0.01    0.08    0.09    4.01 ^ _19696_/Y (sky130_fd_sc_hd__nand2_1)
                                         _00978_ (net)
                  0.08    0.00    4.01 ^ _19697_/A (sky130_fd_sc_hd__inv_1)
     3    0.01    0.05    0.06    4.07 v _19697_/Y (sky130_fd_sc_hd__inv_1)
                                         _00979_ (net)
                  0.05    0.00    4.07 v _19703_/A (sky130_fd_sc_hd__lpflow_inputiso1p_1)
     1    0.01    0.06    0.22    4.29 v _19703_/X (sky130_fd_sc_hd__lpflow_inputiso1p_1)
                                         _00985_ (net)
                  0.06    0.00    4.29 v _19714_/A (sky130_fd_sc_hd__nand2_1)
     3    0.01    0.09    0.10    4.39 ^ _19714_/Y (sky130_fd_sc_hd__nand2_1)
                                         _00996_ (net)
                  0.09    0.00    4.39 ^ _19715_/A (sky130_fd_sc_hd__inv_1)
     1    0.00    0.03    0.04    4.43 v _19715_/Y (sky130_fd_sc_hd__inv_1)
                                         _00997_ (net)
                  0.03    0.00    4.43 v _19717_/A (sky130_fd_sc_hd__lpflow_inputiso1p_1)
     1    0.01    0.06    0.21    4.65 v _19717_/X (sky130_fd_sc_hd__lpflow_inputiso1p_1)
                                         _00999_ (net)
                  0.06    0.00    4.65 v _19722_/A (sky130_fd_sc_hd__nand2_1)
     4    0.01    0.13    0.12    4.77 ^ _19722_/Y (sky130_fd_sc_hd__nand2_1)
                                         _01004_ (net)
                  0.13    0.00    4.77 ^ _19832_/A (sky130_fd_sc_hd__inv_1)
     1    0.00    0.03    0.05    4.82 v _19832_/Y (sky130_fd_sc_hd__inv_1)
                                         _01112_ (net)
                  0.03    0.00    4.82 v _19834_/A (sky130_fd_sc_hd__lpflow_inputiso1p_1)
     1    0.00    0.06    0.21    5.03 v _19834_/X (sky130_fd_sc_hd__lpflow_inputiso1p_1)
                                         _01114_ (net)
                  0.06    0.00    5.03 v _19839_/A (sky130_fd_sc_hd__nand2_1)
     3    0.01    0.09    0.09    5.12 ^ _19839_/Y (sky130_fd_sc_hd__nand2_1)
                                         _01119_ (net)
                  0.09    0.00    5.12 ^ _19840_/A (sky130_fd_sc_hd__inv_1)
     1    0.00    0.03    0.05    5.17 v _19840_/Y (sky130_fd_sc_hd__inv_1)
                                         _01120_ (net)
                  0.03    0.00    5.17 v _19842_/A (sky130_fd_sc_hd__lpflow_inputiso1p_1)
     1    0.01    0.06    0.21    5.38 v _19842_/X (sky130_fd_sc_hd__lpflow_inputiso1p_1)
                                         _01122_ (net)
                  0.06    0.00    5.39 v _19847_/A (sky130_fd_sc_hd__nand2_1)
     3    0.01    0.12    0.11    5.50 ^ _19847_/Y (sky130_fd_sc_hd__nand2_1)
                                         _01127_ (net)
                  0.12    0.00    5.50 ^ _19848_/A (sky130_fd_sc_hd__inv_1)
     1    0.00    0.04    0.06    5.56 v _19848_/Y (sky130_fd_sc_hd__inv_1)
                                         _01128_ (net)
                  0.04    0.00    5.56 v _19850_/A (sky130_fd_sc_hd__lpflow_inputiso1p_1)
     1    0.01    0.09    0.25    5.80 v _19850_/X (sky130_fd_sc_hd__lpflow_inputiso1p_1)
                                         _01130_ (net)
                  0.09    0.00    5.80 v _19855_/A (sky130_fd_sc_hd__nand2_1)
     3    0.01    0.14    0.14    5.94 ^ _19855_/Y (sky130_fd_sc_hd__nand2_1)
                                         _01135_ (net)
                  0.14    0.00    5.94 ^ _21186_/A (sky130_fd_sc_hd__nand2_1)
     1    0.00    0.05    0.07    6.01 v _21186_/Y (sky130_fd_sc_hd__nand2_1)
                                         _02211_ (net)
                  0.05    0.00    6.01 v _21192_/A (sky130_fd_sc_hd__nand2_1)
     2    0.02    0.15    0.13    6.14 ^ _21192_/Y (sky130_fd_sc_hd__nand2_1)
                                         _02217_ (net)
                  0.15    0.00    6.15 ^ _21193_/A (sky130_fd_sc_hd__inv_1)
     1    0.00    0.04    0.05    6.20 v _21193_/Y (sky130_fd_sc_hd__inv_1)
                                         _02218_ (net)
                  0.04    0.00    6.20 v _21201_/A (sky130_fd_sc_hd__nand2_1)
     1    0.00    0.04    0.05    6.25 ^ _21201_/Y (sky130_fd_sc_hd__nand2_1)
                                         _02226_ (net)
                  0.04    0.00    6.25 ^ _21203_/A (sky130_fd_sc_hd__nand2_1)
     2    0.01    0.10    0.10    6.35 v _21203_/Y (sky130_fd_sc_hd__nand2_1)
                                         _02228_ (net)
                  0.10    0.00    6.35 v _21270_/B (sky130_fd_sc_hd__nand2_1)
     1    0.00    0.05    0.09    6.44 ^ _21270_/Y (sky130_fd_sc_hd__nand2_1)
                                         _02293_ (net)
                  0.05    0.00    6.44 ^ _21271_/B (sky130_fd_sc_hd__nand2_1)
     1    0.01    0.05    0.06    6.51 v _21271_/Y (sky130_fd_sc_hd__nand2_1)
                                         _02294_ (net)
                  0.05    0.00    6.51 v _21280_/A (sky130_fd_sc_hd__nand2_1)
     1    0.01    0.09    0.09    6.59 ^ _21280_/Y (sky130_fd_sc_hd__nand2_1)
                                         dp.result2[31] (net)
                  0.09    0.00    6.59 ^ place598/A (sky130_fd_sc_hd__buf_4)
    32    0.13    0.35    0.33    6.92 ^ place598/X (sky130_fd_sc_hd__buf_4)
                                         net597 (net)
                  0.36    0.03    6.96 ^ dp.rf.rf[24][31]$_DFFE_PP_/D (sky130_fd_sc_hd__edfxtp_1)
                                  6.96   data arrival time

                          7.00    7.00   clock clk (rise edge)
                          0.00    7.00   clock source latency
     1    0.07    0.00    0.00    7.00 ^ clk (in)
                                         clk (net)
                  0.00    0.00    7.00 ^ clkbuf_0_clk/A (sky130_fd_sc_hd__clkbuf_16)
     8    0.19    0.20    0.23    7.23 ^ clkbuf_0_clk/X (sky130_fd_sc_hd__clkbuf_16)
                                         clknet_0_clk (net)
                  0.20    0.00    7.23 ^ clkbuf_3_6__f_clk/A (sky130_fd_sc_hd__clkbuf_16)
     9    0.18    0.19    0.29    7.52 ^ clkbuf_3_6__f_clk/X (sky130_fd_sc_hd__clkbuf_16)
                                         clknet_3_6__leaf_clk (net)
                  0.19    0.01    7.53 ^ clkbuf_leaf_47_clk/A (sky130_fd_sc_hd__clkbuf_16)
    12    0.04    0.06    0.19    7.72 ^ clkbuf_leaf_47_clk/X (sky130_fd_sc_hd__clkbuf_16)
                                         clknet_leaf_47_clk (net)
                  0.06    0.00    7.72 ^ dp.rf.rf[24][31]$_DFFE_PP_/CLK (sky130_fd_sc_hd__edfxtp_1)
                          0.00    7.72   clock reconvergence pessimism
                         -0.22    7.50   library setup time
                                  7.50   data required time
-----------------------------------------------------------------------------
                                  7.50   data required time
                                 -6.96   data arrival time
-----------------------------------------------------------------------------
                                  0.55   slack (MET)


Startpoint: dp.rf.rf[7][2]$_DFFE_PP_
            (rising edge-triggered flip-flop clocked by clk)
Endpoint: aluout[30] (output port clocked by vclk_clk)
Path Group: vclk_clk
Path Type: max

Fanout     Cap    Slew   Delay    Time   Description
-----------------------------------------------------------------------------
                          0.00    0.00   clock clk (rise edge)
                          0.00    0.00   clock source latency
     1    0.07    0.00    0.00    0.00 ^ clk (in)
                                         clk (net)
                  0.00    0.00    0.00 ^ clkbuf_0_clk/A (sky130_fd_sc_hd__clkbuf_16)
     8    0.19    0.20    0.23    0.23 ^ clkbuf_0_clk/X (sky130_fd_sc_hd__clkbuf_16)
                                         clknet_0_clk (net)
                  0.20    0.00    0.23 ^ clkbuf_3_2__f_clk/A (sky130_fd_sc_hd__clkbuf_16)
    17    0.25    0.25    0.33    0.57 ^ clkbuf_3_2__f_clk/X (sky130_fd_sc_hd__clkbuf_16)
                                         clknet_3_2__leaf_clk (net)
                  0.26    0.01    0.57 ^ clkbuf_leaf_31_clk/A (sky130_fd_sc_hd__clkbuf_16)
    10    0.03    0.05    0.20    0.78 ^ clkbuf_leaf_31_clk/X (sky130_fd_sc_hd__clkbuf_16)
                                         clknet_leaf_31_clk (net)
                  0.05    0.00    0.78 ^ dp.rf.rf[7][2]$_DFFE_PP_/CLK (sky130_fd_sc_hd__edfxtp_1)
     2    0.01    0.08    0.38    1.16 v dp.rf.rf[7][2]$_DFFE_PP_/Q (sky130_fd_sc_hd__edfxtp_1)
                                         dp.rf.rf[7][2] (net)
                  0.08    0.00    1.16 v _16779_/B (sky130_fd_sc_hd__nand2_1)
     1    0.00    0.07    0.08    1.24 ^ _16779_/Y (sky130_fd_sc_hd__nand2_1)
                                         _08443_ (net)
                  0.07    0.00    1.24 ^ _16780_/B (sky130_fd_sc_hd__nand2_1)
     1    0.00    0.04    0.05    1.29 v _16780_/Y (sky130_fd_sc_hd__nand2_1)
                                         _08444_ (net)
                  0.04    0.00    1.29 v _16781_/A (sky130_fd_sc_hd__nand2_1)
     1    0.00    0.11    0.05    1.34 ^ _16781_/Y (sky130_fd_sc_hd__nand2_1)
                                         _08445_ (net)
                  0.11    0.00    1.35 ^ _16782_/B (sky130_fd_sc_hd__nand2_1)
     1    0.00    0.04    0.06    1.41 v _16782_/Y (sky130_fd_sc_hd__nand2_1)
                                         _08446_ (net)
                  0.04    0.00    1.41 v _16783_/A (sky130_fd_sc_hd__nand2_1)
     1    0.00    0.11    0.05    1.46 ^ _16783_/Y (sky130_fd_sc_hd__nand2_1)
                                         _08447_ (net)
                  0.11    0.00    1.46 ^ _16794_/A (sky130_fd_sc_hd__nand2_1)
     1    0.01    0.08    0.10    1.56 v _16794_/Y (sky130_fd_sc_hd__nand2_1)
                                         _08458_ (net)
                  0.08    0.00    1.56 v _16795_/A (sky130_fd_sc_hd__nand2_1)
     1    0.01    0.13    0.09    1.65 ^ _16795_/Y (sky130_fd_sc_hd__nand2_1)
                                         _08459_ (net)
                  0.13    0.00    1.65 ^ _16818_/A (sky130_fd_sc_hd__nand2_1)
     1    0.00    0.05    0.07    1.71 v _16818_/Y (sky130_fd_sc_hd__nand2_1)
                                         _08482_ (net)
                  0.05    0.00    1.71 v _16819_/A (sky130_fd_sc_hd__nand2_1)
     1    0.01    0.27    0.08    1.80 ^ _16819_/Y (sky130_fd_sc_hd__nand2_1)
                                         _08483_ (net)
                  0.27    0.00    1.80 ^ _16866_/A (sky130_fd_sc_hd__nand2_1)
     1    0.01    0.11    0.14    1.94 v _16866_/Y (sky130_fd_sc_hd__nand2_1)
                                         _08530_ (net)
                  0.11    0.00    1.94 v _16867_/A (sky130_fd_sc_hd__nand2_2)
     3    0.01    0.09    0.10    2.04 ^ _16867_/Y (sky130_fd_sc_hd__nand2_2)
                                         _08531_ (net)
                  0.09    0.00    2.04 ^ _17637_/A (sky130_fd_sc_hd__nand2_1)
     1    0.00    0.11    0.07    2.11 v _17637_/Y (sky130_fd_sc_hd__nand2_1)
                                         _09287_ (net)
                  0.11    0.00    2.11 v _17638_/A (sky130_fd_sc_hd__nand2_2)
     3    0.01    0.10    0.12    2.23 ^ _17638_/Y (sky130_fd_sc_hd__nand2_2)
                                         _09288_ (net)
                  0.10    0.00    2.23 ^ _17652_/A (sky130_fd_sc_hd__inv_1)
     2    0.01    0.04    0.06    2.29 v _17652_/Y (sky130_fd_sc_hd__inv_1)
                                         _09302_ (net)
                  0.04    0.00    2.29 v _21045_/A (sky130_fd_sc_hd__nand2_1)
     1    0.00    0.08    0.05    2.35 ^ _21045_/Y (sky130_fd_sc_hd__nand2_1)
                                         _02143_ (net)
                  0.08    0.00    2.35 ^ _21047_/A (sky130_fd_sc_hd__nand2_1)
     2    0.01    0.06    0.07    2.42 v _21047_/Y (sky130_fd_sc_hd__nand2_1)
                                         _00146_ (net)
                  0.06    0.00    2.42 v _21356_/B (sky130_fd_sc_hd__ha_1)
     2    0.01    0.09    0.31    2.73 ^ _21356_/SUM (sky130_fd_sc_hd__ha_1)
                                         dp.alu.exor[2] (net)
                  0.09    0.00    2.73 ^ _17350_/A (sky130_fd_sc_hd__nand2_1)
     1    0.00    0.03    0.05    2.77 v _17350_/Y (sky130_fd_sc_hd__nand2_1)
                                         _09003_ (net)
                  0.03    0.00    2.77 v _17352_/A (sky130_fd_sc_hd__lpflow_inputiso1p_1)
     1    0.01    0.06    0.22    2.99 v _17352_/X (sky130_fd_sc_hd__lpflow_inputiso1p_1)
                                         _09005_ (net)
                  0.06    0.00    2.99 v _17357_/B (sky130_fd_sc_hd__nand2_2)
     2    0.01    0.08    0.10    3.09 ^ _17357_/Y (sky130_fd_sc_hd__nand2_2)
                                         _09010_ (net)
                  0.08    0.00    3.09 ^ _17360_/A (sky130_fd_sc_hd__nand2_2)
     1    0.01    0.04    0.05    3.14 v _17360_/Y (sky130_fd_sc_hd__nand2_2)
                                         _09013_ (net)
                  0.04    0.00    3.14 v _17365_/B (sky130_fd_sc_hd__nand2_2)
     2    0.01    0.05    0.07    3.20 ^ _17365_/Y (sky130_fd_sc_hd__nand2_2)
                                         _09018_ (net)
                  0.05    0.00    3.20 ^ _17368_/A (sky130_fd_sc_hd__nand2_1)
     1    0.00    0.03    0.05    3.25 v _17368_/Y (sky130_fd_sc_hd__nand2_1)
                                         _09021_ (net)
                  0.03    0.00    3.25 v _17373_/B (sky130_fd_sc_hd__nand2_1)
     1    0.01    0.07    0.07    3.33 ^ _17373_/Y (sky130_fd_sc_hd__nand2_1)
                                         _09026_ (net)
                  0.07    0.00    3.33 ^ _17374_/A (sky130_fd_sc_hd__inv_2)
     3    0.01    0.03    0.04    3.37 v _17374_/Y (sky130_fd_sc_hd__inv_2)
                                         _09027_ (net)
                  0.03    0.00    3.37 v _17376_/A (sky130_fd_sc_hd__lpflow_inputiso1p_1)
     1    0.00    0.05    0.20    3.57 v _17376_/X (sky130_fd_sc_hd__lpflow_inputiso1p_1)
                                         _09029_ (net)
                  0.05    0.00    3.57 v _17381_/B (sky130_fd_sc_hd__nand2_1)
     1    0.01    0.07    0.08    3.65 ^ _17381_/Y (sky130_fd_sc_hd__nand2_1)
                                         _09034_ (net)
                  0.07    0.00    3.65 ^ _17382_/A (sky130_fd_sc_hd__inv_2)
     3    0.01    0.03    0.05    3.70 v _17382_/Y (sky130_fd_sc_hd__inv_2)
                                         _09035_ (net)
                  0.03    0.00    3.70 v _17384_/A (sky130_fd_sc_hd__lpflow_inputiso1p_1)
     1    0.00    0.05    0.21    3.90 v _17384_/X (sky130_fd_sc_hd__lpflow_inputiso1p_1)
                                         _09037_ (net)
                  0.05    0.00    3.90 v _17389_/B (sky130_fd_sc_hd__nand2_1)
     1    0.01    0.07    0.09    3.99 ^ _17389_/Y (sky130_fd_sc_hd__nand2_1)
                                         _09042_ (net)
                  0.07    0.00    3.99 ^ _17390_/A (sky130_fd_sc_hd__inv_2)
     3    0.01    0.03    0.04    4.04 v _17390_/Y (sky130_fd_sc_hd__inv_2)
                                         _09043_ (net)
                  0.03    0.00    4.04 v _17392_/A (sky130_fd_sc_hd__lpflow_inputiso1p_1)
     1    0.01    0.06    0.22    4.25 v _17392_/X (sky130_fd_sc_hd__lpflow_inputiso1p_1)
                                         _09045_ (net)
                  0.06    0.00    4.25 v _17397_/B (sky130_fd_sc_hd__nand2_2)
     2    0.02    0.13    0.13    4.38 ^ _17397_/Y (sky130_fd_sc_hd__nand2_2)
                                         _09050_ (net)
                  0.13    0.00    4.38 ^ rebuffer856/A (sky130_fd_sc_hd__buf_4)
     1    0.00    0.03    0.13    4.51 ^ rebuffer856/X (sky130_fd_sc_hd__buf_4)
                                         net855 (net)
                  0.03    0.00    4.51 ^ _17398_/A (sky130_fd_sc_hd__inv_2)
     2    0.01    0.02    0.03    4.54 v _17398_/Y (sky130_fd_sc_hd__inv_2)
                                         _09051_ (net)
                  0.02    0.00    4.54 v _17404_/A (sky130_fd_sc_hd__lpflow_inputiso1p_1)
     1    0.01    0.06    0.21    4.75 v _17404_/X (sky130_fd_sc_hd__lpflow_inputiso1p_1)
                                         _09057_ (net)
                  0.06    0.00    4.75 v _17415_/B (sky130_fd_sc_hd__nand2_2)
     2    0.01    0.06    0.08    4.84 ^ _17415_/Y (sky130_fd_sc_hd__nand2_2)
                                         _09068_ (net)
                  0.06    0.00    4.84 ^ _17422_/A (sky130_fd_sc_hd__nand2_1)
     1    0.00    0.04    0.06    4.89 v _17422_/Y (sky130_fd_sc_hd__nand2_1)
                                         _09075_ (net)
                  0.04    0.00    4.89 v _17433_/A (sky130_fd_sc_hd__nand2_2)
     3    0.01    0.08    0.08    4.97 ^ _17433_/Y (sky130_fd_sc_hd__nand2_2)
                                         _09086_ (net)
                  0.08    0.00    4.97 ^ _17440_/A (sky130_fd_sc_hd__nand2_1)
     1    0.01    0.05    0.07    5.04 v _17440_/Y (sky130_fd_sc_hd__nand2_1)
                                         _09093_ (net)
                  0.05    0.00    5.04 v _17451_/B (sky130_fd_sc_hd__nand2_2)
     2    0.01    0.06    0.08    5.12 ^ _17451_/Y (sky130_fd_sc_hd__nand2_2)
                                         _09104_ (net)
                  0.06    0.00    5.12 ^ _17458_/A (sky130_fd_sc_hd__nand2_1)
     1    0.01    0.05    0.06    5.18 v _17458_/Y (sky130_fd_sc_hd__nand2_1)
                                         _09111_ (net)
                  0.05    0.00    5.18 v _17469_/A (sky130_fd_sc_hd__nand2_2)
     2    0.01    0.06    0.07    5.25 ^ _17469_/Y (sky130_fd_sc_hd__nand2_2)
                                         _09122_ (net)
                  0.06    0.00    5.25 ^ _17470_/A (sky130_fd_sc_hd__lpflow_inputiso1p_1)
     1    0.00    0.04    0.09    5.35 ^ _17470_/X (sky130_fd_sc_hd__lpflow_inputiso1p_1)
                                         _09123_ (net)
                  0.04    0.00    5.35 ^ _17472_/A (sky130_fd_sc_hd__nand2_1)
     1    0.00    0.03    0.05    5.39 v _17472_/Y (sky130_fd_sc_hd__nand2_1)
                                         _09125_ (net)
                  0.03    0.00    5.39 v _17513_/A (sky130_fd_sc_hd__lpflow_inputiso1p_1)
     1    0.00    0.05    0.20    5.59 v _17513_/X (sky130_fd_sc_hd__lpflow_inputiso1p_1)
                                         _09166_ (net)
                  0.05    0.00    5.59 v _17529_/A (sky130_fd_sc_hd__nand2_1)
     1    0.00    0.05    0.06    5.65 ^ _17529_/Y (sky130_fd_sc_hd__nand2_1)
                                         _09182_ (net)
                  0.05    0.00    5.65 ^ _17544_/A (sky130_fd_sc_hd__nand2_1)
     1    0.00    0.09    0.06    5.71 v _17544_/Y (sky130_fd_sc_hd__nand2_1)
                                         _09195_ (net)
                  0.09    0.00    5.71 v _17821_/B (sky130_fd_sc_hd__nand2_2)
     2    0.01    0.08    0.11    5.82 ^ _17821_/Y (sky130_fd_sc_hd__nand2_2)
                                         net120 (net)
                  0.08    0.00    5.82 ^ output121/A (sky130_fd_sc_hd__clkdlybuf4s25_1)
     1    0.00    0.02    0.23    6.05 ^ output121/X (sky130_fd_sc_hd__clkdlybuf4s25_1)
                                         aluout[30] (net)
                  0.02    0.00    6.05 ^ aluout[30] (out)
                                  6.05   data arrival time

                  0.00    7.00    7.00   clock vclk_clk (rise edge)
                          0.77    7.77   clock network delay (ideal)
                          0.00    7.77   clock reconvergence pessimism
                         -1.40    6.37   output external delay
                                  6.37   data required time
-----------------------------------------------------------------------------
                                  6.37   data required time
                                 -6.05   data arrival time
-----------------------------------------------------------------------------
                                  0.32   slack (MET)



==========================================================================
finish report_check_types -max_slew -max_cap -max_fanout -violators
--------------------------------------------------------------------------

==========================================================================
finish max_slew_check_slack
--------------------------------------------------------------------------
0.17263169586658478

==========================================================================
finish max_slew_check_limit
--------------------------------------------------------------------------
1.5

==========================================================================
finish max_slew_check_slack_limit
--------------------------------------------------------------------------
0.1151

==========================================================================
finish max_fanout_check_slack
--------------------------------------------------------------------------
1.0000000150474662e+30

==========================================================================
finish max_fanout_check_limit
--------------------------------------------------------------------------
1.0000000150474662e+30

==========================================================================
finish max_capacitance_check_slack
--------------------------------------------------------------------------
0.03335946425795555

==========================================================================
finish max_capacitance_check_limit
--------------------------------------------------------------------------
0.18128399550914764

==========================================================================
finish max_capacitance_check_slack_limit
--------------------------------------------------------------------------
0.1840

==========================================================================
finish max_slew_violation_count
--------------------------------------------------------------------------
max slew violation count 0

==========================================================================
finish max_fanout_violation_count
--------------------------------------------------------------------------
max fanout violation count 0

==========================================================================
finish max_cap_violation_count
--------------------------------------------------------------------------
max cap violation count 0

==========================================================================
finish setup_violation_count
--------------------------------------------------------------------------
setup violation count 0

==========================================================================
finish hold_violation_count
--------------------------------------------------------------------------
hold violation count 0

==========================================================================
finish report_checks -path_delay max reg to reg
--------------------------------------------------------------------------
Startpoint: dp.rf.rf[3][1]$_DFFE_PP_
            (rising edge-triggered flip-flop clocked by clk)
Endpoint: dp.rf.rf[24][31]$_DFFE_PP_
          (rising edge-triggered flip-flop clocked by clk)
Path Group: clk
Path Type: max

  Delay    Time   Description
---------------------------------------------------------
   0.00    0.00   clock clk (rise edge)
   0.00    0.00   clock source latency
   0.00    0.00 ^ clk (in)
   0.23    0.23 ^ clkbuf_0_clk/X (sky130_fd_sc_hd__clkbuf_16)
   0.33    0.56 ^ clkbuf_3_0__f_clk/X (sky130_fd_sc_hd__clkbuf_16)
   0.21    0.77 ^ clkbuf_leaf_5_clk/X (sky130_fd_sc_hd__clkbuf_16)
   0.00    0.77 ^ dp.rf.rf[3][1]$_DFFE_PP_/CLK (sky130_fd_sc_hd__edfxtp_1)
   0.38    1.15 v dp.rf.rf[3][1]$_DFFE_PP_/Q (sky130_fd_sc_hd__edfxtp_1)
   0.14    1.30 v rebuffer842/X (sky130_fd_sc_hd__buf_4)
   0.05    1.35 ^ _16899_/Y (sky130_fd_sc_hd__nand2_1)
   0.05    1.40 v _16901_/Y (sky130_fd_sc_hd__nand2_1)
   0.05    1.45 ^ _16902_/Y (sky130_fd_sc_hd__nand2_1)
   0.07    1.53 v _16903_/Y (sky130_fd_sc_hd__nand2_1)
   0.06    1.59 ^ _16904_/Y (sky130_fd_sc_hd__nand2_1)
   0.07    1.66 v _16915_/Y (sky130_fd_sc_hd__nand2_1)
   0.05    1.71 ^ _16916_/Y (sky130_fd_sc_hd__inv_1)
   0.05    1.76 v _16917_/Y (sky130_fd_sc_hd__nand2_1)
   0.06    1.82 ^ _16918_/Y (sky130_fd_sc_hd__nand2_1)
   0.26    2.08 v _16965_/Y (sky130_fd_sc_hd__nand2_1)
   0.27    2.35 v place670/X (sky130_fd_sc_hd__buf_4)
   0.10    2.45 ^ _20865_/Y (sky130_fd_sc_hd__nand2_1)
   0.09    2.54 v _20867_/Y (sky130_fd_sc_hd__nand2_1)
   0.28    2.82 ^ _21373_/SUM (sky130_fd_sc_hd__ha_1)
   0.05    2.87 v _19667_/Y (sky130_fd_sc_hd__nand2_1)
   0.06    2.93 ^ _19669_/Y (sky130_fd_sc_hd__nand2_1)
   0.04    2.97 v _19670_/Y (sky130_fd_sc_hd__nand2_1)
   0.05    3.02 ^ _19672_/Y (sky130_fd_sc_hd__nand2_1)
   0.06    3.08 v _19673_/Y (sky130_fd_sc_hd__inv_1)
   0.20    3.28 v _19675_/X (sky130_fd_sc_hd__lpflow_inputiso1p_1)
   0.06    3.34 ^ _19680_/Y (sky130_fd_sc_hd__nand2_1)
   0.06    3.40 v _19681_/Y (sky130_fd_sc_hd__inv_1)
   0.20    3.60 v _19683_/X (sky130_fd_sc_hd__lpflow_inputiso1p_1)
   0.06    3.65 ^ _19688_/Y (sky130_fd_sc_hd__nand2_1)
   0.05    3.71 v _19689_/Y (sky130_fd_sc_hd__inv_1)
   0.21    3.92 v _19691_/X (sky130_fd_sc_hd__lpflow_inputiso1p_1)
   0.09    4.01 ^ _19696_/Y (sky130_fd_sc_hd__nand2_1)
   0.06    4.07 v _19697_/Y (sky130_fd_sc_hd__inv_1)
   0.22    4.29 v _19703_/X (sky130_fd_sc_hd__lpflow_inputiso1p_1)
   0.10    4.39 ^ _19714_/Y (sky130_fd_sc_hd__nand2_1)
   0.05    4.43 v _19715_/Y (sky130_fd_sc_hd__inv_1)
   0.21    4.65 v _19717_/X (sky130_fd_sc_hd__lpflow_inputiso1p_1)
   0.12    4.77 ^ _19722_/Y (sky130_fd_sc_hd__nand2_1)
   0.05    4.82 v _19832_/Y (sky130_fd_sc_hd__inv_1)
   0.21    5.03 v _19834_/X (sky130_fd_sc_hd__lpflow_inputiso1p_1)
   0.09    5.12 ^ _19839_/Y (sky130_fd_sc_hd__nand2_1)
   0.05    5.17 v _19840_/Y (sky130_fd_sc_hd__inv_1)
   0.21    5.38 v _19842_/X (sky130_fd_sc_hd__lpflow_inputiso1p_1)
   0.11    5.50 ^ _19847_/Y (sky130_fd_sc_hd__nand2_1)
   0.06    5.56 v _19848_/Y (sky130_fd_sc_hd__inv_1)
   0.25    5.80 v _19850_/X (sky130_fd_sc_hd__lpflow_inputiso1p_1)
   0.14    5.94 ^ _19855_/Y (sky130_fd_sc_hd__nand2_1)
   0.07    6.01 v _21186_/Y (sky130_fd_sc_hd__nand2_1)
   0.13    6.14 ^ _21192_/Y (sky130_fd_sc_hd__nand2_1)
   0.06    6.20 v _21193_/Y (sky130_fd_sc_hd__inv_1)
   0.05    6.25 ^ _21201_/Y (sky130_fd_sc_hd__nand2_1)
   0.10    6.35 v _21203_/Y (sky130_fd_sc_hd__nand2_1)
   0.09    6.44 ^ _21270_/Y (sky130_fd_sc_hd__nand2_1)
   0.06    6.51 v _21271_/Y (sky130_fd_sc_hd__nand2_1)
   0.09    6.59 ^ _21280_/Y (sky130_fd_sc_hd__nand2_1)
   0.33    6.92 ^ place598/X (sky130_fd_sc_hd__buf_4)
   0.03    6.96 ^ dp.rf.rf[24][31]$_DFFE_PP_/D (sky130_fd_sc_hd__edfxtp_1)
           6.96   data arrival time

   7.00    7.00   clock clk (rise edge)
   0.00    7.00   clock source latency
   0.00    7.00 ^ clk (in)
   0.23    7.23 ^ clkbuf_0_clk/X (sky130_fd_sc_hd__clkbuf_16)
   0.29    7.52 ^ clkbuf_3_6__f_clk/X (sky130_fd_sc_hd__clkbuf_16)
   0.20    7.72 ^ clkbuf_leaf_47_clk/X (sky130_fd_sc_hd__clkbuf_16)
   0.00    7.72 ^ dp.rf.rf[24][31]$_DFFE_PP_/CLK (sky130_fd_sc_hd__edfxtp_1)
   0.00    7.72   clock reconvergence pessimism
  -0.22    7.50   library setup time
           7.50   data required time
---------------------------------------------------------
           7.50   data required time
          -6.96   data arrival time
---------------------------------------------------------
           0.55   slack (MET)



==========================================================================
finish report_checks -path_delay min reg to reg
--------------------------------------------------------------------------
Startpoint: dp.pcreg.q[1]$_DFFE_PP0P_
            (rising edge-triggered flip-flop clocked by clk)
Endpoint: dp.pcreg.q[1]$_DFFE_PP0P_
          (rising edge-triggered flip-flop clocked by clk)
Path Group: clk
Path Type: min

  Delay    Time   Description
---------------------------------------------------------
   0.00    0.00   clock clk (rise edge)
   0.00    0.00   clock source latency
   0.00    0.00 ^ clk (in)
   0.23    0.23 ^ clkbuf_0_clk/X (sky130_fd_sc_hd__clkbuf_16)
   0.34    0.57 ^ clkbuf_3_2__f_clk/X (sky130_fd_sc_hd__clkbuf_16)
   0.22    0.78 ^ clkbuf_leaf_32_clk/X (sky130_fd_sc_hd__clkbuf_16)
   0.00    0.79 ^ dp.pcreg.q[1]$_DFFE_PP0P_/CLK (sky130_fd_sc_hd__dfrtp_1)
   0.43    1.22 ^ dp.pcreg.q[1]$_DFFE_PP0P_/Q (sky130_fd_sc_hd__dfrtp_1)
   0.07    1.29 v _21097_/Y (sky130_fd_sc_hd__nand2_1)
   0.06    1.35 ^ _21099_/Y (sky130_fd_sc_hd__nand2_1)
   0.00    1.35 ^ dp.pcreg.q[1]$_DFFE_PP0P_/D (sky130_fd_sc_hd__dfrtp_1)
           1.35   data arrival time

   0.00    0.00   clock clk (rise edge)
   0.00    0.00   clock source latency
   0.00    0.00 ^ clk (in)
   0.23    0.23 ^ clkbuf_0_clk/X (sky130_fd_sc_hd__clkbuf_16)
   0.34    0.57 ^ clkbuf_3_2__f_clk/X (sky130_fd_sc_hd__clkbuf_16)
   0.22    0.78 ^ clkbuf_leaf_32_clk/X (sky130_fd_sc_hd__clkbuf_16)
   0.00    0.79 ^ dp.pcreg.q[1]$_DFFE_PP0P_/CLK (sky130_fd_sc_hd__dfrtp_1)
   0.00    0.79   clock reconvergence pessimism
  -0.03    0.75   library hold time
           0.75   data required time
---------------------------------------------------------
           0.75   data required time
          -1.35   data arrival time
---------------------------------------------------------
           0.59   slack (MET)



==========================================================================
finish critical path target clock latency max path
--------------------------------------------------------------------------
0

==========================================================================
finish critical path target clock latency min path
--------------------------------------------------------------------------
0

==========================================================================
finish critical path source clock latency min path
--------------------------------------------------------------------------
0

==========================================================================
finish critical path delay
--------------------------------------------------------------------------
6.0528

==========================================================================
finish critical path slack
--------------------------------------------------------------------------
0.3222

==========================================================================
finish slack div critical path delay
--------------------------------------------------------------------------
5.323156

==========================================================================
finish report_power
--------------------------------------------------------------------------
Group                  Internal  Switching    Leakage      Total
                          Power      Power      Power      Power (Watts)
----------------------------------------------------------------
Sequential             7.48e-03   2.10e-04   9.80e-09   7.69e-03  40.5%
Combinational          1.57e-03   3.80e-03   3.29e-08   5.37e-03  28.3%
Clock                  3.24e-03   2.68e-03   1.76e-09   5.92e-03  31.2%
Macro                  0.00e+00   0.00e+00   0.00e+00   0.00e+00   0.0%
Pad                    0.00e+00   0.00e+00   0.00e+00   0.00e+00   0.0%
----------------------------------------------------------------
Total                  1.23e-02   6.69e-03   4.44e-08   1.90e-02 100.0%
                          64.8%      35.2%       0.0%
