
==========================================================================
finish report_tns
--------------------------------------------------------------------------
tns max -1078.33

==========================================================================
finish report_wns
--------------------------------------------------------------------------
wns max -1.75

==========================================================================
finish report_worst_slack
--------------------------------------------------------------------------
worst slack max -1.75

==========================================================================
finish report_clock_min_period
--------------------------------------------------------------------------
clk period_min = 6.74 fmax = 148.38
vclk_clk period_min = 0.00 fmax = inf

==========================================================================
finish report_clock_skew
--------------------------------------------------------------------------
Clock clk
   0.72 source latency dp.rf.rf[29][27]$_DFFE_PP_/CLK ^
  -0.78 target latency dp.rf.rf[8][9]$_DFFE_PP_/CLK ^
   0.00 CRPR
--------------
  -0.06 setup skew

Clock vclk_clk
No launch/capture paths found.


==========================================================================
finish report_checks -path_delay min
--------------------------------------------------------------------------
Startpoint: dp.pcreg.q[2]$_DFF_PP0_
            (rising edge-triggered flip-flop clocked by clk)
Endpoint: dp.pcreg.q[2]$_DFF_PP0_
          (rising edge-triggered flip-flop clocked by clk)
Path Group: clk
Path Type: min

Fanout     Cap    Slew   Delay    Time   Description
-----------------------------------------------------------------------------
                          0.00    0.00   clock clk (rise edge)
                          0.00    0.00   clock source latency
     1    0.06    0.00    0.00    0.00 ^ clk (in)
                                         clk (net)
                  0.00    0.00    0.00 ^ clkbuf_0_clk/A (sky130_fd_sc_hd__clkbuf_16)
     8    0.19    0.20    0.23    0.23 ^ clkbuf_0_clk/X (sky130_fd_sc_hd__clkbuf_16)
                                         clknet_0_clk (net)
                  0.20    0.00    0.24 ^ clkbuf_3_2__f_clk/A (sky130_fd_sc_hd__clkbuf_16)
    16    0.23    0.24    0.32    0.56 ^ clkbuf_3_2__f_clk/X (sky130_fd_sc_hd__clkbuf_16)
                                         clknet_3_2__leaf_clk (net)
                  0.24    0.01    0.57 ^ clkbuf_leaf_63_clk/A (sky130_fd_sc_hd__clkbuf_16)
     8    0.04    0.06    0.20    0.77 ^ clkbuf_leaf_63_clk/X (sky130_fd_sc_hd__clkbuf_16)
                                         clknet_leaf_63_clk (net)
                  0.06    0.00    0.77 ^ dp.pcreg.q[2]$_DFF_PP0_/CLK (sky130_fd_sc_hd__dfrtp_1)
     2    0.01    0.08    0.35    1.13 ^ dp.pcreg.q[2]$_DFF_PP0_/Q (sky130_fd_sc_hd__dfrtp_1)
                                         net153 (net)
                  0.08    0.00    1.13 ^ place2036/A (sky130_fd_sc_hd__buf_4)
     6    0.02    0.07    0.15    1.27 ^ place2036/X (sky130_fd_sc_hd__buf_4)
                                         net2035 (net)
                  0.07    0.00    1.27 ^ _6793_/A0 (sky130_fd_sc_hd__mux2i_1)
     1    0.00    0.04    0.06    1.34 v _6793_/Y (sky130_fd_sc_hd__mux2i_1)
                                         dp.ISRmux.d0[2] (net)
                  0.04    0.00    1.34 v dp.pcreg.q[2]$_DFF_PP0_/D (sky130_fd_sc_hd__dfrtp_1)
                                  1.34   data arrival time

                          0.00    0.00   clock clk (rise edge)
                          0.00    0.00   clock source latency
     1    0.06    0.00    0.00    0.00 ^ clk (in)
                                         clk (net)
                  0.00    0.00    0.00 ^ clkbuf_0_clk/A (sky130_fd_sc_hd__clkbuf_16)
     8    0.19    0.20    0.23    0.23 ^ clkbuf_0_clk/X (sky130_fd_sc_hd__clkbuf_16)
                                         clknet_0_clk (net)
                  0.20    0.00    0.24 ^ clkbuf_3_2__f_clk/A (sky130_fd_sc_hd__clkbuf_16)
    16    0.23    0.24    0.32    0.56 ^ clkbuf_3_2__f_clk/X (sky130_fd_sc_hd__clkbuf_16)
                                         clknet_3_2__leaf_clk (net)
                  0.24    0.01    0.57 ^ clkbuf_leaf_63_clk/A (sky130_fd_sc_hd__clkbuf_16)
     8    0.04    0.06    0.20    0.77 ^ clkbuf_leaf_63_clk/X (sky130_fd_sc_hd__clkbuf_16)
                                         clknet_leaf_63_clk (net)
                  0.06    0.00    0.77 ^ dp.pcreg.q[2]$_DFF_PP0_/CLK (sky130_fd_sc_hd__dfrtp_1)
                          0.00    0.77   clock reconvergence pessimism
                         -0.04    0.73   library hold time
                                  0.73   data required time
-----------------------------------------------------------------------------
                                  0.73   data required time
                                 -1.34   data arrival time
-----------------------------------------------------------------------------
                                  0.61   slack (MET)


Startpoint: dp.pcreg.q[11]$_DFF_PP0_
            (rising edge-triggered flip-flop clocked by clk)
Endpoint: pc[11] (output port clocked by vclk_clk)
Path Group: vclk_clk
Path Type: min

Fanout     Cap    Slew   Delay    Time   Description
-----------------------------------------------------------------------------
                          0.00    0.00   clock clk (rise edge)
                          0.00    0.00   clock source latency
     1    0.06    0.00    0.00    0.00 ^ clk (in)
                                         clk (net)
                  0.00    0.00    0.00 ^ clkbuf_0_clk/A (sky130_fd_sc_hd__clkbuf_16)
     8    0.19    0.20    0.23    0.23 ^ clkbuf_0_clk/X (sky130_fd_sc_hd__clkbuf_16)
                                         clknet_0_clk (net)
                  0.20    0.00    0.24 ^ clkbuf_3_3__f_clk/A (sky130_fd_sc_hd__clkbuf_16)
    10    0.19    0.20    0.30    0.54 ^ clkbuf_3_3__f_clk/X (sky130_fd_sc_hd__clkbuf_16)
                                         clknet_3_3__leaf_clk (net)
                  0.20    0.00    0.54 ^ clkbuf_leaf_62_clk/A (sky130_fd_sc_hd__clkbuf_16)
     5    0.04    0.06    0.19    0.73 ^ clkbuf_leaf_62_clk/X (sky130_fd_sc_hd__clkbuf_16)
                                         clknet_leaf_62_clk (net)
                  0.06    0.00    0.74 ^ dp.pcreg.q[11]$_DFF_PP0_/CLK (sky130_fd_sc_hd__dfrtp_1)
     4    0.02    0.10    0.42    1.16 v dp.pcreg.q[11]$_DFF_PP0_/Q (sky130_fd_sc_hd__dfrtp_1)
                                         net133 (net)
                  0.10    0.00    1.16 v output134/A (sky130_fd_sc_hd__clkdlybuf4s50_1)
     1    0.00    0.03    0.42    1.58 v output134/X (sky130_fd_sc_hd__clkdlybuf4s50_1)
                                         pc[11] (net)
                  0.03    0.00    1.58 v pc[11] (out)
                                  1.58   data arrival time

                  0.00    0.00    0.00   clock vclk_clk (rise edge)
                          0.77    0.77   clock network delay (ideal)
                          0.00    0.77   clock reconvergence pessimism
                         -1.00   -0.23   output external delay
                                 -0.23   data required time
-----------------------------------------------------------------------------
                                 -0.23   data required time
                                 -1.58   data arrival time
-----------------------------------------------------------------------------
                                  1.80   slack (MET)



==========================================================================
finish report_checks -path_delay max
--------------------------------------------------------------------------
Startpoint: dp.rf.rf[25][2]$_DFFE_PP_
            (rising edge-triggered flip-flop clocked by clk)
Endpoint: dp.rf.rf[10][20]$_DFFE_PP_
          (rising edge-triggered flip-flop clocked by clk)
Path Group: clk
Path Type: max

Fanout     Cap    Slew   Delay    Time   Description
-----------------------------------------------------------------------------
                          0.00    0.00   clock clk (rise edge)
                          0.00    0.00   clock source latency
     1    0.06    0.00    0.00    0.00 ^ clk (in)
                                         clk (net)
                  0.00    0.00    0.00 ^ clkbuf_0_clk/A (sky130_fd_sc_hd__clkbuf_16)
     8    0.19    0.20    0.23    0.23 ^ clkbuf_0_clk/X (sky130_fd_sc_hd__clkbuf_16)
                                         clknet_0_clk (net)
                  0.20    0.00    0.24 ^ clkbuf_3_2__f_clk/A (sky130_fd_sc_hd__clkbuf_16)
    16    0.23    0.24    0.32    0.56 ^ clkbuf_3_2__f_clk/X (sky130_fd_sc_hd__clkbuf_16)
                                         clknet_3_2__leaf_clk (net)
                  0.24    0.01    0.57 ^ clkbuf_leaf_86_clk/A (sky130_fd_sc_hd__clkbuf_16)
    11    0.04    0.06    0.20    0.77 ^ clkbuf_leaf_86_clk/X (sky130_fd_sc_hd__clkbuf_16)
                                         clknet_leaf_86_clk (net)
                  0.06    0.00    0.78 ^ dp.rf.rf[25][2]$_DFFE_PP_/CLK (sky130_fd_sc_hd__edfxtp_1)
     2    0.01    0.09    0.40    1.17 v dp.rf.rf[25][2]$_DFFE_PP_/Q (sky130_fd_sc_hd__edfxtp_1)
                                         dp.rf.rf[25][2] (net)
                  0.09    0.00    1.17 v _4865_/A1 (sky130_fd_sc_hd__mux4_2)
     1    0.00    0.09    0.47    1.64 v _4865_/X (sky130_fd_sc_hd__mux4_2)
                                         _1563_ (net)
                  0.09    0.00    1.64 v _4867_/A2 (sky130_fd_sc_hd__mux4_2)
     1    0.01    0.09    0.49    2.13 v _4867_/X (sky130_fd_sc_hd__mux4_2)
                                         _1565_ (net)
                  0.09    0.00    2.13 v _4878_/A2 (sky130_fd_sc_hd__o21a_4)
     2    0.03    0.08    0.25    2.38 v _4878_/X (sky130_fd_sc_hd__o21a_4)
                                         net186 (net)
                  0.08    0.00    2.38 v _5400_/A0 (sky130_fd_sc_hd__mux2_2)
     2    0.01    0.07    0.31    2.69 v _5400_/X (sky130_fd_sc_hd__mux2_2)
                                         _2080_ (net)
                  0.07    0.00    2.69 v _5937_/A (sky130_fd_sc_hd__xnor2_2)
     2    0.01    0.21    0.18    2.86 ^ _5937_/Y (sky130_fd_sc_hd__xnor2_2)
                                         _0088_ (net)
                  0.21    0.00    2.86 ^ _5938_/A (sky130_fd_sc_hd__inv_1)
     1    0.00    0.05    0.07    2.93 v _5938_/Y (sky130_fd_sc_hd__inv_1)
                                         dp.alu.b2[2] (net)
                  0.05    0.00    2.93 v _7101_/B (sky130_fd_sc_hd__ha_1)
     2    0.01    0.06    0.19    3.13 v _7101_/COUT (sky130_fd_sc_hd__ha_1)
                                         dp.alu.u_ks_add.G[0][2] (net)
                  0.06    0.00    3.13 v _5302_/A1 (sky130_fd_sc_hd__a21o_1)
     1    0.01    0.05    0.17    3.30 v _5302_/X (sky130_fd_sc_hd__a21o_1)
                                         _1985_ (net)
                  0.05    0.00    3.30 v _5303_/A1 (sky130_fd_sc_hd__a21oi_2)
     1    0.00    0.09    0.11    3.41 ^ _5303_/Y (sky130_fd_sc_hd__a21oi_2)
                                         _1986_ (net)
                  0.09    0.00    3.41 ^ _5304_/A (sky130_fd_sc_hd__nor2b_1)
     1    0.01    0.04    0.06    3.48 v _5304_/Y (sky130_fd_sc_hd__nor2b_1)
                                         _1987_ (net)
                  0.04    0.00    3.48 v _5305_/B1 (sky130_fd_sc_hd__a311oi_2)
     2    0.01    0.30    0.32    3.79 ^ _5305_/Y (sky130_fd_sc_hd__a311oi_2)
                                         _1988_ (net)
                  0.30    0.00    3.79 ^ _5769_/A2 (sky130_fd_sc_hd__o21ai_2)
     2    0.02    0.11    0.15    3.94 v _5769_/Y (sky130_fd_sc_hd__o21ai_2)
                                         _2380_ (net)
                  0.11    0.00    3.94 v _5770_/A (sky130_fd_sc_hd__and3_4)
     2    0.01    0.04    0.18    4.12 v _5770_/X (sky130_fd_sc_hd__and3_4)
                                         _2381_ (net)
                  0.04    0.00    4.12 v _5773_/A1 (sky130_fd_sc_hd__a311o_1)
     2    0.01    0.09    0.30    4.43 v _5773_/X (sky130_fd_sc_hd__a311o_1)
                                         _2384_ (net)
                  0.09    0.00    4.43 v _5777_/A3 (sky130_fd_sc_hd__o311a_4)
     2    0.03    0.08    0.36    4.79 v _5777_/X (sky130_fd_sc_hd__o311a_4)
                                         _2388_ (net)
                  0.08    0.00    4.79 v place1308/A (sky130_fd_sc_hd__buf_6)
     3    0.01    0.03    0.13    4.92 v place1308/X (sky130_fd_sc_hd__buf_6)
                                         net1307 (net)
                  0.03    0.00    4.92 v _5781_/A3 (sky130_fd_sc_hd__o31a_1)
     2    0.01    0.07    0.26    5.18 v _5781_/X (sky130_fd_sc_hd__o31a_1)
                                         _2392_ (net)
                  0.07    0.00    5.18 v place1302/A (sky130_fd_sc_hd__buf_6)
     2    0.01    0.03    0.13    5.32 v place1302/X (sky130_fd_sc_hd__buf_6)
                                         net1301 (net)
                  0.03    0.00    5.32 v _6261_/B (sky130_fd_sc_hd__nor2_4)
     1    0.01    0.07    0.07    5.39 ^ _6261_/Y (sky130_fd_sc_hd__nor2_4)
                                         _2770_ (net)
                  0.07    0.00    5.39 ^ _6262_/B (sky130_fd_sc_hd__xnor2_1)
     1    0.00    0.05    0.07    5.46 v _6262_/Y (sky130_fd_sc_hd__xnor2_1)
                                         _2771_ (net)
                  0.05    0.00    5.46 v _6265_/A1 (sky130_fd_sc_hd__a21oi_1)
     1    0.00    0.12    0.13    5.58 ^ _6265_/Y (sky130_fd_sc_hd__a21oi_1)
                                         _2774_ (net)
                  0.12    0.00    5.58 ^ _6266_/B (sky130_fd_sc_hd__nor2_1)
     2    0.01    0.20    0.07    5.66 v _6266_/Y (sky130_fd_sc_hd__nor2_1)
                                         _2775_ (net)
                  0.20    0.00    5.66 v rebuffer2087/A (sky130_fd_sc_hd__buf_4)
     1    0.00    0.03    0.20    5.85 v rebuffer2087/X (sky130_fd_sc_hd__buf_4)
                                         net2086 (net)
                  0.03    0.00    5.85 v rebuffer2086/A (sky130_fd_sc_hd__buf_4)
     1    0.00    0.02    0.12    5.97 v rebuffer2086/X (sky130_fd_sc_hd__buf_4)
                                         net2085 (net)
                  0.02    0.00    5.97 v rebuffer2085/A (sky130_fd_sc_hd__buf_4)
     1    0.00    0.03    0.12    6.09 v rebuffer2085/X (sky130_fd_sc_hd__buf_4)
                                         net2084 (net)
                  0.03    0.00    6.09 v rebuffer2084/A (sky130_fd_sc_hd__buf_4)
     1    0.00    0.03    0.12    6.21 v rebuffer2084/X (sky130_fd_sc_hd__buf_4)
                                         net2083 (net)
                  0.03    0.00    6.21 v rebuffer2083/A (sky130_fd_sc_hd__buf_4)
     1    0.01    0.03    0.13    6.34 v rebuffer2083/X (sky130_fd_sc_hd__buf_4)
                                         net2082 (net)
                  0.03    0.00    6.34 v _6853_/A4 (sky130_fd_sc_hd__o41ai_4)
     1    0.00    0.24    0.20    6.54 ^ _6853_/Y (sky130_fd_sc_hd__o41ai_4)
                                         _3276_ (net)
                  0.24    0.00    6.54 ^ place1251/A (sky130_fd_sc_hd__buf_4)
     1    0.03    0.10    0.21    6.75 ^ place1251/X (sky130_fd_sc_hd__buf_4)
                                         net1250 (net)
                  0.10    0.00    6.75 ^ _6854_/C1 (sky130_fd_sc_hd__o221ai_4)
     4    0.05    0.25    0.21    6.96 v _6854_/Y (sky130_fd_sc_hd__o221ai_4)
                                         dp.result2[20] (net)
                  0.25    0.01    6.97 v clone2879/A (sky130_fd_sc_hd__clkbuf_16)
     8    0.04    0.04    0.25    7.22 v clone2879/X (sky130_fd_sc_hd__clkbuf_16)
                                         net2878 (net)
                  0.04    0.00    7.22 v dp.rf.rf[10][20]$_DFFE_PP_/D (sky130_fd_sc_hd__edfxtp_1)
                                  7.22   data arrival time

                          5.00    5.00   clock clk (rise edge)
                          0.00    5.00   clock source latency
     1    0.06    0.00    0.00    5.00 ^ clk (in)
                                         clk (net)
                  0.00    0.00    5.00 ^ clkbuf_0_clk/A (sky130_fd_sc_hd__clkbuf_16)
     8    0.19    0.20    0.23    5.23 ^ clkbuf_0_clk/X (sky130_fd_sc_hd__clkbuf_16)
                                         clknet_0_clk (net)
                  0.20    0.01    5.24 ^ clkbuf_3_7__f_clk/A (sky130_fd_sc_hd__clkbuf_16)
    12    0.18    0.19    0.29    5.53 ^ clkbuf_3_7__f_clk/X (sky130_fd_sc_hd__clkbuf_16)
                                         clknet_3_7__leaf_clk (net)
                  0.19    0.00    5.54 ^ clkbuf_leaf_50_clk/A (sky130_fd_sc_hd__clkbuf_16)
    12    0.04    0.06    0.19    5.73 ^ clkbuf_leaf_50_clk/X (sky130_fd_sc_hd__clkbuf_16)
                                         clknet_leaf_50_clk (net)
                  0.06    0.00    5.73 ^ dp.rf.rf[10][20]$_DFFE_PP_/CLK (sky130_fd_sc_hd__edfxtp_1)
                          0.00    5.73   clock reconvergence pessimism
                         -0.24    5.48   library setup time
                                  5.48   data required time
-----------------------------------------------------------------------------
                                  5.48   data required time
                                 -7.22   data arrival time
-----------------------------------------------------------------------------
                                 -1.74   slack (VIOLATED)


Startpoint: dp.rf.rf[25][2]$_DFFE_PP_
            (rising edge-triggered flip-flop clocked by clk)
Endpoint: aluout[31] (output port clocked by vclk_clk)
Path Group: vclk_clk
Path Type: max

Fanout     Cap    Slew   Delay    Time   Description
-----------------------------------------------------------------------------
                          0.00    0.00   clock clk (rise edge)
                          0.00    0.00   clock source latency
     1    0.06    0.00    0.00    0.00 ^ clk (in)
                                         clk (net)
                  0.00    0.00    0.00 ^ clkbuf_0_clk/A (sky130_fd_sc_hd__clkbuf_16)
     8    0.19    0.20    0.23    0.23 ^ clkbuf_0_clk/X (sky130_fd_sc_hd__clkbuf_16)
                                         clknet_0_clk (net)
                  0.20    0.00    0.24 ^ clkbuf_3_2__f_clk/A (sky130_fd_sc_hd__clkbuf_16)
    16    0.23    0.24    0.32    0.56 ^ clkbuf_3_2__f_clk/X (sky130_fd_sc_hd__clkbuf_16)
                                         clknet_3_2__leaf_clk (net)
                  0.24    0.01    0.57 ^ clkbuf_leaf_86_clk/A (sky130_fd_sc_hd__clkbuf_16)
    11    0.04    0.06    0.20    0.77 ^ clkbuf_leaf_86_clk/X (sky130_fd_sc_hd__clkbuf_16)
                                         clknet_leaf_86_clk (net)
                  0.06    0.00    0.78 ^ dp.rf.rf[25][2]$_DFFE_PP_/CLK (sky130_fd_sc_hd__edfxtp_1)
     2    0.01    0.09    0.40    1.17 v dp.rf.rf[25][2]$_DFFE_PP_/Q (sky130_fd_sc_hd__edfxtp_1)
                                         dp.rf.rf[25][2] (net)
                  0.09    0.00    1.17 v _4865_/A1 (sky130_fd_sc_hd__mux4_2)
     1    0.00    0.09    0.47    1.64 v _4865_/X (sky130_fd_sc_hd__mux4_2)
                                         _1563_ (net)
                  0.09    0.00    1.64 v _4867_/A2 (sky130_fd_sc_hd__mux4_2)
     1    0.01    0.09    0.49    2.13 v _4867_/X (sky130_fd_sc_hd__mux4_2)
                                         _1565_ (net)
                  0.09    0.00    2.13 v _4878_/A2 (sky130_fd_sc_hd__o21a_4)
     2    0.03    0.08    0.25    2.38 v _4878_/X (sky130_fd_sc_hd__o21a_4)
                                         net186 (net)
                  0.08    0.00    2.38 v _5400_/A0 (sky130_fd_sc_hd__mux2_2)
     2    0.01    0.07    0.31    2.69 v _5400_/X (sky130_fd_sc_hd__mux2_2)
                                         _2080_ (net)
                  0.07    0.00    2.69 v _5937_/A (sky130_fd_sc_hd__xnor2_2)
     2    0.01    0.21    0.18    2.86 ^ _5937_/Y (sky130_fd_sc_hd__xnor2_2)
                                         _0088_ (net)
                  0.21    0.00    2.86 ^ _5938_/A (sky130_fd_sc_hd__inv_1)
     1    0.00    0.05    0.07    2.93 v _5938_/Y (sky130_fd_sc_hd__inv_1)
                                         dp.alu.b2[2] (net)
                  0.05    0.00    2.93 v _7101_/B (sky130_fd_sc_hd__ha_1)
     2    0.01    0.06    0.19    3.13 v _7101_/COUT (sky130_fd_sc_hd__ha_1)
                                         dp.alu.u_ks_add.G[0][2] (net)
                  0.06    0.00    3.13 v _5302_/A1 (sky130_fd_sc_hd__a21o_1)
     1    0.01    0.05    0.17    3.30 v _5302_/X (sky130_fd_sc_hd__a21o_1)
                                         _1985_ (net)
                  0.05    0.00    3.30 v _5303_/A1 (sky130_fd_sc_hd__a21oi_2)
     1    0.00    0.09    0.11    3.41 ^ _5303_/Y (sky130_fd_sc_hd__a21oi_2)
                                         _1986_ (net)
                  0.09    0.00    3.41 ^ _5304_/A (sky130_fd_sc_hd__nor2b_1)
     1    0.01    0.04    0.06    3.48 v _5304_/Y (sky130_fd_sc_hd__nor2b_1)
                                         _1987_ (net)
                  0.04    0.00    3.48 v _5305_/B1 (sky130_fd_sc_hd__a311oi_2)
     2    0.01    0.30    0.32    3.79 ^ _5305_/Y (sky130_fd_sc_hd__a311oi_2)
                                         _1988_ (net)
                  0.30    0.00    3.79 ^ _5769_/A2 (sky130_fd_sc_hd__o21ai_2)
     2    0.02    0.11    0.15    3.94 v _5769_/Y (sky130_fd_sc_hd__o21ai_2)
                                         _2380_ (net)
                  0.11    0.00    3.94 v _5770_/A (sky130_fd_sc_hd__and3_4)
     2    0.01    0.04    0.18    4.12 v _5770_/X (sky130_fd_sc_hd__and3_4)
                                         _2381_ (net)
                  0.04    0.00    4.12 v _5773_/A1 (sky130_fd_sc_hd__a311o_1)
     2    0.01    0.09    0.30    4.43 v _5773_/X (sky130_fd_sc_hd__a311o_1)
                                         _2384_ (net)
                  0.09    0.00    4.43 v _5777_/A3 (sky130_fd_sc_hd__o311a_4)
     2    0.03    0.08    0.36    4.79 v _5777_/X (sky130_fd_sc_hd__o311a_4)
                                         _2388_ (net)
                  0.08    0.00    4.79 v rebuffer2881/A (sky130_fd_sc_hd__buf_4)
     1    0.01    0.03    0.15    4.94 v rebuffer2881/X (sky130_fd_sc_hd__buf_4)
                                         net2880 (net)
                  0.03    0.00    4.94 v _6016_/A3 (sky130_fd_sc_hd__o311ai_4)
     2    0.01    0.28    0.26    5.21 ^ _6016_/Y (sky130_fd_sc_hd__o311ai_4)
                                         _2549_ (net)
                  0.28    0.00    5.21 ^ _6025_/A1 (sky130_fd_sc_hd__a31oi_4)
     3    0.02    0.12    0.16    5.37 v _6025_/Y (sky130_fd_sc_hd__a31oi_4)
                                         _2558_ (net)
                  0.12    0.00    5.37 v rebuffer2081/A (sky130_fd_sc_hd__buf_6)
     1    0.01    0.02    0.15    5.52 v rebuffer2081/X (sky130_fd_sc_hd__buf_6)
                                         net2080 (net)
                  0.02    0.00    5.52 v _6463_/A1 (sky130_fd_sc_hd__o31ai_4)
     2    0.01    0.21    0.26    5.78 ^ _6463_/Y (sky130_fd_sc_hd__o31ai_4)
                                         _2939_ (net)
                  0.21    0.00    5.78 ^ rebuffer2080/A (sky130_fd_sc_hd__buf_4)
     1    0.01    0.04    0.16    5.94 ^ rebuffer2080/X (sky130_fd_sc_hd__buf_4)
                                         net2079 (net)
                  0.04    0.00    5.94 ^ _6993_/A2 (sky130_fd_sc_hd__a31oi_4)
     1    0.01    0.13    0.09    6.03 v _6993_/Y (sky130_fd_sc_hd__a31oi_4)
                                         _3361_ (net)
                  0.13    0.00    6.03 v _7003_/A1 (sky130_fd_sc_hd__o21ai_4)
     2    0.04    0.40    0.32    6.35 ^ _7003_/Y (sky130_fd_sc_hd__o21ai_4)
                                         net121 (net)
                  0.40    0.00    6.35 ^ output122/A (sky130_fd_sc_hd__buf_2)
     1    0.00    0.03    0.17    6.52 ^ output122/X (sky130_fd_sc_hd__buf_2)
                                         aluout[31] (net)
                  0.03    0.00    6.52 ^ aluout[31] (out)
                                  6.52   data arrival time

                  0.00    5.00    5.00   clock vclk_clk (rise edge)
                          0.77    5.78   clock network delay (ideal)
                          0.00    5.78   clock reconvergence pessimism
                         -1.00    4.78   output external delay
                                  4.78   data required time
-----------------------------------------------------------------------------
                                  4.78   data required time
                                 -6.52   data arrival time
-----------------------------------------------------------------------------
                                 -1.75   slack (VIOLATED)



==========================================================================
finish report_checks -unconstrained
--------------------------------------------------------------------------
Startpoint: dp.rf.rf[25][2]$_DFFE_PP_
            (rising edge-triggered flip-flop clocked by clk)
Endpoint: dp.rf.rf[10][20]$_DFFE_PP_
          (rising edge-triggered flip-flop clocked by clk)
Path Group: clk
Path Type: max

Fanout     Cap    Slew   Delay    Time   Description
-----------------------------------------------------------------------------
                          0.00    0.00   clock clk (rise edge)
                          0.00    0.00   clock source latency
     1    0.06    0.00    0.00    0.00 ^ clk (in)
                                         clk (net)
                  0.00    0.00    0.00 ^ clkbuf_0_clk/A (sky130_fd_sc_hd__clkbuf_16)
     8    0.19    0.20    0.23    0.23 ^ clkbuf_0_clk/X (sky130_fd_sc_hd__clkbuf_16)
                                         clknet_0_clk (net)
                  0.20    0.00    0.24 ^ clkbuf_3_2__f_clk/A (sky130_fd_sc_hd__clkbuf_16)
    16    0.23    0.24    0.32    0.56 ^ clkbuf_3_2__f_clk/X (sky130_fd_sc_hd__clkbuf_16)
                                         clknet_3_2__leaf_clk (net)
                  0.24    0.01    0.57 ^ clkbuf_leaf_86_clk/A (sky130_fd_sc_hd__clkbuf_16)
    11    0.04    0.06    0.20    0.77 ^ clkbuf_leaf_86_clk/X (sky130_fd_sc_hd__clkbuf_16)
                                         clknet_leaf_86_clk (net)
                  0.06    0.00    0.78 ^ dp.rf.rf[25][2]$_DFFE_PP_/CLK (sky130_fd_sc_hd__edfxtp_1)
     2    0.01    0.09    0.40    1.17 v dp.rf.rf[25][2]$_DFFE_PP_/Q (sky130_fd_sc_hd__edfxtp_1)
                                         dp.rf.rf[25][2] (net)
                  0.09    0.00    1.17 v _4865_/A1 (sky130_fd_sc_hd__mux4_2)
     1    0.00    0.09    0.47    1.64 v _4865_/X (sky130_fd_sc_hd__mux4_2)
                                         _1563_ (net)
                  0.09    0.00    1.64 v _4867_/A2 (sky130_fd_sc_hd__mux4_2)
     1    0.01    0.09    0.49    2.13 v _4867_/X (sky130_fd_sc_hd__mux4_2)
                                         _1565_ (net)
                  0.09    0.00    2.13 v _4878_/A2 (sky130_fd_sc_hd__o21a_4)
     2    0.03    0.08    0.25    2.38 v _4878_/X (sky130_fd_sc_hd__o21a_4)
                                         net186 (net)
                  0.08    0.00    2.38 v _5400_/A0 (sky130_fd_sc_hd__mux2_2)
     2    0.01    0.07    0.31    2.69 v _5400_/X (sky130_fd_sc_hd__mux2_2)
                                         _2080_ (net)
                  0.07    0.00    2.69 v _5937_/A (sky130_fd_sc_hd__xnor2_2)
     2    0.01    0.21    0.18    2.86 ^ _5937_/Y (sky130_fd_sc_hd__xnor2_2)
                                         _0088_ (net)
                  0.21    0.00    2.86 ^ _5938_/A (sky130_fd_sc_hd__inv_1)
     1    0.00    0.05    0.07    2.93 v _5938_/Y (sky130_fd_sc_hd__inv_1)
                                         dp.alu.b2[2] (net)
                  0.05    0.00    2.93 v _7101_/B (sky130_fd_sc_hd__ha_1)
     2    0.01    0.06    0.19    3.13 v _7101_/COUT (sky130_fd_sc_hd__ha_1)
                                         dp.alu.u_ks_add.G[0][2] (net)
                  0.06    0.00    3.13 v _5302_/A1 (sky130_fd_sc_hd__a21o_1)
     1    0.01    0.05    0.17    3.30 v _5302_/X (sky130_fd_sc_hd__a21o_1)
                                         _1985_ (net)
                  0.05    0.00    3.30 v _5303_/A1 (sky130_fd_sc_hd__a21oi_2)
     1    0.00    0.09    0.11    3.41 ^ _5303_/Y (sky130_fd_sc_hd__a21oi_2)
                                         _1986_ (net)
                  0.09    0.00    3.41 ^ _5304_/A (sky130_fd_sc_hd__nor2b_1)
     1    0.01    0.04    0.06    3.48 v _5304_/Y (sky130_fd_sc_hd__nor2b_1)
                                         _1987_ (net)
                  0.04    0.00    3.48 v _5305_/B1 (sky130_fd_sc_hd__a311oi_2)
     2    0.01    0.30    0.32    3.79 ^ _5305_/Y (sky130_fd_sc_hd__a311oi_2)
                                         _1988_ (net)
                  0.30    0.00    3.79 ^ _5769_/A2 (sky130_fd_sc_hd__o21ai_2)
     2    0.02    0.11    0.15    3.94 v _5769_/Y (sky130_fd_sc_hd__o21ai_2)
                                         _2380_ (net)
                  0.11    0.00    3.94 v _5770_/A (sky130_fd_sc_hd__and3_4)
     2    0.01    0.04    0.18    4.12 v _5770_/X (sky130_fd_sc_hd__and3_4)
                                         _2381_ (net)
                  0.04    0.00    4.12 v _5773_/A1 (sky130_fd_sc_hd__a311o_1)
     2    0.01    0.09    0.30    4.43 v _5773_/X (sky130_fd_sc_hd__a311o_1)
                                         _2384_ (net)
                  0.09    0.00    4.43 v _5777_/A3 (sky130_fd_sc_hd__o311a_4)
     2    0.03    0.08    0.36    4.79 v _5777_/X (sky130_fd_sc_hd__o311a_4)
                                         _2388_ (net)
                  0.08    0.00    4.79 v place1308/A (sky130_fd_sc_hd__buf_6)
     3    0.01    0.03    0.13    4.92 v place1308/X (sky130_fd_sc_hd__buf_6)
                                         net1307 (net)
                  0.03    0.00    4.92 v _5781_/A3 (sky130_fd_sc_hd__o31a_1)
     2    0.01    0.07    0.26    5.18 v _5781_/X (sky130_fd_sc_hd__o31a_1)
                                         _2392_ (net)
                  0.07    0.00    5.18 v place1302/A (sky130_fd_sc_hd__buf_6)
     2    0.01    0.03    0.13    5.32 v place1302/X (sky130_fd_sc_hd__buf_6)
                                         net1301 (net)
                  0.03    0.00    5.32 v _6261_/B (sky130_fd_sc_hd__nor2_4)
     1    0.01    0.07    0.07    5.39 ^ _6261_/Y (sky130_fd_sc_hd__nor2_4)
                                         _2770_ (net)
                  0.07    0.00    5.39 ^ _6262_/B (sky130_fd_sc_hd__xnor2_1)
     1    0.00    0.05    0.07    5.46 v _6262_/Y (sky130_fd_sc_hd__xnor2_1)
                                         _2771_ (net)
                  0.05    0.00    5.46 v _6265_/A1 (sky130_fd_sc_hd__a21oi_1)
     1    0.00    0.12    0.13    5.58 ^ _6265_/Y (sky130_fd_sc_hd__a21oi_1)
                                         _2774_ (net)
                  0.12    0.00    5.58 ^ _6266_/B (sky130_fd_sc_hd__nor2_1)
     2    0.01    0.20    0.07    5.66 v _6266_/Y (sky130_fd_sc_hd__nor2_1)
                                         _2775_ (net)
                  0.20    0.00    5.66 v rebuffer2087/A (sky130_fd_sc_hd__buf_4)
     1    0.00    0.03    0.20    5.85 v rebuffer2087/X (sky130_fd_sc_hd__buf_4)
                                         net2086 (net)
                  0.03    0.00    5.85 v rebuffer2086/A (sky130_fd_sc_hd__buf_4)
     1    0.00    0.02    0.12    5.97 v rebuffer2086/X (sky130_fd_sc_hd__buf_4)
                                         net2085 (net)
                  0.02    0.00    5.97 v rebuffer2085/A (sky130_fd_sc_hd__buf_4)
     1    0.00    0.03    0.12    6.09 v rebuffer2085/X (sky130_fd_sc_hd__buf_4)
                                         net2084 (net)
                  0.03    0.00    6.09 v rebuffer2084/A (sky130_fd_sc_hd__buf_4)
     1    0.00    0.03    0.12    6.21 v rebuffer2084/X (sky130_fd_sc_hd__buf_4)
                                         net2083 (net)
                  0.03    0.00    6.21 v rebuffer2083/A (sky130_fd_sc_hd__buf_4)
     1    0.01    0.03    0.13    6.34 v rebuffer2083/X (sky130_fd_sc_hd__buf_4)
                                         net2082 (net)
                  0.03    0.00    6.34 v _6853_/A4 (sky130_fd_sc_hd__o41ai_4)
     1    0.00    0.24    0.20    6.54 ^ _6853_/Y (sky130_fd_sc_hd__o41ai_4)
                                         _3276_ (net)
                  0.24    0.00    6.54 ^ place1251/A (sky130_fd_sc_hd__buf_4)
     1    0.03    0.10    0.21    6.75 ^ place1251/X (sky130_fd_sc_hd__buf_4)
                                         net1250 (net)
                  0.10    0.00    6.75 ^ _6854_/C1 (sky130_fd_sc_hd__o221ai_4)
     4    0.05    0.25    0.21    6.96 v _6854_/Y (sky130_fd_sc_hd__o221ai_4)
                                         dp.result2[20] (net)
                  0.25    0.01    6.97 v clone2879/A (sky130_fd_sc_hd__clkbuf_16)
     8    0.04    0.04    0.25    7.22 v clone2879/X (sky130_fd_sc_hd__clkbuf_16)
                                         net2878 (net)
                  0.04    0.00    7.22 v dp.rf.rf[10][20]$_DFFE_PP_/D (sky130_fd_sc_hd__edfxtp_1)
                                  7.22   data arrival time

                          5.00    5.00   clock clk (rise edge)
                          0.00    5.00   clock source latency
     1    0.06    0.00    0.00    5.00 ^ clk (in)
                                         clk (net)
                  0.00    0.00    5.00 ^ clkbuf_0_clk/A (sky130_fd_sc_hd__clkbuf_16)
     8    0.19    0.20    0.23    5.23 ^ clkbuf_0_clk/X (sky130_fd_sc_hd__clkbuf_16)
                                         clknet_0_clk (net)
                  0.20    0.01    5.24 ^ clkbuf_3_7__f_clk/A (sky130_fd_sc_hd__clkbuf_16)
    12    0.18    0.19    0.29    5.53 ^ clkbuf_3_7__f_clk/X (sky130_fd_sc_hd__clkbuf_16)
                                         clknet_3_7__leaf_clk (net)
                  0.19    0.00    5.54 ^ clkbuf_leaf_50_clk/A (sky130_fd_sc_hd__clkbuf_16)
    12    0.04    0.06    0.19    5.73 ^ clkbuf_leaf_50_clk/X (sky130_fd_sc_hd__clkbuf_16)
                                         clknet_leaf_50_clk (net)
                  0.06    0.00    5.73 ^ dp.rf.rf[10][20]$_DFFE_PP_/CLK (sky130_fd_sc_hd__edfxtp_1)
                          0.00    5.73   clock reconvergence pessimism
                         -0.24    5.48   library setup time
                                  5.48   data required time
-----------------------------------------------------------------------------
                                  5.48   data required time
                                 -7.22   data arrival time
-----------------------------------------------------------------------------
                                 -1.74   slack (VIOLATED)


Startpoint: dp.rf.rf[25][2]$_DFFE_PP_
            (rising edge-triggered flip-flop clocked by clk)
Endpoint: aluout[31] (output port clocked by vclk_clk)
Path Group: vclk_clk
Path Type: max

Fanout     Cap    Slew   Delay    Time   Description
-----------------------------------------------------------------------------
                          0.00    0.00   clock clk (rise edge)
                          0.00    0.00   clock source latency
     1    0.06    0.00    0.00    0.00 ^ clk (in)
                                         clk (net)
                  0.00    0.00    0.00 ^ clkbuf_0_clk/A (sky130_fd_sc_hd__clkbuf_16)
     8    0.19    0.20    0.23    0.23 ^ clkbuf_0_clk/X (sky130_fd_sc_hd__clkbuf_16)
                                         clknet_0_clk (net)
                  0.20    0.00    0.24 ^ clkbuf_3_2__f_clk/A (sky130_fd_sc_hd__clkbuf_16)
    16    0.23    0.24    0.32    0.56 ^ clkbuf_3_2__f_clk/X (sky130_fd_sc_hd__clkbuf_16)
                                         clknet_3_2__leaf_clk (net)
                  0.24    0.01    0.57 ^ clkbuf_leaf_86_clk/A (sky130_fd_sc_hd__clkbuf_16)
    11    0.04    0.06    0.20    0.77 ^ clkbuf_leaf_86_clk/X (sky130_fd_sc_hd__clkbuf_16)
                                         clknet_leaf_86_clk (net)
                  0.06    0.00    0.78 ^ dp.rf.rf[25][2]$_DFFE_PP_/CLK (sky130_fd_sc_hd__edfxtp_1)
     2    0.01    0.09    0.40    1.17 v dp.rf.rf[25][2]$_DFFE_PP_/Q (sky130_fd_sc_hd__edfxtp_1)
                                         dp.rf.rf[25][2] (net)
                  0.09    0.00    1.17 v _4865_/A1 (sky130_fd_sc_hd__mux4_2)
     1    0.00    0.09    0.47    1.64 v _4865_/X (sky130_fd_sc_hd__mux4_2)
                                         _1563_ (net)
                  0.09    0.00    1.64 v _4867_/A2 (sky130_fd_sc_hd__mux4_2)
     1    0.01    0.09    0.49    2.13 v _4867_/X (sky130_fd_sc_hd__mux4_2)
                                         _1565_ (net)
                  0.09    0.00    2.13 v _4878_/A2 (sky130_fd_sc_hd__o21a_4)
     2    0.03    0.08    0.25    2.38 v _4878_/X (sky130_fd_sc_hd__o21a_4)
                                         net186 (net)
                  0.08    0.00    2.38 v _5400_/A0 (sky130_fd_sc_hd__mux2_2)
     2    0.01    0.07    0.31    2.69 v _5400_/X (sky130_fd_sc_hd__mux2_2)
                                         _2080_ (net)
                  0.07    0.00    2.69 v _5937_/A (sky130_fd_sc_hd__xnor2_2)
     2    0.01    0.21    0.18    2.86 ^ _5937_/Y (sky130_fd_sc_hd__xnor2_2)
                                         _0088_ (net)
                  0.21    0.00    2.86 ^ _5938_/A (sky130_fd_sc_hd__inv_1)
     1    0.00    0.05    0.07    2.93 v _5938_/Y (sky130_fd_sc_hd__inv_1)
                                         dp.alu.b2[2] (net)
                  0.05    0.00    2.93 v _7101_/B (sky130_fd_sc_hd__ha_1)
     2    0.01    0.06    0.19    3.13 v _7101_/COUT (sky130_fd_sc_hd__ha_1)
                                         dp.alu.u_ks_add.G[0][2] (net)
                  0.06    0.00    3.13 v _5302_/A1 (sky130_fd_sc_hd__a21o_1)
     1    0.01    0.05    0.17    3.30 v _5302_/X (sky130_fd_sc_hd__a21o_1)
                                         _1985_ (net)
                  0.05    0.00    3.30 v _5303_/A1 (sky130_fd_sc_hd__a21oi_2)
     1    0.00    0.09    0.11    3.41 ^ _5303_/Y (sky130_fd_sc_hd__a21oi_2)
                                         _1986_ (net)
                  0.09    0.00    3.41 ^ _5304_/A (sky130_fd_sc_hd__nor2b_1)
     1    0.01    0.04    0.06    3.48 v _5304_/Y (sky130_fd_sc_hd__nor2b_1)
                                         _1987_ (net)
                  0.04    0.00    3.48 v _5305_/B1 (sky130_fd_sc_hd__a311oi_2)
     2    0.01    0.30    0.32    3.79 ^ _5305_/Y (sky130_fd_sc_hd__a311oi_2)
                                         _1988_ (net)
                  0.30    0.00    3.79 ^ _5769_/A2 (sky130_fd_sc_hd__o21ai_2)
     2    0.02    0.11    0.15    3.94 v _5769_/Y (sky130_fd_sc_hd__o21ai_2)
                                         _2380_ (net)
                  0.11    0.00    3.94 v _5770_/A (sky130_fd_sc_hd__and3_4)
     2    0.01    0.04    0.18    4.12 v _5770_/X (sky130_fd_sc_hd__and3_4)
                                         _2381_ (net)
                  0.04    0.00    4.12 v _5773_/A1 (sky130_fd_sc_hd__a311o_1)
     2    0.01    0.09    0.30    4.43 v _5773_/X (sky130_fd_sc_hd__a311o_1)
                                         _2384_ (net)
                  0.09    0.00    4.43 v _5777_/A3 (sky130_fd_sc_hd__o311a_4)
     2    0.03    0.08    0.36    4.79 v _5777_/X (sky130_fd_sc_hd__o311a_4)
                                         _2388_ (net)
                  0.08    0.00    4.79 v rebuffer2881/A (sky130_fd_sc_hd__buf_4)
     1    0.01    0.03    0.15    4.94 v rebuffer2881/X (sky130_fd_sc_hd__buf_4)
                                         net2880 (net)
                  0.03    0.00    4.94 v _6016_/A3 (sky130_fd_sc_hd__o311ai_4)
     2    0.01    0.28    0.26    5.21 ^ _6016_/Y (sky130_fd_sc_hd__o311ai_4)
                                         _2549_ (net)
                  0.28    0.00    5.21 ^ _6025_/A1 (sky130_fd_sc_hd__a31oi_4)
     3    0.02    0.12    0.16    5.37 v _6025_/Y (sky130_fd_sc_hd__a31oi_4)
                                         _2558_ (net)
                  0.12    0.00    5.37 v rebuffer2081/A (sky130_fd_sc_hd__buf_6)
     1    0.01    0.02    0.15    5.52 v rebuffer2081/X (sky130_fd_sc_hd__buf_6)
                                         net2080 (net)
                  0.02    0.00    5.52 v _6463_/A1 (sky130_fd_sc_hd__o31ai_4)
     2    0.01    0.21    0.26    5.78 ^ _6463_/Y (sky130_fd_sc_hd__o31ai_4)
                                         _2939_ (net)
                  0.21    0.00    5.78 ^ rebuffer2080/A (sky130_fd_sc_hd__buf_4)
     1    0.01    0.04    0.16    5.94 ^ rebuffer2080/X (sky130_fd_sc_hd__buf_4)
                                         net2079 (net)
                  0.04    0.00    5.94 ^ _6993_/A2 (sky130_fd_sc_hd__a31oi_4)
     1    0.01    0.13    0.09    6.03 v _6993_/Y (sky130_fd_sc_hd__a31oi_4)
                                         _3361_ (net)
                  0.13    0.00    6.03 v _7003_/A1 (sky130_fd_sc_hd__o21ai_4)
     2    0.04    0.40    0.32    6.35 ^ _7003_/Y (sky130_fd_sc_hd__o21ai_4)
                                         net121 (net)
                  0.40    0.00    6.35 ^ output122/A (sky130_fd_sc_hd__buf_2)
     1    0.00    0.03    0.17    6.52 ^ output122/X (sky130_fd_sc_hd__buf_2)
                                         aluout[31] (net)
                  0.03    0.00    6.52 ^ aluout[31] (out)
                                  6.52   data arrival time

                  0.00    5.00    5.00   clock vclk_clk (rise edge)
                          0.77    5.78   clock network delay (ideal)
                          0.00    5.78   clock reconvergence pessimism
                         -1.00    4.78   output external delay
                                  4.78   data required time
-----------------------------------------------------------------------------
                                  4.78   data required time
                                 -6.52   data arrival time
-----------------------------------------------------------------------------
                                 -1.75   slack (VIOLATED)



==========================================================================
finish report_check_types -max_slew -max_cap -max_fanout -violators
--------------------------------------------------------------------------

==========================================================================
finish max_slew_check_slack
--------------------------------------------------------------------------
0.08878298103809357

==========================================================================
finish max_slew_check_limit
--------------------------------------------------------------------------
1.5

==========================================================================
finish max_slew_check_slack_limit
--------------------------------------------------------------------------
0.0592

==========================================================================
finish max_fanout_check_slack
--------------------------------------------------------------------------
1.0000000150474662e+30

==========================================================================
finish max_fanout_check_limit
--------------------------------------------------------------------------
1.0000000150474662e+30

==========================================================================
finish max_capacitance_check_slack
--------------------------------------------------------------------------
0.003769589588046074

==========================================================================
finish max_capacitance_check_limit
--------------------------------------------------------------------------
0.021067000925540924

==========================================================================
finish max_capacitance_check_slack_limit
--------------------------------------------------------------------------
0.1789

==========================================================================
finish max_slew_violation_count
--------------------------------------------------------------------------
max slew violation count 0

==========================================================================
finish max_fanout_violation_count
--------------------------------------------------------------------------
max fanout violation count 0

==========================================================================
finish max_cap_violation_count
--------------------------------------------------------------------------
max cap violation count 0

==========================================================================
finish setup_violation_count
--------------------------------------------------------------------------
setup violation count 1075

==========================================================================
finish hold_violation_count
--------------------------------------------------------------------------
hold violation count 0

==========================================================================
finish report_checks -path_delay max reg to reg
--------------------------------------------------------------------------
Startpoint: dp.rf.rf[25][2]$_DFFE_PP_
            (rising edge-triggered flip-flop clocked by clk)
Endpoint: dp.rf.rf[10][20]$_DFFE_PP_
          (rising edge-triggered flip-flop clocked by clk)
Path Group: clk
Path Type: max

  Delay    Time   Description
---------------------------------------------------------
   0.00    0.00   clock clk (rise edge)
   0.00    0.00   clock source latency
   0.00    0.00 ^ clk (in)
   0.23    0.23 ^ clkbuf_0_clk/X (sky130_fd_sc_hd__clkbuf_16)
   0.33    0.56 ^ clkbuf_3_2__f_clk/X (sky130_fd_sc_hd__clkbuf_16)
   0.21    0.77 ^ clkbuf_leaf_86_clk/X (sky130_fd_sc_hd__clkbuf_16)
   0.00    0.78 ^ dp.rf.rf[25][2]$_DFFE_PP_/CLK (sky130_fd_sc_hd__edfxtp_1)
   0.40    1.17 v dp.rf.rf[25][2]$_DFFE_PP_/Q (sky130_fd_sc_hd__edfxtp_1)
   0.47    1.64 v _4865_/X (sky130_fd_sc_hd__mux4_2)
   0.49    2.13 v _4867_/X (sky130_fd_sc_hd__mux4_2)
   0.25    2.38 v _4878_/X (sky130_fd_sc_hd__o21a_4)
   0.31    2.69 v _5400_/X (sky130_fd_sc_hd__mux2_2)
   0.18    2.86 ^ _5937_/Y (sky130_fd_sc_hd__xnor2_2)
   0.07    2.93 v _5938_/Y (sky130_fd_sc_hd__inv_1)
   0.19    3.13 v _7101_/COUT (sky130_fd_sc_hd__ha_1)
   0.17    3.30 v _5302_/X (sky130_fd_sc_hd__a21o_1)
   0.11    3.41 ^ _5303_/Y (sky130_fd_sc_hd__a21oi_2)
   0.06    3.48 v _5304_/Y (sky130_fd_sc_hd__nor2b_1)
   0.32    3.79 ^ _5305_/Y (sky130_fd_sc_hd__a311oi_2)
   0.15    3.94 v _5769_/Y (sky130_fd_sc_hd__o21ai_2)
   0.18    4.12 v _5770_/X (sky130_fd_sc_hd__and3_4)
   0.31    4.43 v _5773_/X (sky130_fd_sc_hd__a311o_1)
   0.36    4.79 v _5777_/X (sky130_fd_sc_hd__o311a_4)
   0.13    4.92 v place1308/X (sky130_fd_sc_hd__buf_6)
   0.26    5.18 v _5781_/X (sky130_fd_sc_hd__o31a_1)
   0.13    5.32 v place1302/X (sky130_fd_sc_hd__buf_6)
   0.07    5.39 ^ _6261_/Y (sky130_fd_sc_hd__nor2_4)
   0.07    5.46 v _6262_/Y (sky130_fd_sc_hd__xnor2_1)
   0.13    5.58 ^ _6265_/Y (sky130_fd_sc_hd__a21oi_1)
   0.07    5.66 v _6266_/Y (sky130_fd_sc_hd__nor2_1)
   0.20    5.85 v rebuffer2087/X (sky130_fd_sc_hd__buf_4)
   0.12    5.97 v rebuffer2086/X (sky130_fd_sc_hd__buf_4)
   0.12    6.09 v rebuffer2085/X (sky130_fd_sc_hd__buf_4)
   0.12    6.21 v rebuffer2084/X (sky130_fd_sc_hd__buf_4)
   0.13    6.34 v rebuffer2083/X (sky130_fd_sc_hd__buf_4)
   0.20    6.54 ^ _6853_/Y (sky130_fd_sc_hd__o41ai_4)
   0.21    6.75 ^ place1251/X (sky130_fd_sc_hd__buf_4)
   0.21    6.96 v _6854_/Y (sky130_fd_sc_hd__o221ai_4)
   0.26    7.22 v clone2879/X (sky130_fd_sc_hd__clkbuf_16)
   0.00    7.22 v dp.rf.rf[10][20]$_DFFE_PP_/D (sky130_fd_sc_hd__edfxtp_1)
           7.22   data arrival time

   5.00    5.00   clock clk (rise edge)
   0.00    5.00   clock source latency
   0.00    5.00 ^ clk (in)
   0.23    5.23 ^ clkbuf_0_clk/X (sky130_fd_sc_hd__clkbuf_16)
   0.30    5.53 ^ clkbuf_3_7__f_clk/X (sky130_fd_sc_hd__clkbuf_16)
   0.19    5.73 ^ clkbuf_leaf_50_clk/X (sky130_fd_sc_hd__clkbuf_16)
   0.00    5.73 ^ dp.rf.rf[10][20]$_DFFE_PP_/CLK (sky130_fd_sc_hd__edfxtp_1)
   0.00    5.73   clock reconvergence pessimism
  -0.24    5.48   library setup time
           5.48   data required time
---------------------------------------------------------
           5.48   data required time
          -7.22   data arrival time
---------------------------------------------------------
          -1.74   slack (VIOLATED)



==========================================================================
finish report_checks -path_delay min reg to reg
--------------------------------------------------------------------------
Startpoint: dp.pcreg.q[2]$_DFF_PP0_
            (rising edge-triggered flip-flop clocked by clk)
Endpoint: dp.pcreg.q[2]$_DFF_PP0_
          (rising edge-triggered flip-flop clocked by clk)
Path Group: clk
Path Type: min

  Delay    Time   Description
---------------------------------------------------------
   0.00    0.00   clock clk (rise edge)
   0.00    0.00   clock source latency
   0.00    0.00 ^ clk (in)
   0.23    0.23 ^ clkbuf_0_clk/X (sky130_fd_sc_hd__clkbuf_16)
   0.33    0.56 ^ clkbuf_3_2__f_clk/X (sky130_fd_sc_hd__clkbuf_16)
   0.21    0.77 ^ clkbuf_leaf_63_clk/X (sky130_fd_sc_hd__clkbuf_16)
   0.00    0.77 ^ dp.pcreg.q[2]$_DFF_PP0_/CLK (sky130_fd_sc_hd__dfrtp_1)
   0.35    1.13 ^ dp.pcreg.q[2]$_DFF_PP0_/Q (sky130_fd_sc_hd__dfrtp_1)
   0.15    1.27 ^ place2036/X (sky130_fd_sc_hd__buf_4)
   0.07    1.34 v _6793_/Y (sky130_fd_sc_hd__mux2i_1)
   0.00    1.34 v dp.pcreg.q[2]$_DFF_PP0_/D (sky130_fd_sc_hd__dfrtp_1)
           1.34   data arrival time

   0.00    0.00   clock clk (rise edge)
   0.00    0.00   clock source latency
   0.00    0.00 ^ clk (in)
   0.23    0.23 ^ clkbuf_0_clk/X (sky130_fd_sc_hd__clkbuf_16)
   0.33    0.56 ^ clkbuf_3_2__f_clk/X (sky130_fd_sc_hd__clkbuf_16)
   0.21    0.77 ^ clkbuf_leaf_63_clk/X (sky130_fd_sc_hd__clkbuf_16)
   0.00    0.77 ^ dp.pcreg.q[2]$_DFF_PP0_/CLK (sky130_fd_sc_hd__dfrtp_1)
   0.00    0.77   clock reconvergence pessimism
  -0.04    0.73   library hold time
           0.73   data required time
---------------------------------------------------------
           0.73   data required time
          -1.34   data arrival time
---------------------------------------------------------
           0.61   slack (MET)



==========================================================================
finish critical path target clock latency max path
--------------------------------------------------------------------------
0

==========================================================================
finish critical path target clock latency min path
--------------------------------------------------------------------------
0

==========================================================================
finish critical path source clock latency min path
--------------------------------------------------------------------------
0

==========================================================================
finish critical path delay
--------------------------------------------------------------------------
6.5245

==========================================================================
finish critical path slack
--------------------------------------------------------------------------
-1.7495

==========================================================================
finish slack div critical path delay
--------------------------------------------------------------------------
-26.814315

==========================================================================
finish report_power
--------------------------------------------------------------------------
Group                  Internal  Switching    Leakage      Total
                          Power      Power      Power      Power (Watts)
----------------------------------------------------------------
Sequential             1.06e-02   3.21e-04   9.76e-09   1.10e-02  38.9%
Combinational          3.90e-03   5.17e-03   1.62e-08   9.07e-03  32.1%
Clock                  4.56e-03   3.62e-03   1.71e-09   8.18e-03  29.0%
Macro                  0.00e+00   0.00e+00   0.00e+00   0.00e+00   0.0%
Pad                    0.00e+00   0.00e+00   0.00e+00   0.00e+00   0.0%
----------------------------------------------------------------
Total                  1.91e-02   9.10e-03   2.77e-08   2.82e-02 100.0%
                          67.7%      32.3%       0.0%
