OpenROAD dc5eee77c45dba8e5ace2fc89c38c6d9a4ed6e0f 
Features included (+) or not (-): +GPU +GUI +Python
This program is licensed under the BSD-3 license. See the LICENSE file for details.
Components of this program may be licensed under more restrictive licenses which must be honored.
===== p7_area -> path dp.rf.rf[3][0]$_DFFE_PP_ -> dp.rf.rf[17][29]$_DFFE_PP_ =====
Startpoint: dp.rf.rf[3][0]$_DFFE_PP_
            (rising edge-triggered flip-flop clocked by clk)
Endpoint: dp.rf.rf[17][29]$_DFFE_PP_
          (rising edge-triggered flip-flop clocked by clk)
Path Group: clk
Path Type: max

    Delay      Time   Description
-------------------------------------------------------------
   0.0000    0.0000   clock clk (rise edge)
   0.7750    0.7750   clock network delay (ideal)
   0.0000    0.7750 ^ dp.rf.rf[3][0]$_DFFE_PP_/CLK (sky130_fd_sc_hd__edfxtp_1)
   0.3175    1.0925 ^ dp.rf.rf[3][0]$_DFFE_PP_/Q (sky130_fd_sc_hd__edfxtp_1)
   0.0771    1.1695 v _10288_/Y (sky130_fd_sc_hd__nand3_1)
   0.1181    1.2876 ^ _10289_/Y (sky130_fd_sc_hd__nand2_1)
   0.0510    1.3386 v _10290_/Y (sky130_fd_sc_hd__nand2_1)
   0.0984    1.4370 ^ _10291_/Y (sky130_fd_sc_hd__nand2_1)
   0.0495    1.4865 v _10292_/Y (sky130_fd_sc_hd__nand2_1)
   0.0846    1.5711 ^ _10303_/Y (sky130_fd_sc_hd__nand2_1)
   0.0465    1.6176 v _10304_/Y (sky130_fd_sc_hd__inv_1)
   0.0875    1.7051 ^ _10305_/Y (sky130_fd_sc_hd__nand2_1)
   0.0874    1.7925 v _10306_/Y (sky130_fd_sc_hd__nand2_1)
   0.3552    2.1476 ^ _12759_/Y (sky130_fd_sc_hd__nand2_1)
   0.2792    2.4268 ^ place713/X (sky130_fd_sc_hd__buf_4)
   0.0626    2.4894 v _15032_/Y (sky130_fd_sc_hd__nand2_1)
   0.0929    2.5824 ^ _15033_/Y (sky130_fd_sc_hd__o21ai_0)
   0.2309    2.8132 ^ _15388_/COUT (sky130_fd_sc_hd__ha_1)
   0.1788    2.9920 v _14262_/Y (sky130_fd_sc_hd__a31oi_1)
   0.4949    3.4869 ^ _14264_/Y (sky130_fd_sc_hd__o21ai_0)
   0.2603    3.7472 v _14268_/Y (sky130_fd_sc_hd__a21boi_0)
   0.4030    4.1502 ^ _14270_/Y (sky130_fd_sc_hd__o21ai_0)
   0.1861    4.3363 v _14277_/Y (sky130_fd_sc_hd__a21oi_1)
   0.4454    4.7816 ^ _14279_/Y (sky130_fd_sc_hd__o21ai_0)
   0.1697    4.9514 v _14284_/Y (sky130_fd_sc_hd__a21oi_1)
   0.4141    5.3655 ^ _14290_/Y (sky130_fd_sc_hd__o21ai_0)
   0.2457    5.6112 v _14301_/Y (sky130_fd_sc_hd__a31oi_1)
   0.3084    5.9196 ^ _14306_/Y (sky130_fd_sc_hd__o21ai_0)
   0.2953    6.2149 ^ _14307_/X (sky130_fd_sc_hd__xor2_1)
   0.1138    6.3286 v _14534_/Y (sky130_fd_sc_hd__nand3_1)
   0.1132    6.4418 ^ _14535_/Y (sky130_fd_sc_hd__nand3_1)
   0.1029    6.5448 v _14550_/Y (sky130_fd_sc_hd__nand2_1)
   0.2524    6.7972 v place673/X (sky130_fd_sc_hd__buf_4)
   0.0501    6.8473 v dp.rf.rf[17][29]$_DFFE_PP_/D (sky130_fd_sc_hd__edfxtp_1)
             6.8473   data arrival time

   7.0000    7.0000   clock clk (rise edge)
   0.7750    7.7750   clock network delay (ideal)
   0.0000    7.7750   clock reconvergence pessimism
             7.7750 ^ dp.rf.rf[17][29]$_DFFE_PP_/CLK (sky130_fd_sc_hd__edfxtp_1)
  -0.3242    7.4508   library setup time
             7.4508   data required time
-------------------------------------------------------------
             7.4508   data required time
            -6.8473   data arrival time
-------------------------------------------------------------
             0.6036   slack (MET)


